05-23 22:25:36.428   865   982 W ResourcesManager: getTopLevelResources: /system/priv-app/SecMms_Candy_M/SecMms_Candy_M.apk / 1.0 running in null rsrc of package null

05-23 22:25:36.428   865   982 W ResourcesManager: getTopLevelResources: /system/app/SecEmail_K/SecEmail_K.apk / 1.0 running in null rsrc of package null

05-23 22:25:36.448   865   982 W ResourcesManager: getTopLevelResources: /system/app/SecEmail_K/SecEmail_K.apk / 1.0 running in null rsrc of package null

05-23 22:25:36.448   865   865 W ResourcesManager: getTopLevelResources: /data/app/com.android.chrome-2/base.apk / 1.0 running in null rsrc of package null

05-23 22:25:36.448   865   865 W ResourcesManager: getTopLevelResources: /data/app/com.google.android.apps.docs-2/base.apk / 1.0 running in null rsrc of package null

05-23 22:25:36.448   865   982 W ResourcesManager: getTopLevelResources: /system/app/SecMemoDL/SecMemoDL.apk / 1.0 running in null rsrc of package null

05-23 22:25:36.488   865   865 W ResourcesManager: getTopLevelResources: /data/app/com.google.android.apps.docs-2/base.apk / 1.0 running in null rsrc of package null

05-23 22:25:36.488   865   865 W ResourcesManager: getTopLevelResources: /data/app/com.google.android.apps.magazines-2/base.apk / 1.0 running in null rsrc of package null

05-23 22:25:36.498   865   982 W ResourcesManager: getTopLevelResources: /system/app/SecMemoDL/SecMemoDL.apk / 1.0 running in null rsrc of package null

05-23 22:25:36.498   865   982 W ResourcesManager: getTopLevelResources: /system/app/AccuweatherPhone2014_K_MMR_fHD/AccuweatherPhone2014_K_MMR_fHD.apk / 1.0 running in null rsrc of package null

05-23 22:25:36.548   865   982 W ResourcesManager: getTopLevelResources: /system/app/AccuweatherPhone2014_K_MMR_fHD/AccuweatherPhone2014_K_MMR_fHD.apk / 1.0 running in null rsrc of package null

05-23 22:25:36.548   865   982 W ResourcesManager: getTopLevelResources: /data/app/com.sec.android.app.shealth-1/base.apk / 1.0 running in null rsrc of package null

05-23 22:25:36.598   865   865 W ResourcesManager: getTopLevelResources: /data/app/com.google.android.apps.magazines-2/base.apk / 1.0 running in null rsrc of package null

05-23 22:25:36.598   865   865 W ResourcesManager: getTopLevelResources: /data/app/com.google.android.videos-1/base.apk / 1.0 running in null rsrc of package null

05-23 22:25:36.608   865   865 W ResourcesManager: getTopLevelResources: /data/app/com.google.android.videos-1/base.apk / 1.0 running in null rsrc of package null

05-23 22:25:36.608   865   865 W ResourcesManager: getTopLevelResources: /data/app/com.google.android.apps.plus-2/base.apk / 1.0 running in null rsrc of package null

05-23 22:25:36.618   865  1468 W System.err: remove failed: ENOENT (No such file or directory) : /data/system/recent_tasks/4263_task.xml.bak

05-23 22:25:36.678  8606  9007 W ResourcesManager: getTopLevelResources: /system/app/AntHalService/AntHalService.apk / 1.0 running in com.android.vending rsrc of package null

05-23 22:25:36.698   865   865 W ResourcesManager: getTopLevelResources: /data/app/com.google.android.apps.plus-2/base.apk / 1.0 running in null rsrc of package null

05-23 22:25:36.698   865   865 W ResourcesManager: getTopLevelResources: /data/app/com.google.android.apps.plus-2/base.apk / 1.0 running in null rsrc of package null

05-23 22:25:36.698   865   865 W ResourcesManager: getTopLevelResources: /data/app/com.google.android.apps.plus-2/base.apk / 1.0 running in null rsrc of package null

05-23 22:25:36.698   865   865 W ResourcesManager: getTopLevelResources: /data/app/com.google.android.apps.books-2/base.apk / 1.0 running in null rsrc of package null

05-23 22:25:36.718  8606  9007 W ResourcesManager: getTopLevelResources: /system/app/DigitalClockEasy_MUPG/DigitalClockEasy_MUPG.apk / 1.0 running in com.android.vending rsrc of package null

05-23 22:25:36.758   865   865 W ResourcesManager: getTopLevelResources: /data/app/com.google.android.apps.books-2/base.apk / 1.0 running in null rsrc of package null

05-23 22:25:36.758   865   865 W ResourcesManager: getTopLevelResources: /data/app/com.google.android.music-1/base.apk / 1.0 running in null rsrc of package null

05-23 22:25:36.768  8606  9007 W ResourcesManager: getTopLevelResources: /system/priv-app/SecMyFiles2014/SecMyFiles2014.apk / 1.0 running in com.android.vending rsrc of package null

05-23 22:25:36.828   865   865 W ResourcesManager: getTopLevelResources: /data/app/com.google.android.music-1/base.apk / 1.0 running in null rsrc of package null

05-23 22:25:36.828   865   865 W ResourcesManager: getTopLevelResources: /data/app/com.dropbox.android-1/base.apk / 1.0 running in null rsrc of package null

05-23 22:25:36.828   865   865 W ResourcesManager: getTopLevelResources: /data/app/com.dropbox.android-1/base.apk / 1.0 running in null rsrc of package null

05-23 22:25:36.828   865   865 W ResourcesManager: getTopLevelResources: /data/app/com.sec.android.app.sbrowser-2/base.apk / 1.0 running in null rsrc of package null

05-23 22:25:36.828   865   865 W ResourcesManager: getTopLevelResources: /data/app/com.sec.android.app.sbrowser-2/base.apk / 1.0 running in null rsrc of package null

05-23 22:25:36.838   865   865 W ResourcesManager: getTopLevelResources: /data/app/com.sec.android.app.sbrowser-2/base.apk / 1.0 running in null rsrc of package null

05-23 22:25:36.838   865   865 W ResourcesManager: getTopLevelResources: /data/app/com.sec.android.app.sbrowser-2/base.apk / 1.0 running in null rsrc of package null

05-23 22:25:36.838   865   865 W ResourcesManager: getTopLevelResources: /data/app/com.google.android.gm-1/base.apk / 1.0 running in null rsrc of package null

05-23 22:25:36.838   865   865 W ResourcesManager: getTopLevelResources: /data/app/com.google.android.gm-1/base.apk / 1.0 running in null rsrc of package null

05-23 22:25:36.838   865   865 W ResourcesManager: getTopLevelResources: /data/app/com.google.android.gm-1/base.apk / 1.0 running in null rsrc of package null

05-23 22:25:36.838   865   865 W ResourcesManager: getTopLevelResources: /data/app/com.google.android.gm-1/base.apk / 1.0 running in null rsrc of package null

05-23 22:25:36.838   865   865 W ResourcesManager: getTopLevelResources: /data/app/com.google.android.gm-1/base.apk / 1.0 running in null rsrc of package null

05-23 22:25:36.838   865   865 W ResourcesManager: getTopLevelResources: /data/app/com.google.android.gm-1/base.apk / 1.0 running in null rsrc of package null

05-23 22:25:36.838   865   865 W ResourcesManager: getTopLevelResources: /data/app/com.google.android.gm-1/base.apk / 1.0 running in null rsrc of package null

05-23 22:25:36.838   865   865 W ResourcesManager: getTopLevelResources: /data/app/com.google.android.gm-1/base.apk / 1.0 running in null rsrc of package null

05-23 22:25:36.838   865   865 W ResourcesManager: getTopLevelResources: /data/app/com.google.android.gm-1/base.apk / 1.0 running in null rsrc of package null

05-23 22:25:36.838   865   865 W ResourcesManager: getTopLevelResources: /data/app/com.google.android.gm-1/base.apk / 1.0 running in null rsrc of package null

05-23 22:25:36.838   865   865 W ResourcesManager: getTopLevelResources: /data/app/com.google.android.gm-1/base.apk / 1.0 running in null rsrc of package null

05-23 22:25:36.838   865   865 W ResourcesManager: getTopLevelResources: /data/app/com.google.android.gm-1/base.apk / 1.0 running in null rsrc of package null

05-23 22:25:36.838   865   865 W ResourcesManager: getTopLevelResources: /data/app/com.google.android.gm-1/base.apk / 1.0 running in null rsrc of package null

05-23 22:25:36.838   865   865 W ResourcesManager: getTopLevelResources: /data/app/com.google.android.gm-1/base.apk / 1.0 running in null rsrc of package null

05-23 22:25:36.838   865   865 W ResourcesManager: getTopLevelResources: /data/app/com.google.android.gms-1/base.apk / 1.0 running in null rsrc of package null

05-23 22:25:36.848   865   865 W ResourcesManager: getTopLevelResources: /data/app/com.google.android.gms-1/base.apk / 1.0 running in null rsrc of package null

05-23 22:25:36.848   865   865 W ResourcesManager: getTopLevelResources: /data/app/com.google.android.gms-1/base.apk / 1.0 running in null rsrc of package null

05-23 22:25:36.848   865   865 W ResourcesManager: getTopLevelResources: /data/app/com.google.android.gms-1/base.apk / 1.0 running in null rsrc of package null

05-23 22:25:36.848   865   865 W ResourcesManager: getTopLevelResources: /data/app/com.google.android.gms-1/base.apk / 1.0 running in null rsrc of package null

05-23 22:25:36.848   865   865 W ResourcesManager: getTopLevelResources: /data/app/com.google.android.gms-1/base.apk / 1.0 running in null rsrc of package null

05-23 22:25:36.848   865   865 W ResourcesManager: getTopLevelResources: /data/app/com.google.android.gms-1/base.apk / 1.0 running in null rsrc of package null

05-23 22:25:36.848   865   865 W ResourcesManager: getTopLevelResources: /data/app/com.google.android.gms-1/base.apk / 1.0 running in null rsrc of package null

05-23 22:25:36.848   865   865 W ResourcesManager: getTopLevelResources: /data/app/com.google.android.gms-1/base.apk / 1.0 running in null rsrc of package null

05-23 22:25:36.848   865   865 W ResourcesManager: getTopLevelResources: /data/app/com.google.android.gms-1/base.apk / 1.0 running in null rsrc of package null

05-23 22:25:36.848   865   865 W ResourcesManager: getTopLevelResources: /data/app/com.google.android.gms-1/base.apk / 1.0 running in null rsrc of package null

05-23 22:25:36.848   865   865 W ResourcesManager: getTopLevelResources: /data/app/com.google.android.gms-1/base.apk / 1.0 running in null rsrc of package null

05-23 22:25:36.848   865   865 W ResourcesManager: getTopLevelResources: /data/app/com.google.android.gms-1/base.apk / 1.0 running in null rsrc of package null

05-23 22:25:36.848   865   865 W ResourcesManager: getTopLevelResources: /data/app/com.google.android.gms-1/base.apk / 1.0 running in null rsrc of package null

05-23 22:25:36.848   865   865 W ResourcesManager: getTopLevelResources: /data/app/com.google.android.gms-1/base.apk / 1.0 running in null rsrc of package null

05-23 22:25:36.858   865   865 W ResourcesManager: getTopLevelResources: /data/app/com.google.android.gms-1/base.apk / 1.0 running in null rsrc of package null

05-23 22:25:36.858   865   865 W ResourcesManager: getTopLevelResources: /data/app/com.google.android.gms-1/base.apk / 1.0 running in null rsrc of package null

05-23 22:25:36.858   865   865 W ResourcesManager: getTopLevelResources: /data/app/com.google.android.gms-1/base.apk / 1.0 running in null rsrc of package null

05-23 22:25:36.858   865   865 W ResourcesManager: getTopLevelResources: /data/app/com.google.android.gms-1/base.apk / 1.0 running in null rsrc of package null

05-23 22:25:36.858   865   865 W ResourcesManager: getTopLevelResources: /data/app/com.google.android.gms-1/base.apk / 1.0 running in null rsrc of package null

05-23 22:25:36.858   865   865 W ResourcesManager: getTopLevelResources: /data/app/com.google.android.gms-1/base.apk / 1.0 running in null rsrc of package null

05-23 22:25:36.858   865   865 W ResourcesManager: getTopLevelResources: /data/app/com.google.android.gms-1/base.apk / 1.0 running in null rsrc of package null

05-23 22:25:36.858   865   865 W ResourcesManager: getTopLevelResources: /data/app/com.google.android.gms-1/base.apk / 1.0 running in null rsrc of package null

05-23 22:25:36.858   865   865 W ResourcesManager: getTopLevelResources: /data/app/com.google.android.gms-1/base.apk / 1.0 running in null rsrc of package null

05-23 22:25:36.858   865   865 W ResourcesManager: getTopLevelResources: /data/app/com.google.android.gms-1/base.apk / 1.0 running in null rsrc of package null

05-23 22:25:36.868   865   865 W ResourcesManager: getTopLevelResources: /data/app/com.google.android.gms-1/base.apk / 1.0 running in null rsrc of package null

05-23 22:25:36.868   865   865 W ResourcesManager: getTopLevelResources: /data/app/com.google.android.gms-1/base.apk / 1.0 running in null rsrc of package null

05-23 22:25:36.868   865   865 W ResourcesManager: getTopLevelResources: /data/app/com.google.android.gms-1/base.apk / 1.0 running in null rsrc of package null

05-23 22:25:36.868   865   865 W ResourcesManager: getTopLevelResources: /data/app/com.google.android.gms-1/base.apk / 1.0 running in null rsrc of package null

05-23 22:25:36.868   865   865 W ResourcesManager: getTopLevelResources: /data/app/com.google.android.gms-1/base.apk / 1.0 running in null rsrc of package null

05-23 22:25:36.868   865   865 W ResourcesManager: getTopLevelResources: /data/app/com.google.android.gms-1/base.apk / 1.0 running in null rsrc of package null

05-23 22:25:36.868   865   865 W ResourcesManager: getTopLevelResources: /data/app/com.google.android.gms-1/base.apk / 1.0 running in null rsrc of package null

05-23 22:25:36.868   865   865 W ResourcesManager: getTopLevelResources: /data/app/com.whatsapp-1/base.apk / 1.0 running in null rsrc of package null

05-23 22:25:36.868   865   865 W ResourcesManager: getTopLevelResources: /data/app/com.whatsapp-1/base.apk / 1.0 running in null rsrc of package null

05-23 22:25:36.878   865   865 D KnoxMUMContainerPolicy: mPackageReceiver : action - android.intent.action.PACKAGE_ADDED

05-23 22:25:36.878   865   865 E SDAgentPackageStateReceiver: Not going to handle 'com.google.android.instantapps.supervisor'!

05-23 22:25:36.878   865   865 D EnterprisePremiumVpnPolicyServiceV2: Vpn Receiver : android.intent.action.PACKAGE_ADDED

05-23 22:25:36.878   865   865 D KnoxVpnEngineService: Vpn Receiver : android.intent.action.PACKAGE_ADDED

05-23 22:25:36.878   865  1342 I EnterprisePremiumVpnPolicyServiceV2: vpn handle : Message received

05-23 22:25:36.878   865  1342 D EnterprisePremiumVpnPolicyServiceV2: vpn handle : Handle MSG package add

05-23 22:25:36.878   865  1343 I KnoxVpnEngineService: vpn handle : Message received

05-23 22:25:36.878  8606  9007 W ResourcesManager: getTopLevelResources: /system/priv-app/ProxyHandler/ProxyHandler.apk / 1.0 running in com.android.vending rsrc of package null

05-23 22:25:36.888   865  1343 D KnoxVpnEngineService: vpn handle : Handle MSG package add

05-23 22:25:36.888   865  1343 D KnoxVpnEngineService: Inside updatePackageData : packageName = 0_com.google.android.instantapps.supervisor

05-23 22:25:36.888   865   982 W ResourcesManager: getTopLevelResources: /data/app/com.sec.android.app.shealth-1/base.apk / 1.0 running in null rsrc of package null

05-23 22:25:36.898   865   982 W ResourcesManager: getTopLevelResources: /data/app/com.sec.android.app.shealth-1/base.apk / 1.0 running in null rsrc of package null

05-23 22:25:36.898   865   982 W ResourcesManager: getTopLevelResources: /data/app/com.sec.android.app.shealth-1/base.apk / 1.0 running in null rsrc of package null

05-23 22:25:36.898   865   982 W ResourcesManager: getTopLevelResources: /data/app/com.sec.android.app.shealth-1/base.apk / 1.0 running in null rsrc of package null

05-23 22:25:36.898   865   982 W ResourcesManager: getTopLevelResources: /data/app/com.sec.android.app.music-2/base.apk / 1.0 running in null rsrc of package null

05-23 22:25:36.908   865   865 V DomainFilter: onReceive Intent { act=android.intent.action.PACKAGE_ADDED dat=package:com.google.android.instantapps.supervisor flg=0x4000010 bqHint=4 (has extras) }

05-23 22:25:36.908   865   865 V EnterpriseBillingAsyncHandler: packageModificationReceiver - onreceive - start - android.intent.action.PACKAGE_ADDED

05-23 22:25:36.908   865  1453 V EnterpriseBillingPolicyInternal: packageModification -  start - android.intent.action.PACKAGE_ADDED

05-23 22:25:36.908   865  1453 V EnterpriseBillingPolicyInternal: uID is 10011

05-23 22:25:36.908   865  1453 V EnterpriseBillingPolicyInternal: Removed Packageuid is0

05-23 22:25:36.908   865  1453 V EnterpriseBillingPolicyStorage: getProfileForApplication - enter

05-23 22:25:36.908   865  1453 V EnterpriseBillingPolicyStorage: getProfileForApplication - exit null : containerId = 0

05-23 22:25:36.908   865  1453 V EnterpriseBillingPolicyInternal: packageModificationReceiver - onreceive - personal application - profile null

05-23 22:25:36.908   865   865 D PersonaPolicyManagerService: PersonaPolicyReceiver Receiver : android.intent.action.PACKAGE_ADDED

05-23 22:25:36.908   865   865 D UcmService: *****refreshAgentList userId-0 is called***

05-23 22:25:36.908   865   865 D UcmService: resolveAllowedAgents for user 0

05-23 22:25:36.908   865   865 D UcmService: found com.sec.smartcard.manager

05-23 22:25:36.908   865   865 D UcmService: found com.samsung.ucs.agent.boot

05-23 22:25:36.908  8606  9007 W ResourcesManager: getTopLevelResources: /system/app/AllshareFileShare/AllshareFileShare.apk / 1.0 running in com.android.vending rsrc of package null

05-23 22:25:36.918   865   865 D UcmService: mPersistentServices size is 2

05-23 22:25:36.918   865   865 D UcmService: -------Processing started for agentPackageName----- -com.sec.smartcard.manager

05-23 22:25:36.918   865   865 D UcmService:   agentPackageName -com.sec.smartcard.manager is an active plugin

05-23 22:25:36.918   865   865 D UcmService:   Check if caller has UCS Plugin permission...

05-23 22:25:36.918   865   865 D UcmService:   Agent has UCS PLUGIN permission. Processing further...

05-23 22:25:36.918   865   865 D UcmService: -------Processing started for agentPackageName----- -com.samsung.ucs.agent.boot

05-23 22:25:36.918   865   865 D UcmService:   agentPackageName -com.samsung.ucs.agent.boot is an active plugin

05-23 22:25:36.918   865   865 D UcmService:   Check if caller has UCS Plugin permission...

05-23 22:25:36.918   865   865 D UcmService:   Agent has UCS PLUGIN permission. Processing further...

05-23 22:25:36.918   865   865 D UcmService:   agentPackageName com.samsung.ucs.agent.boot is system storage. Checking system signature

05-23 22:25:36.918   865   865 D UcmService:   Signature match

05-23 22:25:36.918   865   865 D UcmService:   Valid system storage found is com.samsung.ucs.agent.boot

05-23 22:25:36.938   865   865 D UcmService: readPersistentServicesLocked is called...

05-23 22:25:36.938   865   865 D UcmService: PersistentServices  key-com.samsung.ucs.agent.boot:com.samsung.ucs.agent.boot

05-23 22:25:36.938   865   865 D UcmService: PersistentServices  value-1000

05-23 22:25:36.938   865   865 D UcmService: PersistentServices  key-com.sec.smartcard.manager:com.samsung.ucs.agent.baiMobile

05-23 22:25:36.938   865   865 D UcmService: PersistentServices  value-10176

05-23 22:25:36.938   865   982 W ResourcesManager: getTopLevelResources: /data/app/com.sec.android.app.music-2/base.apk / 1.0 running in null rsrc of package null

05-23 22:25:36.948   865   865 D KnoxVpnEngineService: Vpn Receiver : send_knoxvpn_proxy_broadcast

05-23 22:25:36.948   865   982 W ResourcesManager: getTopLevelResources: /data/app/com.google.android.apps.books-2/base.apk / 1.0 running in null rsrc of package null

05-23 22:25:36.948   865   982 W ResourcesManager: getTopLevelResources: /data/app/com.google.android.apps.books-2/base.apk / 1.0 running in null rsrc of package null

05-23 22:25:36.948   865   982 W ResourcesManager: getTopLevelResources: /data/app/com.google.android.music-1/base.apk / 1.0 running in null rsrc of package null

05-23 22:25:36.948   865   982 W ResourcesManager: getTopLevelResources: /data/app/com.google.android.music-1/base.apk / 1.0 running in null rsrc of package null

05-23 22:25:36.948   865   982 W ResourcesManager: getTopLevelResources: /data/app/com.google.android.youtube-2/base.apk / 1.0 running in null rsrc of package null

05-23 22:25:36.948   865   865 D BatteryService: Sending ACTION_BATTERY_CHANGED.

05-23 22:25:36.958   865  1343 I KnoxVpnEngineService: vpn handle : Message received

05-23 22:25:36.968  9880  9880 E Zygote  : v2

05-23 22:25:36.968  9880  9880 W SELinux : Function: selinux_compare_spd_ram, index[1], priority [2], priority version is VE=SEPF_SECMOBILE_6.0.1_0034

05-23 22:25:36.968  9880  9880 E Zygote  : accessInfo : 0

05-23 22:25:36.968  1479  1479 D KeyguardUpdateMonitor: received broadcast android.intent.action.BATTERY_CHANGED

05-23 22:25:36.968  1479  1479 I PERF    : received broadcast android.intent.action.BATTERY_CHANGED

05-23 22:25:36.968  1479  1479 D KeyguardUpdateMonitor: handleBatteryUpdate

05-23 22:25:36.968   865  1093 I ActivityManager: Start proc 9880:com.samsung.android.sm.provider/1000 for content provider com.samsung.android.sm.provider/com.samsung.android.sm.database.SmProvider

05-23 22:25:36.968  9880  9880 I libpersona: KNOX_SDCARD checking this for 1000

05-23 22:25:36.968  9880  9880 I libpersona: KNOX_SDCARD not a persona

05-23 22:25:36.988   865  4071 W         : Unable to open '/system/framework/com.qti.location.sdk.jar': No such file or directory

05-23 22:25:36.988   865  4071 W art     : Failed to open zip archive '/system/framework/com.qti.location.sdk.jar': I/O Error

05-23 22:25:36.988   865  4071 I System.out: Thread-210(ApacheHTTPLog):isSBSettingEnabled false

05-23 22:25:36.988   865  4071 I System.out: Thread-210(ApacheHTTPLog):isShipBuild true

05-23 22:25:36.988   865  4071 I System.out: Thread-210(ApacheHTTPLog):getDebugLevel 0x4f4c

05-23 22:25:36.988   865  4071 I System.out: Thread-210(ApacheHTTPLog):Smart Bonding Setting is false

05-23 22:25:36.988   865  4071 I System.out: Thread-210(ApacheHTTPLog):SmartBonding Setting is false, SHIP_BUILD is true, log to file is false, DBG is false, DEBUG_LEVEL (1-LOW, 2-MID, 3-HIGH) is 1

05-23 22:25:36.988  1479  1479 D BatteryMeterView: ACTION_BATTERY_CHANGED : level:58 status:2 health:2

05-23 22:25:36.988  1479  1479 D BatteryMeterView: ACTION_BATTERY_CHANGED : level:58 status:2 health:2

05-23 22:25:36.988  1479  1479 D BatteryMeterView: ACTION_BATTERY_CHANGED : level:58 status:2 health:2

05-23 22:25:36.998   865   865 V BroadcastQueue: [background] Process cur broadcast BroadcastRecord{110f0b8 u0 android.intent.action.PACKAGE_REMOVED qIdx=4}, state= (APP_RECEIVE) DELIVERED for app ProcessRecord{8cbd41 16267:android.process.acore/u0a20}

05-23 22:25:37.008   323  1206 D EnterpriseController: netId is 0

05-23 22:25:37.008   323  1206 D Netd    : getNetworkForDns: using netid 582 for uid 1000

05-23 22:25:37.008   865   865 D WallpaperManagerService:  force update = false; persona id = 0; current user =0; current persona = 0

05-23 22:25:37.008   865   865 D KnoxTimeoutHandler: handleHomeShow for 0 and current 0

05-23 22:25:37.008   865   865 D KnoxTimeoutHandler: handleActiveUserChange [MsgParam] userId: 0 fullscreen is true showWhenlocked is false

05-23 22:25:37.008  8606  9007 W ResourcesManager: getTopLevelResources: /data/app/com.netflix.mediaclient-1/base.apk / 1.0 running in com.android.vending rsrc of package null

05-23 22:25:37.018   865   865 I KnoxTimeoutHandler: Shared devices show user statefalse

05-23 22:25:37.018   865   865 D EdgeLight: Turning off

05-23 22:25:37.018   865   865 D KnoxTimeoutHandler: activityDrawn [MsgParam] userId: 0 fullscreen is true showWhenlocked is false

05-23 22:25:37.018   865   865 I KnoxTimeoutHandler: SD activityfalse

05-23 22:25:37.018   865   865 D KnoxTimeoutHandler: activityDrawn [MsgParam] userId: 0 fullscreen is true showWhenlocked is false

05-23 22:25:37.018   865   865 I KnoxTimeoutHandler: SD activityfalse

05-23 22:25:37.018  1479  1479 D PhoneStatusBar: setSystemUiVisibility vis=40008000 mask=ffffffff oldVal=8000 newVal=40008000 diff=40000000

05-23 22:25:37.018   865   865 D LightsService: [api] [SvcLED] turnOff:: id = 6 (uid: 1000 pid: 865) 

05-23 22:25:37.018   865   865 D LightsService: [SvcLED] setSvcLedStateLocked:: SvcLEDState : 0x0 -> 0x0 | SvcLED(id=6) set Off

05-23 22:25:37.018   865  1141 D LightsService: [SvcLED] handleForcedSvcLEDTask()

05-23 22:25:37.018   865  1141 D LightsService: [SvcLED]  setSvcLedLightLocked :: Current SvcLED(id=6) maintains its priority right

05-23 22:25:37.028   865   865 D UcmService: onReceive android.intent.action.PACKAGE_REPLACED

05-23 22:25:37.028   865   865 D UcmService: Package update in userId-0 and uid-10011

05-23 22:25:37.028   865   865 V DomainFilter: onReceive Intent { act=android.intent.action.PACKAGE_REPLACED dat=package:com.google.android.instantapps.supervisor flg=0x4000010 bqHint=4 (has extras) }

05-23 22:25:37.028   865   865 D CustomFrequencyManagerService: releaseDVFSLockLocked : Getting Lock type frm List : DVFS_MIN_LIMIT  frequency : 1958400  uid : 1000  pid : 865  tag : ACTIVITY_RESUME_BOOSTER@16

05-23 22:25:37.028   865   865 D AccessibilityManagerService: checkUniversalSwitchState start:

05-23 22:25:37.028   865   865 D AccessibilityManagerService: checkUniversalSwitchState universalSwitchEnabled:false

05-23 22:25:37.028   865   865 D AccessibilityManagerService: updateInputFilter universalSwitchState:false

05-23 22:25:37.028   865   865 D AccessibilityManagerService: updateInputFilter userState.mIsUniversalSwitchEnabled:false

05-23 22:25:37.038   865   865 D KnoxMUMContainerPolicy: packageInstalledForExternalStorage com.google.android.instantapps.supervisor

05-23 22:25:37.038   865   865 D UcmService: *****refreshAgentList userId-0 is called***

05-23 22:25:37.038   865   865 D UcmService: resolveAllowedAgents for user 0

05-23 22:25:37.038   865   865 D UcmService: found com.sec.smartcard.manager

05-23 22:25:37.038   865   865 D UcmService: found com.samsung.ucs.agent.boot

05-23 22:25:37.038   865   865 D UcmService: mPersistentServices size is 2

05-23 22:25:37.038   865   865 D UcmService: -------Processing started for agentPackageName----- -com.sec.smartcard.manager

05-23 22:25:37.038   865   865 D UcmService:   agentPackageName -com.sec.smartcard.manager is an active plugin

05-23 22:25:37.038   865   865 D UcmService:   Check if caller has UCS Plugin permission...

05-23 22:25:37.038   865   865 D UcmService:   Agent has UCS PLUGIN permission. Processing further...

05-23 22:25:37.038   865   865 D UcmService: -------Processing started for agentPackageName----- -com.samsung.ucs.agent.boot

05-23 22:25:37.038   865   865 D UcmService:   agentPackageName -com.samsung.ucs.agent.boot is an active plugin

05-23 22:25:37.038   865   865 D UcmService:   Check if caller has UCS Plugin permission...

05-23 22:25:37.038   865   865 D UcmService:   Agent has UCS PLUGIN permission. Processing further...

05-23 22:25:37.038   865   865 D UcmService:   agentPackageName com.samsung.ucs.agent.boot is system storage. Checking system signature

05-23 22:25:37.038   865   865 D UcmService:   Signature match

05-23 22:25:37.038   865   865 D UcmService:   Valid system storage found is com.samsung.ucs.agent.boot

05-23 22:25:37.038   865   865 V AlarmManagerEXT: com.google.android.instantapps.supervisor(10011) is added to mUserAppList

05-23 22:25:37.038  1479  1479 D BatteryMeterView: onDraw batteryColor : -1107296257

05-23 22:25:37.038   865   865 I MotionRecognitionService: Plugged

05-23 22:25:37.038   865   865 D MotionRecognitionService:   cableConnection= 1

05-23 22:25:37.038   865   865 D MotionRecognitionService: setPowerConnected | current backoffstate  = 1024 , state =1024

05-23 22:25:37.038   865   865 D MotionRecognitionService: skip setTransmitPower. 

05-23 22:25:37.058   865   865 D UcmService: readPersistentServicesLocked is called...

05-23 22:25:37.058   865   865 D UcmService: PersistentServices  key-com.samsung.ucs.agent.boot:com.samsung.ucs.agent.boot

05-23 22:25:37.058   865   865 D UcmService: PersistentServices  value-1000

05-23 22:25:37.058   865   865 D UcmService: PersistentServices  key-com.sec.smartcard.manager:com.samsung.ucs.agent.baiMobile

05-23 22:25:37.058   865   865 D UcmService: PersistentServices  value-10176

05-23 22:25:37.058  9880  9880 D TimaKeyStoreProvider: TimaSignature is unavailable

05-23 22:25:37.058  9880  9880 D ActivityThread: Added TimaKeyStore provider

05-23 22:25:37.068   865  2167 V BroadcastQueue: [background] Process cur broadcast BroadcastRecord{110f0b8 u0 android.intent.action.PACKAGE_REMOVED qIdx=4}, state= (APP_RECEIVE) DELIVERED for app ProcessRecord{4c351b4 19027:com.sec.android.gallery3d/u0a49}

05-23 22:25:37.088  1479  1479 D StatusBar: getNumberOfActiveSim: 1

05-23 22:25:37.088  1479  1479 D PanelView: kidsfalse mQsExpansionEnabled:true

05-23 22:25:37.088  9880  9880 W ResourcesManager: getTopLevelResources: /system/priv-app/SmartManagerProvider/SmartManagerProvider.apk / 1.0 running in com.samsung.android.sm.provider rsrc of package null

05-23 22:25:37.088   865   982 W ResourcesManager: getTopLevelResources: /data/app/com.google.android.youtube-2/base.apk / 1.0 running in null rsrc of package null

05-23 22:25:37.098 19027 19027 I PackagesMonitor: PackagesMonitor onReceive :com.google.android.instantapps.supervisor

05-23 22:25:37.098   865   982 W ResourcesManager: getTopLevelResources: /system/priv-app/SecSettings/SecSettings.apk / 1.0 running in null rsrc of package null

05-23 22:25:37.108  1479  1479 D StatusBar: getNumberOfActiveSim: 1

05-23 22:25:37.108  1479  1479 D PanelView: kidsfalse mQsExpansionEnabled:true

05-23 22:25:37.138  9880  9880 W System  : ClassLoader referenced unknown path: /system/priv-app/SmartManagerProvider/lib/arm

05-23 22:25:37.138   865  2216 V BroadcastQueue: [background] Process cur broadcast BroadcastRecord{110f0b8 u0 android.intent.action.PACKAGE_REMOVED qIdx=4}, state= (APP_RECEIVE) DELIVERED for app ProcessRecord{8f6de4b 21473:com.android.settings/1000}

05-23 22:25:37.198  9893  9893 E Zygote  : v2

05-23 22:25:37.198  9893  9893 W SELinux : Function: selinux_compare_spd_ram, index[1], priority [2], priority version is VE=SEPF_SECMOBILE_6.0.1_0034

05-23 22:25:37.198  9893  9893 E Zygote  : accessInfo : 0

05-23 22:25:37.198  9893  9893 W SELinux : SELinux: seapp_context_lookup: seinfo=platform, level=s0:c512,c768, pkgname=com.samsung.android.provider.shootingmodeprovider 

05-23 22:25:37.198   865  1873 I ActivityManager: Start proc 9893:com.samsung.android.provider.shootingmodeprovider/u0a174 for broadcast-3 com.samsung.android.provider.shootingmodeprovider/com.samsung.android.app.shootingmodeinstaller.PackageIntentReceiver

05-23 22:25:37.198  9893  9893 I libpersona: KNOX_SDCARD checking this for 10174

05-23 22:25:37.198  9893  9893 I libpersona: KNOX_SDCARD not a persona

05-23 22:25:37.208  8606  9007 W ResourcesManager: getTopLevelResources: /system/priv-app/PhotoStudio_FHD_K/PhotoStudio_FHD_K.apk / 1.0 running in com.android.vending rsrc of package null

05-23 22:25:37.228  9893  9893 D TimaKeyStoreProvider: TimaSignature is unavailable

05-23 22:25:37.228  9893  9893 D ActivityThread: Added TimaKeyStore provider

05-23 22:25:37.228   865  1093 E MARsDBManager: insertPackage com.google.android.instantapps.supervisor is already exist in DB!

05-23 22:25:37.238   865   865 I ActivityManager: Killing 8516:com.sec.android.app.sbrowser/u0a145 (adj 15): DHA:empty #25

05-23 22:25:37.248   865  2167 V BroadcastQueue: [background] Process cur broadcast BroadcastRecord{110f0b8 u0 android.intent.action.PACKAGE_REMOVED qIdx=4}, state= (APP_RECEIVE) DELIVERED for app ProcessRecord{865a29e 9893:com.samsung.android.provider.shootingmodeprovider/u0a174}

05-23 22:25:37.258   865  2216 D ActivityManager: cleanUpApplicationRecord -- 8516

05-23 22:25:37.258   865  2216 D ActivityManager: isAutoRunBlockedApp:: com.sec.android.app.sbrowser, Auto Run ON

05-23 22:25:37.258   865   982 W ResourcesManager: getTopLevelResources: /system/priv-app/SecMms_Candy_M/SecMms_Candy_M.apk / 1.0 running in null rsrc of package null

05-23 22:25:37.268  9893  9893 W ResourcesManager: getTopLevelResources: /system/priv-app/ShootingModeProvider/ShootingModeProvider.apk / 1.0 running in com.samsung.android.provider.shootingmodeprovider rsrc of package null

05-23 22:25:37.268   865   982 W ResourcesManager: getTopLevelResources: /system/app/InteractiveTutorial/InteractiveTutorial.apk / 1.0 running in null rsrc of package null

05-23 22:25:37.298  9893  9893 W System  : ClassLoader referenced unknown path: /system/priv-app/ShootingModeProvider/lib/arm

05-23 22:25:37.298  8606  9007 W ResourcesManager: getTopLevelResources: /system/priv-app/TouchWizHome/TouchWizHome.apk / 1.0 running in com.android.vending rsrc of package null

05-23 22:25:37.328   865   982 W ResourcesManager: getTopLevelResources: /system/app/InteractiveTutorial/InteractiveTutorial.apk / 1.0 running in null rsrc of package null

05-23 22:25:37.328   865   982 W ResourcesManager: getTopLevelResources: /system/app/AccuweatherPhone2014_K_MMR_fHD/AccuweatherPhone2014_K_MMR_fHD.apk / 1.0 running in null rsrc of package null

05-23 22:25:37.328   865   982 W ResourcesManager: getTopLevelResources: /system/app/SPlanner_M_OS_UPG/SPlanner_M_OS_UPG.apk / 1.0 running in null rsrc of package null

05-23 22:25:37.338   865  1302 V BroadcastQueue: [background] Process cur broadcast BroadcastRecord{110f0b8 u0 android.intent.action.PACKAGE_REMOVED qIdx=4}, state= (APP_RECEIVE) DELIVERED for app ProcessRecord{7b289c 1834:com.android.phone/1001}

05-23 22:25:37.338  8606  9007 W ResourcesManager: getTopLevelResources: /system/app/QtiBackupAgent/QtiBackupAgent.apk / 1.0 running in com.android.vending rsrc of package null

05-23 22:25:37.358   865  2202 V BroadcastQueue: [background] Process cur broadcast BroadcastRecord{110f0b8 u0 android.intent.action.PACKAGE_REMOVED qIdx=4}, state= (APP_RECEIVE) DELIVERED for app ProcessRecord{2285f30 9472:com.samsung.android.sm.devicesecurity/5012}

05-23 22:25:37.378   865   982 W ResourcesManager: getTopLevelResources: /system/app/SPlanner_M_OS_UPG/SPlanner_M_OS_UPG.apk / 1.0 running in null rsrc of package null

05-23 22:25:37.378   865   982 W ResourcesManager: getTopLevelResources: /data/app/com.sec.android.app.music-2/base.apk / 1.0 running in null rsrc of package null

05-23 22:25:37.378   865   982 W ResourcesManager: getTopLevelResources: /data/app/com.android.chrome-2/base.apk / 1.0 running in null rsrc of package null

05-23 22:25:37.388  8606  9007 W ResourcesManager: getTopLevelResources: /system/app/DriveLink/DriveLink.apk / 1.0 running in com.android.vending rsrc of package null

05-23 22:25:37.388   865   982 W ResourcesManager: getTopLevelResources: /data/app/com.android.chrome-2/base.apk / 1.0 running in null rsrc of package null

05-23 22:25:37.388   865   982 W ResourcesManager: getTopLevelResources: /data/app/com.google.android.apps.docs-2/base.apk / 1.0 running in null rsrc of package null

05-23 22:25:37.388   865   982 W ResourcesManager: getTopLevelResources: /data/app/com.google.android.apps.docs-2/base.apk / 1.0 running in null rsrc of package null

05-23 22:25:37.398  9908  9908 E Zygote  : v2

05-23 22:25:37.398  9908  9908 W SELinux : Function: selinux_compare_spd_ram, index[1], priority [2], priority version is VE=SEPF_SECMOBILE_6.0.1_0034

05-23 22:25:37.398  9908  9908 E Zygote  : accessInfo : 0

05-23 22:25:37.398  9908  9908 W SELinux : SELinux: seapp_context_lookup: seinfo=platform, level=s0:c512,c768, pkgname=com.samsung.android.intelligenceservice2 

05-23 22:25:37.398  9908  9908 I libpersona: KNOX_SDCARD checking this for 5010

05-23 22:25:37.398  9908  9908 I libpersona: KNOX_SDCARD not a persona

05-23 22:25:37.408   865   887 I ActivityManager: Start proc 9908:com.samsung.android.intelligenceservice2/5010 for broadcast-3 com.samsung.android.intelligenceservice2/com.samsung.android.intelligenceservice.useranalysis.UserAnalysisBroadcastReceiver

05-23 22:25:37.408   865   982 W ResourcesManager: getTopLevelResources: /data/app/com.google.android.apps.docs-2/base.apk / 1.0 running in null rsrc of package null

05-23 22:25:37.408   865   887 I ActivityManager: Killing 8534:com.rsupport.rs.activity.rsupport.aas2/u0a197 (adj 15): DHA:empty #25

05-23 22:25:37.418   865   982 W ResourcesManager: getTopLevelResources: /data/app/com.google.android.youtube-2/base.apk / 1.0 running in null rsrc of package null

05-23 22:25:37.418   865   982 W ResourcesManager: getTopLevelResources: /data/app/com.google.android.gms-1/base.apk / 1.0 running in null rsrc of package null

05-23 22:25:37.418   865   982 W ResourcesManager: getTopLevelResources: /data/app/com.google.android.gms-1/base.apk / 1.0 running in null rsrc of package null

05-23 22:25:37.418   865   982 W ResourcesManager: getTopLevelResources: /data/app/com.google.android.gms-1/base.apk / 1.0 running in null rsrc of package null

05-23 22:25:37.418   865   982 W ResourcesManager: getTopLevelResources: /data/app/com.netflix.mediaclient-1/base.apk / 1.0 running in null rsrc of package null

05-23 22:25:37.428  9908  9908 D TimaKeyStoreProvider: TimaSignature is unavailable

05-23 22:25:37.428  9908  9908 D ActivityThread: Added TimaKeyStore provider

05-23 22:25:37.428   865   982 W ResourcesManager: getTopLevelResources: /data/app/com.netflix.mediaclient-1/base.apk / 1.0 running in null rsrc of package null

05-23 22:25:37.428   865   982 W ResourcesManager: getTopLevelResources: /data/app/com.netflix.mediaclient-1/base.apk / 1.0 running in null rsrc of package null

05-23 22:25:37.428   865   982 W ResourcesManager: getTopLevelResources: /data/app/com.itau-1/base.apk / 1.0 running in null rsrc of package null

05-23 22:25:37.428   865   982 W ResourcesManager: getTopLevelResources: /data/app/com.itau-1/base.apk / 1.0 running in null rsrc of package null

05-23 22:25:37.428   865   982 W ResourcesManager: getTopLevelResources: /data/app/com.google.android.apps.chromecast.app-1/base.apk / 1.0 running in null rsrc of package null

05-23 22:25:37.448   865  1302 V BroadcastQueue: [background] Process cur broadcast BroadcastRecord{110f0b8 u0 android.intent.action.PACKAGE_REMOVED qIdx=4}, state= (APP_RECEIVE) DELIVERED for app ProcessRecord{9188502 9908:com.samsung.android.intelligenceservice2/5010}

05-23 22:25:37.458  9908  9908 W ResourcesManager: getTopLevelResources: /system/priv-app/intelligenceservice2/intelligenceservice2.apk / 1.0 running in com.samsung.android.intelligenceservice2 rsrc of package null

05-23 22:25:37.458   865  2167 D ActivityManager: cleanUpApplicationRecord -- 8534

05-23 22:25:37.458   865  2167 D ActivityManager: isAutoRunBlockedApp:: com.rsupport.rs.activity.rsupport.aas2, Auto Run ON

05-23 22:25:37.468   865   982 W ResourcesManager: getTopLevelResources: /data/app/com.google.android.apps.chromecast.app-1/base.apk / 1.0 running in null rsrc of package null

05-23 22:25:37.468   865   982 W ResourcesManager: getTopLevelResources: /data/app/com.sec.android.app.sbrowser-2/base.apk / 1.0 running in null rsrc of package null

05-23 22:25:37.468   865   982 W ResourcesManager: getTopLevelResources: /data/app/com.sec.android.app.sbrowser-2/base.apk / 1.0 running in null rsrc of package null

05-23 22:25:37.468   865   982 W ResourcesManager: getTopLevelResources: /data/app/com.google.android.googlequicksearchbox-2/base.apk / 1.0 running in null rsrc of package null

05-23 22:25:37.468  8606  9007 W ResourcesManager: getTopLevelResources: /system/app/InteractiveTutorial/InteractiveTutorial.apk / 1.0 running in com.android.vending rsrc of package null

05-23 22:25:37.468   865   982 W ResourcesManager: getTopLevelResources: /data/app/com.google.android.googlequicksearchbox-2/base.apk / 1.0 running in null rsrc of package null

05-23 22:25:37.468   865   982 W ResourcesManager: getTopLevelResources: /system/priv-app/SecGallery2014/SecGallery2014.apk / 1.0 running in null rsrc of package null

05-23 22:25:37.468   865   982 W ResourcesManager: getTopLevelResources: /system/priv-app/SecGallery2014/SecGallery2014.apk / 1.0 running in null rsrc of package null

05-23 22:25:37.468   865   982 W ResourcesManager: getTopLevelResources: /system/priv-app/SecMyFiles2014/SecMyFiles2014.apk / 1.0 running in null rsrc of package null

05-23 22:25:37.478  9908  9908 W System  : ClassLoader referenced unknown path: /system/priv-app/intelligenceservice2/lib/arm

05-23 22:25:37.478   865   982 W ResourcesManager: getTopLevelResources: /system/priv-app/SecMyFiles2014/SecMyFiles2014.apk / 1.0 running in null rsrc of package null

05-23 22:25:37.478   865   982 W ResourcesManager: getTopLevelResources: /system/priv-app/SecVideoPlayer/SecVideoPlayer.apk / 1.0 running in null rsrc of package null

05-23 22:25:37.498  9908  9908 D UserAnalysis.Provider: PlaceProvider onCreate()

05-23 22:25:37.498   865   982 W ResourcesManager: getTopLevelResources: /system/priv-app/SecVideoPlayer/SecVideoPlayer.apk / 1.0 running in null rsrc of package null

05-23 22:25:37.498   865   982 W ResourcesManager: getTopLevelResources: /system/priv-app/VoiceNote/VoiceNote.apk / 1.0 running in null rsrc of package null

05-23 22:25:37.508  8606  9007 W ResourcesManager: getTopLevelResources: /system/priv-app/SNS_v2/SNS_v2.apk / 1.0 running in com.android.vending rsrc of package null

05-23 22:25:37.518   865   982 W ResourcesManager: getTopLevelResources: /system/priv-app/VoiceNote/VoiceNote.apk / 1.0 running in null rsrc of package null

05-23 22:25:37.528   865   982 W ResourcesManager: getTopLevelResources: /system/priv-app/SecContacts_M_OSup_Legacy/SecContacts_M_OSup_Legacy.apk / 1.0 running in null rsrc of package null

05-23 22:25:37.528   865   982 W ResourcesManager: getTopLevelResources: /data/app/com.sec.android.app.music-2/base.apk / 1.0 running in null rsrc of package null

05-23 22:25:37.528   865   982 W ResourcesManager: getTopLevelResources: /system/priv-app/SFinder_v4/SFinder_v4.apk / 1.0 running in null rsrc of package null

05-23 22:25:37.538  8606  9007 W ResourcesManager: getTopLevelResources: /data/app/com.fastemulator.gba-1/base.apk / 1.0 running in com.android.vending rsrc of package null

05-23 22:25:37.558   865   982 W ResourcesManager: getTopLevelResources: /system/priv-app/SFinder_v4/SFinder_v4.apk / 1.0 running in null rsrc of package null

05-23 22:25:37.558   865   982 W ResourcesManager: getTopLevelResources: /system/priv-app/SFinder_v4/SFinder_v4.apk / 1.0 running in null rsrc of package null

05-23 22:25:37.558   865   982 W ResourcesManager: getTopLevelResources: /system/priv-app/SecContacts_M_OSup_Legacy/SecContacts_M_OSup_Legacy.apk / 1.0 running in null rsrc of package null

05-23 22:25:37.568   865  1276 D InputReader: Input event(9): value=1 when=243607265415000

05-23 22:25:37.568   865  1276 I InputReader: Touch event's action is 0x0 (deviceType=0) [pCnt=1, s=0.16855 ] when=243607265437000

05-23 22:25:37.568   865  1276 D InputReader: lastThreadEndTime = 243605533447563, currentThreadStartTime = 243605533450949, diff = 0

05-23 22:25:37.568   865  1275 I InputDispatcher: Delivering touch to (1479): action: 0x4, toolType: 1

05-23 22:25:37.568   865  1275 I InputDispatcher: Delivering touch to (865): action: 0x0, toolType: 1

05-23 22:25:37.568   865  1008 D ViewRootImpl: ViewPostImeInputStage processPointer 0

05-23 22:25:37.568   865   982 W ResourcesManager: getTopLevelResources: /system/priv-app/SecMms_Candy_M/SecMms_Candy_M.apk / 1.0 running in null rsrc of package null

05-23 22:25:37.568   865   982 W ResourcesManager: getTopLevelResources: /system/app/SecEmail_K/SecEmail_K.apk / 1.0 running in null rsrc of package null

05-23 22:25:37.568   865   982 W ResourcesManager: getTopLevelResources: /system/app/SecMemoDL/SecMemoDL.apk / 1.0 running in null rsrc of package null

05-23 22:25:37.578   865   982 W ResourcesManager: getTopLevelResources: /system/app/AccuweatherPhone2014_K_MMR_fHD/AccuweatherPhone2014_K_MMR_fHD.apk / 1.0 running in null rsrc of package null

05-23 22:25:37.578   865   982 W ResourcesManager: getTopLevelResources: /data/app/com.sec.android.app.shealth-1/base.apk / 1.0 running in null rsrc of package null

05-23 22:25:37.578   865   982 W ResourcesManager: getTopLevelResources: /data/app/com.sec.android.app.shealth-1/base.apk / 1.0 running in null rsrc of package null

05-23 22:25:37.578   865   982 W ResourcesManager: getTopLevelResources: /data/app/com.sec.android.app.shealth-1/base.apk / 1.0 running in null rsrc of package null

05-23 22:25:37.578   865   982 W ResourcesManager: getTopLevelResources: /data/app/com.sec.android.app.shealth-1/base.apk / 1.0 running in null rsrc of package null

05-23 22:25:37.578   865   982 W ResourcesManager: getTopLevelResources: /data/app/com.sec.android.app.music-2/base.apk / 1.0 running in null rsrc of package null

05-23 22:25:37.578   865   982 W ResourcesManager: getTopLevelResources: /data/app/com.google.android.apps.books-2/base.apk / 1.0 running in null rsrc of package null

05-23 22:25:37.578   865   982 W ResourcesManager: getTopLevelResources: /data/app/com.google.android.music-1/base.apk / 1.0 running in null rsrc of package null

05-23 22:25:37.578   865   982 W ResourcesManager: getTopLevelResources: /data/app/com.google.android.youtube-2/base.apk / 1.0 running in null rsrc of package null

05-23 22:25:37.578   865   982 W ResourcesManager: getTopLevelResources: /system/priv-app/SecSettings/SecSettings.apk / 1.0 running in null rsrc of package null

05-23 22:25:37.578   865   982 W ResourcesManager: getTopLevelResources: /system/priv-app/SecMms_Candy_M/SecMms_Candy_M.apk / 1.0 running in null rsrc of package null

05-23 22:25:37.578   865   982 W ResourcesManager: getTopLevelResources: /system/app/InteractiveTutorial/InteractiveTutorial.apk / 1.0 running in null rsrc of package null

05-23 22:25:37.578   865   982 W ResourcesManager: getTopLevelResources: /system/app/AccuweatherPhone2014_K_MMR_fHD/AccuweatherPhone2014_K_MMR_fHD.apk / 1.0 running in null rsrc of package null

05-23 22:25:37.588   865   982 W ResourcesManager: getTopLevelResources: /system/app/SPlanner_M_OS_UPG/SPlanner_M_OS_UPG.apk / 1.0 running in null rsrc of package null

05-23 22:25:37.588   865   982 W ResourcesManager: getTopLevelResources: /data/app/com.sec.android.app.music-2/base.apk / 1.0 running in null rsrc of package null

05-23 22:25:37.588   865   982 W ResourcesManager: getTopLevelResources: /data/app/com.android.chrome-2/base.apk / 1.0 running in null rsrc of package null

05-23 22:25:37.588   865   982 W ResourcesManager: getTopLevelResources: /data/app/com.google.android.apps.docs-2/base.apk / 1.0 running in null rsrc of package null

05-23 22:25:37.598   865   982 W ResourcesManager: getTopLevelResources: /data/app/com.google.android.apps.docs-2/base.apk / 1.0 running in null rsrc of package null

05-23 22:25:37.598   865   982 W ResourcesManager: getTopLevelResources: /data/app/com.google.android.youtube-2/base.apk / 1.0 running in null rsrc of package null

05-23 22:25:37.598   865   982 W ResourcesManager: getTopLevelResources: /data/app/com.google.android.gms-1/base.apk / 1.0 running in null rsrc of package null

05-23 22:25:37.598   865   982 W ResourcesManager: getTopLevelResources: /data/app/com.google.android.gms-1/base.apk / 1.0 running in null rsrc of package null

05-23 22:25:37.598   865   982 W ResourcesManager: getTopLevelResources: /data/app/com.netflix.mediaclient-1/base.apk / 1.0 running in null rsrc of package null

05-23 22:25:37.598   865   982 W ResourcesManager: getTopLevelResources: /data/app/com.netflix.mediaclient-1/base.apk / 1.0 running in null rsrc of package null

05-23 22:25:37.598   865   982 W ResourcesManager: getTopLevelResources: /data/app/com.itau-1/base.apk / 1.0 running in null rsrc of package null

05-23 22:25:37.598   865   982 W ResourcesManager: getTopLevelResources: /data/app/com.google.android.apps.chromecast.app-1/base.apk / 1.0 running in null rsrc of package null

05-23 22:25:37.598   865   982 W ResourcesManager: getTopLevelResources: /data/app/com.sec.android.app.sbrowser-2/base.apk / 1.0 running in null rsrc of package null

05-23 22:25:37.598   865   982 W ResourcesManager: getTopLevelResources: /data/app/com.google.android.googlequicksearchbox-2/base.apk / 1.0 running in null rsrc of package null

05-23 22:25:37.598   865   982 W ResourcesManager: getTopLevelResources: /system/priv-app/SecGallery2014/SecGallery2014.apk / 1.0 running in null rsrc of package null

05-23 22:25:37.598   865   982 W ResourcesManager: getTopLevelResources: /system/priv-app/SecMyFiles2014/SecMyFiles2014.apk / 1.0 running in null rsrc of package null

05-23 22:25:37.598   865   982 W ResourcesManager: getTopLevelResources: /system/priv-app/SecVideoPlayer/SecVideoPlayer.apk / 1.0 running in null rsrc of package null

05-23 22:25:37.598   865   982 W ResourcesManager: getTopLevelResources: /system/priv-app/VoiceNote/VoiceNote.apk / 1.0 running in null rsrc of package null

05-23 22:25:37.598   865   982 W ResourcesManager: getTopLevelResources: /system/priv-app/SecContacts_M_OSup_Legacy/SecContacts_M_OSup_Legacy.apk / 1.0 running in null rsrc of package null

05-23 22:25:37.598   865   982 W ResourcesManager: getTopLevelResources: /data/app/com.sec.android.app.music-2/base.apk / 1.0 running in null rsrc of package null

05-23 22:25:37.598   865   982 W ResourcesManager: getTopLevelResources: /system/priv-app/SFinder_v4/SFinder_v4.apk / 1.0 running in null rsrc of package null

05-23 22:25:37.598   865   982 W ResourcesManager: getTopLevelResources: /system/priv-app/SFinder_v4/SFinder_v4.apk / 1.0 running in null rsrc of package null

05-23 22:25:37.598  8606  9007 W ResourcesManager: getTopLevelResources: /data/app/flipboard.boxer.app-1/base.apk / 1.0 running in com.android.vending rsrc of package null

05-23 22:25:37.608  9908  9908 D UserAnalysis.Secu: Key for secure DB is newly created

05-23 22:25:37.608  9908  9908 D UserAnalysis.SDBH: SecurePlaceDbHelper() 

05-23 22:25:37.608  9908  9908 D UserAnalysis: Create SecureDbHelper

05-23 22:25:37.618   865   982 W ResourcesManager: getTopLevelResources: /system/priv-app/SFinder_v4/SFinder_v4.apk / 1.0 running in null rsrc of package null

