05-23 22:25:35.278   865  1380 D ConnectivityService:   checking if request is: NetworkRequest [ id=957, legacyType=-1, [ Capabilities: INTERNET&NOT_RESTRICTED&TRUSTED&NOT_VPN] ] satisfies: true nri.isRequest: false

05-23 22:25:35.278   865   865 D JobSchedulerService: Receieved: android.intent.action.PACKAGE_REMOVED

05-23 22:25:35.278   865  1361 D NetworkPolicy: isUidForegroundLocked: 10011, mScreenOn: true, uidstate: 16, mProxSensorScreenOff: false

05-23 22:25:35.278   865  1380 D ConnectivityService:   checking if request is: NetworkRequest [ id=5, legacyType=-1, [ Transports: WIFI Capabilities: INTERNET&NOT_RESTRICTED&TRUSTED&NOT_VPN] ] satisfies: true nri.isRequest: false

05-23 22:25:35.278   865  1380 D ConnectivityService:   checking if request is: NetworkRequest [ id=967, legacyType=-1, [ Capabilities: INTERNET&NOT_RESTRICTED&TRUSTED] ] satisfies: true nri.isRequest: false

05-23 22:25:35.278   865  1380 D ConnectivityService: Network NetworkAgentInfo [WIFI () - 582] was already satisfying request 1. No change.

05-23 22:25:35.278   865  1380 D ConnectivityService:   checking if request is: NetworkRequest [ id=3, legacyType=-1, [] ] satisfies: true nri.isRequest: false

05-23 22:25:35.278   865  1380 D ConnectivityService:   checking if request is: NetworkRequest [ id=4, legacyType=-1, [ Transports: CELLULAR Capabilities: INTERNET&NOT_RESTRICTED&TRUSTED&NOT_VPN] ] satisfies: false nri.isRequest: false

05-23 22:25:35.278   865  1380 D ConnectivityService:   checking if request is: NetworkRequest [ id=965, legacyType=-1, [ Capabilities: INTERNET&NOT_RESTRICTED&TRUSTED] ] satisfies: true nri.isRequest: false

05-23 22:25:35.278   865  1380 D ConnectivityService:   checking if request is: NetworkRequest [ id=964, legacyType=-1, [ Capabilities: INTERNET&NOT_RESTRICTED&TRUSTED] ] satisfies: true nri.isRequest: false

05-23 22:25:35.278   865  1380 D ConnectivityService:   checking if request is: NetworkRequest [ id=966, legacyType=-1, [ Capabilities: INTERNET&NOT_RESTRICTED&TRUSTED] ] satisfies: true nri.isRequest: false

05-23 22:25:35.278   865  1106 W ResourcesManager: getTopLevelResources: /system/priv-app/InputDevices/InputDevices.apk / 1.0 running in null rsrc of package null

05-23 22:25:35.288   865  1276 I InputReader: Reconfiguring input devices.  changes=0x00000010

05-23 22:25:35.288   865  1380 D ConnectivityService: sending notification AVAILABLE for NetworkRequest [ id=967, legacyType=-1, [ Capabilities: INTERNET&NOT_RESTRICTED&TRUSTED] ]

05-23 22:25:35.298   865   865 V DomainFilter: onReceive Intent { act=android.intent.action.PACKAGE_REMOVED dat=package:com.google.android.instantapps.supervisor flg=0x4000010 bqHint=4 (has extras) }

05-23 22:25:35.308   865   865 V EnterpriseBillingAsyncHandler: packageModificationReceiver - onreceive - start - android.intent.action.PACKAGE_REMOVED

05-23 22:25:35.308  2057  2057 E SamsungIME: mOCRHelper is null

05-23 22:25:35.308   865  1791 D BatteryService: !@BatteryListener : batteryPropertiesChanged!

05-23 22:25:35.308   865  1791 D BatteryService: level:58, scale:100, status:2, health:2, present:true, voltage: 3752, temperature: 276, technology: Li-ion, AC powered:false, USB powered:true, POGO powered:false, Wireless powered:false, icon:17303564, invalid charger:0, maxChargingCurrent:0

05-23 22:25:35.308   865  1791 D BatteryService: online:4, current avg:450, charge type:1, power sharing:false, high voltage charger:false, capacity:280000, batterySWSelfDischarging:false, current_now:450

05-23 22:25:35.318  1880  1880 D ucsBai_ConnectionManager: mPackageReceiver Action android.intent.action.PACKAGE_ADDED

05-23 22:25:35.318   865   865 D SdpManagerService:  ActionReceiver::onReceive() Intent { act=android.intent.action.PACKAGE_REMOVED dat=package:com.google.android.instantapps.supervisor flg=0x4000010 bqHint=4 (has extras) }

05-23 22:25:35.318   865   865 D SdpManagerService: ACTION_PACKAGE_REMOVED Intent { act=android.intent.action.PACKAGE_REMOVED dat=package:com.google.android.instantapps.supervisor flg=0x4000010 bqHint=4 (has extras) } DATA= package:com.google.android.instantapps.supervisor UID 1000 userId 0

05-23 22:25:35.318   865   865 D SdpManagerService: ACTION_PACKAGE_REMOVED :: Package Replacement case... Skip it!

05-23 22:25:35.328   865   885 V BroadcastQueue: [background] Process cur broadcast BroadcastRecord{a17871b u0 com.google.android.gms.gcm.ACTION_SCHEDULE qIdx=4}, state= (APP_RECEIVE) DELIVERED for app ProcessRecord{89d95f0 14919:com.google.android.gms.persistent/u0a12}

05-23 22:25:35.338   865  1008 W DisplayListCanvas: DisplayListCanvas is started on unbinded RenderNode (without mOwningView)

05-23 22:25:35.338   865   865 D UniversalCredentialManagerService: ****MSG_CLEAN_INFO block started****

05-23 22:25:35.338   865   865 D UniversalCredentialManagerService: uid - 10011, userId-0

05-23 22:25:35.338  8548  9820 W ResourcesManager: getTopLevelResources: /data/app/com.google.android.googlequicksearchbox-2/base.apk / 1.0 running in com.google.android.googlequicksearchbox rsrc of package null

05-23 22:25:35.348   865   865 D UniversalCredentialManagerService: notifyChangeToPlugin is called for package uninstalled...

05-23 22:25:35.348   865   865 D UcmService: notifyChangeToPlugin event 12

05-23 22:25:35.348   865   865 D UcmService: checkCallerPermissionFor is called for method-notifyChangeToPlugin

05-23 22:25:35.348   865   865 I UcmService: checkIfNotify for cs Name = com.sec.smartcard.manager:com.samsung.ucs.agent.baiMobile Package name = com.sec.smartcard.manager

05-23 22:25:35.348   865   865 D UcmService: notifying to unmanaged plugin

05-23 22:25:35.348  1880 21904 E ucsBai_agentService: notifyChange NOT SUPPORTED

05-23 22:25:35.348   865   865 D UcmService: agentService com.sec.smartcard.manager:com.samsung.ucs.agent.baiMobile notify status - 0

05-23 22:25:35.348   865   865 D UcmService: agentService status-0

05-23 22:25:35.348   865   865 I UcmService: checkIfNotify for cs Name = com.samsung.ucs.agent.boot:com.samsung.ucs.agent.boot Package name = com.samsung.ucs.agent.boot

05-23 22:25:35.348   865   865 D UcmService: notifying to unmanaged plugin

05-23 22:25:35.348   865  1343 D KnoxVpnEngineService: handleActionPackageRemoved

05-23 22:25:35.348   865  1343 D KnoxVpnEngineService: handleActionPackageRemoved : packageName = 0_com.google.android.instantapps.supervisor : replacing = true

05-23 22:25:35.348  1891 14134 D BootAgentService: notifyChange eventId-12

05-23 22:25:35.348   865   865 D UcmService: agentService com.samsung.ucs.agent.boot:com.samsung.ucs.agent.boot notify status - -1

05-23 22:25:35.348   865   865 D UcmService: agentService status--1

05-23 22:25:35.348   865   865 D UniversalCredentialManagerService: ****MSG_CLEAN_INFO block ended****

05-23 22:25:35.348   865   982 W ResourcesManager: getTopLevelResources: /system/app/SamsungIME/SamsungIME.apk / 1.0 running in null rsrc of package null

05-23 22:25:35.358   865  2167 V BroadcastQueue: [background] Process cur broadcast BroadcastRecord{110f0b8 u0 android.intent.action.PACKAGE_REMOVED qIdx=4}, state= (APP_RECEIVE) DELIVERED for app ProcessRecord{8ef7c00 22228:com.samsung.klmsagent/u0a19}

05-23 22:25:35.368   865  1004 W ActivityManager: Activity pause timeout for ActivityRecord{fa84f99 u0 com.YourCompany.PokeAR/com.epicgames.ue4.GameActivity t4263 f}

05-23 22:25:35.378 22228 22228 I KLMS-2.6.081: : KLMSAbstractReciever(): onReceive(): Intent { act=android.intent.action.PACKAGE_REMOVED dat=package:com.google.android.instantapps.supervisor flg=0x4000010 cmp=com.samsung.klmsagent/.listner.MainReciver bqHint=4 (has extras) } | timestamp: Wed May 23 22:25:35 GMT-03:00 2018

05-23 22:25:35.378   865  1453 V EnterpriseBillingPolicyInternal: packageModification -  start - android.intent.action.PACKAGE_REMOVED

05-23 22:25:35.378   865  1453 V EnterpriseBillingPolicyInternal: uID is 10011

05-23 22:25:35.378   865  1453 V EnterpriseBillingPolicyInternal: Removed Packageuid is0

05-23 22:25:35.378   865  1453 V EnterpriseBillingPolicyStorage: getProfileForApplication - enter

05-23 22:25:35.378   865  1004 V WindowOrientationListener: setCurrentAppOrientation :1

05-23 22:25:35.378   865  1004 V WindowOrientationListener: OrientationSensorJudge.getProposedRotation, Rotation: -1

05-23 22:25:35.378   865  1004 V WindowManager: rotationForOrientationLw(orient=1, last=0); user=0  sensorRotation=-1 mLidState=-1 mDockMode=0 mHdmiPlugged=false mMobileKeyboardEnabled=false displayId=0

05-23 22:25:35.378   865  1004 V WindowOrientationListener: OrientationSensorJudge.getProposedRotation, Rotation: -1

05-23 22:25:35.398   865  1453 V EnterpriseBillingPolicyStorage: getProfileForApplication - exit null : containerId = 0

05-23 22:25:35.398   865  1453 V EnterpriseBillingPolicyInternal: packageModificationReceiver - onreceive - personal application - profile null

05-23 22:25:35.398   865  1791 D ActivityManager: The following uid has registered to recieve broadcast for proxy related updates 10063

05-23 22:25:35.398  1834  1834 D CarrierServiceBindHelper: Receive action: android.intent.action.PACKAGE_ADDED

05-23 22:25:35.398   865  1004 V MARsPolicyManager: updatePackagesScore PackageInfo name -- com.sec.android.app.launcher

05-23 22:25:35.398  1563  1563 D Recents : onTaskStackChanged

05-23 22:25:35.408   311   311 I SurfaceFlinger: id=9952 createSurf (1080x1920),1 flag=4, Mauncher

05-23 22:25:35.408  1834  1834 D CarrierServiceBindHelper: mHandler: 3

05-23 22:25:35.408  9825  9825 D TimaKeyStoreProvider: TimaSignature is unavailable

05-23 22:25:35.408  9825  9825 D ActivityThread: Added TimaKeyStore provider

05-23 22:25:35.408 16958 16974 W ResourcesManager: getTopLevelResources: /data/app/com.whatsapp-1/base.apk / 1.0 running in com.android.contacts rsrc of package null

05-23 22:25:35.408   865  1791 W ContextImpl: Calling a method in the system process without a qualified user: android.app.ContextImpl.sendBroadcast:845 com.android.server.am.ActivityManagerService.requestKnoxVpnToSendProxyBroadcast:29703 com.android.server.am.ActivityManagerService.registerReceiver:22634 android.app.ActivityManagerNative.onTransact:431 com.android.server.am.ActivityManagerService.onTransact:3985 

05-23 22:25:35.418   865  2216 W ActivityManager: Permission Denial: Accessing service ComponentInfo{com.google.android.music/com.google.android.music.dial.DialMediaRouteProviderService} from pid=20757, uid=10012 that is not exported from uid 10127

05-23 22:25:35.418   865   865 V MARsPolicyManager: handlePackageStatusChange isReInstall don't care!

05-23 22:25:35.418   865  4052 D SSRM:aU : MSG_TYPE_APP_REMOVED::

05-23 22:25:35.428  1823  9821 W ResourcesManager: getTopLevelResources: /data/app/com.sec.android.app.shealth-1/base.apk / 1.0 running in com.android.nfc rsrc of package null

05-23 22:25:35.428   865   865 W ResourcesManager: getTopLevelResources: /data/app/com.google.android.gms-1/base.apk / 1.0 running in null rsrc of package null

05-23 22:25:35.438 16958 16974 W ResourceType: For resource 0x7f080c1a, entry index(3098) is beyond type entryCount(14)

05-23 22:25:35.438 16958 16974 W ResourceType: Failure getting entry for 0x7f080c1a (t=7 e=3098) (error -75)

05-23 22:25:35.438 16958 16974 W ResourceType: For resource 0x7f080c1a, entry index(3098) is beyond type entryCount(14)

05-23 22:25:35.438 16958 16974 W ResourceType: Failure getting entry for 0x7f080c1a (t=7 e=3098) (error -75)

05-23 22:25:35.438 16958 16974 W ResourceType: For resource 0x7f080c1a, entry index(3098) is beyond type entryCount(14)

05-23 22:25:35.438 16958 16974 W ResourceType: Failure getting entry for 0x7f080c1a (t=7 e=3098) (error -75)

05-23 22:25:35.438   865  9804 W DropBoxManagerService: Dropping: data_app_crash (1205 > 0 bytes)

05-23 22:25:35.438  1823  9836 W ResourcesManager: getTopLevelResources: /data/app/com.sec.android.app.shealth-1/base.apk / 1.0 running in com.android.nfc rsrc of package null

05-23 22:25:35.438  1823  9836 W ResourcesManager: getTopLevelResources: /data/app/com.sec.android.app.shealth-1/base.apk / 1.0 running in com.android.nfc rsrc of package null

05-23 22:25:35.438  1823  9836 W ResourcesManager: getTopLevelResources: /system/priv-app/Tag/Tag.apk / 1.0 running in com.android.nfc rsrc of package null

05-23 22:25:35.448  1823  9836 D RegisteredComponentCache: Collect Tech packages for Knox

05-23 22:25:35.448  1823  9821 D RegisteredComponentCache: Collect Tech packages for Knox

05-23 22:25:35.448  1823  9836 W ResourcesManager: getTopLevelResources: /system/priv-app/Tag/Tag.apk / 1.0 running in com.android.nfc rsrc of package null

05-23 22:25:35.448  1823  9821 W ResourcesManager: getTopLevelResources: /data/app/com.sec.android.app.shealth-1/base.apk / 1.0 running in com.android.nfc rsrc of package null

05-23 22:25:35.448  1823  9821 W ResourcesManager: getTopLevelResources: /system/priv-app/Tag/Tag.apk / 1.0 running in com.android.nfc rsrc of package null

05-23 22:25:35.448  1823  9821 W ResourcesManager: getTopLevelResources: /system/priv-app/Tag/Tag.apk / 1.0 running in com.android.nfc rsrc of package null

05-23 22:25:35.458 16958 16974 W ResourceType: For resource 0x7f0203f2, entry index(1010) is beyond type entryCount(663)

05-23 22:25:35.458 16958 16974 W ResourceType: Failure getting entry for 0x7f0203f2 (t=1 e=1010) (error -75)

05-23 22:25:35.458 16958 16974 W ResourceType: For resource 0x7f0203f2, entry index(1010) is beyond type entryCount(663)

05-23 22:25:35.458 16958 16974 W ResourceType: Failure getting entry for 0x7f0203f2 (t=1 e=1010) (error -75)

05-23 22:25:35.458 16958 16974 W ResourcesManager: getTopLevelResources: /data/app/com.google.android.gms-1/base.apk / 1.0 running in com.android.contacts rsrc of package null

05-23 22:25:35.468 22228 22228 I KLMS-2.6.081: : KLMSAbstractReciever(): onReceive().END.

05-23 22:25:35.468  1847  1847 D Launcher: onResume, Launcher: 114432788

05-23 22:25:35.468   865  2183 D SecContentProvider: query(), uri = 17 selection = isSettingsChangesAllowed

05-23 22:25:35.468   865  2183 D SettingsProvider: isChangeAllowed() : name = kids_home_mode

05-23 22:25:35.468   865  2183 D SettingsProvider: edmUri: content://com.sec.knox.provider/RestrictionPolicy3

05-23 22:25:35.468   865  2183 D SettingsProvider: projectionArgs: isSettingsChangesAllowed

05-23 22:25:35.468   865  2183 D SettingsProvider: selectionArgs: false

05-23 22:25:35.468   865  2183 D SettingsProvider: selectionArgs: 10008

05-23 22:25:35.468 16958 16974 W ResourcesManager: getTopLevelResources: /data/app/com.google.android.apps.plus-2/base.apk / 1.0 running in com.android.contacts rsrc of package null

05-23 22:25:35.478  1847  1847 D Launcher.HomeView: onResume

05-23 22:25:35.478   865  2183 D RestrictionPolicy: isSettingsChangesAllowedAsUser, userId 0 : true

05-23 22:25:35.478   865  2183 D SettingsProvider: ret = 1

05-23 22:25:35.478   865   865 W ResourcesManager: getTopLevelResources: /data/app/com.google.android.gms-1/base.apk / 1.0 running in null rsrc of package null

05-23 22:25:35.478   865   865 W ResourcesManager: getTopLevelResources: /system/priv-app/SNS_v2/SNS_v2.apk / 1.0 running in null rsrc of package null

05-23 22:25:35.478 16958 16974 W ResourcesManager: getTopLevelResources: /data/app/com.google.android.apps.plus-2/base.apk / 1.0 running in com.android.contacts rsrc of package null

05-23 22:25:35.488  1847  1847 D Launcher: Launcher::setSystemUiTransparency(): getSystemUiVisibility() after setting  = 0

05-23 22:25:35.488   865  1008 V WindowStateAnimator: Finishing drawing window Window{70af85d u0 d0 Application Error: com.YourCompany.PokeAR}: mDrawState=DRAW_PENDING

05-23 22:25:35.488   865  1008 D ViewRootImpl: MSG_RESIZED_REPORT: ci=Rect(0, 0 - 0, 0) vi=Rect(0, 0 - 0, 0) or=1

05-23 22:25:35.488   311   311 D libEGL  : eglInitialize EGLDisplay = 0xbe84d364

05-23 22:25:35.488  1563  1563 W ResourcesManager: getTopLevelResources: /data/app/com.YourCompany.PokeAR-1/base.apk / 1.0 running in com.android.systemui rsrc of package null

05-23 22:25:35.498 22228 22228 I KLMS-2.6.081: : KLMSIntentService(): onCreate()

05-23 22:25:35.498 22228 22228 I KLMS-2.6.081: : KLMSSystemProperties(): getBoolean(): ro.product_ship = true

05-23 22:25:35.498 22228 22228 I KLMS-2.6.081: : KLMSUtility(): isTestMode(): product_ship: true | testApk: false

05-23 22:25:35.498 22228  9845 I KLMS-2.6.081: : KLMSIntentService(): onHandleIntent().START: Intent { act=android.intent.action.PACKAGE_REMOVED dat=package:com.google.android.instantapps.supervisor flg=0x4000010 cmp=com.samsung.klmsagent/.service.KLMSIntentService bqHint=4 (has extras) }

05-23 22:25:35.498 22228  9845 D KLMS-2.6.081: : KLMSIntentService(): PACKAGE_REMOVED

05-23 22:25:35.498 22228  9845 I KLMS-2.6.081: : Systemprocess(): listeningToPackageRemoved().START

05-23 22:25:35.508   865  1304 V BroadcastQueue: [background] Process cur broadcast BroadcastRecord{110f0b8 u0 android.intent.action.PACKAGE_REMOVED qIdx=4}, state= (APP_RECEIVE) DELIVERED for app ProcessRecord{1f13941 865:system/1000}

05-23 22:25:35.528   865  1008 V WindowStateAnimator: Finishing drawing window Window{70af85d u0 d0 Application Error: com.YourCompany.PokeAR}: mDrawState=HAS_DRAWN

05-23 22:25:35.528   311   311 D libEGL  : eglInitialize EGLDisplay = 0xbe84d364

05-23 22:25:35.528  9825  9825 W ResourcesManager: getTopLevelResources: /data/app/com.google.android.instantapps.supervisor-2/base.apk / 1.0 running in com.google.android.instantapps.supervisor rsrc of package null

05-23 22:25:35.528   865   865 W ResourcesManager: getTopLevelResources: /system/priv-app/SNS_v2/SNS_v2.apk / 1.0 running in null rsrc of package null

05-23 22:25:35.528   865   865 W ResourcesManager: getTopLevelResources: /system/priv-app/SNS_v2/SNS_v2.apk / 1.0 running in null rsrc of package null

05-23 22:25:35.528   865   865 W ResourcesManager: getTopLevelResources: /system/priv-app/SNS_v2/SNS_v2.apk / 1.0 running in null rsrc of package null

05-23 22:25:35.528   865   865 W ResourcesManager: getTopLevelResources: /system/priv-app/SNS_v2/SNS_v2.apk / 1.0 running in null rsrc of package null

05-23 22:25:35.538  1847  1847 D MenuAppsGridFragment: onResume

05-23 22:25:35.538   865   865 W ResourcesManager: getTopLevelResources: /system/priv-app/SNS_v2/SNS_v2.apk / 1.0 running in null rsrc of package null

05-23 22:25:35.538   865   865 W ResourcesManager: getTopLevelResources: /system/priv-app/SNS_v2/SNS_v2.apk / 1.0 running in null rsrc of package null

05-23 22:25:35.538   865  2255 I ActivityManager: Killing 8491:com.samsung.android.app.mirrorlink/1000 (adj 15): DHA:empty #25

05-23 22:25:35.548   865  1302 D ActivityManager: post active user change for 0 fullscreen true isFloatingActivity() false isHomeActivity() true

05-23 22:25:35.548   865  1302 I WallpaperManagerService: switchPersonaWallpaper is called for personaId-0

05-23 22:25:35.548   865  1302 D KnoxTimeoutHandler: post home show event for user 0

05-23 22:25:35.548   865  1302 D KnoxTimeoutHandler: postActiveUserChange [MsgParam] userId: 0 fullscreen is true showWhenlocked is false

05-23 22:25:35.548  8606  8606 I Finsky  : [1] com.google.android.finsky.installer.a.bm.a(44): Successful install of com.google.android.instantapps.supervisor (isid: JwOUGeMMQVeTqJxy5RRJow)

05-23 22:25:35.548  1563  1563 W ResourcesManager: getTopLevelResources: /data/app/com.YourCompany.PokeAR-1/base.apk / 1.0 running in com.android.systemui rsrc of package null

05-23 22:25:35.558 22228  9845 I KLMS-2.6.081: : Systemprocess(): listeningToPackageRemoved().END

05-23 22:25:35.568 22228 22228 I KLMS-2.6.081: : KLMSIntentService(): onDestroy()

05-23 22:25:35.568   865   865 W ResourcesManager: getTopLevelResources: /system/priv-app/SNS_v2/SNS_v2.apk / 1.0 running in null rsrc of package null

05-23 22:25:35.568   865   865 W ResourcesManager: getTopLevelResources: /system/priv-app/Samsungservice2_xxhdpi/Samsungservice2_xxhdpi.apk / 1.0 running in null rsrc of package null

05-23 22:25:35.568 16958 16974 W ResourcesManager: getTopLevelResources: /data/app/com.google.android.apps.plus-2/base.apk / 1.0 running in com.android.contacts rsrc of package null

05-23 22:25:35.578 16958 16974 W ResourcesManager: getTopLevelResources: /data/app/com.google.android.apps.plus-2/base.apk / 1.0 running in com.android.contacts rsrc of package null

05-23 22:25:35.588   865  1302 D SecContentProvider2: query(), uri = 11 selection = getMyKnoxAdmin

05-23 22:25:35.588 20757  9696 W ModuleInitIntentOp: Dropping unexpected action com.google.android.gms.phenotype.COMMITTED

05-23 22:25:35.588   865  1873 D PackageManager: setEnabledSetting : userId = 0 packageName = com.google.android.gms cmp = com.google.android.gms.carsetup.DrivingModeSettingsActivity newState = 2 callingPackage = 10012

05-23 22:25:35.588   865   982 W ResourcesManager: getTopLevelResources: /system/app/SamsungIME/SamsungIME.apk / 1.0 running in null rsrc of package null

05-23 22:25:35.588   865   887 D ActivityManager: cleanUpApplicationRecord -- 8491

05-23 22:25:35.588   865   887 D ActivityManager: isAutoRunBlockedApp:: com.samsung.android.app.mirrorlink, Auto Run ON

05-23 22:25:35.608 20757  9661 I TelephonySpam: SettingsChangedIntentOp - SettingsChangedIntentOperation.run: Got intent Intent { act=com.google.android.gms.phenotype.COMMITTED flg=0x10 pkg=com.google.android.gms cmp=com.google.android.gms/.chimera.GmsIntentOperationService bqHint=4 (has extras) }

05-23 22:25:35.608 20757  9661 I TelephonySpam: SettingsChangedIntentOp - SettingsChangedIntentOperation.run Intent extra com.google.android.gms.phenotype.PACKAGE_NAME: com.google.android.gms.auth_managed

05-23 22:25:35.608 20757  9661 I TelephonySpam: SettingsChangedIntentOp - Action: com.google.android.gms.phenotype.COMMITTED

05-23 22:25:35.608 20757  9661 I TelephonySpam: SettingsChangedIntentOp - EXTRA_PACKAGE_NAME: com.google.android.gms.auth_managed

05-23 22:25:35.608   865  2255 D PackageManager: setEnabledSetting : userId = 0 packageName = com.google.android.gms cmp = com.google.android.gms.carsetup.DrivingModeFrxActivity newState = 2 callingPackage = 10012

05-23 22:25:35.618   865  2183 D PackageManager: setEnabledSetting : userId = 0 packageName = com.google.android.gms cmp = com.google.android.gms.matchstick.ui.BMMRegistrationActivity newState = 2 callingPackage = 10012

05-23 22:25:35.628   865  1873 D PackageManager: setEnabledSetting : userId = 0 packageName = com.google.android.gms cmp = com.google.android.gms.carsetup.DrivingModeToggleActivity newState = 2 callingPackage = 10012

05-23 22:25:35.628  8606  8606 I Finsky  : [1] com.google.android.finsky.p2p.c.a(10): Frosting ID looked up on UI thread. Caller should move to a background thread.

05-23 22:25:35.628   865   982 W ResourcesManager: getTopLevelResources: /data/app/com.google.android.googlequicksearchbox-2/base.apk / 1.0 running in null rsrc of package null

05-23 22:25:35.628   865   865 W ResourcesManager: getTopLevelResources: /system/priv-app/Samsungservice2_xxhdpi/Samsungservice2_xxhdpi.apk / 1.0 running in null rsrc of package null

05-23 22:25:35.628   865   865 W ResourcesManager: getTopLevelResources: /system/app/SecEmail_K/SecEmail_K.apk / 1.0 running in null rsrc of package null

05-23 22:25:35.638 20757  9690 W ModuleInitIntentOp: Dropping unexpected action com.google.android.gms.phenotype.COMMITTED

05-23 22:25:35.648   865  1873 D PackageManager: setEnabledSetting : userId = 0 packageName = com.google.android.gms cmp = com.google.android.gms.carsetup.DrivingModeSettingsActivity newState = 2 callingPackage = 10012

05-23 22:25:35.648   865  2202 D PackageManager: setEnabledSetting : userId = 0 packageName = com.google.android.gms cmp = com.google.android.gms.matchstick.ui.BMMRegistrationActivity newState = 2 callingPackage = 10012

05-23 22:25:35.648 20757  9690 I TelephonySpam: SettingsChangedIntentOp - SettingsChangedIntentOperation.run: Got intent Intent { act=com.google.android.gms.phenotype.COMMITTED flg=0x10 pkg=com.google.android.gms cmp=com.google.android.gms/.chimera.GmsIntentOperationService bqHint=4 (has extras) }

05-23 22:25:35.648 20757  9690 I TelephonySpam: SettingsChangedIntentOp - SettingsChangedIntentOperation.run Intent extra com.google.android.gms.phenotype.PACKAGE_NAME: com.google.android.gms.magictether

05-23 22:25:35.648 20757  9690 I TelephonySpam: SettingsChangedIntentOp - Action: com.google.android.gms.phenotype.COMMITTED

05-23 22:25:35.648 20757  9690 I TelephonySpam: SettingsChangedIntentOp - EXTRA_PACKAGE_NAME: com.google.android.gms.magictether

05-23 22:25:35.658   865  1791 D PackageManager: setEnabledSetting : userId = 0 packageName = com.google.android.gms cmp = com.google.android.gms.carsetup.DrivingModeFrxActivity newState = 2 callingPackage = 10012

05-23 22:25:35.668   865  1302 D PackageManager: setEnabledSetting : userId = 0 packageName = com.google.android.gms cmp = com.google.android.gms.carsetup.DrivingModeToggleActivity newState = 2 callingPackage = 10012

05-23 22:25:35.668   865   887 V WindowStateAnimator: Finishing drawing window Window{5a8feeb u0 d0 com.sec.android.app.launcher/com.android.launcher2.Launcher}: mDrawState=DRAW_PENDING

05-23 22:25:35.668  1847  1847 I Timeline: Timeline: Activity_idle id: android.os.BinderProxy@61776b5 time:243605369

05-23 22:25:35.678   311   311 D libEGL  : eglInitialize EGLDisplay = 0xbe84d364

05-23 22:25:35.678  1774  1774 D WallpaperService: updateSurface

05-23 22:25:35.688  8606  8606 E File    : fail readDirectory() errno=2

05-23 22:25:35.688   865  2788 I ActivityManager: Killing 8504:com.sec.kidsplat.installer/u0a170 (adj 15): DHA:empty #25

05-23 22:25:35.698  1774  1774 D WallpaperService: MSG_WINDOW_RESIZED

05-23 22:25:35.698  1774  1774 D WallpaperService: updateSurface

05-23 22:25:35.698  1774  1774 V WallpaperService: Changes: creating=false format=false size=false

05-23 22:25:35.698  1774  1774 V WallpaperService: mWidth:1080 SurfaceWidth:1080 mHeight:1920 SurfaceHeigh:1920

05-23 22:25:35.708   865  1361 D NetworkPolicy: isUidForegroundLocked: 10269, mScreenOn: true, uidstate: 16, mProxSensorScreenOff: false

05-23 22:25:35.708   865  2167 D ActivityManager: cleanUpApplicationRecord -- 8504

05-23 22:25:35.708   865  2167 D ActivityManager: isAutoRunBlockedApp:: com.sec.kidsplat.installer, Auto Run ON

05-23 22:25:35.718   865  2216 D PackageManager: setEnabledSetting : userId = 0 packageName = com.google.android.gms cmp = com.google.android.gms.carsetup.DrivingModeSettingsActivity newState = 2 callingPackage = 10012

05-23 22:25:35.718   865  1304 D PackageManager: setEnabledSetting : userId = 0 packageName = com.google.android.gms cmp = com.google.android.gms.carsetup.DrivingModeFrxActivity newState = 2 callingPackage = 10012

05-23 22:25:35.718 20757  9691 W ModuleInitIntentOp: Dropping unexpected action com.google.android.gms.phenotype.COMMITTED

05-23 22:25:35.718   865  1874 D PackageManager: setEnabledSetting : userId = 0 packageName = com.google.android.gms cmp = com.google.android.gms.matchstick.ui.BMMRegistrationActivity newState = 2 callingPackage = 10012

05-23 22:25:35.718   865  2155 D PackageManager: setEnabledSetting : userId = 0 packageName = com.google.android.gms cmp = com.google.android.gms.carsetup.DrivingModeToggleActivity newState = 2 callingPackage = 10012

05-23 22:25:35.728 20757  9690 I TelephonySpam: SettingsChangedIntentOp - SettingsChangedIntentOperation.run: Got intent Intent { act=com.google.android.gms.phenotype.COMMITTED flg=0x10 pkg=com.google.android.gms cmp=com.google.android.gms/.chimera.GmsIntentOperationService bqHint=4 (has extras) }

05-23 22:25:35.728 20757  9690 I TelephonySpam: SettingsChangedIntentOp - SettingsChangedIntentOperation.run Intent extra com.google.android.gms.phenotype.PACKAGE_NAME: com.google.android.gms.icing.mdd

05-23 22:25:35.728 20757  9690 I TelephonySpam: SettingsChangedIntentOp - Action: com.google.android.gms.phenotype.COMMITTED

05-23 22:25:35.728 20757  9690 I TelephonySpam: SettingsChangedIntentOp - EXTRA_PACKAGE_NAME: com.google.android.gms.icing.mdd

05-23 22:25:35.738  1774  1774 V WallpaperService: Wallpaper size has changed: (1080, 1920)

05-23 22:25:35.738   865  1008 D RestrictionPolicy: isStatusBarExpansionAllowedAsUser : true, userId = 0

05-23 22:25:35.738   865  1008 D StatusBarManagerService: manageDisableList userId=0 what=0x0 pkg=Window{70af85d u0 d0 Application Error: com.YourCompany.PokeAR}

05-23 22:25:35.748   865  1106 D KnoxTimeoutHandler: notifyActivityDrawn [MsgParam] userId: 0 fullscreen is true showWhenlocked is false

05-23 22:25:35.748   865  1008 D RestrictionPolicy: isStatusBarExpansionAllowedAsUser : true, userId = 0

05-23 22:25:35.758 20757 20939 I AsyncOpDispatcher: 152-CheckResetTriggerOperation

05-23 22:25:35.768 14919  2321 I AsyncOpDispatcher: 51-GetCommittedConfigurationOperationCall

05-23 22:25:35.768   865  1106 D ViewRootImpl: #3 mView = null

05-23 22:25:35.768 16958 16974 W ResourceType: For resource 0x7f080c1a, entry index(3098) is beyond type entryCount(14)

05-23 22:25:35.768 16958 16974 W ResourceType: Failure getting entry for 0x7f080c1a (t=7 e=3098) (error -75)

05-23 22:25:35.768 16958 16974 W ResourceType: For resource 0x7f080c1a, entry index(3098) is beyond type entryCount(14)

05-23 22:25:35.768 16958 16974 W ResourceType: Failure getting entry for 0x7f080c1a (t=7 e=3098) (error -75)

05-23 22:25:35.768 16958 16974 W ResourceType: For resource 0x7f080c1a, entry index(3098) is beyond type entryCount(14)

05-23 22:25:35.768 16958 16974 W ResourceType: Failure getting entry for 0x7f080c1a (t=7 e=3098) (error -75)

05-23 22:25:35.768 16958 16974 W ResourcesManager: getTopLevelResources: /data/app/com.whatsapp-1/base.apk / 1.0 running in com.android.contacts rsrc of package null

05-23 22:25:35.778   865  1106 I Timeline: Timeline: Activity_windows_visible id: ActivityRecord{9f39dc3 u0 com.sec.android.app.launcher/com.android.launcher2.Launcher t3604} time:243605479

05-23 22:25:35.778   865  1106 D CustomFrequencyManagerService: releaseDVFSLockLocked : Getting Lock type frm List : DVFS_MIN_LIMIT  frequency : 1958400  uid : 1000  pid : 865  tag : ACTIVITY_RESUME_BOOSTER@10

05-23 22:25:35.778   865  1106 D ActivityManager: mDVFSHelper.release()

05-23 22:25:35.778   865  1874 D ConnectivityService: returning getNetworkInfo for network type 1 : [type: WIFI[] - WIFI, state: CONNECTED/CONNECTED, reason: (unspecified), extra: "Souza01", roaming: false, failover: false, isAvailable: true]

05-23 22:25:35.778   865  1004 D CustomFrequencyManagerService: acquireDVFSLockLocked : type : DVFS_MIN_LIMIT  frequency : 1958400  uid : 1000  pid : 865  pkgName : ACTIVITY_RESUME_BOOSTER@16

05-23 22:25:35.788   311  1458 I SurfaceFlinger: id=9950 Removed QokeAR (10/13)

05-23 22:25:35.788   311  3019 I SurfaceFlinger: id=9950 Removed QokeAR (-2/13)

05-23 22:25:35.788 16958 16974 W ResourceType: For resource 0x7f0203f2, entry index(1010) is beyond type entryCount(663)

05-23 22:25:35.788 16958 16974 W ResourceType: Failure getting entry for 0x7f0203f2 (t=1 e=1010) (error -75)

05-23 22:25:35.788 16958 16974 W ResourceType: For resource 0x7f0203f2, entry index(1010) is beyond type entryCount(663)

05-23 22:25:35.788 16958 16974 W ResourceType: Failure getting entry for 0x7f0203f2 (t=1 e=1010) (error -75)

05-23 22:25:35.788   865  1106 D KnoxTimeoutHandler: notifyActivityDrawn [MsgParam] userId: 0 fullscreen is true showWhenlocked is false

05-23 22:25:35.788 16958 16974 W ResourcesManager: getTopLevelResources: /data/app/com.google.android.gms-1/base.apk / 1.0 running in com.android.contacts rsrc of package null

05-23 22:25:35.788 16958 16974 W ResourcesManager: getTopLevelResources: /data/app/com.google.android.apps.plus-2/base.apk / 1.0 running in com.android.contacts rsrc of package null

05-23 22:25:35.788 16958 16974 W ResourcesManager: getTopLevelResources: /data/app/com.google.android.apps.plus-2/base.apk / 1.0 running in com.android.contacts rsrc of package null

05-23 22:25:35.788 16958 16974 W ResourcesManager: getTopLevelResources: /data/app/com.google.android.apps.plus-2/base.apk / 1.0 running in com.android.contacts rsrc of package null

05-23 22:25:35.788 16958 16974 W ResourcesManager: getTopLevelResources: /data/app/com.google.android.apps.plus-2/base.apk / 1.0 running in com.android.contacts rsrc of package null

05-23 22:25:35.788   865   865 W ResourcesManager: getTopLevelResources: /system/app/SecEmail_K/SecEmail_K.apk / 1.0 running in null rsrc of package null

05-23 22:25:35.788   865   865 W ResourcesManager: getTopLevelResources: /system/app/SecEmail_K/SecEmail_K.apk / 1.0 running in null rsrc of package null

05-23 22:25:35.798   865  1791 D SecContentProvider2: query(), uri = 11 selection = getMyKnoxAdmin

05-23 22:25:35.798   311   311 D libEGL  : eglTerminate EGLDisplay = 0xbe84d3a4

05-23 22:25:35.798  8606  9007 W ResourcesManager: getTopLevelResources: /data/app/com.google.android.tts-2/base.apk / 1.0 running in com.android.vending rsrc of package null

05-23 22:25:35.808   865   865 W ResourcesManager: getTopLevelResources: /system/app/SecEmail_K/SecEmail_K.apk / 1.0 running in null rsrc of package null

05-23 22:25:35.808   865   865 W ResourcesManager: getTopLevelResources: /system/app/SecEmail_K/SecEmail_K.apk / 1.0 running in null rsrc of package null

05-23 22:25:35.808   865   865 W ResourcesManager: getTopLevelResources: /system/app/SecEmail_K/SecEmail_K.apk / 1.0 running in null rsrc of package null

05-23 22:25:35.808   865   865 W ResourcesManager: getTopLevelResources: /data/app/com.dropbox.android-1/base.apk / 1.0 running in null rsrc of package null

05-23 22:25:35.818   865  2216 V AlarmManager:  remove PendingIntent] PendingIntent{f08b3df: PendingIntentRecord{aab281b com.google.android.gms broadcastIntent}}

05-23 22:25:35.838   865  1276 I InputReader: Reconfiguring input devices.  changes=0x00000010

05-23 22:25:35.838  1834  1834 D CarrierServiceBindHelper: Receive action: android.intent.action.PACKAGE_REPLACED

05-23 22:25:35.838  1834  1834 D CarrierServiceBindHelper: mHandler: 3

05-23 22:25:35.838  1834  1834 D CarrierConfigLoader: mHandler: 9 phoneId: 0

05-23 22:25:35.838   865  1106 W ResourcesManager: getTopLevelResources: /system/priv-app/InputDevices/InputDevices.apk / 1.0 running in null rsrc of package null

05-23 22:25:35.838   865  1302 W ActivityManager: Permission Denial: Accessing service ComponentInfo{com.google.android.music/com.google.android.music.dial.DialMediaRouteProviderService} from pid=20757, uid=10012 that is not exported from uid 10127

05-23 22:25:35.848   865   982 W ResourcesManager: getTopLevelResources: /data/app/com.google.android.googlequicksearchbox-2/base.apk / 1.0 running in null rsrc of package null

05-23 22:25:35.848   865   982 W ResourcesManager: getTopLevelResources: /data/app/com.itau-1/base.apk / 1.0 running in null rsrc of package null

05-23 22:25:35.848  1823  1823 W ResourcesManager: getTopLevelResources: /data/app/com.google.android.gms-1/base.apk / 1.0 running in com.android.nfc rsrc of package null

05-23 22:25:35.848  1823  1823 W ResourcesManager: getTopLevelResources: /data/app/com.google.android.gms-1/base.apk / 1.0 running in com.android.nfc rsrc of package null

05-23 22:25:35.858  1823  1823 D ApduServiceInfo: seId: 0

05-23 22:25:35.858   865   865 W ResourcesManager: getTopLevelResources: /data/app/com.dropbox.android-1/base.apk / 1.0 running in null rsrc of package null

05-23 22:25:35.858   865   865 W ResourcesManager: getTopLevelResources: /data/app/com.sec.android.app.sbrowser-2/base.apk / 1.0 running in null rsrc of package null

05-23 22:25:35.908  8606  9007 W ResourcesManager: getTopLevelResources: /system/priv-app/CallLogBackup/CallLogBackup.apk / 1.0 running in com.android.vending rsrc of package null

05-23 22:25:35.938  9825  9849 W System.err: remove failed: ENOENT (No such file or directory) : /data/user/0/com.google.android.instantapps.supervisor/files/aia-crash-protos

05-23 22:25:35.938  9825  9849 W System.err: remove failed: ENOENT (No such file or directory) : /data/user/0/com.google.android.instantapps.supervisor/files/crashes

05-23 22:25:35.938  9825  9849 W System.err: remove failed: ENOENT (No such file or directory) : /data/user/0/com.google.android.instantapps.supervisor/files/aia-crashes

05-23 22:25:35.938   865  2216 V AlarmManager:  remove PendingIntent] PendingIntent{6eaefb: PendingIntentRecord{aab281b com.google.android.gms broadcastIntent}}

05-23 22:25:35.958   865   982 W ResourcesManager: getTopLevelResources: /data/app/com.itau-1/base.apk / 1.0 running in null rsrc of package null

05-23 22:25:35.988   865   982 W ResourcesManager: getTopLevelResources: /data/app/com.google.android.googlequicksearchbox-2/base.apk / 1.0 running in null rsrc of package null

05-23 22:25:35.998   311   311 D libEGL  : eglInitialize EGLDisplay = 0xbe84d364

05-23 22:25:36.018   865   865 W ResourcesManager: getTopLevelResources: /data/app/com.sec.android.app.sbrowser-2/base.apk / 1.0 running in null rsrc of package null

05-23 22:25:36.018   865   865 W ResourcesManager: getTopLevelResources: /data/app/com.google.android.gm-1/base.apk / 1.0 running in null rsrc of package null

05-23 22:25:36.028  8606  9007 W ResourcesManager: getTopLevelResources: /system/priv-app/GooglePartnerSetup/GooglePartnerSetup.apk / 1.0 running in com.android.vending rsrc of package null

05-23 22:25:36.058   865  2255 V AlarmManager:  remove PendingIntent] PendingIntent{6892ee2: PendingIntentRecord{aab281b com.google.android.gms broadcastIntent}}

05-23 22:25:36.098   865   865 W ResourcesManager: getTopLevelResources: /data/app/com.google.android.gm-1/base.apk / 1.0 running in null rsrc of package null

05-23 22:25:36.098   865   865 W ResourcesManager: getTopLevelResources: /data/app/com.google.android.gm-1/base.apk / 1.0 running in null rsrc of package null

05-23 22:25:36.108  9825  9832 W System.err: remove failed: ENOENT (No such file or directory) : /data/user/0/com.google.android.instantapps.supervisor/files/aia-native-crashes/0-1638fc05249.dump

05-23 22:25:36.108   865   865 W ResourcesManager: getTopLevelResources: /data/app/com.google.android.gm-1/base.apk / 1.0 running in null rsrc of package null

05-23 22:25:36.108   865   865 W ResourcesManager: getTopLevelResources: /data/app/com.google.android.gm-1/base.apk / 1.0 running in null rsrc of package null

05-23 22:25:36.108   865   982 W ResourcesManager: getTopLevelResources: /system/app/SamsungIME/SamsungIME.apk / 1.0 running in null rsrc of package null

05-23 22:25:36.108   865   865 W ResourcesManager: getTopLevelResources: /data/app/com.google.android.gm-1/base.apk / 1.0 running in null rsrc of package null

05-23 22:25:36.108   865   865 W ResourcesManager: getTopLevelResources: /data/app/com.google.android.gms-1/base.apk / 1.0 running in null rsrc of package null

05-23 22:25:36.118   865   865 W ResourcesManager: getTopLevelResources: /data/app/com.google.android.gms-1/base.apk / 1.0 running in null rsrc of package null

05-23 22:25:36.118   865   865 W ResourcesManager: getTopLevelResources: /data/app/com.whatsapp-1/base.apk / 1.0 running in null rsrc of package null

05-23 22:25:36.118   865   865 W ResourcesManager: getTopLevelResources: /data/app/com.whatsapp-1/base.apk / 1.0 running in null rsrc of package null

05-23 22:25:36.118   865   982 W ResourcesManager: getTopLevelResources: /data/app/com.google.android.marvin.talkback-1/base.apk / 1.0 running in null rsrc of package null

05-23 22:25:36.128  8606  9007 W ResourcesManager: getTopLevelResources: /system/priv-app/DiagMonAgent/DiagMonAgent.apk / 1.0 running in com.android.vending rsrc of package null

05-23 22:25:36.178   865   982 W ResourcesManager: getTopLevelResources: /data/app/com.google.android.marvin.talkback-1/base.apk / 1.0 running in null rsrc of package null

05-23 22:25:36.178  8606  9007 W ResourcesManager: getTopLevelResources: /system/priv-app/GooglePackageInstaller/GooglePackageInstaller.apk / 1.0 running in com.android.vending rsrc of package null

05-23 22:25:36.178   865   982 W ResourcesManager: getTopLevelResources: /data/app/com.google.android.marvin.talkback-1/base.apk / 1.0 running in null rsrc of package null

05-23 22:25:36.178   865   982 W ResourcesManager: getTopLevelResources: /data/app/com.google.android.marvin.talkback-1/base.apk / 1.0 running in null rsrc of package null

05-23 22:25:36.178   865   982 W ResourcesManager: getTopLevelResources: /data/app/com.google.android.marvin.talkback-1/base.apk / 1.0 running in null rsrc of package null

05-23 22:25:36.178   865   982 W ResourcesManager: getTopLevelResources: /data/app/com.google.android.marvin.talkback-1/base.apk / 1.0 running in null rsrc of package null

05-23 22:25:36.198   865   982 D EnterpriseDeviceManagerService: onPackageUpdateFinished - packageName: com.google.android.instantapps.supervisor, uid: 10011

05-23 22:25:36.198   865   865 W ResourcesManager: getTopLevelResources: /data/app/com.facebook.katana-1/base.apk / 1.0 running in null rsrc of package null

05-23 22:25:36.228   865   982 D EnterpriseDeviceManagerService: Package has changed for user 0

05-23 22:25:36.228   865   982 D EnterpriseDeviceManagerService: Admin package name: com.google.android.gms

05-23 22:25:36.228   865   982 D EnterpriseDeviceManagerService: Admin package name: br.org.sidi.b2xmobile

05-23 22:25:36.228   865   865 W ResourcesManager: getTopLevelResources: /data/app/com.facebook.katana-1/base.apk / 1.0 running in null rsrc of package null

05-23 22:25:36.238   865   865 W ResourcesManager: getTopLevelResources: /system/priv-app/SNS_v2/SNS_v2.apk / 1.0 running in null rsrc of package null

05-23 22:25:36.238   865   865 W ResourcesManager: getTopLevelResources: /system/priv-app/SNS_v2/SNS_v2.apk / 1.0 running in null rsrc of package null

05-23 22:25:36.238   865   865 W ResourcesManager: getTopLevelResources: /system/priv-app/SNS_v2/SNS_v2.apk / 1.0 running in null rsrc of package null

05-23 22:25:36.238   865   865 W ResourcesManager: getTopLevelResources: /system/priv-app/SNS_v2/SNS_v2.apk / 1.0 running in null rsrc of package null

05-23 22:25:36.238   865   865 W ResourcesManager: getTopLevelResources: /system/priv-app/SNS_v2/SNS_v2.apk / 1.0 running in null rsrc of package null

05-23 22:25:36.238   865   865 W ResourcesManager: getTopLevelResources: /system/priv-app/SNS_v2/SNS_v2.apk / 1.0 running in null rsrc of package null

05-23 22:25:36.238   865   982 W TextServicesManagerService: no available spell checker services found

05-23 22:25:36.238   865   865 W ResourcesManager: getTopLevelResources: /system/priv-app/SNS_v2/SNS_v2.apk / 1.0 running in null rsrc of package null

05-23 22:25:36.238   865   865 W ResourcesManager: getTopLevelResources: /system/priv-app/SNS_v2/SNS_v2.apk / 1.0 running in null rsrc of package null

05-23 22:25:36.238   865   865 W ResourcesManager: getTopLevelResources: /system/priv-app/SNS_v2/SNS_v2.apk / 1.0 running in null rsrc of package null

05-23 22:25:36.238   865   865 W ResourcesManager: getTopLevelResources: /system/priv-app/SNS_v2/SNS_v2.apk / 1.0 running in null rsrc of package null

05-23 22:25:36.238   865   865 W ResourcesManager: getTopLevelResources: /system/priv-app/SNS_v2/SNS_v2.apk / 1.0 running in null rsrc of package null

05-23 22:25:36.238   865   865 W ResourcesManager: getTopLevelResources: /system/priv-app/SNS_v2/SNS_v2.apk / 1.0 running in null rsrc of package null

05-23 22:25:36.238   865   865 W ResourcesManager: getTopLevelResources: /system/priv-app/SecGallery2014/SecGallery2014.apk / 1.0 running in null rsrc of package null

05-23 22:25:36.268   865   982 W ResourcesManager: getTopLevelResources: /system/priv-app/SecContacts_M_OSup_Legacy/SecContacts_M_OSup_Legacy.apk / 1.0 running in null rsrc of package null

05-23 22:25:36.288   865   865 W ResourcesManager: getTopLevelResources: /system/priv-app/SecGallery2014/SecGallery2014.apk / 1.0 running in null rsrc of package null

05-23 22:25:36.288   865   865 W ResourcesManager: getTopLevelResources: /system/priv-app/SCloudService/SCloudService.apk / 1.0 running in null rsrc of package null

05-23 22:25:36.298   865   865 W ResourcesManager: getTopLevelResources: /system/priv-app/SCloudService/SCloudService.apk / 1.0 running in null rsrc of package null

05-23 22:25:36.298   865   865 W ResourcesManager: getTopLevelResources: /system/priv-app/SCloudService/SCloudService.apk / 1.0 running in null rsrc of package null

05-23 22:25:36.298   865   865 W ResourcesManager: getTopLevelResources: /system/priv-app/SCloudService/SCloudService.apk / 1.0 running in null rsrc of package null

05-23 22:25:36.298   865   865 W ResourcesManager: getTopLevelResources: /system/priv-app/SCloudService/SCloudService.apk / 1.0 running in null rsrc of package null

05-23 22:25:36.298   865   865 W ResourcesManager: getTopLevelResources: /system/priv-app/SCloudService/SCloudService.apk / 1.0 running in null rsrc of package null

05-23 22:25:36.298   865   865 W ResourcesManager: getTopLevelResources: /system/priv-app/SCloudService/SCloudService.apk / 1.0 running in null rsrc of package null

05-23 22:25:36.298  8606  9007 W ResourcesManager: getTopLevelResources: /data/app/com.google.android.videos-1/base.apk / 1.0 running in com.android.vending rsrc of package null

05-23 22:25:36.298   865   865 W ResourcesManager: getTopLevelResources: /system/priv-app/SCloudService/SCloudService.apk / 1.0 running in null rsrc of package null

05-23 22:25:36.298   865   865 W ResourcesManager: getTopLevelResources: /system/priv-app/SCloudService/SCloudService.apk / 1.0 running in null rsrc of package null

05-23 22:25:36.298   865   865 W ResourcesManager: getTopLevelResources: /system/priv-app/SCloudService/SCloudService.apk / 1.0 running in null rsrc of package null

05-23 22:25:36.298   865   865 W ResourcesManager: getTopLevelResources: /system/priv-app/SCloudService/SCloudService.apk / 1.0 running in null rsrc of package null

05-23 22:25:36.298   865   865 W ResourcesManager: getTopLevelResources: /system/priv-app/SCloudService/SCloudService.apk / 1.0 running in null rsrc of package null

05-23 22:25:36.298   865   865 W ResourcesManager: getTopLevelResources: /system/priv-app/SCloudService/SCloudService.apk / 1.0 running in null rsrc of package null

05-23 22:25:36.298   865   865 W ResourcesManager: getTopLevelResources: /system/priv-app/SCloudService/SCloudService.apk / 1.0 running in null rsrc of package null

05-23 22:25:36.298   865   865 W ResourcesManager: getTopLevelResources: /system/app/GoogleCalendarSyncAdapter/GoogleCalendarSyncAdapter.apk / 1.0 running in null rsrc of package null

05-23 22:25:36.298   865   982 W ResourcesManager: getTopLevelResources: /system/priv-app/SecContacts_M_OSup_Legacy/SecContacts_M_OSup_Legacy.apk / 1.0 running in null rsrc of package null

05-23 22:25:36.308   865   982 W ResourcesManager: getTopLevelResources: /system/priv-app/SecMms_Candy_M/SecMms_Candy_M.apk / 1.0 running in null rsrc of package null

05-23 22:25:36.328 14919 20702 I AsyncOpDispatcher: 51-RegisterOperationCall

05-23 22:25:36.378   865   865 W ResourcesManager: getTopLevelResources: /system/app/GoogleCalendarSyncAdapter/GoogleCalendarSyncAdapter.apk / 1.0 running in null rsrc of package null

05-23 22:25:36.378   865   865 W ResourcesManager: getTopLevelResources: /system/app/GoogleContactsSyncAdapter/GoogleContactsSyncAdapter.apk / 1.0 running in null rsrc of package null

05-23 22:25:36.388   865   865 W ResourcesManager: getTopLevelResources: /system/app/GoogleContactsSyncAdapter/GoogleContactsSyncAdapter.apk / 1.0 running in null rsrc of package null

05-23 22:25:36.388   865   865 W ResourcesManager: getTopLevelResources: /system/app/SecEmail_K/SecEmail_K.apk / 1.0 running in null rsrc of package null

05-23 22:25:36.388   865   865 W ResourcesManager: getTopLevelResources: /system/app/SecEmail_K/SecEmail_K.apk / 1.0 running in null rsrc of package null

05-23 22:25:36.388   865   865 W ResourcesManager: getTopLevelResources: /system/app/SecEmail_K/SecEmail_K.apk / 1.0 running in null rsrc of package null

05-23 22:25:36.388   865   865 W ResourcesManager: getTopLevelResources: /system/app/SecEmail_K/SecEmail_K.apk / 1.0 running in null rsrc of package null

05-23 22:25:36.388   865   865 W ResourcesManager: getTopLevelResources: /system/app/SecExchange/SecExchange.apk / 1.0 running in null rsrc of package null

05-23 22:25:36.398  1563  1563 D Recents : onTaskStackChanged

05-23 22:25:36.428   865   865 W ResourcesManager: getTopLevelResources: /system/app/SecExchange/SecExchange.apk / 1.0 running in null rsrc of package null

05-23 22:25:36.428   865   865 W ResourcesManager: getTopLevelResources: /system/app/SecExchange/SecExchange.apk / 1.0 running in null rsrc of package null

05-23 22:25:36.428   865   865 W ResourcesManager: getTopLevelResources: /system/app/SecExchange/SecExchange.apk / 1.0 running in null rsrc of package null

05-23 22:25:36.428   865   865 W ResourcesManager: getTopLevelResources: /system/app/SecExchange/SecExchange.apk / 1.0 running in null rsrc of package null

05-23 22:25:36.428   865   865 W ResourcesManager: getTopLevelResources: /system/app/SecExchange/SecExchange.apk / 1.0 running in null rsrc of package null

05-23 22:25:36.428   865   865 W ResourcesManager: getTopLevelResources: /system/app/SecExchange/SecExchange.apk / 1.0 running in null rsrc of package null

05-23 22:25:36.428   865   865 W ResourcesManager: getTopLevelResources: /system/app/SecExchange/SecExchange.apk / 1.0 running in null rsrc of package null

05-23 22:25:36.428   865   865 W ResourcesManager: getTopLevelResources: /data/app/com.android.chrome-2/base.apk / 1.0 running in null rsrc of package null

