05-23 22:25:32.168  9733  9733 W art     : b6ce4000-b6ce8000 r--p 00072000 b3:17 383        /system/lib/libc.so

05-23 22:25:32.168  9733  9733 W art     : b6ce8000-b6ceb000 rw-p 00076000 b3:17 383        /system/lib/libc.so

05-23 22:25:32.168  9733  9733 W art     : b6ceb000-b6cf5000 rw-p 00000000 00:00 0 

05-23 22:25:32.168  9733  9733 W art     : b6cf5000-b6d7d000 r-xp 00000000 b3:17 2433       /system/lib/libc++.so

05-23 22:25:32.168  9733  9733 W art     : b6d7d000-b6d7e000 ---p 00000000 00:00 0 

05-23 22:25:32.168  9733  9733 W art     : b6d7e000-b6d82000 r--p 00088000 b3:17 2433       /system/lib/libc++.so

05-23 22:25:32.168  9733  9733 W art     : b6d82000-b6d83000 rw-p 0008c000 b3:17 2433       /system/lib/libc++.so

05-23 22:25:32.168  9733  9733 W art     : b6d83000-b6d84000 rw-p 00000000 00:00 0 

05-23 22:25:32.168  9733  9733 W art     : b6d84000-b6dad000 r-xp 00000000 b3:17 2693       /system/lib/libwilhelm.so

05-23 22:25:32.168  9733  9733 W art     : b6dad000-b6dae000 ---p 00000000 00:00 0 

05-23 22:25:32.168  9733  9733 W art     : b6dae000-b6db1000 r--p 00029000 b3:17 2693       /system/lib/libwilhelm.so

05-23 22:25:32.168  9733  9733 W art     : b6db1000-b6db2000 rw-p 0002c000 b3:17 2693       /system/lib/libwilhelm.so

05-23 22:25:32.168  9733  9733 W art     : b6db2000-b6e8c000 r-xp 00000000 b3:17 2911       /system/lib/libandroid_runtime.so

05-23 22:25:32.168  9733  9733 W art     : b6e8c000-b6e93000 r--p 000d9000 b3:17 2911       /system/lib/libandroid_runtime.so

05-23 22:25:32.168  9733  9733 W art     : b6e93000-b6e9b000 rw-p 000e0000 b3:17 2911       /system/lib/libandroid_runtime.so

05-23 22:25:32.168  9733  9733 W art     : b6e9b000-b6e9c000 rw-p 00000000 00:00 0 

05-23 22:25:32.168  9733  9733 W art     : b6e9c000-b6e9d000 rw-p 00000000 00:00 0          [anon:linker_alloc_vector]

05-23 22:25:32.168  9733  9733 W art     : b6e9d000-b6e9e000 rw-p 00000000 00:00 0          [anon:linker_alloc_64]

05-23 22:25:32.168  9733  9733 W art     : b6e9e000-b6e9f000 rw-p 00000000 00:00 0          [anon:linker_alloc]

05-23 22:25:32.168  9733  9733 W art     : b6e9f000-b6ea2000 r--p 00000000 00:00 0          [anon:linker_alloc]

05-23 22:25:32.168  9733  9733 W art     : b6ea2000-b6ec7000 r-xp 00000000 b3:17 2444       /system/lib/libbinder.so

05-23 22:25:32.168  9733  9733 W art     : b6ec7000-b6ec8000 ---p 00000000 00:00 0 

05-23 22:25:32.168  9733  9733 W art     : b6ec8000-b6ecf000 r--p 00025000 b3:17 2444       /system/lib/libbinder.so

05-23 22:25:32.168  9733  9733 W art     : b6ecf000-b6ed0000 rw-p 0002c000 b3:17 2444       /system/lib/libbinder.so

05-23 22:25:32.168  9733  9733 W art     : b6ed0000-b6ed7000 r-xp 00000000 b3:17 1896       /system/lib/liblog.so

05-23 22:25:32.168  9733  9733 W art     : b6ed7000-b6ed8000 r--p 00006000 b3:17 1896       /system/lib/liblog.so

05-23 22:25:32.168  9733  9733 W art     : b6ed8000-b6ed9000 rw-p 00007000 b3:17 1896       /system/lib/liblog.so

05-23 22:25:32.168  9733  9733 W art     : b6ed9000-b6eda000 r--p 00000000 00:00 0          [anon:linker_alloc]

05-23 22:25:32.168  9733  9733 W art     : b6eda000-b6ef2000 r-xp 00000000 b3:17 2531       /system/lib/libutils.so

05-23 22:25:32.168  9733  9733 W art     : b6ef2000-b6ef3000 ---p 00000000 00:00 0 

05-23 22:25:32.168  9733  9733 W art     : b6ef3000-b6ef4000 r--p 00018000 b3:17 2531       /system/lib/libutils.so

05-23 22:25:32.168  9733  9733 W art     : b6ef4000-b6ef5000 rw-p 00019000 b3:17 2531       /system/lib/libutils.so

05-23 22:25:32.168  9733  9733 W art     : b6ef5000-b6f03000 r-xp 00000000 b3:17 2526       /system/lib/libcutils.so

05-23 22:25:32.168  9733  9733 W art     : b6f03000-b6f04000 ---p 00000000 00:00 0 

05-23 22:25:32.168  9733  9733 W art     : b6f04000-b6f05000 r--p 0000e000 b3:17 2526       /system/lib/libcutils.so

05-23 22:25:32.168  9733  9733 W art     : b6f05000-b6f06000 rw-p 0000f000 b3:17 2526       /system/lib/libcutils.so

05-23 22:25:32.168  9733  9733 W art     : b6f06000-b6f07000 rw-p 00000000 00:00 0          [anon:linker_alloc_vector]

05-23 22:25:32.168  9733  9733 W art     : b6f07000-b6f09000 r--p 00000000 00:00 0          [anon:linker_alloc]

05-23 22:25:32.168  9733  9733 W art     : b6f09000-b6f0a000 rw-p 00000000 00:00 0          [anon:linker_alloc]

05-23 22:25:32.168  9733  9733 W art     : b6f0a000-b6f0b000 rw-p 00000000 00:00 0          [anon:linker_alloc_vector]

05-23 22:25:32.168  9733  9733 W art     : b6f0b000-b6f0c000 rw-p 00000000 00:00 0          [anon:linker_alloc_32]

05-23 22:25:32.168  9733  9733 W art     : b6f0c000-b6f0d000 r--p 00000000 00:00 0          [anon:linker_alloc]

05-23 22:25:32.168  9733  9733 W art     : b6f0d000-b6f2d000 r--s 00000000 00:0b 9219       /dev/__properties__

05-23 22:25:32.168  9733  9733 W art     : b6f2d000-b6f2e000 r--p 00000000 00:00 0 

05-23 22:25:32.168  9733  9733 W art     : b6f2e000-b6f2f000 ---p 00000000 00:00 0 

05-23 22:25:32.168  9733  9733 W art     : b6f2f000-b6f31000 rw-p 00000000 00:00 0          [anon:thread signal stack]

05-23 22:25:32.168  9733  9733 W art     : b6f31000-b6f32000 r-xp 00000000 00:00 0          [sigpage]

05-23 22:25:32.168  9733  9733 W art     : b6f32000-b6f4d000 r-xp 00000000 b3:17 292        /system/bin/linker

05-23 22:25:32.168  9733  9733 W art     : b6f4d000-b6f4e000 r--p 0001a000 b3:17 292        /system/bin/linker

05-23 22:25:32.168  9733  9733 W art     : b6f4e000-b6f50000 rw-p 0001b000 b3:17 292        /system/bin/linker

05-23 22:25:32.168  9733  9733 W art     : b6f50000-b6f52000 rw-p 00000000 00:00 0 

05-23 22:25:32.168  9733  9733 W art     : b6f52000-b6f57000 r-xp 00000000 b3:17 2399       /system/bin/app_process32

05-23 22:25:32.168  9733  9733 W art     : b6f57000-b6f58000 r--p 00004000 b3:17 2399       /system/bin/app_process32

05-23 22:25:32.168  9733  9733 W art     : b6f58000-b6f59000 rw-p 00000000 00:00 0 

05-23 22:25:32.168  9733  9733 W art     : beb23000-beb44000 rw-p 00000000 00:00 0          [stack]

05-23 22:25:32.168  9733  9733 W art     : ffff0000-ffff1000 r-xp 00000000 00:00 0          [vectors]

05-23 22:25:32.178   865   878 I art     : Background partial concurrent mark sweep GC freed 140706(8MB) AllocSpace objects, 10(288KB) LOS objects, 20% free, 62MB/78MB, paused 2.289ms total 543.839ms

05-23 22:25:32.228  9733  9733 D ICU     : No timezone override file found: /data/misc/zoneinfo/current/icu/icu_tzdata.dat

05-23 22:25:32.328  9733  9733 I Radio-JNI: register_android_hardware_Radio DONE

05-23 22:25:32.348  9733  9733 E AffinityControl: AffinityControl: registerfunction enter

05-23 22:25:32.438  9733  9733 D AndroidRuntime: Calling main entry com.android.commands.am.Am

05-23 22:25:32.558   865  1177 W System.err: remove failed: ENOENT (No such file or directory) : /data/system/packages.xml.bak

05-23 22:25:32.728   865  1177 W System.err: remove failed: ENOENT (No such file or directory) : /data/system/users/0/package-restrictions.xml.bak

05-23 22:25:32.728   865  1177 I PackageManager: scanFileNewer : com.google.android.instantapps.supervisor

05-23 22:25:32.728   865  1004 E ActivityManager: exception=android.content.pm.PackageManager$NameNotFoundException: com.google.android.instantapps.supervisor

05-23 22:25:32.728   865  1004 D ActivityManager: isAutoRunBlockedApp:: com.google.android.instantapps.supervisor, Auto Run ON

05-23 22:25:32.728   865  1177 I PackageManager: Package com.google.android.instantapps.supervisor codePath changed from /data/app/com.google.android.instantapps.supervisor-1 to /data/app/com.google.android.instantapps.supervisor-2; Retaining data and using new

05-23 22:25:32.738   865  1177 D PackageManager: Resolved nativeLibraryRoot for com.google.android.instantapps.supervisor to root=/data/app/com.google.android.instantapps.supervisor-2/lib, libraryDir=/data/app/com.google.android.instantapps.supervisor-2/lib/arm, isa=true

05-23 22:25:32.738   865  1177 D PackageManager: !@killApplicatoin: 10011, replace pkg

05-23 22:25:32.738   865  1177 D PackageManager: EAS IT Policy destCodeFile /data/app/com.google.android.instantapps.supervisor-2

05-23 22:25:32.738   865  1177 W PackageManager: Code path for com.google.android.instantapps.supervisor changing from /data/app/com.google.android.instantapps.supervisor-1 to /data/app/com.google.android.instantapps.supervisor-2

05-23 22:25:32.738   865  1177 W PackageManager: Resource path for pkg : com.google.android.instantapps.supervisor changing from /data/app/com.google.android.instantapps.supervisor-1 to /data/app/com.google.android.instantapps.supervisor-2

05-23 22:25:32.738  8606  9007 W ResourcesManager: getTopLevelResources: /system/app/SetDefaultLauncher/SetDefaultLauncher.apk / 1.0 running in com.android.vending rsrc of package null

05-23 22:25:32.748   865  1177 D PackageManager: New package installed

05-23 22:25:32.748   865  1177 D AASAinstall: there is not AASApackages.xml file

05-23 22:25:33.248   865  1177 W System.err: remove failed: ENOENT (No such file or directory) : /data/system/packages.xml.bak

05-23 22:25:33.388   865  1177 W System.err: remove failed: ENOENT (No such file or directory) : /data/system/users/0/package-restrictions.xml.bak

05-23 22:25:33.398   865  1177 I PackageManager: enforceEDMPermissionLI

05-23 22:25:33.398  8606  9007 W ResourcesManager: getTopLevelResources: /system/app/SoundDetector/SoundDetector.apk / 1.0 running in com.android.vending rsrc of package null

05-23 22:25:33.398   865   885 W ResourcesManager: getTopLevelResources: /data/app/com.YourCompany.PokeAR-1/base.apk / 1.0 running in null rsrc of package null

05-23 22:25:33.408   865  1177 D SecureStorageService: apk path=/data/app/com.google.android.instantapps.supervisor-2/base.apk

05-23 22:25:33.408   865  1177 D SecureStorageService: uid=10011

05-23 22:25:33.408   865  1177 D SecureStorageService: abi=32

05-23 22:25:33.408   865  1177 D SecureStorageService: type=dex

05-23 22:25:33.408   865  1177 D SecureStorageService: Called signDexFileInsideZip primaryAbi=arm

05-23 22:25:33.498   865   885 D CustomFrequencyManagerService: acquireDVFSLockLocked : type : DVFS_MIN_LIMIT  frequency : 1958400  uid : 1000  pid : 865  pkgName : ACTIVITY_RESUME_BOOSTER@10

05-23 22:25:33.508   865   885 D ActivityManager: mDVFSHelper.acquire()

05-23 22:25:33.508   865   885 D FocusedStackFrame: Set to : 0

05-23 22:25:33.518  1479  1479 D StatusBar.MSimNetworkController: refreshNwBoosterIndicator - setNWBoosterIndicators(false)

05-23 22:25:33.518  1479  1479 D StatusBar.MSimNetworkController: refreshNwBoosterIndicator - setNWBoosterIndicators(false)

05-23 22:25:33.518  1479  1479 D StatusBar.MSimNetworkController: refreshViews connected={ wifi } phoneId = 0 level=3 mMSimcombinedSignalIconId=0x7f020648/com.android.systemui:drawable/stat_sys_wifi_signal_4 mMSimcombinedActivityIconId=0x7f0205fb mAirplaneMode=false mMSimDataActivity=0 mMSimPhoneSignalIconId=0x7f02059c/com.android.systemui:drawable/stat_sys_signal_3_auto_rotate mMSimDataDirectionIconId=0x0 mMSimDataSignalIconId=0x7f02059c mMSimDataTypeIconId=0x0/(null) mNoMSimIconId=0x0/(null) mMSimMobileActivityIconId=0x0/(null) mWifiIconId=0x7f020648 mBluetoothTetherIconId=0x7f020624 mRoamingIconId=0x 0/(null)

05-23 22:25:33.518  1479  1479 D StatusBar.MSimNetworkController: refreshSignalCluster : called

05-23 22:25:33.518   865   885 V WindowManager: addAppToken: AppWindowToken{8c7c5bd token=Token{1622914 ActivityRecord{b5b3767 u0 com.YourCompany.PokeAR/com.epicgames.ue4.SplashActivity t4263}}} to stack=1 task=4263 at 0

05-23 22:25:33.528  1847  1847 D Launcher.HomeView: onPause

05-23 22:25:33.538  1847  1847 D Launcher: Launcher::setSystemUiTransparency(): getSystemUiVisibility() after setting  = 0

05-23 22:25:33.548   865   885 D InputDispatcher: Focused application set to: xxxx

05-23 22:25:33.548   865   885 D InputDispatcher: Focus left window: 1847

05-23 22:25:33.548  9733  9733 D AndroidRuntime: Shutting down VM

05-23 22:25:33.558   865  1004 I ActivityManager: Force stopping com.google.android.instantapps.supervisor appid=10011 user=-1: replace pkg

05-23 22:25:33.578 14919  9701 W ctxmgr  : [WorkManager]Long workInfo: pkg=com.google.android.gms, lbl=EventHandler-delayed, start=2018-05-23 22:25:31.283-0300, stop=2018-05-23 22:25:33.590-0300, durtn=2307ms

05-23 22:25:33.578   865  1106 D SecWifiDisplayUtil: Metadata value : none

05-23 22:25:33.588   865  1106 D ViewRootImpl: #1 mView = com.android.internal.policy.PhoneWindow$DecorView{fbedcfe V.E...... R.....ID 0,0-0,0}

05-23 22:25:33.598  9780  9780 E Zygote  : v2

05-23 22:25:33.598  9780  9780 I libpersona: KNOX_SDCARD checking this for 10269

05-23 22:25:33.598  9780  9780 I libpersona: KNOX_SDCARD not a persona

05-23 22:25:33.608   865   887 I ActivityManager: Start proc 9780:com.YourCompany.PokeAR/u0a269 for activity com.YourCompany.PokeAR/com.epicgames.ue4.SplashActivity

05-23 22:25:33.618  9780  9780 W SELinux : Function: selinux_compare_spd_ram, index[1], priority [2], priority version is VE=SEPF_SECMOBILE_6.0.1_0034

05-23 22:25:33.618  9780  9780 E Zygote  : accessInfo : 0

05-23 22:25:33.618  9780  9780 W SELinux : SELinux: seapp_context_lookup: seinfo=default, level=s0:c512,c768, pkgname=com.YourCompany.PokeAR 

05-23 22:25:33.618  9780  9780 I art     : Late-enabling -Xcheck:jni

05-23 22:25:33.628   865  1106 D ISSUE_DEBUG: InputChannelName : ed186ac Starting com.YourCompany.PokeAR

05-23 22:25:33.628   865  1106 D PointerIcon: setMouseIconStyle1 pointerType: 1001 iconType:101 flag:0 pid:865 uid:1000

05-23 22:25:33.628   865  1106 D PointerIcon: setMouseCustomIcon IconType is same.101

05-23 22:25:33.628   865  1106 D PointerIcon: setHoveringSpenIconStyle1 pointerType: 10001 iconType:1 flag:0 pid:865 uid:1000

05-23 22:25:33.628   865  1106 D PointerIcon: setHoveringSpenCustomIcon IconType is same.1

05-23 22:25:33.638   311   311 I SurfaceFlinger: id=9950 createSurf (1x1),1 flag=404, QokeAR

05-23 22:25:33.638   865  1791 V BroadcastQueue: [background] Process cur broadcast BroadcastRecord{b46ef75 u0 com.google.android.gms.gcm.ACTION_SCHEDULE qIdx=4}, state= (APP_RECEIVE) DELIVERED for app ProcessRecord{89d95f0 14919:com.google.android.gms.persistent/u0a12}

05-23 22:25:33.638  8606  9007 W ResourcesManager: getTopLevelResources: /data/app/com.android.chrome-2/base.apk / 1.0 running in com.android.vending rsrc of package null

05-23 22:25:33.658   865  1106 D ViewRootImpl: MSG_RESIZED_REPORT: ci=Rect(0, 0 - 0, 0) vi=Rect(0, 0 - 0, 0) or=1

05-23 22:25:33.658  9780  9780 D TimaKeyStoreProvider: TimaSignature is unavailable

05-23 22:25:33.658  9780  9780 D ActivityThread: Added TimaKeyStore provider

05-23 22:25:33.668   865  1304 V BroadcastQueue: [background] Process cur broadcast BroadcastRecord{3a7cb0a u0 com.google.android.gms.gcm.ACTION_SCHEDULE qIdx=4}, state= (APP_RECEIVE) DELIVERED for app ProcessRecord{89d95f0 14919:com.google.android.gms.persistent/u0a12}

05-23 22:25:33.678   865  2167 V WindowOrientationListener: setCurrentAppOrientation :4

05-23 22:25:33.678   865  2167 V WindowOrientationListener: OrientationSensorJudge.getProposedRotation, Rotation: -1

05-23 22:25:33.678   865  2167 V WindowManager: rotationForOrientationLw(orient=4, last=0); user=0  sensorRotation=-1 mLidState=-1 mDockMode=0 mHdmiPlugged=false mMobileKeyboardEnabled=false displayId=0

05-23 22:25:33.678   865  2167 V WindowOrientationListener: OrientationSensorJudge.getProposedRotation, Rotation: -1

05-23 22:25:33.688   865  1106 V WindowStateAnimator: Finishing drawing window Window{ed186ac u0 d0 Starting com.YourCompany.PokeAR}: mDrawState=DRAW_PENDING

05-23 22:25:33.688  1774  1774 D WallpaperService: MSG_WINDOW_RESIZED

05-23 22:25:33.688  1774  1774 D WallpaperService: updateSurface

05-23 22:25:33.688  1774  1774 V WallpaperService: Changes: creating=false format=false size=false

05-23 22:25:33.688  1774  1774 V WallpaperService: mWidth:1080 SurfaceWidth:1080 mHeight:1920 SurfaceHeigh:1920

05-23 22:25:33.698  1774  1774 V WallpaperService: Wallpaper size has changed: (1080, 1920)

05-23 22:25:33.698   311   311 D libEGL  : eglInitialize EGLDisplay = 0xbe84d364

05-23 22:25:33.698   865  2167 D ActivityManager:  Launching com.YourCompany.PokeAR, updated priority

05-23 22:25:33.728  9770  9770 I         : SS_ART_lib [I]: permission is absent: /data/app/com.google.android.instantapps.supervisor-2/base.apk

05-23 22:25:33.728  9770  9770 I         : SS_ART_lib [I]: access to SS denied

05-23 22:25:33.728   865  1177 E SecureStorageService: Process failed status=0x0200

05-23 22:25:33.728   865  1177 W PackageManager: Can't sign the dex file!

05-23 22:25:33.728   865  1177 D PackageManager: doPostInstall for uid{10011}

05-23 22:25:33.748 20757  9661 I TelephonySpam: SettingsChangedIntentOp - SettingsChangedIntentOperation.run: Got intent Intent { act=com.google.android.gms.phenotype.COMMITTED flg=0x10 pkg=com.google.android.gms cmp=com.google.android.gms/.chimera.GmsIntentOperationService bqHint=4 (has extras) }

05-23 22:25:33.748 20757  9661 I TelephonySpam: SettingsChangedIntentOp - SettingsChangedIntentOperation.run Intent extra com.google.android.gms.phenotype.PACKAGE_NAME: com.google.android.gms.growth

05-23 22:25:33.748 20757  9661 I TelephonySpam: SettingsChangedIntentOp - Action: com.google.android.gms.phenotype.COMMITTED

05-23 22:25:33.748 20757  9661 I TelephonySpam: SettingsChangedIntentOp - EXTRA_PACKAGE_NAME: com.google.android.gms.growth

05-23 22:25:33.748   865  1177 W ResourcesManager: getTopLevelResources: /system/priv-app/SecMms_Candy_M/SecMms_Candy_M.apk / 1.0 running in null rsrc of package null

05-23 22:25:33.758 20757  9696 W ModuleInitIntentOp: Dropping unexpected action com.google.android.gms.phenotype.COMMITTED

05-23 22:25:33.758   865  2142 D PackageManager: setEnabledSetting : userId = 0 packageName = com.google.android.gms cmp = com.google.android.gms.carsetup.DrivingModeSettingsActivity newState = 2 callingPackage = 10012

05-23 22:25:33.758   311  1458 D libEGL  : eglTerminate EGLDisplay = 0xb227d64c

05-23 22:25:33.758   311  1458 D libEGL  : eglTerminate EGLDisplay = 0xb227d64c

05-23 22:25:33.758   865  1004 V MARsPolicyManager: updatePackagesScore PackageInfo name -- com.YourCompany.PokeAR

05-23 22:25:33.758   865   887 V BroadcastQueue: [background] Process cur broadcast BroadcastRecord{d0ac857 u0 com.google.android.gms.gcm.ACTION_SCHEDULE qIdx=4}, state= (APP_RECEIVE) DELIVERED for app ProcessRecord{89d95f0 14919:com.google.android.gms.persistent/u0a12}

05-23 22:25:33.768   311   368 I SurfaceFlinger: id=9946 Removed Mauncher (6/12)

05-23 22:25:33.768   311  3019 I SurfaceFlinger: id=9946 Removed Mauncher (-2/12)

05-23 22:25:33.768  9780  9780 W ResourcesManager: getTopLevelResources: /data/app/com.YourCompany.PokeAR-1/base.apk / 1.0 running in com.YourCompany.PokeAR rsrc of package null

05-23 22:25:33.778   865  1302 D PackageManager: setEnabledSetting : userId = 0 packageName = com.google.android.gms cmp = com.google.android.gms.carsetup.DrivingModeFrxActivity newState = 2 callingPackage = 10012

05-23 22:25:33.778   865  2216 D PackageManager: setEnabledSetting : userId = 0 packageName = com.google.android.gms cmp = com.google.android.gms.carsetup.DrivingModeToggleActivity newState = 2 callingPackage = 10012

05-23 22:25:33.778 20757  9690 I TelephonySpam: SettingsChangedIntentOp - SettingsChangedIntentOperation.run: Got intent Intent { act=com.google.android.gms.phenotype.COMMITTED flg=0x10 pkg=com.google.android.gms cmp=com.google.android.gms/.chimera.GmsIntentOperationService bqHint=4 (has extras) }

05-23 22:25:33.778 20757  9690 I TelephonySpam: SettingsChangedIntentOp - SettingsChangedIntentOperation.run Intent extra com.google.android.gms.phenotype.PACKAGE_NAME: com.google.android.gms.feedback

05-23 22:25:33.778 20757  9690 I TelephonySpam: SettingsChangedIntentOp - Action: com.google.android.gms.phenotype.COMMITTED

05-23 22:25:33.778 20757  9690 I TelephonySpam: SettingsChangedIntentOp - EXTRA_PACKAGE_NAME: com.google.android.gms.feedback

05-23 22:25:33.778   865  2255 D PackageManager: setEnabledSetting : userId = 0 packageName = com.google.android.gms cmp = com.google.android.gms.matchstick.ui.BMMRegistrationActivity newState = 2 callingPackage = 10012

05-23 22:25:33.778   311   311 D libEGL  : eglTerminate EGLDisplay = 0xbe84d3a4

05-23 22:25:33.788 20757  9690 W ModuleInitIntentOp: Dropping unexpected action com.google.android.gms.phenotype.COMMITTED

05-23 22:25:33.788   865  1791 D PackageManager: setEnabledSetting : userId = 0 packageName = com.google.android.gms cmp = com.google.android.gms.carsetup.DrivingModeSettingsActivity newState = 2 callingPackage = 10012

05-23 22:25:33.788   865  1873 D PackageManager: setEnabledSetting : userId = 0 packageName = com.google.android.gms cmp = com.google.android.gms.carsetup.DrivingModeFrxActivity newState = 2 callingPackage = 10012

05-23 22:25:33.788   865  2142 D PackageManager: setEnabledSetting : userId = 0 packageName = com.google.android.gms cmp = com.google.android.gms.matchstick.ui.BMMRegistrationActivity newState = 2 callingPackage = 10012

05-23 22:25:33.788   865   887 V BroadcastQueue: [background] Process cur broadcast BroadcastRecord{eda982d u0 com.google.android.gms.gcm.ACTION_SCHEDULE qIdx=4}, state= (APP_RECEIVE) DELIVERED for app ProcessRecord{89d95f0 14919:com.google.android.gms.persistent/u0a12}

05-23 22:25:33.798   865  2167 D PackageManager: setEnabledSetting : userId = 0 packageName = com.google.android.gms cmp = com.google.android.gms.carsetup.DrivingModeToggleActivity newState = 2 callingPackage = 10012

05-23 22:25:33.798   865  1361 D NetworkPolicy: isUidForegroundLocked: 10269, mScreenOn: true, uidstate: 2, mProxSensorScreenOff: false

05-23 22:25:33.808   865  2255 V BroadcastQueue: [background] Process cur broadcast BroadcastRecord{d3eb162 u0 run_background_task5 qIdx=4}, state= (APP_RECEIVE) DELIVERED for app ProcessRecord{c5df2a9 8548:com.google.android.googlequicksearchbox:search/u0a63}

05-23 22:25:33.818   865  2183 V AlarmManager:  remove PendingIntent] PendingIntent{18992f3: PendingIntentRecord{aab281b com.google.android.gms broadcastIntent}}

05-23 22:25:33.838 20757  9377 I TelephonySpam: SettingsChangedIntentOp - SettingsChangedIntentOperation.run: Got intent Intent { act=com.google.android.gms.phenotype.COMMITTED flg=0x10 pkg=com.google.android.gms cmp=com.google.android.gms/.chimera.GmsIntentOperationService bqHint=4 (has extras) }

05-23 22:25:33.838 20757  9377 I TelephonySpam: SettingsChangedIntentOp - SettingsChangedIntentOperation.run Intent extra com.google.android.gms.phenotype.PACKAGE_NAME: com.google.android.gms.devicedoctor

05-23 22:25:33.838 20757  9377 I TelephonySpam: SettingsChangedIntentOp - Action: com.google.android.gms.phenotype.COMMITTED

05-23 22:25:33.838 20757  9377 I TelephonySpam: SettingsChangedIntentOp - EXTRA_PACKAGE_NAME: com.google.android.gms.devicedoctor

05-23 22:25:33.838 20757  9661 W ModuleInitIntentOp: Dropping unexpected action com.google.android.gms.phenotype.COMMITTED

05-23 22:25:33.848   865  1304 D PackageManager: setEnabledSetting : userId = 0 packageName = com.google.android.gms cmp = com.google.android.gms.carsetup.DrivingModeSettingsActivity newState = 2 callingPackage = 10012

05-23 22:25:33.848   865  2183 D PackageManager: setEnabledSetting : userId = 0 packageName = com.google.android.gms cmp = com.google.android.gms.matchstick.ui.BMMRegistrationActivity newState = 2 callingPackage = 10012

05-23 22:25:33.848   865  1177 W ResourcesManager: getTopLevelResources: /data/app/com.google.android.talk-2/base.apk / 1.0 running in null rsrc of package null

05-23 22:25:33.858  8606  9007 W ResourcesManager: getTopLevelResources: /system/priv-app/ASKSManager/ASKSManager.apk / 1.0 running in com.android.vending rsrc of package null

05-23 22:25:33.868   865  2142 D PackageManager: setEnabledSetting : userId = 0 packageName = com.google.android.gms cmp = com.google.android.gms.carsetup.DrivingModeFrxActivity newState = 2 callingPackage = 10012

05-23 22:25:33.868  1479  1479 D PhoneStatusBar: setSystemUiVisibility vis=8000 mask=ffffffff oldVal=40008500 newVal=8000 diff=40000500

05-23 22:25:33.868   865  1008 D RestrictionPolicy: isStatusBarExpansionAllowedAsUser : true, userId = 0

05-23 22:25:33.868   865  1008 W ContextImpl: Calling a method in the system process without a qualified user: android.app.ContextImpl.sendBroadcast:830 com.android.server.policy.PhoneWindowManager.notifyToSSRM:8623 com.android.server.policy.PhoneWindowManager.access$1500:299 com.android.server.policy.PhoneWindowManager$PolicyHandler.handleMessage:1205 android.os.Handler.dispatchMessage:102 

05-23 22:25:33.868   865  1008 D StatusBarManagerService: manageDisableList userId=0 what=0x0 pkg=Window{ed186ac u0 d0 Starting com.YourCompany.PokeAR}

05-23 22:25:33.878 20757  9690 I TelephonySpam: SettingsChangedIntentOp - SettingsChangedIntentOperation.run: Got intent Intent { act=com.google.android.gms.phenotype.COMMITTED flg=0x10 pkg=com.google.android.gms cmp=com.google.android.gms/.chimera.GmsIntentOperationService bqHint=4 (has extras) }

05-23 22:25:33.878 20757  9690 I TelephonySpam: SettingsChangedIntentOp - SettingsChangedIntentOperation.run Intent extra com.google.android.gms.phenotype.PACKAGE_NAME: com.google.android.gms.icing

05-23 22:25:33.878 20757  9690 I TelephonySpam: SettingsChangedIntentOp - Action: com.google.android.gms.phenotype.COMMITTED

05-23 22:25:33.878 20757  9690 I TelephonySpam: SettingsChangedIntentOp - EXTRA_PACKAGE_NAME: com.google.android.gms.icing

05-23 22:25:33.918  9780  9780 W ResourcesManager: getTopLevelResources: /data/app/com.YourCompany.PokeAR-1/base.apk / 1.0 running in com.YourCompany.PokeAR rsrc of package null

05-23 22:25:33.928  8548  9801 I BgTaskExecutorImpl: Starting EXCLUSIVE background task fetch_configs_from_phenotype.

05-23 22:25:33.928   865  4052 D ConnectivityService: returning getNetworkInfo for network type 1 : [type: WIFI[] - WIFI, state: CONNECTED/CONNECTED, reason: (unspecified), extra: "Souza01", roaming: false, failover: false, isAvailable: true]

05-23 22:25:34.078   865  1008 D RestrictionPolicy: isStatusBarExpansionAllowedAsUser : true, userId = 0

05-23 22:25:34.078  1479  1479 D BatteryMeterView: onDraw batteryColor : -1107296257

05-23 22:25:34.088   865  1304 D PackageManager: setEnabledSetting : userId = 0 packageName = com.google.android.gms cmp = com.google.android.gms.carsetup.DrivingModeToggleActivity newState = 2 callingPackage = 10012

05-23 22:25:34.088   865  1873 V BroadcastQueue: [background] Process cur broadcast BroadcastRecord{3b39fe5 u0 com.google.android.gms.gcm.ACTION_SCHEDULE qIdx=4}, state= (APP_RECEIVE) DELIVERED for app ProcessRecord{89d95f0 14919:com.google.android.gms.persistent/u0a12}

05-23 22:25:34.088  9780  9780 W ResourcesManager: getTopLevelResources: /data/app/com.YourCompany.PokeAR-1/base.apk / 1.0 running in com.YourCompany.PokeAR rsrc of package null

05-23 22:25:34.148   865  1873 V BroadcastQueue: [background] Process cur broadcast BroadcastRecord{e510aba u0 com.google.android.gms.gcm.ACTION_SCHEDULE qIdx=4}, state= (APP_RECEIVE) DELIVERED for app ProcessRecord{89d95f0 14919:com.google.android.gms.persistent/u0a12}

05-23 22:25:34.148  8606  9007 W ResourcesManager: getTopLevelResources: /system/priv-app/SmartManager_v3/SmartManager_v3.apk / 1.0 running in com.android.vending rsrc of package null

05-23 22:25:34.168  9780  9780 I Timeline: Timeline: Activity_launch_request id:com.YourCompany.PokeAR time:243603867

05-23 22:25:34.178   865  2167 V BroadcastQueue: [background] Process cur broadcast BroadcastRecord{33ee69d u0 com.google.android.gms.gcm.ACTION_SCHEDULE qIdx=4}, state= (APP_RECEIVE) DELIVERED for app ProcessRecord{89d95f0 14919:com.google.android.gms.persistent/u0a12}

05-23 22:25:34.188   865  1177 D PackageManager: [MSG] MCS_UNBIND

05-23 22:25:34.188   865  2183 D CustomFrequencyManagerService: releaseDVFSLockLocked : Getting Lock type frm List : DVFS_MIN_LIMIT  frequency : 1958400  uid : 1000  pid : 865  tag : ACTIVITY_RESUME_BOOSTER@10

05-23 22:25:34.188   865  2183 D CustomFrequencyManagerService: acquireDVFSLockLocked : type : DVFS_MIN_LIMIT  frequency : 1958400  uid : 1000  pid : 865  pkgName : ACTIVITY_RESUME_BOOSTER@10

05-23 22:25:34.188   865  2183 D ActivityManager: mDVFSHelper.acquire()

05-23 22:25:34.198   865  1008 D RestrictionPolicy: isStatusBarExpansionAllowedAsUser : true, userId = 0

05-23 22:25:34.198   865  2183 D InputDispatcher: Focused application set to: xxxx

05-23 22:25:34.198   865  2183 V WindowManager: addAppToken: AppWindowToken{98c63f token=Token{c40b25e ActivityRecord{fa84f99 u0 com.YourCompany.PokeAR/com.epicgames.ue4.GameActivity t4263}}} to stack=1 task=4263 at 1

05-23 22:25:34.198   865  1008 D StatusBarManagerService: manageDisableList userId=0 what=0x0 pkg=Window{ed186ac u0 d0 Starting com.YourCompany.PokeAR}

05-23 22:25:34.208  8606  9007 W ResourcesManager: getTopLevelResources: /data/app/com.google.android.gms-1/base.apk / 1.0 running in com.android.vending rsrc of package null

05-23 22:25:34.218   865  1008 D RestrictionPolicy: isStatusBarExpansionAllowedAsUser : true, userId = 0

05-23 22:25:34.218   865   878 I art     : Background sticky concurrent mark sweep GC freed 166796(7MB) AllocSpace objects, 9(176KB) LOS objects, 10% free, 70MB/78MB, paused 6.210ms total 344.952ms

05-23 22:25:34.228   865  1177 D PackageManager: [MSG] POST_INSTALL: observer{90747131}

05-23 22:25:34.228   865  1177 D PackageManager:           Handling post-install for 20

05-23 22:25:34.238   865  2167 V BroadcastQueue: [background] Process cur broadcast BroadcastRecord{d3b58d1 u0 com.google.android.gms.gcm.ACTION_SCHEDULE qIdx=4}, state= (APP_RECEIVE) DELIVERED for app ProcessRecord{89d95f0 14919:com.google.android.gms.persistent/u0a12}

05-23 22:25:34.258   865  2155 V BroadcastQueue: [background] Process cur broadcast BroadcastRecord{9faaf36 u0 com.google.android.gms.gcm.ACTION_SCHEDULE qIdx=4}, state= (APP_RECEIVE) DELIVERED for app ProcessRecord{89d95f0 14919:com.google.android.gms.persistent/u0a12}

05-23 22:25:34.268   865   887 V AlarmManager:  remove PendingIntent] PendingIntent{ae33e37: PendingIntentRecord{aab281b com.google.android.gms broadcastIntent}}

05-23 22:25:34.278   865  2167 V BroadcastQueue: [background] Process cur broadcast BroadcastRecord{c3a88c2 u0 com.google.android.gms.gcm.ACTION_SCHEDULE qIdx=4}, state= (APP_RECEIVE) DELIVERED for app ProcessRecord{89d95f0 14919:com.google.android.gms.persistent/u0a12}

05-23 22:25:34.298   865  2255 V BroadcastQueue: [background] Process cur broadcast BroadcastRecord{2a386d3 u0 com.google.android.gms.gcm.ACTION_SCHEDULE qIdx=4}, state= (APP_RECEIVE) DELIVERED for app ProcessRecord{89d95f0 14919:com.google.android.gms.persistent/u0a12}

05-23 22:25:34.308   865  1177 W PackageManager: Couldn't remove dex file for package:  at location /data/app/com.google.android.instantapps.supervisor-1/base.apk, retcode=-1

05-23 22:25:34.318   865  2255 V BroadcastQueue: [background] Process cur broadcast BroadcastRecord{ce6e210 u0 com.google.android.gms.gcm.ACTION_SCHEDULE qIdx=4}, state= (APP_RECEIVE) DELIVERED for app ProcessRecord{89d95f0 14919:com.google.android.gms.persistent/u0a12}

05-23 22:25:34.318  8606  9007 W ResourcesManager: getTopLevelResources: /system/priv-app/GoogleServicesFramework/GoogleServicesFramework.apk / 1.0 running in com.android.vending rsrc of package null

05-23 22:25:34.328   865  1177 D EnterpriseDeviceManagerService: isManagedProfileUser(): userId = 0

05-23 22:25:34.328   865  1004 V MARsPolicyManager: updatePackagesScore PackageInfo name -- com.YourCompany.PokeAR

05-23 22:25:34.348   865   887 V BroadcastQueue: [background] Process cur broadcast BroadcastRecord{c52f4c5 u0 com.google.android.gms.gcm.ACTION_SCHEDULE qIdx=4}, state= (APP_RECEIVE) DELIVERED for app ProcessRecord{89d95f0 14919:com.google.android.gms.persistent/u0a12}

05-23 22:25:34.368   865  1177 W Settings: Setting install_non_market_apps has moved from android.provider.Settings.Global to android.provider.Settings.Secure, returning read-only value.

05-23 22:25:34.368   865  1177 I art     : Starting a blocking GC Explicit

05-23 22:25:34.368   865  1873 V BroadcastQueue: [background] Process cur broadcast BroadcastRecord{7cafd4b u0 com.google.android.gms.gcm.ACTION_SCHEDULE qIdx=4}, state= (APP_RECEIVE) DELIVERED for app ProcessRecord{89d95f0 14919:com.google.android.gms.persistent/u0a12}

05-23 22:25:34.378   865  1873 V BroadcastQueue: [background] Process cur broadcast BroadcastRecord{d9ce328 u0 com.google.android.gms.phenotype.COMMITTED qIdx=4}, state= (APP_RECEIVE) DELIVERED for app ProcessRecord{89d95f0 14919:com.google.android.gms.persistent/u0a12}

05-23 22:25:34.408 14919  9685 I PTCommittedOperation: Receive new configuration for com.google.android.gms.auth_authzen

05-23 22:25:34.418  9780  9780 W linker  : /data/app/com.YourCompany.PokeAR-1/lib/arm/libOVRPlugin.so: is missing DT_SONAME will use basename as a replacement: "libOVRPlugin.so"

05-23 22:25:34.418   865  1302 V BroadcastQueue: [background] Process cur broadcast BroadcastRecord{92b51e6 u0 com.google.android.gms.phenotype.COMMITTED qIdx=4}, state= (APP_RECEIVE) DELIVERED for app ProcessRecord{89d95f0 14919:com.google.android.gms.persistent/u0a12}

05-23 22:25:34.428  9780  9780 D OVRPlugin: JNI_OnLoad

05-23 22:25:34.428 20757 20939 E AsyncOpDispatcher: Unable to get current module info in ModuleManager created with non-module Context

05-23 22:25:34.428 20757 20939 I AsyncOpDispatcher: 152-CheckResetTriggerOperation

05-23 22:25:34.428 14919  9370 I PTCommittedOperation: Receive new configuration for com.google.android.gms.auth_folsom

05-23 22:25:34.438   865  1791 V BroadcastQueue: [background] Process cur broadcast BroadcastRecord{84a2327 u0 com.google.android.gms.phenotype.COMMITTED qIdx=4}, state= (APP_RECEIVE) DELIVERED for app ProcessRecord{89d95f0 14919:com.google.android.gms.persistent/u0a12}

05-23 22:25:34.448 14919 14929 I AsyncOpDispatcher: 51-GetCommittedConfigurationOperationCall

05-23 22:25:34.458 14919  9457 I PTCommittedOperation: Receive new configuration for com.google.android.gms.contextmanager

05-23 22:25:34.458   865  2155 V BroadcastQueue: [background] Process cur broadcast BroadcastRecord{57109d4 u0 com.google.android.gms.phenotype.COMMITTED qIdx=4}, state= (APP_RECEIVE) DELIVERED for app ProcessRecord{89d95f0 14919:com.google.android.gms.persistent/u0a12}

05-23 22:25:34.468 14919  9685 I PTCommittedOperation: Receive new configuration for com.google.android.gms.gconnect

05-23 22:25:34.478   865  2216 V BroadcastQueue: [background] Process cur broadcast BroadcastRecord{17f77d u0 com.google.android.gms.phenotype.COMMITTED qIdx=4}, state= (APP_RECEIVE) DELIVERED for app ProcessRecord{89d95f0 14919:com.google.android.gms.persistent/u0a12}

05-23 22:25:34.488 14919  9371 I PTCommittedOperation: Receive new configuration for com.google.android.gms.measurement

05-23 22:25:34.488   865  1302 V BroadcastQueue: [background] Process cur broadcast BroadcastRecord{f4aa672 u0 com.google.android.gms.gcm.ACTION_SCHEDULE qIdx=4}, state= (APP_RECEIVE) DELIVERED for app ProcessRecord{89d95f0 14919:com.google.android.gms.persistent/u0a12}

05-23 22:25:34.498   865  2155 V BroadcastQueue: [background] Process cur broadcast BroadcastRecord{fabcac3 u0 com.google.android.gms.gcm.ACTION_SCHEDULE qIdx=4}, state= (APP_RECEIVE) DELIVERED for app ProcessRecord{89d95f0 14919:com.google.android.gms.persistent/u0a12}

05-23 22:25:34.508   865  2155 V BroadcastQueue: [background] Process cur broadcast BroadcastRecord{9beef40 u0 com.google.android.gms.gcm.ACTION_SCHEDULE qIdx=4}, state= (APP_RECEIVE) DELIVERED for app ProcessRecord{89d95f0 14919:com.google.android.gms.persistent/u0a12}

05-23 22:25:34.518  9780  9780 D AndroidRuntime: Shutting down VM

05-23 22:25:34.528   865  2142 V BroadcastQueue: [background] Process cur broadcast BroadcastRecord{eb18e79 u0 com.google.android.gms.gcm.ACTION_SCHEDULE qIdx=4}, state= (APP_RECEIVE) DELIVERED for app ProcessRecord{89d95f0 14919:com.google.android.gms.persistent/u0a12}

05-23 22:25:34.528  1479  1479 D StatusBar.MSimNetworkController: refreshViews connected={ wifi } phoneId = 0 level=3 mMSimcombinedSignalIconId=0x7f020648/com.android.systemui:drawable/stat_sys_wifi_signal_4 mMSimcombinedActivityIconId=0x7f0205f9 mAirplaneMode=false mMSimDataActivity=0 mMSimPhoneSignalIconId=0x7f02059c/com.android.systemui:drawable/stat_sys_signal_3_auto_rotate mMSimDataDirectionIconId=0x0 mMSimDataSignalIconId=0x7f02059c mMSimDataTypeIconId=0x0/(null) mNoMSimIconId=0x0/(null) mMSimMobileActivityIconId=0x0/(null) mWifiIconId=0x7f020648 mBluetoothTetherIconId=0x7f020624 mRoamingIconId=0x 0/(null)

05-23 22:25:34.528  1479  1479 D StatusBar.MSimNetworkController: refreshSignalCluster : called

05-23 22:25:34.538  1479  1479 D StatusBar.MSimNetworkController: refreshNwBoosterIndicator - setNWBoosterIndicators(false)

05-23 22:25:34.538   865   885 V BroadcastQueue: [background] Process cur broadcast BroadcastRecord{598b7be u0 com.google.android.gms.magictether.SCANNED_DEVICE qIdx=4}, state= (APP_RECEIVE) DELIVERED for app ProcessRecord{89d95f0 14919:com.google.android.gms.persistent/u0a12}

05-23 22:25:34.548  9780  9780 E AndroidRuntime: FATAL EXCEPTION: main

05-23 22:25:34.548  9780  9780 E AndroidRuntime: Process: com.YourCompany.PokeAR, PID: 9780

05-23 22:25:34.548  9780  9780 E AndroidRuntime: java.lang.UnsatisfiedLinkError: dlopen failed: library "libcamera2ndk.so" not found

05-23 22:25:34.548  9780  9780 E AndroidRuntime: 	at java.lang.Runtime.loadLibrary(Runtime.java:372)

05-23 22:25:34.548  9780  9780 E AndroidRuntime: 	at java.lang.System.loadLibrary(System.java:1076)

05-23 22:25:34.548  9780  9780 E AndroidRuntime: 	at com.epicgames.ue4.GameActivity.<clinit>(GameActivity.java:3484)

05-23 22:25:34.548  9780  9780 E AndroidRuntime: 	at java.lang.Class.newInstance(Native Method)

05-23 22:25:34.548  9780  9780 E AndroidRuntime: 	at android.app.Instrumentation.newActivity(Instrumentation.java:1095)

05-23 22:25:34.548  9780  9780 E AndroidRuntime: 	at android.app.ActivityThread.performLaunchActivity(ActivityThread.java:3083)

05-23 22:25:34.548  9780  9780 E AndroidRuntime: 	at android.app.ActivityThread.handleLaunchActivity(ActivityThread.java:3349)

05-23 22:25:34.548  9780  9780 E AndroidRuntime: 	at android.app.ActivityThread.access$1100(ActivityThread.java:221)

05-23 22:25:34.548  9780  9780 E AndroidRuntime: 	at android.app.ActivityThread$H.handleMessage(ActivityThread.java:1794)

05-23 22:25:34.548  9780  9780 E AndroidRuntime: 	at android.os.Handler.dispatchMessage(Handler.java:102)

05-23 22:25:34.548  9780  9780 E AndroidRuntime: 	at android.os.Looper.loop(Looper.java:158)

05-23 22:25:34.548  9780  9780 E AndroidRuntime: 	at android.app.ActivityThread.main(ActivityThread.java:7224)

05-23 22:25:34.548  9780  9780 E AndroidRuntime: 	at java.lang.reflect.Method.invoke(Native Method)

05-23 22:25:34.548  9780  9780 E AndroidRuntime: 	at com.android.internal.os.ZygoteInit$MethodAndArgsCaller.run(ZygoteInit.java:1230)

05-23 22:25:34.548  9780  9780 E AndroidRuntime: 	at com.android.internal.os.ZygoteInit.main(ZygoteInit.java:1120)

05-23 22:25:34.548  1479  1479 D StatusBar.MSimNetworkController: refreshNwBoosterIndicator - setNWBoosterIndicators(false)

05-23 22:25:34.548   865  2155 V BroadcastQueue: [background] Process cur broadcast BroadcastRecord{4f6501f u0 com.sec.android.intent.action.HOME_PAUSE qIdx=4}, state= (APP_RECEIVE) DELIVERED for app ProcessRecord{4f5e789 9214:com.sec.android.widgetapp.activeapplicationwidget/u0a160}

05-23 22:25:34.558   865  1586 W ActivityManager:   Force finishing activity com.YourCompany.PokeAR/com.epicgames.ue4.GameActivity

05-23 22:25:34.558   865  1586 D FocusedStackFrame: Set to : 0

05-23 22:25:34.568   865  1586 D InputDispatcher: Focused application set to: xxxx

05-23 22:25:34.568   865  1008 W ContextImpl: Calling a method in the system process without a qualified user: android.app.ContextImpl.sendBroadcast:830 com.android.server.policy.PhoneWindowManager.notifyToSSRM:8623 com.android.server.policy.PhoneWindowManager.access$1500:299 com.android.server.policy.PhoneWindowManager$PolicyHandler.handleMessage:1205 android.os.Handler.dispatchMessage:102 

05-23 22:25:34.578  9214  9214 V TaskCloserActivity: TaskCloserActivity onReceive() - com.sec.android.intent.action.HOME_PAUSE

05-23 22:25:34.748   865  1177 I art     : Explicit concurrent mark sweep GC freed 24906(1606KB) AllocSpace objects, 2(40KB) LOS objects, 18% free, 69MB/85MB, paused 5.057ms total 378.706ms

05-23 22:25:34.758   865  1177 D PackageManager: result of install: 1{90747131}

05-23 22:25:34.758   344   344 E installd: Couldn't opendir /data/app/vmdl591353580.tmp: No such file or directory

05-23 22:25:34.768   865  4057 W ResourcesManager: getTopLevelResources: /data/app/com.YourCompany.PokeAR-1/base.apk / 1.0 running in null rsrc of package null

05-23 22:25:34.868   865  1586 I WindowManager: Screenshot max retries 4 of Token{c40b25e ActivityRecord{fa84f99 u0 com.YourCompany.PokeAR/com.epicgames.ue4.GameActivity t4263 f}} appWin=Window{ed186ac u0 d0 Starting com.YourCompany.PokeAR} drawState=4

05-23 22:25:34.868   865  2142 V AlarmManager:  remove PendingIntent] PendingIntent{43bf6c: PendingIntentRecord{aab281b com.google.android.gms broadcastIntent}}

05-23 22:25:34.918   865  9808 E android.os.Debug: ro.product_ship = true

05-23 22:25:34.918   865  9808 E android.os.Debug: ro.debug_level = 0x4f4c

05-23 22:25:34.918   865  9808 E android.os.Debug: sys.mobilecare.preload = false

05-23 22:25:34.968   865  1008 D ViewRootImpl: #1 mView = com.android.internal.policy.PhoneWindow$DecorView{a484107 V.E...... R.....I. 0,0-0,0}

05-23 22:25:34.988   865  1008 D ISSUE_DEBUG: InputChannelName : 70af85d Application Error: com.YourCompany.PokeAR

05-23 22:25:34.988   865  1008 D InputDispatcher: Focus entered window: 865

05-23 22:25:34.988   865  1106 D PointerIcon: setMouseIconStyle1 pointerType: 1001 iconType:101 flag:0 pid:865 uid:1000

05-23 22:25:34.988   865  1106 D PointerIcon: setMouseCustomIcon IconType is same.101

05-23 22:25:34.988   865  1106 D PointerIcon: setHoveringSpenIconStyle1 pointerType: 10001 iconType:1 flag:0 pid:865 uid:1000

05-23 22:25:34.988   865  1106 D PointerIcon: setHoveringSpenCustomIcon IconType is same.1

05-23 22:25:34.988   865  1008 V MARsPolicyManager: handelAlertToastWindowStarted pkgName = android

05-23 22:25:34.998   311   311 I SurfaceFlinger: id=9951 createSurf (145x145),1 flag=4, QokeAR

05-23 22:25:34.998   865  2183 V BroadcastQueue: [background] Process cur broadcast BroadcastRecord{c4645d2 u0 com.google.android.gms.gcm.ACTION_SCHEDULE qIdx=4}, state= (APP_RECEIVE) DELIVERED for app ProcessRecord{89d95f0 14919:com.google.android.gms.persistent/u0a12}

05-23 22:25:34.998   865  1177 I ActivityManager: Force stopping com.google.android.instantapps.supervisor appid=10011 user=0: pkg removed

05-23 22:25:35.008   865  1465 D libEGL  : eglInitialize EGLDisplay = 0x9591f7c4

05-23 22:25:35.008   865  1465 I OpenGLRenderer: Initialized EGL, version 1.4

05-23 22:25:35.068   865  1008 D StatusBarManagerService: manageDisableList userId=0 what=0x0 pkg=Window{70af85d u0 d0 Application Error: com.YourCompany.PokeAR}

05-23 22:25:35.078   865  1008 D RestrictionPolicy: isStatusBarExpansionAllowedAsUser : true, userId = 0

05-23 22:25:35.138  1479  1479 D KeyguardUpdateMonitor: received broadcast android.intent.action.PACKAGE_REMOVED

05-23 22:25:35.138  1479  1479 I PERF    : received broadcast android.intent.action.PACKAGE_REMOVED

05-23 22:25:35.138   865   865 I HarmonyEASService: onReceive : android.intent.action.PACKAGE_REMOVED for 0

05-23 22:25:35.148  8548  9527 I cr_CronetLibraryLoader: Cronet version: 67.0.3396.11, arch: armv7l

05-23 22:25:35.148   865  1106 W ResourcesManager: getTopLevelResources: /system/priv-app/InputDevices/InputDevices.apk / 1.0 running in null rsrc of package null

05-23 22:25:35.158   865   865 D UniversalCredentialManagerService: inside mPkgReciever onReceive : android.intent.action.PACKAGE_REMOVED

05-23 22:25:35.158   865   865 D UniversalCredentialManagerService: ACTION_PACKAGE_REMOVED is called....

05-23 22:25:35.158   865  1106 W ResourcesManager: getTopLevelResources: /system/priv-app/InputDevices/InputDevices.apk / 1.0 running in null rsrc of package null

05-23 22:25:35.168  2057  2057 E SamsungIME: mOCRHelper is null

05-23 22:25:35.168 14919 15679 I AsyncOpDispatcher: 51-GetConfigurationSnapshotOperationCall

05-23 22:25:35.178   865   865 D KnoxMUMContainerPolicy: mPackageReceiver : action - android.intent.action.PACKAGE_REMOVED

05-23 22:25:35.188   865   865 I OTPFW   : PackageRemovalReceiver::onReceive Enter

05-23 22:25:35.188   865   865 E SDAgentPackageStateReceiver: Not going to handle 'com.google.android.instantapps.supervisor'!

05-23 22:25:35.188   865   865 D EnterpriseSSOPolicyService: inside mBReciever onReceive : android.intent.action.PACKAGE_REMOVED

05-23 22:25:35.188   865  2183 V BroadcastQueue: [background] Process cur broadcast BroadcastRecord{29eed1e u0 com.google.android.gms.gcm.ACTION_SCHEDULE qIdx=4}, state= (APP_RECEIVE) DELIVERED for app ProcessRecord{89d95f0 14919:com.google.android.gms.persistent/u0a12}

05-23 22:25:35.198   865  1008 D RestrictionPolicy: isStatusBarExpansionAllowedAsUser : true, userId = 0

05-23 22:25:35.198   865  2183 V BroadcastQueue: [background] Process cur broadcast BroadcastRecord{d1e49ff u0 com.google.android.gms.gcm.ACTION_SCHEDULE qIdx=4}, state= (APP_RECEIVE) DELIVERED for app ProcessRecord{89d95f0 14919:com.google.android.gms.persistent/u0a12}

05-23 22:25:35.208  8548  9810 D ConnectivityManager: requestNetwork; getAppId(CallingUid) : 10063, CallingPid : 8548

05-23 22:25:35.228   865   865 D EnterpriseUserSpaceSSOPolicy: inside mBReciever onReceive : android.intent.action.PACKAGE_REMOVED

05-23 22:25:35.228  9825  9825 E Zygote  : v2

05-23 22:25:35.228  9825  9825 W SELinux : Function: selinux_compare_spd_ram, index[1], priority [2], priority version is VE=SEPF_SECMOBILE_6.0.1_0034

05-23 22:25:35.228   865  1276 I InputReader: Reconfiguring input devices.  changes=0x00000010

05-23 22:25:35.228  9825  9825 E Zygote  : accessInfo : 0

05-23 22:25:35.228  9825  9825 W SELinux : SELinux: seapp_context_lookup: seinfo=default, level=s0:c512,c768, pkgname=com.google.android.instantapps.supervisor 

05-23 22:25:35.228  1834  1834 D CarrierServiceBindHelper: Receive action: android.intent.action.PACKAGE_REMOVED

05-23 22:25:35.228   865  2167 I ActivityManager: Start proc 9825:com.google.android.instantapps.supervisor/u0a11 for service com.google.android.instantapps.supervisor/.hygiene.HygieneTaskService

05-23 22:25:35.228  9825  9825 I libpersona: KNOX_SDCARD checking this for 10011

05-23 22:25:35.228  9825  9825 I libpersona: KNOX_SDCARD not a persona

05-23 22:25:35.238   865   865 D EnterprisePremiumVpnPolicyServiceV2: Vpn Receiver : android.intent.action.PACKAGE_REMOVED

05-23 22:25:35.238   865  2788 W ActivityManager: Permission Denial: Accessing service ComponentInfo{com.google.android.music/com.google.android.music.dial.DialMediaRouteProviderService} from pid=20757, uid=10012 that is not exported from uid 10127

05-23 22:25:35.248   865   865 D KnoxVpnEngineService: Vpn Receiver : android.intent.action.PACKAGE_REMOVED

05-23 22:25:35.248   865  1342 I EnterprisePremiumVpnPolicyServiceV2: vpn handle : Message received

05-23 22:25:35.248   865  1342 D EnterprisePremiumVpnPolicyServiceV2: Package removal intent is reached

05-23 22:25:35.248   865  1342 D EnterprisePremiumVpnPolicyServiceV2: handleActionPackageRemoved : packageName = com.google.android.instantapps.supervisor : replacing = true

05-23 22:25:35.248   865  1343 I KnoxVpnEngineService: vpn handle : Message received

05-23 22:25:35.268  1834  1834 D CarrierServiceBindHelper: mHandler: 3

05-23 22:25:35.268   865   865 V AlarmManagerEXT: com.google.android.instantapps.supervisor(10011) is removed.

05-23 22:25:35.268   865  1302 D ConnectivityService: listenForNetwork for Listen from uid/pid:10063/8548 for NetworkRequest [ id=967, legacyType=-1, [ Capabilities: INTERNET&NOT_RESTRICTED&TRUSTED] ]

05-23 22:25:35.268   865  1380 D ConnectivityService: rematching NetworkAgentInfo [WIFI () - 582]

05-23 22:25:35.278   865   865 D UcmService: onReceive android.intent.action.PACKAGE_REMOVED

05-23 22:25:35.278   865   865 D UcmService: Package update in userId-0 and uid-10011

05-23 22:25:35.278   865  1380 D ConnectivityService:  network has: NetworkAgentInfo{ ni{[type: WIFI[] - WIFI, state: CONNECTED/CONNECTED, reason: (unspecified), extra: "Souza01", roaming: false, failover: false, isAvailable: true]}  network{582}  lp{{InterfaceName: wlan0 LinkAddresses: [fe80::ee9b:f3ff:fe80:e817/64,192.168.0.3/24,2804:14d:32b6:465d:ee9b:f3ff:fe80:e817/64,2804:14d:32b6:465d:48:1ca9:b59d:f73e/64,]  Routes: [fe80::/64 -> :: wlan0,::/0 -> fe80::7e26:64ff:fe7f:e801 wlan0,2804:14d:32b6:465d::/64 -> :: wlan0,192.168.0.0/24 -> 0.0.0.0 wlan0,0.0.0.0/0 -> 192.168.0.1 wlan0,] DnsAddresses: [2804:14d:3210:672:187:122:127:12,2804:14d:3213:672:187:122:127:112,187.122.127.60,187.122.127.36,] Domains:  MTU: 0 TcpBufferSizes: 524288,1048576,4525824,524288,1048576,4525824}}  nc{[ Transports: WIFI Capabilities: INTERNET&NOT_RESTRICTED&TRUSTED&NOT_VPN&VALIDATED LinkUpBandwidth>=1048576Kbps LinkDnBandwidth>=1048576Kbps SignalStrength: -37]}  Score{60}  everValidated{true}  lastValidated{true}  created{true} lingering{false} explicitlySelected{false} acceptUnvalidated{false} everCaptivePortalDetected{false} lastCaptivePortalDetected{false} }

