05-27 22:03:54.143  7470  7602 I native  : Minimizer iterations                        5
05-27 22:03:54.143  7470  7602 I native  : Successful steps                            5
05-27 22:03:54.143  7470  7602 I native  : Unsuccessful steps                          0
05-27 22:03:54.143  7470  7602 I native  : 
05-27 22:03:54.143  7470  7602 I native  : Time (in seconds):
05-27 22:03:54.143  7470  7602 I native  : Preprocessor                         0.001228
05-27 22:03:54.143  7470  7602 I native  : 
05-27 22:03:54.143  7470  7602 I native  :   Residual only evaluation           0.003389 (4)
05-27 22:03:54.143  7470  7602 I native  :   Jacobian & residual evaluation     0.006391 (5)
05-27 22:03:54.143  7470  7602 I native  :   Linear solver                      0.003178 (4)
05-27 22:03:54.143  7470  7602 I native  : Minimizer                            0.013959
05-27 22:03:54.143  7470  7602 I native  : 
05-27 22:03:54.143  7470  7602 I native  : Postprocessor                        0.000040
05-27 22:03:54.143  7470  7602 I native  : Total                                0.015230
05-27 22:03:54.143  7470  7602 I native  : 
05-27 22:03:54.143  7470  7602 I native  : Termination:                     USER_SUCCESS (User callback returned SOLVER_TERMINATE_SUCCESSFULLY.)
05-27 22:03:54.143  7470  7602 I native  : 
05-27 22:03:54.143  7470  7602 I native  : 
05-27 22:03:54.144  7470  7602 I native  : ba_initialization_helpers.h:186 Number of measurements used in BA initialization for temporal landmarks: 240
05-27 22:03:54.144  7470  7602 I native  : ba_initialization_helpers.h:188 Number of good measurements (i.e., reprojection errors <= 3 pixels) in BA initialization for temporal landmarks: 240
05-27 22:03:54.147  5998  6323 D TileLifecycleManager: Binding service Intent { cmp=com.samsung.android.lool/com.samsung.android.sm.ui.booster.PerformanceTile launchParam=MultiScreenLaunchParams { mDisplayId=0 mFlags=0 } (has extras) } UserHandle{0}
05-27 22:03:54.150  7470  7625 D gralloc : gralloc_lock_ycbcr success. format : 11, usage: 3, ycbcr.y: 0xac439000, .cb: 0xac484001, .cr: 0xac484000, .ystride: 640 , .cstride: 640, .chroma_step: 2
05-27 22:03:54.151  4909  7653 W ExynosCamera3: [CAM_ID(0)][]-WARN(m_removeFrameFromList[3010]):frame count mismatch: expected(83), current(0)
05-27 22:03:54.151  5220  6281 V WindowManager: Relayout Window{4de5397d0 u0 StatusBar}: viewVisibility=0 req=1920x63 WM.LayoutParams{(0,0)(fillx63) gr=#30 sim=#10 ty=2000 fl=#81840048 fmt=-3 vsysui=0x600 naviIconColor=0}
05-27 22:03:54.155  5998  6323 D TileLifecycleManager: onStartListening
05-27 22:03:54.166  5998  6160 D mali_winsys: EGLint new_window_surface(egl_winsys_display*, void*, EGLSurface, EGLConfig, egl_winsys_surface**, egl_color_buffer_format*, EGLBoolean) returns 0x3000,  [1920x63]-format:1
05-27 22:03:54.166 26948 26948 I PerformanceTile: onCreate, Performance0
05-27 22:03:54.171  5998  5998 D ScrollView:  onsize change changed 
05-27 22:03:54.185  7470  7625 D gralloc : gralloc_lock_ycbcr success. format : 11, usage: 3, ycbcr.y: 0xab790000, .cb: 0xab7db001, .cr: 0xab7db000, .ystride: 640 , .cstride: 640, .chroma_step: 2
05-27 22:03:54.185  4909  7653 W ExynosCamera3: [CAM_ID(0)][]-WARN(m_removeFrameFromList[3010]):frame count mismatch: expected(84), current(0)
05-27 22:03:54.191  5220  5848 D WindowManager: finishDrawingWindow: Window{4de5397d0 u0 StatusBar} mDrawState=DRAW_PENDING
05-27 22:03:54.192  5998  5998 D KeyguardUpdateMonitor: received broadcast android.intent.action.BATTERY_CHANGED
05-27 22:03:54.193  5998  5998 D PowerUI : priorPlugType = 2 mPlugType =  2
05-27 22:03:54.194  7470  7602 I native  : visual_inertial_filter.cc:945 VIO sliding window is initialized, with sliding window size 4
05-27 22:03:54.195  5998  5998 D PowerUI.Notification: showChargingNotice oldChargingType : 1 currentChargingType : 1 oldChargingTime : 155000 mChargingTime : 155000
05-27 22:03:54.195  5998  5998 D PowerUI.Notification: There is no change about charging status, so return!
05-27 22:03:54.195  5998  5998 D BatteryMeterDrawable: isSomethingChanged - false
05-27 22:03:54.195  5998  5998 D BatteryMeterDrawable: isSomethingChanged - false
05-27 22:03:54.196  7470  7602 I native  : vio_fault_detector.cc:489 VIO did not use vision constraints.
05-27 22:03:54.197  5998  5998 D Tile.FlashlightTile: ACTION_BATTERY_CHANGED - Level :: 99, emEnabled :: false
05-27 22:03:54.197  5998  5998 D WallpaperService: MSG_UPDATE_SURFACE
05-27 22:03:54.197  5998  5998 D WallpaperService: updateSurface forceRelayout=true redrawNeeded=false myWidth=1920 myHeight=1920 fixedSize=true mWidth=1080 mHeight=1920
05-27 22:03:54.197  5998  5998 V WallpaperService: Changes: creating=false format=false size=true
05-27 22:03:54.198  5220  7552 V WindowManager: Relayout Window{c90b339d0 u0 com.android.systemui.ImageWallpaper}: viewVisibility=0 req=1920x1920 WM.LayoutParams{(0,0)(1920x1920) gr=#800033 ty=2013 fl=#318 fmt=2 wanim=0x10302f2 naviIconColor=0}
05-27 22:03:54.213  5998  5998 V WallpaperService: New surface=Surface(name=null)/@0x12c2765, frame=Rect(0, 0 - 1920, 1920),relayoutResult=35, mConfiguration={0 1.0 themeSeq = 0 showBtnBg = 0 724mcc10mnc [pt_BR] ldltr sw411dp w731dp h387dp 420dpi nrml long land finger -keyb/v/h -nav/h mkbd/h s.90}
05-27 22:03:54.213  5998  5998 V WallpaperService: Wallpaper size has changed: (1920, 1920
05-27 22:03:54.216  5998  5998 W WallpaperService: forceReport=false creating=false formatChanged=false sizeChanged=true
05-27 22:03:54.216  5998  5998 W WallpaperService: java.lang.RuntimeException
05-27 22:03:54.216  5998  5998 W WallpaperService: 	at android.service.wallpaper.WallpaperService$Engine.updateSurface(WallpaperService.java:790)
05-27 22:03:54.216  5998  5998 W WallpaperService: 	at android.service.wallpaper.WallpaperService$IWallpaperEngineWrapper.executeMessage(WallpaperService.java:1213)
05-27 22:03:54.216  5998  5998 W WallpaperService: 	at com.android.internal.os.HandlerCaller$MyHandler.handleMessage(HandlerCaller.java:37)
05-27 22:03:54.216  5998  5998 W WallpaperService: 	at android.os.Handler.dispatchMessage(Handler.java:102)
05-27 22:03:54.216  5998  5998 W WallpaperService: 	at android.os.Looper.loop(Looper.java:154)
05-27 22:03:54.216  5998  5998 W WallpaperService: 	at android.app.ActivityThread.main(ActivityThread.java:6692)
05-27 22:03:54.216  5998  5998 W WallpaperService: 	at java.lang.reflect.Method.invoke(Native Method)
05-27 22:03:54.216  5998  5998 W WallpaperService: 	at com.android.internal.os.ZygoteInit$MethodAndArgsCaller.run(ZygoteInit.java:1468)
05-27 22:03:54.216  5998  5998 W WallpaperService: 	at com.android.internal.os.ZygoteInit.main(ZygoteInit.java:1358)
05-27 22:03:54.216  5998  5998 V WallpaperService: onSurfaceChanged(android.service.wallpaper.WallpaperService$Engine$1@ebbc3a, 2, 1920, 1920): com.android.systemui.ImageWallpaper$DrawableEngine@a51b2e
05-27 22:03:54.216  5998  5998 D ImageWallpaper: onSurfaceChanged: width=1920, height=1920
05-27 22:03:54.216  5998  5998 D ImageWallpaper: drawFrame=false rotation=1 mLastRotation=0
05-27 22:03:54.216  5998  5998 D ImageWallpaper: drawFrame:[frame.width()]1920[frame.height()]1920
05-27 22:03:54.216  5998  5998 D ImageWallpaper: surfaceDimensionsChanged=true mLastSurfaceRotation=1 mDisplayWidth=1080 mDisplayHeight=1920
05-27 22:03:54.216  5998  5998 D ImageWallpaper: mNewKeyboard : 0 mLastKeyboard : 0 mForceDraw : false
05-27 22:03:54.216  5998  5998 D ImageWallpaper: redrawNeeded = true, mOffsetsChanged = false
05-27 22:03:54.216  5998  5998 D ImageWallpaper: Surface != bitmap dimensions: surface w/h, bitmap w/h: 1920, 1920, 1080, 1920
05-27 22:03:54.217  5998  5998 D ImageWallpaper: mScale=1.7777778 availw=0 availh=-1493
05-27 22:03:54.217  5998  5998 D ImageWallpaper: availwUnscaled=840  availhUnscaled=0
05-27 22:03:54.217  5998  5998 D ImageWallpaper: mLastSurfaceWidth:1920 mLastSurfaceHeight:1920
05-27 22:03:54.217  5998  5998 D ImageWallpaper: Redrawing wallpaper
05-27 22:03:54.221  5998  5998 D mali_winsys: EGLint new_window_surface(egl_winsys_display*, void*, EGLSurface, EGLConfig, egl_winsys_surface**, egl_color_buffer_format*, EGLBoolean) returns 0x3000,  [1920x1920]-format:2
05-27 22:03:54.221  5998  5998 D ImageWallpaper: drawWallpaperWithOpenGL() w=0 h=-1493 left=0 top=-746
05-27 22:03:54.221  5998  5998 D ImageWallpaper: drawWallpaperWithOpenGL frame.width()=1920 frame.height=1920 bitmapWidth=1080 bitmapHeight=1920
05-27 22:03:54.221  5998  5998 D ImageWallpaper: drawWallpaperWithOpenGL  mOrthoWidth : 1920 mOrthoHeight : 1920
05-27 22:03:54.221  5998  5998 D ImageWallpaper: drawWallpaperWithOpenGL  mVpWidth : 1920 mVpHeight : 1920
05-27 22:03:54.221  5998  5998 D ImageWallpaper: drawWallpaperWithOpenGL  vp_x : 0 vp_y : 0
05-27 22:03:54.221  5998  5998 D ImageWallpaper: drawWallpaperWithOpenGL left=0 top=-746 right=1920.0 bottom=2667.3333
05-27 22:03:54.250  7470  7625 D gralloc : gralloc_lock_ycbcr success. format : 11, usage: 3, ycbcr.y: 0xb48ff000, .cb: 0xb494a001, .cr: 0xb494a000, .ystride: 640 , .cstride: 640, .chroma_step: 2
05-27 22:03:54.250  4909  7653 W ExynosCamera3: [CAM_ID(0)][]-WARN(m_removeFrameFromList[3010]):frame count mismatch: expected(85), current(0)
05-27 22:03:54.254  5998  5998 V WallpaperService: dispatching insets=WindowInsets{systemWindowInsets=Rect(0, 0 - 0, 0) windowDecorInsets=Rect(0, 0 - 0, 0) stableInsets=Rect(0, 63 - 0, 840)}
05-27 22:03:54.255  5998  5998 D ImageWallpaper: onSurfaceRedrawNeeded
05-27 22:03:54.255  5998  5998 D ImageWallpaper: drawFrame=false rotation=1 mLastRotation=1
05-27 22:03:54.255  5998  5998 D ImageWallpaper: drawFrame:[frame.width()]1920[frame.height()]1920
05-27 22:03:54.255  5998  5998 D ImageWallpaper: surfaceDimensionsChanged=false mLastSurfaceRotation=1 mDisplayWidth=1080 mDisplayHeight=1920
05-27 22:03:54.255  5998  5998 D ImageWallpaper: mNewKeyboard : 0 mLastKeyboard : 0 mForceDraw : false
05-27 22:03:54.255  5998  5998 D ImageWallpaper: redrawNeeded = false, mOffsetsChanged = false
05-27 22:03:54.255  5998  5998 D ImageWallpaper: Suppressed drawFrame since redraw is not needed and offsets have not changed.
05-27 22:03:54.255  5998  5998 V WallpaperService: onVisibilityChanged(false) at surface: com.android.systemui.ImageWallpaper$DrawableEngine@a51b2e
05-27 22:03:54.255  5998  5998 D ImageWallpaper: onVisibilityChanged: mVisible, visible=false, false
05-27 22:03:54.255  5998  5998 D WallpaperService: finishDrawing
05-27 22:03:54.255  5220  7529 D WindowManager: finishDrawingWindow: Window{c90b339d0 u0 com.android.systemui.ImageWallpaper} mDrawState=HAS_DRAWN
05-27 22:03:54.255  5998  5998 V WallpaperService: Layout: x=0 y=0 w=1920 h=1920
05-27 22:03:54.269  5998  5998 V hong    : mid yDiff = 346
05-27 22:03:54.269  5998  5998 V hong    : mid yDiff = 346
05-27 22:03:54.269  5998  5998 V hong    : mid yDiff = 346
05-27 22:03:54.269  5998  5998 V hong    : mid yDiff = 346
05-27 22:03:54.273  5998  5998 D TileLifecycleManager: onServiceConnected ComponentInfo{com.samsung.android.lool/com.samsung.android.sm.ui.booster.PerformanceTile}
05-27 22:03:54.273  5998  5998 D TileLifecycleManager: Handling pending onStartListening
05-27 22:03:54.273  5998  5998 D TileLifecycleManager: onStartListening
05-27 22:03:54.274  5998  5998 D KeyguardUpdateMonitor: handleBatteryUpdate
05-27 22:03:54.274  5998  5998 V hong    : mid yDiff = 346
05-27 22:03:54.274  5998  5998 V hong    : mid yDiff = 346
05-27 22:03:54.274  5998  5998 V hong    : mid yDiff = 346
05-27 22:03:54.274  5998  5998 V hong    : mid yDiff = 346
05-27 22:03:54.276  5220  5237 D SecContentProvider: query(), uri = 17 selection = isSettingsChangesAllowed
05-27 22:03:54.276  5220  5237 D SecContentProvider: called from android.uid.system:1000
05-27 22:03:54.277 26948 26948 I PerformanceTile: updateState, mode=0, state=1
05-27 22:03:54.280  5998 10128 D Tile.CustomTile: updateState : Label = Modo
05-27 22:03:54.280  5998 10128 D Tile.CustomTile: Desempenho, State = 1, Icon = Icon(typ=RESOURCE pkg=com.samsung.android.lool id=0x7f02008e)
05-27 22:03:54.284  7470  7625 D gralloc : gralloc_lock_ycbcr success. format : 11, usage: 3, ycbcr.y: 0xb478e000, .cb: 0xb47d9001, .cr: 0xb47d9000, .ystride: 640 , .cstride: 640, .chroma_step: 2
05-27 22:03:54.285  4909  7653 W ExynosCamera3: [CAM_ID(0)][]-WARN(m_removeFrameFromList[3010]):frame count mismatch: expected(86), current(0)
05-27 22:03:54.310  7470  7611 I native  : map_manager.cc:237 VIWLS Map Manager: Updating rolling shutter time from 0.0326218 to 0.0318896
05-27 22:03:54.320  7470  7611 I native  : visual_inertial_wls.cc:301 The number of keyframes in the current map is less than 2 keyframes. This is not a valid map right now.
05-27 22:03:54.350  7470  7625 D gralloc : gralloc_lock_ycbcr success. format : 11, usage: 3, ycbcr.y: 0xab71f000, .cb: 0xab76a001, .cr: 0xab76a000, .ystride: 640 , .cstride: 640, .chroma_step: 2
05-27 22:03:54.350  4909  7653 W ExynosCamera3: [CAM_ID(0)][]-WARN(m_removeFrameFromList[3010]):frame count mismatch: expected(87), current(0)
05-27 22:03:54.383  7470  7625 D gralloc : gralloc_lock_ycbcr success. format : 11, usage: 3, ycbcr.y: 0xab6ae000, .cb: 0xab6f9001, .cr: 0xab6f9000, .ystride: 640 , .cstride: 640, .chroma_step: 2
05-27 22:03:54.384  4909  7653 W ExynosCamera3: [CAM_ID(0)][]-WARN(m_removeFrameFromList[3010]):frame count mismatch: expected(88), current(0)
05-27 22:03:54.450  7470  7625 D gralloc : gralloc_lock_ycbcr success. format : 11, usage: 3, ycbcr.y: 0xab63d000, .cb: 0xab688001, .cr: 0xab688000, .ystride: 640 , .cstride: 640, .chroma_step: 2
05-27 22:03:54.450  4909  7653 W ExynosCamera3: [CAM_ID(0)][]-WARN(m_removeFrameFromList[3010]):frame count mismatch: expected(89), current(0)
05-27 22:03:54.483  7470  7625 D gralloc : gralloc_lock_ycbcr success. format : 11, usage: 3, ycbcr.y: 0xaa37d000, .cb: 0xaa3c8001, .cr: 0xaa3c8000, .ystride: 640 , .cstride: 640, .chroma_step: 2
05-27 22:03:54.484  4909  7653 W ExynosCamera3: [CAM_ID(0)][]-WARN(m_removeFrameFromList[3010]):frame count mismatch: expected(90), current(0)
05-27 22:03:54.501  5220  7320 I EDMNativeHelperService: isCameraEnabled
05-27 22:03:54.510  5220  5220 V DeviceStorageMonitorService: restatDataDir : /data= 795684/819200
05-27 22:03:54.510  5220  5220 V DeviceStorageMonitorService: freeMemory=19809128448
05-27 22:03:54.510  5220  5220 I DeviceStorageMonitorService: Posting Message again
05-27 22:03:54.549  7470  7625 D gralloc : gralloc_lock_ycbcr success. format : 11, usage: 3, ycbcr.y: 0xaa30c000, .cb: 0xaa357001, .cr: 0xaa357000, .ystride: 640 , .cstride: 640, .chroma_step: 2
05-27 22:03:54.550  4909  7653 W ExynosCamera3: [CAM_ID(0)][]-WARN(m_removeFrameFromList[3010]):frame count mismatch: expected(91), current(0)
05-27 22:03:54.578  7470  7591 D UE4     : *** JavaEnvDestructor: 7591
05-27 22:03:54.579  7470  7592 D UE4     : *** JavaEnvDestructor: 7592
05-27 22:03:54.579  7470  7590 D UE4     : *** JavaEnvDestructor: 7590
05-27 22:03:54.583  7470  7625 D gralloc : gralloc_lock_ycbcr success. format : 11, usage: 3, ycbcr.y: 0xaa29b000, .cb: 0xaa2e6001, .cr: 0xaa2e6000, .ystride: 640 , .cstride: 640, .chroma_step: 2
05-27 22:03:54.583  4909  7653 W ExynosCamera3: [CAM_ID(0)][]-WARN(m_removeFrameFromList[3010]):frame count mismatch: expected(92), current(0)
05-27 22:03:54.645  5220 27808 V WindowManager: Relayout Window{47a8763d0 u0 DockedStackDivider}: viewVisibility=4 req=126x0 WM.LayoutParams{(0,0)(126xfill) sim=#20 ty=2034 fl=#21840028 pfl=0x40 fmt=-3 vsysui=0x700 naviIconColor=0}
05-27 22:03:54.650  7470  7625 D gralloc : gralloc_lock_ycbcr success. format : 11, usage: 3, ycbcr.y: 0xaa22a000, .cb: 0xaa275001, .cr: 0xaa275000, .ystride: 640 , .cstride: 640, .chroma_step: 2
05-27 22:03:54.650  4909  7653 W ExynosCamera3: [CAM_ID(0)][]-WARN(m_removeFrameFromList[3010]):frame count mismatch: expected(93), current(0)
05-27 22:03:54.683  7470  7625 D gralloc : gralloc_lock_ycbcr success. format : 11, usage: 3, ycbcr.y: 0xae544000, .cb: 0xae58f001, .cr: 0xae58f000, .ystride: 640 , .cstride: 640, .chroma_step: 2
05-27 22:03:54.683  4909  7653 W ExynosCamera3: [CAM_ID(0)][]-WARN(m_removeFrameFromList[3010]):frame count mismatch: expected(94), current(0)
05-27 22:03:54.689  7470  7595 D UE4     : *** JavaEnvDestructor: 7595
05-27 22:03:54.749  7470  7625 D gralloc : gralloc_lock_ycbcr success. format : 11, usage: 3, ycbcr.y: 0xaea2e000, .cb: 0xaea79001, .cr: 0xaea79000, .ystride: 640 , .cstride: 640, .chroma_step: 2
05-27 22:03:54.750  4909  7653 W ExynosCamera3: [CAM_ID(0)][]-WARN(m_removeFrameFromList[3010]):frame count mismatch: expected(95), current(0)
05-27 22:03:54.784  7470  7625 D gralloc : gralloc_lock_ycbcr success. format : 11, usage: 3, ycbcr.y: 0xae6be000, .cb: 0xae709001, .cr: 0xae709000, .ystride: 640 , .cstride: 640, .chroma_step: 2
05-27 22:03:54.784  4909  7653 W ExynosCamera3: [CAM_ID(0)][]-WARN(m_removeFrameFromList[3010]):frame count mismatch: expected(96), current(0)
05-27 22:03:54.849  7470  7625 D gralloc : gralloc_lock_ycbcr success. format : 11, usage: 3, ycbcr.y: 0xad1e2000, .cb: 0xad22d001, .cr: 0xad22d000, .ystride: 640 , .cstride: 640, .chroma_step: 2
05-27 22:03:54.850  4909  7653 W ExynosCamera3: [CAM_ID(0)][]-WARN(m_removeFrameFromList[3010]):frame count mismatch: expected(97), current(0)
05-27 22:03:54.883  7470  7625 D gralloc : gralloc_lock_ycbcr success. format : 11, usage: 3, ycbcr.y: 0xacdf2000, .cb: 0xace3d001, .cr: 0xace3d000, .ystride: 640 , .cstride: 640, .chroma_step: 2
05-27 22:03:54.883  4909  7653 W ExynosCamera3: [CAM_ID(0)][]-WARN(m_removeFrameFromList[3010]):frame count mismatch: expected(98), current(0)
05-27 22:03:54.949  7470  7625 D gralloc : gralloc_lock_ycbcr success. format : 11, usage: 3, ycbcr.y: 0xac7a9000, .cb: 0xac7f4001, .cr: 0xac7f4000, .ystride: 640 , .cstride: 640, .chroma_step: 2
05-27 22:03:54.950  4909  7653 W ExynosCamera3: [CAM_ID(0)][]-WARN(m_removeFrameFromList[3010]):frame count mismatch: expected(99), current(0)
05-27 22:03:54.983  7470  7625 D gralloc : gralloc_lock_ycbcr success. format : 11, usage: 3, ycbcr.y: 0xc8107000, .cb: 0xc8152001, .cr: 0xc8152000, .ystride: 640 , .cstride: 640, .chroma_step: 2
05-27 22:03:54.983  4909  7653 W ExynosCamera3: [CAM_ID(0)][]-WARN(m_removeFrameFromList[3010]):frame count mismatch: expected(100), current(0)
05-27 22:03:55.035  7675  7675 I FIPS_bssl: FIPS (v1.1) approved mode (1) | 7675 | ps
05-27 22:03:55.049  7470  7625 D gralloc : gralloc_lock_ycbcr success. format : 11, usage: 3, ycbcr.y: 0xac439000, .cb: 0xac484001, .cr: 0xac484000, .ystride: 640 , .cstride: 640, .chroma_step: 2
05-27 22:03:55.050  4909  7653 W ExynosCamera3: [CAM_ID(0)][]-WARN(m_removeFrameFromList[3010]):frame count mismatch: expected(101), current(0)
05-27 22:03:55.083  7470  7625 D gralloc : gralloc_lock_ycbcr success. format : 11, usage: 3, ycbcr.y: 0xab790000, .cb: 0xab7db001, .cr: 0xab7db000, .ystride: 640 , .cstride: 640, .chroma_step: 2
05-27 22:03:55.083  4909  7653 W ExynosCamera3: [CAM_ID(0)][]-WARN(m_removeFrameFromList[3010]):frame count mismatch: expected(102), current(0)
05-27 22:03:55.149  7470  7625 D gralloc : gralloc_lock_ycbcr success. format : 11, usage: 3, ycbcr.y: 0xb48ff000, .cb: 0xb494a001, .cr: 0xb494a000, .ystride: 640 , .cstride: 640, .chroma_step: 2
05-27 22:03:55.149  4909  7653 W ExynosCamera3: [CAM_ID(0)][]-WARN(m_removeFrameFromList[3010]):frame count mismatch: expected(103), current(0)
05-27 22:03:55.183  7470  7625 D gralloc : gralloc_lock_ycbcr success. format : 11, usage: 3, ycbcr.y: 0xb478e000, .cb: 0xb47d9001, .cr: 0xb47d9000, .ystride: 640 , .cstride: 640, .chroma_step: 2
05-27 22:03:55.183  4909  7653 W ExynosCamera3: [CAM_ID(0)][]-WARN(m_removeFrameFromList[3010]):frame count mismatch: expected(104), current(0)
05-27 22:03:55.249  7470  7625 D gralloc : gralloc_lock_ycbcr success. format : 11, usage: 3, ycbcr.y: 0xab71f000, .cb: 0xab76a001, .cr: 0xab76a000, .ystride: 640 , .cstride: 640, .chroma_step: 2
05-27 22:03:55.249  4909  7653 W ExynosCamera3: [CAM_ID(0)][]-WARN(m_removeFrameFromList[3010]):frame count mismatch: expected(105), current(0)
05-27 22:03:55.283  7470  7625 D gralloc : gralloc_lock_ycbcr success. format : 11, usage: 3, ycbcr.y: 0xab6ae000, .cb: 0xab6f9001, .cr: 0xab6f9000, .ystride: 640 , .cstride: 640, .chroma_step: 2
05-27 22:03:55.283  4909  7653 W ExynosCamera3: [CAM_ID(0)][]-WARN(m_removeFrameFromList[3010]):frame count mismatch: expected(106), current(0)
05-27 22:03:55.297  7470  7596 D UE4     : *** JavaEnvDestructor: 7596
05-27 22:03:55.349  7470  7625 D gralloc : gralloc_lock_ycbcr success. format : 11, usage: 3, ycbcr.y: 0xab63d000, .cb: 0xab688001, .cr: 0xab688000, .ystride: 640 , .cstride: 640, .chroma_step: 2
05-27 22:03:55.349  4909  7653 W ExynosCamera3: [CAM_ID(0)][]-WARN(m_removeFrameFromList[3010]):frame count mismatch: expected(107), current(0)
05-27 22:03:55.383  7470  7625 D gralloc : gralloc_lock_ycbcr success. format : 11, usage: 3, ycbcr.y: 0xaa37d000, .cb: 0xaa3c8001, .cr: 0xaa3c8000, .ystride: 640 , .cstride: 640, .chroma_step: 2
05-27 22:03:55.384  4909  7653 W ExynosCamera3: [CAM_ID(0)][]-WARN(m_removeFrameFromList[3010]):frame count mismatch: expected(108), current(0)
05-27 22:03:55.449  7470  7625 D gralloc : gralloc_lock_ycbcr success. format : 11, usage: 3, ycbcr.y: 0xaa30c000, .cb: 0xaa357001, .cr: 0xaa357000, .ystride: 640 , .cstride: 640, .chroma_step: 2
05-27 22:03:55.449  4909  7653 W ExynosCamera3: [CAM_ID(0)][]-WARN(m_removeFrameFromList[3010]):frame count mismatch: expected(109), current(0)
05-27 22:03:55.476  5220  5220 D CustomFrequencyManagerService: releaseDVFSLockLocked : Getting Lock type frm List : DVFS_MIN_LIMIT  frequency : 2600000  uid : 1000  pid : 5220  tag : PWM_ROTATION@CPU_MIN@53
05-27 22:03:55.485  4909  7653 W ExynosCamera3: [CAM_ID(0)][]-WARN(m_removeFrameFromList[3010]):frame count mismatch: expected(110), current(0)
05-27 22:03:55.485  7470  7625 D gralloc : gralloc_lock_ycbcr success. format : 11, usage: 3, ycbcr.y: 0xaa29b000, .cb: 0xaa2e6001, .cr: 0xaa2e6000, .ystride: 640 , .cstride: 640, .chroma_step: 2
05-27 22:03:55.503  5220  5880 I EDMNativeHelperService: isCameraEnabled
05-27 22:03:55.550  7470  7625 D gralloc : gralloc_lock_ycbcr success. format : 11, usage: 3, ycbcr.y: 0xaa22a000, .cb: 0xaa275001, .cr: 0xaa275000, .ystride: 640 , .cstride: 640, .chroma_step: 2
05-27 22:03:55.550  4909  7653 W ExynosCamera3: [CAM_ID(0)][]-WARN(m_removeFrameFromList[3010]):frame count mismatch: expected(111), current(0)
05-27 22:03:55.584  7470  7625 D gralloc : gralloc_lock_ycbcr success. format : 11, usage: 3, ycbcr.y: 0xae544000, .cb: 0xae58f001, .cr: 0xae58f000, .ystride: 640 , .cstride: 640, .chroma_step: 2
05-27 22:03:55.584  4909  7653 W ExynosCamera3: [CAM_ID(0)][]-WARN(m_removeFrameFromList[3010]):frame count mismatch: expected(112), current(0)
05-27 22:03:55.585  5220  5272 W WindowManager: Window freeze timeout expired.
05-27 22:03:55.585  5220  5272 W WindowManager: Force clearing orientation change: Window{116e482d0 u0 com.YourCompany.PokeAR/com.epicgames.ue4.GameActivity}
05-27 22:03:55.586  5220  5272 W WindowManager: Force clearing orientation change: Window{ec38cfcd0 u0 SurfaceView - com.YourCompany.PokeAR/com.epicgames.ue4.GameActivity}
05-27 22:03:55.586  5220  5272 W WindowManager: Force clearing orientation change: Window{c90b339d0 u0 com.android.systemui.ImageWallpaper}
05-27 22:03:55.602  5220  5272 I WindowManager: Screen frozen for +2s17ms due to Window{ec38cfcd0 u0 SurfaceView - com.YourCompany.PokeAR/com.epicgames.ue4.GameActivity}
05-27 22:03:55.607  3186  3186 I SurfaceFlinger: id=4414 createSurf (2160x1920),-1 flag=20004, ClackSurfac
05-27 22:03:55.609  3186  3186 I SurfaceFlinger: id=4415 createSurf (1080x3840),-1 flag=20004, ClackSurfac
05-27 22:03:55.611  3186  3186 I SurfaceFlinger: id=4416 createSurf (2160x1920),-1 flag=20004, ClackSurfac
05-27 22:03:55.613  3186  3186 I SurfaceFlinger: id=4417 createSurf (1080x3840),-1 flag=20004, ClackSurfac
05-27 22:03:55.615  5220  5272 D InputDispatcher: setInputDispatchMode: enabled=1, frozen=0
05-27 22:03:55.651  7470  7625 D gralloc : gralloc_lock_ycbcr success. format : 11, usage: 3, ycbcr.y: 0xaea2e000, .cb: 0xaea79001, .cr: 0xaea79000, .ystride: 640 , .cstride: 640, .chroma_step: 2
05-27 22:03:55.651  4909  7653 W ExynosCamera3: [CAM_ID(0)][]-WARN(m_removeFrameFromList[3010]):frame count mismatch: expected(113), current(0)
05-27 22:03:55.684  7470  7625 D gralloc : gralloc_lock_ycbcr success. format : 11, usage: 3, ycbcr.y: 0xae6be000, .cb: 0xae709001, .cr: 0xae709000, .ystride: 640 , .cstride: 640, .chroma_step: 2
05-27 22:03:55.686  4909  7653 W ExynosCamera3: [CAM_ID(0)][]-WARN(m_removeFrameFromList[3010]):frame count mismatch: expected(114), current(0)
05-27 22:03:55.722  7470  7599 D UE4     : *** JavaEnvDestructor: 7599
05-27 22:03:55.738  5220  6161 E Watchdog: !@Sync 2374 [2018-05-27 23:03:55.738]
05-27 22:03:55.753  4909  7653 W ExynosCamera3: [CAM_ID(0)][]-WARN(m_removeFrameFromList[3010]):frame count mismatch: expected(115), current(0)
05-27 22:03:55.754  7470  7625 D gralloc : gralloc_lock_ycbcr success. format : 11, usage: 3, ycbcr.y: 0xad1e2000, .cb: 0xad22d001, .cr: 0xad22d000, .ystride: 640 , .cstride: 640, .chroma_step: 2
05-27 22:03:55.784  7470  7625 D gralloc : gralloc_lock_ycbcr success. format : 11, usage: 3, ycbcr.y: 0xacdf2000, .cb: 0xace3d001, .cr: 0xace3d000, .ystride: 640 , .cstride: 640, .chroma_step: 2
05-27 22:03:55.784  4909  7653 W ExynosCamera3: [CAM_ID(0)][]-WARN(m_removeFrameFromList[3010]):frame count mismatch: expected(116), current(0)
05-27 22:03:55.823  7470  7490 D UE4     : Unregistering volume receiver
05-27 22:03:55.825  7470  7490 D UE4     : Unregistering battery receiver
05-27 22:03:55.826  7470  7490 D UE4     : Unregistering headset receiver
05-27 22:03:55.830  7470  7669 D UE4     : *** JavaEnvDestructor: 7669
05-27 22:03:55.830  7470  7668 D UE4     : AndroidEGL::ResetDisplay()
05-27 22:03:55.836  7470  7668 D UE4     : *** JavaEnvDestructor: 7668
05-27 22:03:55.837  7470  7490 D UE4     : [2018.05.28-01.03.55:836][291]LogTemp: Android pause audio
05-27 22:03:55.837  7470  7490 D UE4     : Execution has been paused...
05-27 22:03:55.837  7470  7491 D UE4     : Case APP_CMD_INIT_WINDOW
05-27 22:03:55.838  7470  7491 D UE4     : LogAndroidEvents: EnqueueAppEvent : 0, 4043595784, tid = 7491
05-27 22:03:55.841  5220  6251 V WindowManager: Relayout Window{ec38cfcd0 u0 SurfaceView - com.YourCompany.PokeAR/com.epicgames.ue4.GameActivity}: viewVisibility=0 req=1920x1080 WM.LayoutParams{(0,0)(1920x1080) gr=#800033 ty=1001 fl=#4218 pfl=0x10040 fmt=4 naviIconColor=0}
05-27 22:03:55.850  7470  7625 D gralloc : gralloc_lock_ycbcr success. format : 11, usage: 3, ycbcr.y: 0xac7a9000, .cb: 0xac7f4001, .cr: 0xac7f4000, .ystride: 640 , .cstride: 640, .chroma_step: 2
05-27 22:03:55.851  4909  7653 W ExynosCamera3: [CAM_ID(0)][]-WARN(m_removeFrameFromList[3010]):frame count mismatch: expected(117), current(0)
05-27 22:03:55.858  5220 32193 D WindowManager: finishDrawingWindow: Window{ec38cfcd0 u0 SurfaceView - com.YourCompany.PokeAR/com.epicgames.ue4.GameActivity} mDrawState=DRAW_PENDING
05-27 22:03:55.877  5220  7320 D WindowManager: finishDrawingWindow: Window{116e482d0 u0 com.YourCompany.PokeAR/com.epicgames.ue4.GameActivity} mDrawState=DRAW_PENDING
05-27 22:03:55.885  7470  7625 D gralloc : gralloc_lock_ycbcr success. format : 11, usage: 3, ycbcr.y: 0xc8107000, .cb: 0xc8152001, .cr: 0xc8152000, .ystride: 640 , .cstride: 640, .chroma_step: 2
05-27 22:03:55.885  4909  7653 W ExynosCamera3: [CAM_ID(0)][]-WARN(m_removeFrameFromList[3010]):frame count mismatch: expected(118), current(0)
05-27 22:03:55.898  5220  5272 D KnoxTimeoutHandler: notifyActivityDrawn [MsgParam] userId: 0 fullscreen is true showWhenlocked is false isMutiwindowRecord is false multiwindowstyle is 1
05-27 22:03:55.898  5220  5220 D KnoxTimeoutHandler: activityDrawn [MsgParam] userId: 0 fullscreen is true showWhenlocked is false isMutiwindowRecord is false multiwindowstyle is 1
05-27 22:03:55.902  5220  5220 I KnoxTimeoutHandler: SD activityfalse
05-27 22:03:55.902  5220  5220 I KnoxTimeoutHandler: Fullscreen and mCurrent is not KNOX user. Hence hide keyguard
05-27 22:03:55.940  7470  7490 D UE4     : LogAndroidEvents: Display: DequeueAppEvent : 0, 4043595784
05-27 22:03:55.940  7470  7490 D UE4     : 
05-27 22:03:55.940  7470  7490 D UE4     : [2018.05.28-01.03.55:940][291]LogAndroid: Case APP_CMD_INIT_WINDOW
05-27 22:03:55.940  7470  7490 D UE4     : [2018.05.28-01.03.55:940][291]LogAndroidEvents: Display: DequeueAppEvent : 0, 4043595784
05-27 22:03:55.940  7470  7490 D UE4     : APP_EVENT_STATE_WINDOW_CREATED, 0, 0, 1
05-27 22:03:55.940  7470  7490 D UE4     : LogAndroidEvents: Display: ExecWindowCreated
05-27 22:03:55.940  7470  7490 D UE4     : 
05-27 22:03:55.940  7470  7490 D UE4     : [2018.05.28-01.03.55:940][291]LogAndroidEvents: Display: ExecWindowCreated
05-27 22:03:55.940  7470  7490 D UE4     : ***** Window different, not using res cache
05-27 22:03:55.941  7470  7490 D UE4     : [2018.05.28-01.03.55:941][291]LogAndroid: Mobile HDR: no
05-27 22:03:55.941  7470  7490 D UE4     : [2018.05.28-01.03.55:941][291]LogAndroid: Setting Width=1280 and Height=720 (requested scale = 1.000000)
05-27 22:03:55.941  7470  7490 D UE4     : AndroidEGL::ReInitWindow()
05-27 22:03:55.941  7470  7490 D UE4     : AndroidEGL::ReInit()
05-27 22:03:55.941  7470  7490 D UE4     : AndroidEGL::InitSurface 0, 1
05-27 22:03:55.942  7470  7490 D mali_winsys: EGLint new_window_surface(egl_winsys_display*, void*, EGLSurface, EGLConfig, egl_winsys_surface**, egl_color_buffer_format*, EGLBoolean) returns 0x3000,  [1280x720]-format:1
05-27 22:03:55.942  7470  7490 D UE4     : AndroidEGL::CreateEGLSurface() 0xe8490718
05-27 22:03:55.942  7470  7490 D UE4     : AndroidEGL::CreateEGLSurface(1), auxSurface = eglCreatePbufferSurface(), 1280x720
05-27 22:03:55.944  7470  7490 D UE4     : ExecWindowCreated, 0, 1, 1
05-27 22:03:55.947  7470  7490 D UE4     : [2018.05.28-01.03.55:947][291]LogTemp: Android resume audio
05-27 22:03:55.948  7470  7490 D UE4     : Registering volume receiver
05-27 22:03:55.952  7470  7625 D gralloc : gralloc_lock_ycbcr success. format : 11, usage: 3, ycbcr.y: 0xac439000, .cb: 0xac484001, .cr: 0xac484000, .ystride: 640 , .cstride: 640, .chroma_step: 2
05-27 22:03:55.952  4909  7653 W ExynosCamera3: [CAM_ID(0)][]-WARN(m_removeFrameFromList[3010]):frame count mismatch: expected(119), current(0)
05-27 22:03:55.958  5220  2756 D AudioService: getStreamVolume 3 index 70
05-27 22:03:55.959  7470  7490 D UE4     : startVolumeReceiver: 7
05-27 22:03:55.959  7470  7490 D UE4     : nativeVolumeEvent(7)
05-27 22:03:55.959  7470  7490 D UE4     : Registering battery receiver
05-27 22:03:55.961  7470  7490 D UE4     : Registering headset receiver
05-27 22:03:55.967  7470  7490 D UE4     : startHeadsetReceiver: 0
05-27 22:03:55.967  7470  7490 D UE4     : nativeHeadsetEvent(0)
05-27 22:03:55.967  7470  7490 D UE4     : [2018.05.28-01.03.55:967][291]LogUdpMessaging: Initializing bridge on interface 0.0.0.0:0 to multicast group 230.0.0.1:6666.
05-27 22:03:55.968  7470  7470 D UE4     : headsetReceiver::onReceive
05-27 22:03:55.968  7470  7470 D UE4     : nativeHeadsetEvent(0)
05-27 22:03:55.976  7470  7490 D UE4     : [2018.05.28-01.03.55:976][291]LogTcpMessaging: Initializing TcpMessaging bridge, listening on 127.0.0.1:6666
05-27 22:03:55.978  7470  7490 D UE4     : Execution has been resumed!
05-27 22:03:55.979  7470  7498 D UE4     : LogStats: Warning: MetaData mismatch. Did you assign a stat to two groups? New //STATGROUP_Threads//FUdpMessageBeacon///Thread_1e01_0///####STATCAT_Advanced#### old //STATGROUP_Threads//FUdpMessageBeacon///Thread_1d85_0///####STATCAT_Advanced####
05-27 22:03:55.979  7470  7498 D UE4     : 
05-27 22:03:55.980  7470  7498 D UE4     : LogStats: Warning: MetaData mismatch. Did you assign a stat to two groups? New //STATGROUP_Threads//FUdpMessageProcessor.Sender///Thread_1e02_0///####STATCAT_Advanced#### old //STATGROUP_Threads//FUdpMessageProcessor.Sender///Thread_1d86_0///####STATCAT_Advanced####
05-27 22:03:55.980  7470  7498 D UE4     : 
05-27 22:03:55.980  7470  7498 D UE4     : LogStats: Warning: MetaData mismatch. Did you assign a stat to two groups? New //STATGROUP_Threads//FUdpMessageProcessor///Thread_1e00_0///####STATCAT_Advanced#### old //STATGROUP_Threads//FUdpMessageProcessor///Thread_1d84_0///####STATCAT_Advanced####
05-27 22:03:55.980  7470  7498 D UE4     : 
05-27 22:03:55.980  7470  7498 D UE4     : LogStats: Warning: MetaData mismatch. Did you assign a stat to two groups? New //STATGROUP_Threads//UdpMessageMulticastReceiver///Thread_1e03_0///####STATCAT_Advanced#### old //STATGROUP_Threads//UdpMessageMulticastReceiver///Thread_1d87_0///####STATCAT_Advanced####
05-27 22:03:55.980  7470  7498 D UE4     : 
05-27 22:03:55.980  7470  7498 D UE4     : LogStats: Warning: MetaData mismatch. Did you assign a stat to two groups? New //STATGROUP_Threads//FTcpMessageTransport///Thread_1e04_0///####STATCAT_Advanced#### old //STATGROUP_Threads//FTcpMessageTransport///Thread_1d82_0///####STATCAT_Advanced####
05-27 22:03:55.980  7470  7498 D UE4     : 
05-27 22:03:55.981  7470  7498 D UE4     : LogStats: Warning: MetaData mismatch. Did you assign a stat to two groups? New //STATGROUP_Threads//FTcpListener///Thread_1e05_0///####STATCAT_Advanced#### old //STATGROUP_Threads//FTcpListener///Thread_1d83_0///####STATCAT_Advanced####
05-27 22:03:55.981  7470  7498 D UE4     : 
05-27 22:03:55.985  7470  7625 D gralloc : gralloc_lock_ycbcr success. format : 11, usage: 3, ycbcr.y: 0xab790000, .cb: 0xab7db001, .cr: 0xab7db000, .ystride: 640 , .cstride: 640, .chroma_step: 2
05-27 22:03:55.985  4909  7653 W ExynosCamera3: [CAM_ID(0)][]-WARN(m_removeFrameFromList[3010]):frame count mismatch: expected(120), current(0)
05-27 22:03:55.986  7470  7490 D UE4     : [2018.05.28-01.03.55:986][291]LogStats: Warning: MetaData mismatch. Did you assign a stat to two groups? New //STATGROUP_Threads//FUdpMessageBeacon///Thread_1e01_0///####STATCAT_Advanced#### old //STATGROUP_Threads//FUdpMessageBeacon///Thread_1d85_0///####STATCAT_Advanced####
05-27 22:03:55.986  7470  7490 D UE4     : [2018.05.28-01.03.55:986][291]LogStats: Warning: MetaData mismatch. Did you assign a stat to two groups? New //STATGROUP_Threads//FUdpMessageProcessor.Sender///Thread_1e02_0///####STATCAT_Advanced#### old //STATGROUP_Threads//FUdpMessageProcessor.Sender///Thread_1d86_0///####STATCAT_Advanced####
05-27 22:03:55.986  7470  7490 D UE4     : [2018.05.28-01.03.55:986][291]LogStats: Warning: MetaData mismatch. Did you assign a stat to two groups? New //STATGROUP_Threads//FUdpMessageProcessor///Thread_1e00_0///####STATCAT_Advanced#### old //STATGROUP_Threads//FUdpMessageProcessor///Thread_1d84_0///####STATCAT_Advanced####
05-27 22:03:55.987  7470  7490 D UE4     : [2018.05.28-01.03.55:987][291]LogStats: Warning: MetaData mismatch. Did you assign a stat to two groups? New //STATGROUP_Threads//UdpMessageMulticastReceiver///Thread_1e03_0///####STATCAT_Advanced#### old //STATGROUP_Threads//UdpMessageMulticastReceiver///Thread_1d87_0///####STATCAT_Advanced####
05-27 22:03:55.987  7470  7490 D UE4     : [2018.05.28-01.03.55:987][291]LogStats: Warning: MetaData mismatch. Did you assign a stat to two groups? New //STATGROUP_Threads//FTcpMessageTransport///Thread_1e04_0///####STATCAT_Advanced#### old //STATGROUP_Threads//FTcpMessageTransport///Thread_1d82_0///####STATCAT_Advanced####
05-27 22:03:55.987  7470  7490 D UE4     : [2018.05.28-01.03.55:987][291]LogStats: Warning: MetaData mismatch. Did you assign a stat to two groups? New //STATGROUP_Threads//FTcpListener///Thread_1e05_0///####STATCAT_Advanced#### old //STATGROUP_Threads//FTcpListener///Thread_1d83_0///####STATCAT_Advanced####
05-27 22:03:55.989  7470  7490 E native  : session_c_api.cc:727 ArPointCloud_getTimestamp: point_cloud was passed NULL.
05-27 22:03:56.051  7470  7625 D gralloc : gralloc_lock_ycbcr success. format : 11, usage: 3, ycbcr.y: 0xb48ff000, .cb: 0xb494a001, .cr: 0xb494a000, .ystride: 640 , .cstride: 640, .chroma_step: 2
05-27 22:03:56.051  4909  7653 W ExynosCamera3: [CAM_ID(0)][]-WARN(m_removeFrameFromList[3010]):frame count mismatch: expected(121), current(0)
05-27 22:03:56.062  3186  3191 I SurfaceFlinger: id=4413 Removed TcreenshotS (8/12)
05-27 22:03:56.063  3186  6393 I SurfaceFlinger: id=4414 Removed ClackSurfac (8/11)
05-27 22:03:56.063  3186  6393 I SurfaceFlinger: id=4413 Removed TcreenshotS (-2/11)
05-27 22:03:56.063  3186  3191 I SurfaceFlinger: id=4414 Removed ClackSurfac (-2/11)
05-27 22:03:56.063  3186  6393 I SurfaceFlinger: id=4415 Removed ClackSurfac (8/10)
05-27 22:03:56.064  3186  3191 I SurfaceFlinger: id=4415 Removed ClackSurfac (-2/10)
05-27 22:03:56.064  3186  6393 I SurfaceFlinger: id=4416 Removed ClackSurfac (8/9)
05-27 22:03:56.064  3186  7654 I SurfaceFlinger: id=4416 Removed ClackSurfac (-2/9)
05-27 22:03:56.065  3186  3191 I SurfaceFlinger: id=4417 Removed ClackSurfac (8/8)
05-27 22:03:56.065  3186  6393 I SurfaceFlinger: id=4417 Removed ClackSurfac (-2/8)
05-27 22:03:56.072  5220  5272 V WindowOrientationListener: OrientationSensorJudge.getProposedRotation, Rotation: 1
05-27 22:03:56.072  5220  5272 V WindowOrientationListener: OrientationSensorJudge.getProposedRotation, Rotation: 1
05-27 22:03:56.072  5220  5272 V WindowManager: rotationForOrientationLw(orient=4, last=1); user=0  sensorRotation=1 mLidState=-1 mDockMode=0 mHdmiPlugged=false
05-27 22:03:56.085  7470  7625 D gralloc : gralloc_lock_ycbcr success. format : 11, usage: 3, ycbcr.y: 0xb478e000, .cb: 0xb47d9001, .cr: 0xb47d9000, .ystride: 640 , .cstride: 640, .chroma_step: 2
05-27 22:03:56.085  4909  7653 W ExynosCamera3: [CAM_ID(0)][]-WARN(m_removeFrameFromList[3010]):frame count mismatch: expected(122), current(0)
05-27 22:03:56.150  7686  7686 I FIPS_bssl: FIPS (v1.1) approved mode (1) | 7686 | ps
05-27 22:03:56.151  4909  7653 W ExynosCamera3: [CAM_ID(0)][]-WARN(m_removeFrameFromList[3010]):frame count mismatch: expected(123), current(0)
05-27 22:03:56.152  7470  7625 D gralloc : gralloc_lock_ycbcr success. format : 11, usage: 3, ycbcr.y: 0xab71f000, .cb: 0xab76a001, .cr: 0xab76a000, .ystride: 640 , .cstride: 640, .chroma_step: 2
05-27 22:03:56.183  7470  7625 D gralloc : gralloc_lock_ycbcr success. format : 11, usage: 3, ycbcr.y: 0xab6ae000, .cb: 0xab6f9001, .cr: 0xab6f9000, .ystride: 640 , .cstride: 640, .chroma_step: 2
05-27 22:03:56.184  4909  7653 W ExynosCamera3: [CAM_ID(0)][]-WARN(m_removeFrameFromList[3010]):frame count mismatch: expected(124), current(0)
05-27 22:03:56.250  7470  7625 D gralloc : gralloc_lock_ycbcr success. format : 11, usage: 3, ycbcr.y: 0xab63d000, .cb: 0xab688001, .cr: 0xab688000, .ystride: 640 , .cstride: 640, .chroma_step: 2
05-27 22:03:56.251  4909  7653 W ExynosCamera3: [CAM_ID(0)][]-WARN(m_removeFrameFromList[3010]):frame count mismatch: expected(125), current(0)
05-27 22:03:56.283  7470  7625 D gralloc : gralloc_lock_ycbcr success. format : 11, usage: 3, ycbcr.y: 0xaa37d000, .cb: 0xaa3c8001, .cr: 0xaa3c8000, .ystride: 640 , .cstride: 640, .chroma_step: 2
05-27 22:03:56.284  4909  7653 W ExynosCamera3: [CAM_ID(0)][]-WARN(m_removeFrameFromList[3010]):frame count mismatch: expected(126), current(0)
05-27 22:03:56.350  7470  7625 D gralloc : gralloc_lock_ycbcr success. format : 11, usage: 3, ycbcr.y: 0xaa30c000, .cb: 0xaa357001, .cr: 0xaa357000, .ystride: 640 , .cstride: 640, .chroma_step: 2
05-27 22:03:56.350  4909  7653 W ExynosCamera3: [CAM_ID(0)][]-WARN(m_removeFrameFromList[3010]):frame count mismatch: expected(127), current(0)
05-27 22:03:56.384  7470  7625 D gralloc : gralloc_lock_ycbcr success. format : 11, usage: 3, ycbcr.y: 0xaa29b000, .cb: 0xaa2e6001, .cr: 0xaa2e6000, .ystride: 640 , .cstride: 640, .chroma_step: 2
05-27 22:03:56.384  4909  7653 W ExynosCamera3: [CAM_ID(0)][]-WARN(m_removeFrameFromList[3010]):frame count mismatch: expected(128), current(0)
05-27 22:03:56.451  7470  7625 D gralloc : gralloc_lock_ycbcr success. format : 11, usage: 3, ycbcr.y: 0xacb19000, .cb: 0xacb64001, .cr: 0xacb64000, .ystride: 640 , .cstride: 640, .chroma_step: 2
05-27 22:03:56.451  4909  7653 W ExynosCamera3: [CAM_ID(0)][]-WARN(m_removeFrameFromList[3010]):frame count mismatch: expected(129), current(0)
05-27 22:03:56.484  7470  7625 D gralloc : gralloc_lock_ycbcr success. format : 11, usage: 3, ycbcr.y: 0xaa22a000, .cb: 0xaa275001, .cr: 0xaa275000, .ystride: 640 , .cstride: 640, .chroma_step: 2
05-27 22:03:56.484  4909  7653 W ExynosCamera3: [CAM_ID(0)][]-WARN(m_removeFrameFromList[3010]):frame count mismatch: expected(130), current(0)
05-27 22:03:56.505  5220  6118 I EDMNativeHelperService: isCameraEnabled
05-27 22:03:56.551  7470  7625 D gralloc : gralloc_lock_ycbcr success. format : 11, usage: 3, ycbcr.y: 0xae544000, .cb: 0xae58f001, .cr: 0xae58f000, .ystride: 640 , .cstride: 640, .chroma_step: 2
05-27 22:03:56.551  4909  7653 W ExynosCamera3: [CAM_ID(0)][]-WARN(m_removeFrameFromList[3010]):frame count mismatch: expected(131), current(0)
05-27 22:03:56.584  7470  7625 D gralloc : gralloc_lock_ycbcr success. format : 11, usage: 3, ycbcr.y: 0xaea2e000, .cb: 0xaea79001, .cr: 0xaea79000, .ystride: 640 , .cstride: 640, .chroma_step: 2
05-27 22:03:56.584  4909  7653 W ExynosCamera3: [CAM_ID(0)][]-WARN(m_removeFrameFromList[3010]):frame count mismatch: expected(132), current(0)
05-27 22:03:56.595  5220  5865 D WifiStateMachine: Current network is: "Souza01" , ID is: 0
05-27 22:03:56.596  5220  5865 D WifiStateMachine: 24GHz mQnsLowerRssiThreshold is recovered, currentRssi = -36
05-27 22:03:56.651  7470  7625 D gralloc : gralloc_lock_ycbcr success. format : 11, usage: 3, ycbcr.y: 0xae6be000, .cb: 0xae709001, .cr: 0xae709000, .ystride: 640 , .cstride: 640, .chroma_step: 2
05-27 22:03:56.651  4909  7653 W ExynosCamera3: [CAM_ID(0)][]-WARN(m_removeFrameFromList[3010]):frame count mismatch: expected(133), current(0)
05-27 22:03:56.686  4909  7653 W ExynosCamera3: [CAM_ID(0)][]-WARN(m_removeFrameFromList[3010]):frame count mismatch: expected(134), current(0)
05-27 22:03:56.687  7470  7625 D gralloc : gralloc_lock_ycbcr success. format : 11, usage: 3, ycbcr.y: 0xad1e2000, .cb: 0xad22d001, .cr: 0xad22d000, .ystride: 640 , .cstride: 640, .chroma_step: 2
05-27 22:03:56.751  7470  7625 D gralloc : gralloc_lock_ycbcr success. format : 11, usage: 3, ycbcr.y: 0xacdf2000, .cb: 0xace3d001, .cr: 0xace3d000, .ystride: 640 , .cstride: 640, .chroma_step: 2
05-27 22:03:56.752  4909  7653 W ExynosCamera3: [CAM_ID(0)][]-WARN(m_removeFrameFromList[3010]):frame count mismatch: expected(135), current(0)
05-27 22:03:56.784  7470  7625 D gralloc : gralloc_lock_ycbcr success. format : 11, usage: 3, ycbcr.y: 0xac7a9000, .cb: 0xac7f4001, .cr: 0xac7f4000, .ystride: 640 , .cstride: 640, .chroma_step: 2
05-27 22:03:56.784  4909  7653 W ExynosCamera3: [CAM_ID(0)][]-WARN(m_removeFrameFromList[3010]):frame count mismatch: expected(136), current(0)
05-27 22:03:56.850  7470  7625 D gralloc : gralloc_lock_ycbcr success. format : 11, usage: 3, ycbcr.y: 0xc8107000, .cb: 0xc8152001, .cr: 0xc8152000, .ystride: 640 , .cstride: 640, .chroma_step: 2
05-27 22:03:56.851  4909  7653 W ExynosCamera3: [CAM_ID(0)][]-WARN(m_removeFrameFromList[3010]):frame count mismatch: expected(137), current(0)
05-27 22:03:56.883  7470  7625 D gralloc : gralloc_lock_ycbcr success. format : 11, usage: 3, ycbcr.y: 0xac439000, .cb: 0xac484001, .cr: 0xac484000, .ystride: 640 , .cstride: 640, .chroma_step: 2
05-27 22:03:56.883  4909  7653 W ExynosCamera3: [CAM_ID(0)][]-WARN(m_removeFrameFromList[3010]):frame count mismatch: expected(138), current(0)
05-27 22:03:56.950  7470  7625 D gralloc : gralloc_lock_ycbcr success. format : 11, usage: 3, ycbcr.y: 0xab790000, .cb: 0xab7db001, .cr: 0xab7db000, .ystride: 640 , .cstride: 640, .chroma_step: 2
05-27 22:03:56.950  4909  7653 W ExynosCamera3: [CAM_ID(0)][]-WARN(m_removeFrameFromList[3010]):frame count mismatch: expected(139), current(0)
05-27 22:03:56.984  7470  7625 D gralloc : gralloc_lock_ycbcr success. format : 11, usage: 3, ycbcr.y: 0xb48ff000, .cb: 0xb494a001, .cr: 0xb494a000, .ystride: 640 , .cstride: 640, .chroma_step: 2
05-27 22:03:56.984  4909  7653 W ExynosCamera3: [CAM_ID(0)][]-WARN(m_removeFrameFromList[3010]):frame count mismatch: expected(140), current(0)
05-27 22:03:57.051  7470  7625 D gralloc : gralloc_lock_ycbcr success. format : 11, usage: 3, ycbcr.y: 0xb478e000, .cb: 0xb47d9001, .cr: 0xb47d9000, .ystride: 640 , .cstride: 640, .chroma_step: 2
05-27 22:03:57.051  4909  7653 W ExynosCamera3: [CAM_ID(0)][]-WARN(m_removeFrameFromList[3010]):frame count mismatch: expected(141), current(0)
05-27 22:03:57.084  7470  7625 D gralloc : gralloc_lock_ycbcr success. format : 11, usage: 3, ycbcr.y: 0xab71f000, .cb: 0xab76a001, .cr: 0xab76a000, .ystride: 640 , .cstride: 640, .chroma_step: 2
05-27 22:03:57.084  4909  7653 W ExynosCamera3: [CAM_ID(0)][]-WARN(m_removeFrameFromList[3010]):frame count mismatch: expected(142), current(0)
05-27 22:03:57.150  7470  7625 D gralloc : gralloc_lock_ycbcr success. format : 11, usage: 3, ycbcr.y: 0xab6ae000, .cb: 0xab6f9001, .cr: 0xab6f9000, .ystride: 640 , .cstride: 640, .chroma_step: 2
05-27 22:03:57.151  4909  7653 W ExynosCamera3: [CAM_ID(0)][]-WARN(m_removeFrameFromList[3010]):frame count mismatch: expected(143), current(0)
05-27 22:03:57.183  7470  7625 D gralloc : gralloc_lock_ycbcr success. format : 11, usage: 3, ycbcr.y: 0xab63d000, .cb: 0xab688001, .cr: 0xab688000, .ystride: 640 , .cstride: 640, .chroma_step: 2
05-27 22:03:57.184  4909  7653 W ExynosCamera3: [CAM_ID(0)][]-WARN(m_removeFrameFromList[3010]):frame count mismatch: expected(144), current(0)
05-27 22:03:57.251  7470  7625 D gralloc : gralloc_lock_ycbcr success. format : 11, usage: 3, ycbcr.y: 0xaa37d000, .cb: 0xaa3c8001, .cr: 0xaa3c8000, .ystride: 640 , .cstride: 640, .chroma_step: 2
05-27 22:03:57.251  4909  7653 W ExynosCamera3: [CAM_ID(0)][]-WARN(m_removeFrameFromList[3010]):frame count mismatch: expected(145), current(0)
05-27 22:03:57.283  5220  9498 D SSRM:k  : SIOP:: AP = 460, PST = 388 (W:6), CP = 314, CUR = -275, LCD = 108
05-27 22:03:57.285  7470  7625 D gralloc : gralloc_lock_ycbcr success. format : 11, usage: 3, ycbcr.y: 0xaa30c000, .cb: 0xaa357001, .cr: 0xaa357000, .ystride: 640 , .cstride: 640, .chroma_step: 2
05-27 22:03:57.285  4909  7653 W ExynosCamera3: [CAM_ID(0)][]-WARN(m_removeFrameFromList[3010]):frame count mismatch: expected(146), current(0)
05-27 22:03:57.285  7688  7688 I FIPS_bssl: FIPS (v1.1) approved mode (1) | 7688 | ps
05-27 22:03:57.289  6472  6472 D io_stats: !@   8,0 r 770262 38029872 w 906997 28005356 d 94637 31170564 f 303789 303718 iot 888820 689916 th 200800 0 0 pt 0 inp 0 0 71428.813
05-27 22:03:57.352  7470  7625 D gralloc : gralloc_lock_ycbcr success. format : 11, usage: 3, ycbcr.y: 0xaa29b000, .cb: 0xaa2e6001, .cr: 0xaa2e6000, .ystride: 640 , .cstride: 640, .chroma_step: 2
05-27 22:03:57.353  4909  7653 W ExynosCamera3: [CAM_ID(0)][]-WARN(m_removeFrameFromList[3010]):frame count mismatch: expected(147), current(0)
05-27 22:03:57.388  7470  7625 D gralloc : gralloc_lock_ycbcr success. format : 11, usage: 3, ycbcr.y: 0xacb19000, .cb: 0xacb64001, .cr: 0xacb64000, .ystride: 640 , .cstride: 640, .chroma_step: 2
05-27 22:03:57.389  4909  7653 W ExynosCamera3: [CAM_ID(0)][]-WARN(m_removeFrameFromList[3010]):frame count mismatch: expected(148), current(0)
05-27 22:03:57.451  7470  7625 D gralloc : gralloc_lock_ycbcr success. format : 11, usage: 3, ycbcr.y: 0xaa22a000, .cb: 0xaa275001, .cr: 0xaa275000, .ystride: 640 , .cstride: 640, .chroma_step: 2
05-27 22:03:57.451  4909  7653 W ExynosCamera3: [CAM_ID(0)][]-WARN(m_removeFrameFromList[3010]):frame count mismatch: expected(149), current(0)
05-27 22:03:57.483  7470  7625 D gralloc : gralloc_lock_ycbcr success. format : 11, usage: 3, ycbcr.y: 0xae544000, .cb: 0xae58f001, .cr: 0xae58f000, .ystride: 640 , .cstride: 640, .chroma_step: 2
05-27 22:03:57.483  4909  7653 W ExynosCamera3: [CAM_ID(0)][]-WARN(m_removeFrameFromList[3010]):frame count mismatch: expected(150), current(0)
05-27 22:03:57.508  5220 13507 I EDMNativeHelperService: isCameraEnabled
05-27 22:03:57.550  7470  7625 D gralloc : gralloc_lock_ycbcr success. format : 11, usage: 3, ycbcr.y: 0xaea2e000, .cb: 0xaea79001, .cr: 0xaea79000, .ystride: 640 , .cstride: 640, .chroma_step: 2
05-27 22:03:57.551  4909  7653 W ExynosCamera3: [CAM_ID(0)][]-WARN(m_removeFrameFromList[3010]):frame count mismatch: expected(151), current(0)
05-27 22:03:57.583  7470  7625 D gralloc : gralloc_lock_ycbcr success. format : 11, usage: 3, ycbcr.y: 0xae6be000, .cb: 0xae709001, .cr: 0xae709000, .ystride: 640 , .cstride: 640, .chroma_step: 2
05-27 22:03:57.583  4909  7653 W ExynosCamera3: [CAM_ID(0)][]-WARN(m_removeFrameFromList[3010]):frame count mismatch: expected(152), current(0)
05-27 22:03:57.616  5220  5272 I art     : Starting a blocking GC Explicit
05-27 22:03:57.650  7470  7625 D gralloc : gralloc_lock_ycbcr success. format : 11, usage: 3, ycbcr.y: 0xad1e2000, .cb: 0xad22d001, .cr: 0xad22d000, .ystride: 640 , .cstride: 640, .chroma_step: 2
05-27 22:03:57.650  4909  7653 W ExynosCamera3: [CAM_ID(0)][]-WARN(m_removeFrameFromList[3010]):frame count mismatch: expected(153), current(0)
05-27 22:03:57.683  7470  7625 D gralloc : gralloc_lock_ycbcr success. format : 11, usage: 3, ycbcr.y: 0xacdf2000, .cb: 0xace3d001, .cr: 0xace3d000, .ystride: 640 , .cstride: 640, .chroma_step: 2
05-27 22:03:57.683  4909  7653 W ExynosCamera3: [CAM_ID(0)][]-WARN(m_removeFrameFromList[3010]):frame count mismatch: expected(154), current(0)
05-27 22:03:57.750  7470  7625 D gralloc : gralloc_lock_ycbcr success. format : 11, usage: 3, ycbcr.y: 0xac7a9000, .cb: 0xac7f4001, .cr: 0xac7f4000, .ystride: 640 , .cstride: 640, .chroma_step: 2
05-27 22:03:57.751  4909  7653 W ExynosCamera3: [CAM_ID(0)][]-WARN(m_removeFrameFromList[3010]):frame count mismatch: expected(155), current(0)
