05-27 22:03:51.549  7470  7625 D gralloc : gralloc_lock_ycbcr success. format : 11, usage: 3, ycbcr.y: 0xb478e000, .cb: 0xb47d9001, .cr: 0xb47d9000, .ystride: 640 , .cstride: 640, .chroma_step: 2
05-27 22:03:51.550  4909  7653 W ExynosCamera3: [CAM_ID(0)][]-WARN(m_removeFrameFromList[3010]):frame count mismatch: expected(31), current(0)
05-27 22:03:51.583  7470  7625 D gralloc : gralloc_lock_ycbcr success. format : 11, usage: 3, ycbcr.y: 0xab71f000, .cb: 0xab76a001, .cr: 0xab76a000, .ystride: 640 , .cstride: 640, .chroma_step: 2
05-27 22:03:51.583  4909  7653 W ExynosCamera3: [CAM_ID(0)][]-WARN(m_removeFrameFromList[3010]):frame count mismatch: expected(32), current(0)
05-27 22:03:51.632  7660  7660 I FIPS_bssl: FIPS (v1.1) approved mode (1) | 7660 | ps
05-27 22:03:51.650  7470  7625 D gralloc : gralloc_lock_ycbcr success. format : 11, usage: 3, ycbcr.y: 0xab6ae000, .cb: 0xab6f9001, .cr: 0xab6f9000, .ystride: 640 , .cstride: 640, .chroma_step: 2
05-27 22:03:51.651  4909  7653 W ExynosCamera3: [CAM_ID(0)][]-WARN(m_removeFrameFromList[3010]):frame count mismatch: expected(33), current(0)
05-27 22:03:51.683  7470  7625 D gralloc : gralloc_lock_ycbcr success. format : 11, usage: 3, ycbcr.y: 0xab63d000, .cb: 0xab688001, .cr: 0xab688000, .ystride: 640 , .cstride: 640, .chroma_step: 2
05-27 22:03:51.683  4909  7653 W ExynosCamera3: [CAM_ID(0)][]-WARN(m_removeFrameFromList[3010]):frame count mismatch: expected(34), current(0)
05-27 22:03:51.749  7470  7625 D gralloc : gralloc_lock_ycbcr success. format : 11, usage: 3, ycbcr.y: 0xaa37d000, .cb: 0xaa3c8001, .cr: 0xaa3c8000, .ystride: 640 , .cstride: 640, .chroma_step: 2
05-27 22:03:51.749  4909  7653 W ExynosCamera3: [CAM_ID(0)][]-WARN(m_removeFrameFromList[3010]):frame count mismatch: expected(35), current(0)
05-27 22:03:51.782  7470  7625 D gralloc : gralloc_lock_ycbcr success. format : 11, usage: 3, ycbcr.y: 0xaa30c000, .cb: 0xaa357001, .cr: 0xaa357000, .ystride: 640 , .cstride: 640, .chroma_step: 2
05-27 22:03:51.782  4909  7653 W ExynosCamera3: [CAM_ID(0)][]-WARN(m_removeFrameFromList[3010]):frame count mismatch: expected(36), current(0)
05-27 22:03:51.848  7470  7625 D gralloc : gralloc_lock_ycbcr success. format : 11, usage: 3, ycbcr.y: 0xaa29b000, .cb: 0xaa2e6001, .cr: 0xaa2e6000, .ystride: 640 , .cstride: 640, .chroma_step: 2
05-27 22:03:51.849  4909  7653 W ExynosCamera3: [CAM_ID(0)][]-WARN(m_removeFrameFromList[3010]):frame count mismatch: expected(37), current(0)
05-27 22:03:51.884  7470  7625 D gralloc : gralloc_lock_ycbcr success. format : 11, usage: 3, ycbcr.y: 0xaa22a000, .cb: 0xaa275001, .cr: 0xaa275000, .ystride: 640 , .cstride: 640, .chroma_step: 2
05-27 22:03:51.884  4909  7653 W ExynosCamera3: [CAM_ID(0)][]-WARN(m_removeFrameFromList[3010]):frame count mismatch: expected(38), current(0)
05-27 22:03:51.949  7470  7625 D gralloc : gralloc_lock_ycbcr success. format : 11, usage: 3, ycbcr.y: 0xae544000, .cb: 0xae58f001, .cr: 0xae58f000, .ystride: 640 , .cstride: 640, .chroma_step: 2
05-27 22:03:51.949  4909  7653 W ExynosCamera3: [CAM_ID(0)][]-WARN(m_removeFrameFromList[3010]):frame count mismatch: expected(39), current(0)
05-27 22:03:51.982  7470  7625 D gralloc : gralloc_lock_ycbcr success. format : 11, usage: 3, ycbcr.y: 0xaea2e000, .cb: 0xaea79001, .cr: 0xaea79000, .ystride: 640 , .cstride: 640, .chroma_step: 2
05-27 22:03:51.982  4909  7653 W ExynosCamera3: [CAM_ID(0)][]-WARN(m_removeFrameFromList[3010]):frame count mismatch: expected(40), current(0)
05-27 22:03:52.049  7470  7625 D gralloc : gralloc_lock_ycbcr success. format : 11, usage: 3, ycbcr.y: 0xae6be000, .cb: 0xae709001, .cr: 0xae709000, .ystride: 640 , .cstride: 640, .chroma_step: 2
05-27 22:03:52.049  4909  7653 W ExynosCamera3: [CAM_ID(0)][]-WARN(m_removeFrameFromList[3010]):frame count mismatch: expected(41), current(0)
05-27 22:03:52.083  4909  7653 W ExynosCamera3: [CAM_ID(0)][]-WARN(m_removeFrameFromList[3010]):frame count mismatch: expected(42), current(0)
05-27 22:03:52.085  7470  7625 D gralloc : gralloc_lock_ycbcr success. format : 11, usage: 3, ycbcr.y: 0xacb19000, .cb: 0xacb64001, .cr: 0xacb64000, .ystride: 640 , .cstride: 640, .chroma_step: 2
05-27 22:03:52.149  7470  7625 D gralloc : gralloc_lock_ycbcr success. format : 11, usage: 3, ycbcr.y: 0xad1e2000, .cb: 0xad22d001, .cr: 0xad22d000, .ystride: 640 , .cstride: 640, .chroma_step: 2
05-27 22:03:52.149  4909  7653 W ExynosCamera3: [CAM_ID(0)][]-WARN(m_removeFrameFromList[3010]):frame count mismatch: expected(43), current(0)
05-27 22:03:52.183  7470  7625 D gralloc : gralloc_lock_ycbcr success. format : 11, usage: 3, ycbcr.y: 0xacdf2000, .cb: 0xace3d001, .cr: 0xace3d000, .ystride: 640 , .cstride: 640, .chroma_step: 2
05-27 22:03:52.183  4909  7653 W ExynosCamera3: [CAM_ID(0)][]-WARN(m_removeFrameFromList[3010]):frame count mismatch: expected(44), current(0)
05-27 22:03:52.250  7470  7625 D gralloc : gralloc_lock_ycbcr success. format : 11, usage: 3, ycbcr.y: 0xac7a9000, .cb: 0xac7f4001, .cr: 0xac7f4000, .ystride: 640 , .cstride: 640, .chroma_step: 2
05-27 22:03:52.250  4909  7653 W ExynosCamera3: [CAM_ID(0)][]-WARN(m_removeFrameFromList[3010]):frame count mismatch: expected(45), current(0)
05-27 22:03:52.283  7470  7625 D gralloc : gralloc_lock_ycbcr success. format : 11, usage: 3, ycbcr.y: 0xac439000, .cb: 0xac484001, .cr: 0xac484000, .ystride: 640 , .cstride: 640, .chroma_step: 2
05-27 22:03:52.283  4909  7653 W ExynosCamera3: [CAM_ID(0)][]-WARN(m_removeFrameFromList[3010]):frame count mismatch: expected(46), current(0)
05-27 22:03:52.287  6472  6472 D io_stats: !@   8,0 r 769476 37995196 w 906981 28005180 d 94636 31170440 f 303788 303717 iot 888490 689792 th 196736 0 0 pt 0 inp 0 0 71423.810
05-27 22:03:52.350  7470  7625 D gralloc : gralloc_lock_ycbcr success. format : 11, usage: 3, ycbcr.y: 0xab790000, .cb: 0xab7db001, .cr: 0xab7db000, .ystride: 640 , .cstride: 640, .chroma_step: 2
05-27 22:03:52.350  4909  7653 W ExynosCamera3: [CAM_ID(0)][]-WARN(m_removeFrameFromList[3010]):frame count mismatch: expected(47), current(0)
05-27 22:03:52.383  7470  7625 D gralloc : gralloc_lock_ycbcr success. format : 11, usage: 3, ycbcr.y: 0xb48ff000, .cb: 0xb494a001, .cr: 0xb494a000, .ystride: 640 , .cstride: 640, .chroma_step: 2
05-27 22:03:52.384  4909  7653 W ExynosCamera3: [CAM_ID(0)][]-WARN(m_removeFrameFromList[3010]):frame count mismatch: expected(48), current(0)
05-27 22:03:52.450  7470  7625 D gralloc : gralloc_lock_ycbcr success. format : 11, usage: 3, ycbcr.y: 0xb478e000, .cb: 0xb47d9001, .cr: 0xb47d9000, .ystride: 640 , .cstride: 640, .chroma_step: 2
05-27 22:03:52.450  4909  7653 W ExynosCamera3: [CAM_ID(0)][]-WARN(m_removeFrameFromList[3010]):frame count mismatch: expected(49), current(0)
05-27 22:03:52.483  7470  7625 D gralloc : gralloc_lock_ycbcr success. format : 11, usage: 3, ycbcr.y: 0xab71f000, .cb: 0xab76a001, .cr: 0xab76a000, .ystride: 640 , .cstride: 640, .chroma_step: 2
05-27 22:03:52.483  4909  7653 W ExynosCamera3: [CAM_ID(0)][]-WARN(m_removeFrameFromList[3010]):frame count mismatch: expected(50), current(0)
05-27 22:03:52.497  5220 23773 I EDMNativeHelperService: isCameraEnabled
05-27 22:03:52.550  7470  7625 D gralloc : gralloc_lock_ycbcr success. format : 11, usage: 3, ycbcr.y: 0xab6ae000, .cb: 0xab6f9001, .cr: 0xab6f9000, .ystride: 640 , .cstride: 640, .chroma_step: 2
05-27 22:03:52.550  4909  7653 W ExynosCamera3: [CAM_ID(0)][]-WARN(m_removeFrameFromList[3010]):frame count mismatch: expected(51), current(0)
05-27 22:03:52.583  7470  7625 D gralloc : gralloc_lock_ycbcr success. format : 11, usage: 3, ycbcr.y: 0xab63d000, .cb: 0xab688001, .cr: 0xab688000, .ystride: 640 , .cstride: 640, .chroma_step: 2
05-27 22:03:52.584  4909  7653 W ExynosCamera3: [CAM_ID(0)][]-WARN(m_removeFrameFromList[3010]):frame count mismatch: expected(52), current(0)
05-27 22:03:52.650  7470  7625 D gralloc : gralloc_lock_ycbcr success. format : 11, usage: 3, ycbcr.y: 0xaa37d000, .cb: 0xaa3c8001, .cr: 0xaa3c8000, .ystride: 640 , .cstride: 640, .chroma_step: 2
05-27 22:03:52.651  4909  7653 W ExynosCamera3: [CAM_ID(0)][]-WARN(m_removeFrameFromList[3010]):frame count mismatch: expected(53), current(0)
05-27 22:03:52.684  7470  7625 D gralloc : gralloc_lock_ycbcr success. format : 11, usage: 3, ycbcr.y: 0xaa30c000, .cb: 0xaa357001, .cr: 0xaa357000, .ystride: 640 , .cstride: 640, .chroma_step: 2
05-27 22:03:52.684  4909  7653 W ExynosCamera3: [CAM_ID(0)][]-WARN(m_removeFrameFromList[3010]):frame count mismatch: expected(54), current(0)
05-27 22:03:52.751  7470  7625 D gralloc : gralloc_lock_ycbcr success. format : 11, usage: 3, ycbcr.y: 0xaa29b000, .cb: 0xaa2e6001, .cr: 0xaa2e6000, .ystride: 640 , .cstride: 640, .chroma_step: 2
05-27 22:03:52.751  4909  7653 W ExynosCamera3: [CAM_ID(0)][]-WARN(m_removeFrameFromList[3010]):frame count mismatch: expected(55), current(0)
05-27 22:03:52.763  7662  7662 I FIPS_bssl: FIPS (v1.1) approved mode (1) | 7662 | ps
05-27 22:03:52.784  7470  7625 D gralloc : gralloc_lock_ycbcr success. format : 11, usage: 3, ycbcr.y: 0xaa22a000, .cb: 0xaa275001, .cr: 0xaa275000, .ystride: 640 , .cstride: 640, .chroma_step: 2
05-27 22:03:52.785  4909  7653 W ExynosCamera3: [CAM_ID(0)][]-WARN(m_removeFrameFromList[3010]):frame count mismatch: expected(56), current(0)
05-27 22:03:52.850  7470  7625 D gralloc : gralloc_lock_ycbcr success. format : 11, usage: 3, ycbcr.y: 0xae544000, .cb: 0xae58f001, .cr: 0xae58f000, .ystride: 640 , .cstride: 640, .chroma_step: 2
05-27 22:03:52.850  4909  7653 W ExynosCamera3: [CAM_ID(0)][]-WARN(m_removeFrameFromList[3010]):frame count mismatch: expected(57), current(0)
05-27 22:03:52.883  7470  7625 D gralloc : gralloc_lock_ycbcr success. format : 11, usage: 3, ycbcr.y: 0xaea2e000, .cb: 0xaea79001, .cr: 0xaea79000, .ystride: 640 , .cstride: 640, .chroma_step: 2
05-27 22:03:52.883  4909  7653 W ExynosCamera3: [CAM_ID(0)][]-WARN(m_removeFrameFromList[3010]):frame count mismatch: expected(58), current(0)
05-27 22:03:52.950  7470  7625 D gralloc : gralloc_lock_ycbcr success. format : 11, usage: 3, ycbcr.y: 0xae6be000, .cb: 0xae709001, .cr: 0xae709000, .ystride: 640 , .cstride: 640, .chroma_step: 2
05-27 22:03:52.951  4909  7653 W ExynosCamera3: [CAM_ID(0)][]-WARN(m_removeFrameFromList[3010]):frame count mismatch: expected(59), current(0)
05-27 22:03:52.984  7470  7625 D gralloc : gralloc_lock_ycbcr success. format : 11, usage: 3, ycbcr.y: 0xacb19000, .cb: 0xacb64001, .cr: 0xacb64000, .ystride: 640 , .cstride: 640, .chroma_step: 2
05-27 22:03:52.984  4909  7653 W ExynosCamera3: [CAM_ID(0)][]-WARN(m_removeFrameFromList[3010]):frame count mismatch: expected(60), current(0)
05-27 22:03:53.051  7470  7625 D gralloc : gralloc_lock_ycbcr success. format : 11, usage: 3, ycbcr.y: 0xad1e2000, .cb: 0xad22d001, .cr: 0xad22d000, .ystride: 640 , .cstride: 640, .chroma_step: 2
05-27 22:03:53.051  4909  7653 W ExynosCamera3: [CAM_ID(0)][]-WARN(m_removeFrameFromList[3010]):frame count mismatch: expected(61), current(0)
05-27 22:03:53.084  7470  7625 D gralloc : gralloc_lock_ycbcr success. format : 11, usage: 3, ycbcr.y: 0xacdf2000, .cb: 0xace3d001, .cr: 0xace3d000, .ystride: 640 , .cstride: 640, .chroma_step: 2
05-27 22:03:53.084  4909  7653 W ExynosCamera3: [CAM_ID(0)][]-WARN(m_removeFrameFromList[3010]):frame count mismatch: expected(62), current(0)
05-27 22:03:53.151  7470  7625 D gralloc : gralloc_lock_ycbcr success. format : 11, usage: 3, ycbcr.y: 0xac7a9000, .cb: 0xac7f4001, .cr: 0xac7f4000, .ystride: 640 , .cstride: 640, .chroma_step: 2
05-27 22:03:53.151  4909  7653 W ExynosCamera3: [CAM_ID(0)][]-WARN(m_removeFrameFromList[3010]):frame count mismatch: expected(63), current(0)
05-27 22:03:53.184  7470  7625 D gralloc : gralloc_lock_ycbcr success. format : 11, usage: 3, ycbcr.y: 0xac439000, .cb: 0xac484001, .cr: 0xac484000, .ystride: 640 , .cstride: 640, .chroma_step: 2
05-27 22:03:53.185  4909  7653 W ExynosCamera3: [CAM_ID(0)][]-WARN(m_removeFrameFromList[3010]):frame count mismatch: expected(64), current(0)
05-27 22:03:53.250  7470  7625 D gralloc : gralloc_lock_ycbcr success. format : 11, usage: 3, ycbcr.y: 0xab790000, .cb: 0xab7db001, .cr: 0xab7db000, .ystride: 640 , .cstride: 640, .chroma_step: 2
05-27 22:03:53.251  4909  7653 W ExynosCamera3: [CAM_ID(0)][]-WARN(m_removeFrameFromList[3010]):frame count mismatch: expected(65), current(0)
05-27 22:03:53.284  7470  7625 D gralloc : gralloc_lock_ycbcr success. format : 11, usage: 3, ycbcr.y: 0xb48ff000, .cb: 0xb494a001, .cr: 0xb494a000, .ystride: 640 , .cstride: 640, .chroma_step: 2
05-27 22:03:53.284  4909  7653 W ExynosCamera3: [CAM_ID(0)][]-WARN(m_removeFrameFromList[3010]):frame count mismatch: expected(66), current(0)
05-27 22:03:53.351  7470  7625 D gralloc : gralloc_lock_ycbcr success. format : 11, usage: 3, ycbcr.y: 0xb478e000, .cb: 0xb47d9001, .cr: 0xb47d9000, .ystride: 640 , .cstride: 640, .chroma_step: 2
05-27 22:03:53.351  4909  7653 W ExynosCamera3: [CAM_ID(0)][]-WARN(m_removeFrameFromList[3010]):frame count mismatch: expected(67), current(0)
05-27 22:03:53.385  4909  7653 W ExynosCamera3: [CAM_ID(0)][]-WARN(m_removeFrameFromList[3010]):frame count mismatch: expected(68), current(0)
05-27 22:03:53.386  7470  7625 D gralloc : gralloc_lock_ycbcr success. format : 11, usage: 3, ycbcr.y: 0xab71f000, .cb: 0xab76a001, .cr: 0xab76a000, .ystride: 640 , .cstride: 640, .chroma_step: 2
05-27 22:03:53.436  4773  4844 D Sensorhubs: readContextData: 1, 1, 7, 1
05-27 22:03:53.437  5220  5633 D SensorHubManager: onGetSensorHubDataLocked: library(4) = 1, 1, 7, 1
05-27 22:03:53.439  5220  5632 D CAE     : onGetSensorHubData(SensorHubParserProvider.java:92) - onGetSensorHubData Event [event buffer len :4], AP_WAKEUP
05-27 22:03:53.440  5220  5632 I CAE     : parse(SensorHubParserProvider.java:189) - buffer size = 4
05-27 22:03:53.441  5220  5632 I CAE     : parse(SensorHubParserProvider.java:200) - 1, 1, 7, 1,
05-27 22:03:53.443  5220  5632 D CAE     : display(ContextProvider.java:375) - ================= AUTO_ROTATION =================
05-27 22:03:53.444  5220  5632 I CAE     : display(ContextProvider.java:391) - Angle=[1]
05-27 22:03:53.449  5220  5635 D SemContextService: updateContext() : event = Auto Rotation
05-27 22:03:53.449  5220  5220 D SemContextManager: onSemContextChanged() : event = Auto Rotation Angle : 1
05-27 22:03:53.450  5220  5220 D SContextManager: onSContextChanged() : event = Auto Rotation Angle : 1
05-27 22:03:53.450  5220  5220 V WindowOrientationListener: OrientationSensorJudge.onSContextChanged, Rotation: 1
05-27 22:03:53.452  5220  5247 V WindowOrientationListener: OrientationSensorJudge.getProposedRotation, Rotation: 1
05-27 22:03:53.452  5220  5247 V WindowOrientationListener: OrientationSensorJudge.getProposedRotation, Rotation: 1
05-27 22:03:53.452  5220  5247 V WindowManager: rotationForOrientationLw(orient=4, last=0); user=0  sensorRotation=1 mLidState=-1 mDockMode=0 mHdmiPlugged=false
05-27 22:03:53.452  5220  5247 D SamsungPhoneWindowManager: setRotationLw() : rotation=1
05-27 22:03:53.453  5220  5247 D SamsungPhoneWindowManager: semDvfsWakeupBooster.acquire()
05-27 22:03:53.454  4909  7653 W ExynosCamera3: [CAM_ID(0)][]-WARN(m_removeFrameFromList[3010]):frame count mismatch: expected(69), current(0)
05-27 22:03:53.454  7470  7625 D gralloc : gralloc_lock_ycbcr success. format : 11, usage: 3, ycbcr.y: 0xab6ae000, .cb: 0xab6f9001, .cr: 0xab6f9000, .ystride: 640 , .cstride: 640, .chroma_step: 2
05-27 22:03:53.472  5220  5247 D CustomFrequencyManagerService: acquireDVFSLockLocked : type : DVFS_MIN_LIMIT  frequency : 2600000  uid : 1000  pid : 5220  pkgName : PWM_ROTATION@CPU_MIN@53
05-27 22:03:53.486  7470  7625 D gralloc : gralloc_lock_ycbcr success. format : 11, usage: 3, ycbcr.y: 0xab63d000, .cb: 0xab688001, .cr: 0xab688000, .ystride: 640 , .cstride: 640, .chroma_step: 2
05-27 22:03:53.486  4909  7653 W ExynosCamera3: [CAM_ID(0)][]-WARN(m_removeFrameFromList[3010]):frame count mismatch: expected(70), current(0)
05-27 22:03:53.500  5220  7529 I EDMNativeHelperService: isCameraEnabled
05-27 22:03:53.547 22659 22687 I ReschedulableTimer: [#CMH#] ReschedulableTimer started 
05-27 22:03:53.551  7470  7625 D gralloc : gralloc_lock_ycbcr success. format : 11, usage: 3, ycbcr.y: 0xaa37d000, .cb: 0xaa3c8001, .cr: 0xaa3c8000, .ystride: 640 , .cstride: 640, .chroma_step: 2
05-27 22:03:53.551  4909  7653 W ExynosCamera3: [CAM_ID(0)][]-WARN(m_removeFrameFromList[3010]):frame count mismatch: expected(71), current(0)
05-27 22:03:53.555 22659 22687 I ControllerEventHandler: [#CMH#] nonJustShotRunningPossible pendingCount 0
05-27 22:03:53.560 22659 22687 I ControllerEventHandler: [#CMH#] nonJustShotRunningPossible pendingCount 0
05-27 22:03:53.584  5220  5865 D WifiStateMachine: Current network is: "Souza01" , ID is: 0
05-27 22:03:53.584  5220  5865 D WifiStateMachine: 24GHz mQnsLowerRssiThreshold is recovered, currentRssi = -36
05-27 22:03:53.586  5220  7664 D TspStateManagerInternal: update cmd=set_grip_data,2,1,40,10
05-27 22:03:53.587  7470  7625 D gralloc : gralloc_lock_ycbcr success. format : 11, usage: 3, ycbcr.y: 0xaa30c000, .cb: 0xaa357001, .cr: 0xaa357000, .ystride: 640 , .cstride: 640, .chroma_step: 2
05-27 22:03:53.587  4909  7653 W ExynosCamera3: [CAM_ID(0)][]-WARN(m_removeFrameFromList[3010]):frame count mismatch: expected(72), current(0)
05-27 22:03:53.587  5220  5247 D InputDispatcher: setInputDispatchMode: enabled=1, frozen=1
05-27 22:03:53.590  3186  3186 I SurfaceFlinger: id=4413 createSurf (1080x1920),2 flag=4, TcreenshotS
05-27 22:03:53.606  5220  5220 D GameManagerService: onDisplayChanged. displyId: 0
05-27 22:03:53.606  5220  5220 D GameManagerService: dpi: 420, longPixel: 1920, shortPixel: 1080
05-27 22:03:53.617  5998  5998 D KeyguardServiceBoxContainer: onDisplayChanged() id = 0, density = 420, current density = 420
05-27 22:03:53.623  3186  3186 I SurfaceFlinger: Disp[0] Orientation 0=>1
05-27 22:03:53.625  5220  5247 I ActivityManager: Config changes=480 {0 1.0 themeSeq = 0 showBtnBg = 0 724mcc10mnc [pt_BR] ldltr sw411dp w731dp h387dp 420dpi nrml long land finger -keyb/v/h -nav/h mkbd/h s.90}
05-27 22:03:53.640  3186  3186 D hwcutils: MppFactory::MppFactory()
05-27 22:03:53.640  3186  3186 D         : virtual LibMpp *MppFactory::CreateMpp(int, int, int, int) dev(4) mode(0) drm(0), 
05-27 22:03:53.640  3186  3186 D libexynosgscaler: LibMpp::LibMpp()
05-27 22:03:53.651  7470  7625 D gralloc : gralloc_lock_ycbcr success. format : 11, usage: 3, ycbcr.y: 0xaa29b000, .cb: 0xaa2e6001, .cr: 0xaa2e6000, .ystride: 640 , .cstride: 640, .chroma_step: 2
05-27 22:03:53.651  4909  7653 W ExynosCamera3: [CAM_ID(0)][]-WARN(m_removeFrameFromList[3010]):frame count mismatch: expected(73), current(0)
05-27 22:03:53.652  5220  5646 I InputReader: Reconfiguring input devices.  changes=0x00000004
05-27 22:03:53.652  5220  5646 I InputReader: Device reconfigured: id=4, name='sec_touchscreen', size 1080x1920, orientation 1, mode 1, display id 0
05-27 22:03:53.677  5220  5247 I SamsungPhoneWindowManager: setInitialDisplaySize - mMobileKeyboardHeight : 753
05-27 22:03:53.677  5220  5247 I SamsungPhoneWindowManager: setInitialDisplaySize - mMobileKeyboardHeight Changed: 564
05-27 22:03:53.722  4909  7653 W ExynosCamera3: [CAM_ID(0)][]-WARN(m_removeFrameFromList[3010]):frame count mismatch: expected(74), current(0)
05-27 22:03:53.733  4909  7640 D ExynosCameraBufferManager: [CAM_ID(0)][PREVIEW_CB_STREAM_BUF]-DEBUG(getIndexByHandle[3117]): assigned new buffer handle(0x0) Index(13)
05-27 22:03:53.733  4909  7640 D gralloc : gralloc_lock_ycbcr success. format : 11, usage: 20003, ycbcr.y: 0xe4d5b000, .cb: 0xe4da6001, .cr: 0xe4da6000, .ystride: 640 , .cstride: 640, .chroma_step: 2
05-27 22:03:53.736  7470  7625 D gralloc : gralloc_lock_ycbcr success. format : 11, usage: 3, ycbcr.y: 0xaa22a000, .cb: 0xaa275001, .cr: 0xaa275000, .ystride: 640 , .cstride: 640, .chroma_step: 2
05-27 22:03:53.743  6705  6705 W AODDeviceStateConfigurationObserver: update: can not find any propertyType : CONFIG
05-27 22:03:53.750  7470  7625 D gralloc : gralloc_lock_ycbcr success. format : 11, usage: 3, ycbcr.y: 0xae544000, .cb: 0xae58f001, .cr: 0xae58f000, .ystride: 640 , .cstride: 640, .chroma_step: 2
05-27 22:03:53.751  4909  7653 W ExynosCamera3: [CAM_ID(0)][]-WARN(m_removeFrameFromList[3010]):frame count mismatch: expected(75), current(0)
05-27 22:03:53.757  6580  6580 I NfcP2pEventManager: changeConfiguration() in NfcService
05-27 22:03:53.768  3186  3186 D libexynosgscaler: virtual CGscaler::~CGscaler()
05-27 22:03:53.768  3186  3186 D libexynosgscaler: virtual LibMpp::~LibMpp()
05-27 22:03:53.768  3186  3186 D         : virtual MppFactory::~MppFactory()
05-27 22:03:53.776  5220  5220 D Tethering: NAP Supported by CSCFeature and not Wifi Model
05-27 22:03:53.780  5998  6115 D vol.VolumeDialogControl: onReceive ACTION_CONFIGURATION_CHANGED
05-27 22:03:53.784  7470  7625 D gralloc : gralloc_lock_ycbcr success. format : 11, usage: 3, ycbcr.y: 0xaea2e000, .cb: 0xaea79001, .cr: 0xaea79000, .ystride: 640 , .cstride: 640, .chroma_step: 2
05-27 22:03:53.785  4909  7653 W ExynosCamera3: [CAM_ID(0)][]-WARN(m_removeFrameFromList[3010]):frame count mismatch: expected(76), current(0)
05-27 22:03:53.787  5220  5247 D WindowManager: set systemUiVisibility of statusbar : vis= 0x0
05-27 22:03:53.816  3186  3186 D hwcutils: MppFactory::MppFactory()
05-27 22:03:53.816  3186  3186 D         : virtual LibMpp *MppFactory::CreateMpp(int, int, int, int) dev(4) mode(0) drm(0), 
05-27 22:03:53.816  3186  3186 D libexynosgscaler: LibMpp::LibMpp()
05-27 22:03:53.824  7470  7470 D UE4     : LogAndroidEvents: EnqueueAppEvent : 2, 0, tid = 7470
05-27 22:03:53.827  7470  7490 D UE4     : [2018.05.28-01.03.53:827][286]LogAndroid: Window orientation changed: Landscape
05-27 22:03:53.827  5220  6262 V WindowManager: Relayout Window{ec38cfcd0 u0 SurfaceView - com.YourCompany.PokeAR/com.epicgames.ue4.GameActivity}: viewVisibility=0 req=1080x1920 WM.LayoutParams{(0,0)(1080x1920) gr=#800033 ty=1001 fl=#4218 pfl=0x10040 fmt=4 naviIconColor=0}
05-27 22:03:53.831  7470  7490 D UE4     : LogAndroidEvents: Display: DequeueAppEvent : 2, 0
05-27 22:03:53.831  7470  7490 D UE4     : 
05-27 22:03:53.831  7470  7490 D UE4     : [2018.05.28-01.03.53:831][286]LogAndroidEvents: Display: DequeueAppEvent : 2, 0
05-27 22:03:53.833  5220 27808 D WindowManager: finishDrawingWindow: Window{ec38cfcd0 u0 SurfaceView - com.YourCompany.PokeAR/com.epicgames.ue4.GameActivity} mDrawState=DRAW_PENDING
05-27 22:03:53.833  5220  5272 D KnoxTimeoutHandler: notifyActivityDrawn [MsgParam] userId: 0 fullscreen is true showWhenlocked is false isMutiwindowRecord is false multiwindowstyle is 1
05-27 22:03:53.842  7470  7470 D ViewRootImpl@2cadbe1[GameActivity]: MSG_RESIZED_REPORT: ci=Rect(0, 0 - 0, 0) vi=Rect(0, 0 - 0, 0) or=2
05-27 22:03:53.842  5972 19016 D TelephonyProvider: query: match = 1
05-27 22:03:53.850  7470  7490 D UE4     : AndroidEGL::ReInitWindow()
05-27 22:03:53.850  7470  7490 D UE4     : AndroidEGL::ReInit()
05-27 22:03:53.850  7470  7490 D UE4     : AndroidEGL::ResetDisplay()
05-27 22:03:53.850  7470  7490 D UE4     : AndroidEGL::InitSurface 0, 1
05-27 22:03:53.851  7470  7490 D UE4     : [2018.05.28-01.03.53:851][286]LogAndroid: Mobile HDR: no
05-27 22:03:53.851  7470  7490 D UE4     : [2018.05.28-01.03.53:851][286]LogAndroid: Setting Width=1280 and Height=720 (requested scale = 1.000000)
05-27 22:03:53.851  8573  8573 I CocktailBarPositionManager: onOrientationChanged position not dirty
05-27 22:03:53.851  7470  7490 D UE4     : [JAVA] - SetDesiredViewSize width=1280 and height=720
05-27 22:03:53.851  7470  7490 D UE4     : AndroidEGL::CreateEGLSurface() Already initialized: 0xe84906f0
05-27 22:03:53.852  7470  7625 D gralloc : gralloc_lock_ycbcr success. format : 11, usage: 3, ycbcr.y: 0xae6be000, .cb: 0xae709001, .cr: 0xae709000, .ystride: 640 , .cstride: 640, .chroma_step: 2
05-27 22:03:53.852  4909  7653 W ExynosCamera3: [CAM_ID(0)][]-WARN(m_removeFrameFromList[3010]):frame count mismatch: expected(77), current(0)
05-27 22:03:53.855  8573  8573 D PanelDescriptionView: updateHelpView: Aplicativos Edge2130903041 --> 2130903041 helpview reapplied0
05-27 22:03:53.856  8573  8573 D AbstractCocktailPanelView: setPanelVisible: CocktailPortraitRemotePanelView2 will be hidden: 6
05-27 22:03:53.856  8573  8573 D CocktailBarPanelVisibilityManager: updateActivePanelView:  vis=false screenOn=true onTransit=false -hide: 6 current Active: 6
05-27 22:03:53.856  8573  8573 E CocktailBarContainerView: updateContainerVisibility: 0
05-27 22:03:53.859  7470  7589 D UE4     : *** JavaEnvDestructor: 7589
05-27 22:03:53.859  8573  8573 D CocktailFeedsRemotePanel: updateConfiguration: invalid on non wake up 1
05-27 22:03:53.859  8573  8573 D CocktailBarUiController: onConfigurationChanged : orientation = true densityDpi = false
05-27 22:03:53.860  7470  7588 D UE4     : AndroidEGL::ResetDisplay()
05-27 22:03:53.860  7470  7588 D UE4     : *** JavaEnvDestructor: 7588
05-27 22:03:53.861  8573  8573 D CocktailBarTriggerContainerView: setContainerGravityState: 1 --> 1
05-27 22:03:53.862  3186  3186 D libexynosgscaler: virtual CGscaler::~CGscaler()
05-27 22:03:53.862  3186  3186 D libexynosgscaler: virtual LibMpp::~LibMpp()
05-27 22:03:53.862  3186  3186 D         : virtual MppFactory::~MppFactory()
05-27 22:03:53.864  5220  8270 V WindowManager: Relayout Window{116e482d0 u0 com.YourCompany.PokeAR/com.epicgames.ue4.GameActivity}: viewVisibility=0 req=1920x1080 WM.LayoutParams{(0,0)(fillxfill) sim=#110 ty=1 fl=#1810500 fmt=1 wanim=0x1030001 needsMenuKey=2 naviIconColor=0}
05-27 22:03:53.867  8573  8573 D TrayStateController: putInputRect mDynamicInputRegion=118996581@LastEvent=t=1527469419529Rect(22, 0 - 67, 365),Rect=Rect(0, 0 - 0, 0)
05-27 22:03:53.871  7470  7490 D UE4     : [2018.05.28-01.03.53:871][286]LogRenderer: Reallocating scene render targets to support 1280x1280 Format 2 NumSamples 1 (Frame:288).
05-27 22:03:53.871  8573  8573 D getActualActivityHeight: 1587
05-27 22:03:53.872  8573  8573 D TrayStateController: putInputRect mDynamicInputRegion=118996581@LastEvent=t=1527469419529Rect(22, 0 - 67, 365),Rect=Rect(22, 0 - 67, 365)
05-27 22:03:53.873  8573  8573 D getActualActivityHeight: 1587
05-27 22:03:53.874  8573  8573 D getActualActivityHeight: 1587
05-27 22:03:53.875  8573  8573 D TrayStateTrigger: getTriggerMarginOnTop retY=427 halfHandleSize=183 getTriggerPosition=26.499998
05-27 22:03:53.876  8573  8573 D getActualActivityHeight: 1587
05-27 22:03:53.878  8573  8573 D getActualActivityHeight: 1587
05-27 22:03:53.885  8573  8573 D PanelDescriptionView: updateHelpView: Aplicativos Edge2130903041 --> 2130903041 helpview reapplied0
05-27 22:03:53.886  8573  8573 D AbstractCocktailPanelView: setPanelVisible: CocktailPortraitRemotePanelView2 will be hidden: 6
05-27 22:03:53.886  8573  8573 D CocktailBarPanelVisibilityManager: updateActivePanelView:  vis=false screenOn=true onTransit=false -hide: 6 current Active: 6
05-27 22:03:53.886  7470  7625 D gralloc : gralloc_lock_ycbcr success. format : 11, usage: 3, ycbcr.y: 0xacb19000, .cb: 0xacb64001, .cr: 0xacb64000, .ystride: 640 , .cstride: 640, .chroma_step: 2
05-27 22:03:53.886  8573  8573 E CocktailBarContainerView: updateContainerVisibility: 0
05-27 22:03:53.886  8573  8573 D AbstractCocktailPanelView: setPanelVisible: CocktailPortraitRemotePanelView2 will be hidden: 6
05-27 22:03:53.886  8573  8573 D CocktailBarPanelVisibilityManager: updateActivePanelView:  vis=false screenOn=true onTransit=false -hide: 6 current Active: 6
05-27 22:03:53.886  4909  7653 W ExynosCamera3: [CAM_ID(0)][]-WARN(m_removeFrameFromList[3010]):frame count mismatch: expected(78), current(0)
05-27 22:03:53.886  8573  8573 E CocktailBarContainerView: updateContainerVisibility: 0
05-27 22:03:53.887  7470  7492 D mali_winsys: EGLint new_window_surface(egl_winsys_display*, void*, EGLSurface, EGLConfig, egl_winsys_surface**, egl_color_buffer_format*, EGLBoolean) returns 0x3000,  [1920x1080]-format:1
05-27 22:03:53.889  8573  8573 I Utils   : isCurrentUser current = 0, ownerId = 0
05-27 22:03:53.889  8573  8573 I TrayVisibilityController: updateTrayVisible : State : 257 visible = 2 mCurrentVisible = 1
05-27 22:03:53.889  8573  8573 D TrayStateController: putInputRect mDynamicInputRegion=118996581@LastEvent=t=1527469419529Rect(22, 0 - 67, 365),Rect=Rect(0, 0 - 0, 0)
05-27 22:03:53.891  5220  5880 V WindowManager: Relayout Window{ec38cfcd0 u0 SurfaceView - com.YourCompany.PokeAR/com.epicgames.ue4.GameActivity}: viewVisibility=0 req=1920x1080 WM.LayoutParams{(0,0)(1920x1080) gr=#800033 ty=1001 fl=#4218 pfl=0x10040 fmt=4 naviIconColor=0}
05-27 22:03:53.893  8573  8573 D getActualActivityHeight: 1587
05-27 22:03:53.894  5220  7320 W CocktailBarStatePolicyController: updateWindowType: current window type is requested window type(1)
05-27 22:03:53.896  5220  5921 I OverlayCocktailBarStatePolicy: handleUpdateVisibility: mVisibility = 1 visibility = 2
05-27 22:03:53.897  8573  8573 D TrayStateController: setUiState 2 : -isHideByOrientationPolicy 0 --> 2
05-27 22:03:53.910  8573  8573 D PanelDescriptionView: updateHelpView: Aplicativos Edge-1 --> 2130903041 helpview applied:3, help scroll view applied.
05-27 22:03:53.911  8573  8573 D TrayStateController: setUiState 2 : -isHideByOrientationPolicy  already 2
05-27 22:03:53.912  8573  8573 D ViewRootImpl@b0befeb[CocktailBarService]: MSG_RESIZED_REPORT: ci=Rect(0, 0 - 0, 0) vi=Rect(0, 0 - 0, 0) or=2
05-27 22:03:53.914  7470  7605 I native  : ba_initialization_helpers.cc:518 Number of landmarks before eliminating short tracks 4585, and after elimination 61
05-27 22:03:53.915  7470  7605 I native  : ba_initialization_helpers.cc:683 num_frames_for_dsolver: 10
05-27 22:03:53.915  7470  7605 I native  : ba_initialization_helpers.cc:684 number_of_landmarks_for_dsolver: 50
05-27 22:03:53.915  7470  7605 I native  : ba_initialization_helpers.cc:691 maximum_cam_meas_displacement_squared: 0.100422
05-27 22:03:53.918  7470  7490 D UE4     : [2018.05.28-01.03.53:918][288]LogRenderer: Reallocating scene render targets to support 1280x720 Format 2 NumSamples 1 (Frame:289).
05-27 22:03:53.921 32281 32281 D TuiService: onConfigurationChanged, old dpi=420, new dpi=420
05-27 22:03:53.929  7666  7666 I FIPS_bssl: FIPS (v1.1) approved mode (1) | 7666 | ps
05-27 22:03:53.946  7470  7605 W native  : tightly_coupled_dsolver.cc:395 Invalid local gravity solution. Failed to solve constrained deterministic optimization.
05-27 22:03:53.946  7470  7605 W native  : tightly_coupled_dsolver.cc:397 Solved local gravity  -4.7889 -2.86737 -8.02467
05-27 22:03:53.946  7470  7605 W native  : tightly_coupled_dsolver.cc:398 Expected gravity norm 9.7993|  Solved gravity norm 9.77501
05-27 22:03:53.966  7470  7625 D gralloc : gralloc_lock_ycbcr success. format : 11, usage: 3, ycbcr.y: 0xad1e2000, .cb: 0xad22d001, .cr: 0xad22d000, .ystride: 640 , .cstride: 640, .chroma_step: 2
05-27 22:03:53.966  4909  7653 W ExynosCamera3: [CAM_ID(0)][]-WARN(m_removeFrameFromList[3010]):frame count mismatch: expected(79), current(0)
05-27 22:03:53.969  5220  5220 W Settings: Setting tether_dun_required has moved from android.provider.Settings.System to android.provider.Settings.Global
05-27 22:03:53.974  5220  8378 D BatteryService: !@BatteryListener : batteryPropertiesChanged!
05-27 22:03:53.975  5220  8378 D BatteryService: level:99, scale:100, status:2, health:2, present:true, voltage: 4196, temperature: 292, technology: Li-ion, AC powered:false, USB powered:true, POGO powered:false, Wireless powered:false, icon:17303682, invalid charger:0, maxChargingCurrent:0, maxChargingVoltage:0, chargeCounter:0
05-27 22:03:53.975  5220  8378 D BatteryService: online:4, current avg:-131, charge type:1, power sharing:false, high voltage charger:false, capacity:280000, batterySWSelfDischarging:false, misc_event:0, current_now:-1471
05-27 22:03:53.978  3186  3186 D hwcutils: MppFactory::MppFactory()
05-27 22:03:53.978  3186  3186 D         : virtual LibMpp *MppFactory::CreateMpp(int, int, int, int) dev(4) mode(0) drm(0), 
05-27 22:03:53.978  3186  3186 D libexynosgscaler: LibMpp::LibMpp()
05-27 22:03:53.979  7470  7605 I native  : tightly_coupled_dsolver.cc:571 Successful result with unconstrained optimization.
05-27 22:03:53.979  7470  7605 I native  : ba_initialization_helpers.cc:753 Deterministic solution
05-27 22:03:53.979  7470  7605 I native  : ba_initialization_helpers.cc:754 Local gravity -4.80205 -2.95459 -7.89575
05-27 22:03:53.979  7470  7605 I native  : ba_initialization_helpers.cc:755 Estimated I_q_G  0.266344 -0.148845  0.464574   0.83131
05-27 22:03:53.979  7470  7605 I native  : ba_initialization_helpers.cc:756 Gyro bias  0.00141851  0.00180433 -0.00191067
05-27 22:03:53.979  7470  7605 I native  : ba_initialization_helpers.cc:757 Global velocity -0.0199507   0.323703 -0.0152115
05-27 22:03:53.979  7470  7605 I native  : ba_initialization_helpers.cc:759 Accel bias -0.0478872  0.0427756  0.0589012
05-27 22:03:53.979  7470  7605 I native  : ba_initialization.cc:688 Deterministic initialization
05-27 22:03:53.981  7470  7605 I native  : ba_initialization_helpers.cc:844 Num. landmarks before pruning 22
05-27 22:03:53.981  7470  7605 I native  : ba_initialization_helpers.cc:845 Num. landmarks uninitialized: 39
05-27 22:03:53.981  7470  7605 I native  : ba_initialization_helpers.cc:857 Num. landmarks initialized after pruning 22
05-27 22:03:53.981  7470  7605 I native  : ba_initialization_helpers.cc:859 Num. landmarks uninitialized: 39
05-27 22:03:53.981  7470  7605 W native  : ba_initialization.cc:142 BA initialization failed: Image has too few landmarks.
05-27 22:03:53.981  7470  7605 E native  : vio_initializer.cc:541 Initializer's BA failed to produce a valid output!
05-27 22:03:53.982  7470  7491 D UE4     : Case APP_CMD_TERM_WINDOW, tid = 7491
05-27 22:03:53.982  7470  7491 D UE4     : LogAndroidEvents: EnqueueAppEvent : 3, 0, tid = 7491
05-27 22:03:53.982  5220  5848 V WindowManager: Relayout Window{971be44d0 u0 com.samsung.android.app.cocktailbarservice/com.samsung.android.app.cocktailbarservice.CocktailBarService}: viewVisibility=8 req=67x365 WM.LayoutParams{(0,427)(67x365) gr=#35 sim=#20 ty=2226 fl=#1800348 pfl=0x50 fmt=-2 vsysui=0x2000 naviIconColor=0}
05-27 22:03:53.984  7470  7490 D UE4     : [2018.05.28-01.03.53:984][291]LogAndroid: Case APP_CMD_TERM_WINDOW
05-27 22:03:53.985  5220  5848 I WindowManager_SurfaceController: Destroying surface Surface(name=com.samsung.android.app.cocktailbarservice/com.samsung.android.app.cocktailbarservice.CocktailBarService) called by com.android.server.wm.WindowStateAnimator.destroySurface:2840 com.android.server.wm.WindowStateAnimator.destroySurfaceLocked:1070 com.android.server.wm.WindowState.destroyOrSaveSurface:2561 com.android.server.wm.WindowManagerService.tryStartExitingAnimation:3522 com.android.server.wm.WindowManagerService.relayoutWindow:3378 com.android.server.wm.Session.relayoutEx:254 android.view.IWindowSession$Stub.onTransact:407 com.android.server.wm.Session.onTransact:161 
05-27 22:03:53.985  3186  3882 I SurfaceFlinger: id=4404 Removed DocktailBar (8/9)
05-27 22:03:53.986  3186  3882 I SurfaceFlinger: id=4404 Removed DocktailBar (-2/9)
05-27 22:03:53.986  7470  7625 D gralloc : gralloc_lock_ycbcr success. format : 11, usage: 3, ycbcr.y: 0xacdf2000, .cb: 0xace3d001, .cr: 0xace3d000, .ystride: 640 , .cstride: 640, .chroma_step: 2
05-27 22:03:53.986  4909  7653 W ExynosCamera3: [CAM_ID(0)][]-WARN(m_removeFrameFromList[3010]):frame count mismatch: expected(80), current(0)
05-27 22:03:53.989  5998  6285 D vol.VolumeDialogControl.VC: setLayoutDirection
05-27 22:03:53.991  5220 32193 D WindowManager: addWindow: android.view.IWindow$Stub$Proxy@a9efb1d displayId=0
05-27 22:03:53.991  5220 32193 D InputTransport: Input channel constructed: fd=57
05-27 22:03:53.991  5220 32193 D InputTransport: Input channel constructed: fd=475
05-27 22:03:53.992  5220 32193 D InputTransport: Input channel destroyed: fd=475
05-27 22:03:53.992  5998  5998 D InputTransport: Input channel constructed: fd=123
05-27 22:03:53.993  7470  7490 D UE4     : LogAndroidEvents: Display: DequeueAppEvent : 3, 0
05-27 22:03:53.993  7470  7490 D UE4     : 
05-27 22:03:53.993  7470  7490 D UE4     : [2018.05.28-01.03.53:993][291]LogAndroidEvents: Display: DequeueAppEvent : 3, 0
05-27 22:03:53.993  7470  7490 D UE4     : AndroidEGL::DestroyWindow()
05-27 22:03:53.993  7470  7490 D UE4     : AndroidEGL::UnBind()
05-27 22:03:53.993  7470  7490 D UE4     : AndroidEGL::ResetDisplay()
05-27 22:03:53.993  7470  7490 D UE4     : AndroidEGL::DestroySurface()
05-27 22:03:53.993  5998  5998 D ViewRootImpl@87600c4[DockedStackDivider]: setView = com.android.systemui.stackdivider.DividerView{a123bad I.E...... ......I. 0,0-0,0} touchMode=true
05-27 22:03:53.993  5220  5220 D Telecom : com.android.server.telecom.ui.MissedCallNotifierImpl$1: Action received: android.intent.action.CONFIGURATION_CHANGED.
05-27 22:03:53.994  5220  5220 D KnoxTimeoutHandler: activityDrawn [MsgParam] userId: 0 fullscreen is true showWhenlocked is false isMutiwindowRecord is false multiwindowstyle is 1
05-27 22:03:53.995  7470  7490 D UE4     : APP_EVENT_STATE_WINDOW_DESTROYED, 1, 0, 1
05-27 22:03:53.996  5220  5220 I KnoxTimeoutHandler: SD activityfalse
05-27 22:03:53.996  5220  5220 I KnoxTimeoutHandler: Fullscreen and mCurrent is not KNOX user. Hence hide keyguard
05-27 22:03:53.999  5220  5220 D BatteryService: Sending ACTION_BATTERY_CHANGED.
05-27 22:03:53.999  3186  6393 E BufferQueueProducer: [SurfaceView - com.YourCompany.PokeAR/com.epicgames.ue4.GameActivity] dequeueBuffer: BufferQueue has no connected producer
05-27 22:03:53.999  7470  7668 D         : NULL == surf->write_back_color_buffer
05-27 22:03:53.999  7470  7668 W         : GLES-MALI OOM error: failed to allocate CPU memory (gles_fb_first_drawcall_cb at hardware/samsung_slsi/MaliT880_r12p1_02dev0_JF_N/product/gles/src/fb/mali_gles_fb_module_api.c:1281)
05-27 22:03:54.002  8573  8573 I AbstractCocktailPanelView: notifyPanelVisibilityChanged: visibility not changed 2 id: 6
05-27 22:03:54.002  8573  8573 D CocktailBarUiController: onCocktailBarStateChanged: flag=0x1 vis=2 bgType=0 showTimeout=-1 activate=true
05-27 22:03:54.006  5220  5220 V UiModeManager: updateLocked: null action, mDockState=0, category=null
05-27 22:03:54.006  5220  5220 D UiModeManager: updateConfigurationLocked: mDockState=0; mCarMode=false; mNightMode=1; uiMode=17
05-27 22:03:54.008  5220  5220 D GameManagerService: new battery level: 99
05-27 22:03:54.012  3186  3186 D libexynosgscaler: virtual CGscaler::~CGscaler()
05-27 22:03:54.012  3186  3186 D libexynosgscaler: virtual LibMpp::~LibMpp()
05-27 22:03:54.012  3186  3186 D         : virtual MppFactory::~MppFactory()
05-27 22:03:54.020  5220  8146 V WindowManager: Relayout Window{971be44d0 u0 com.samsung.android.app.cocktailbarservice/com.samsung.android.app.cocktailbarservice.CocktailBarService}: viewVisibility=8 req=67x365 WM.LayoutParams{(0,427)(67x365) gr=#35 sim=#20 ty=2226 fl=#1800348 pfl=0x50 fmt=-2 vsysui=0x2000 naviIconColor=0}
05-27 22:03:54.027  7470  7605 I native  : ba_initialization_helpers.cc:518 Number of landmarks before eliminating short tracks 4459, and after elimination 282
05-27 22:03:54.028  7470  7605 I native  : ba_initialization_helpers.cc:683 num_frames_for_dsolver: 10
05-27 22:03:54.028  7470  7605 I native  : ba_initialization_helpers.cc:684 number_of_landmarks_for_dsolver: 50
05-27 22:03:54.028  7470  7605 I native  : ba_initialization_helpers.cc:691 maximum_cam_meas_displacement_squared: 0.117306
05-27 22:03:54.034  7076 25795 E WakeLock: release without a matched acquire!
05-27 22:03:54.037   945   945 V SamsungIME: onConfigurationChanged
05-27 22:03:54.037   945   945 D SamsungIME: onConfigurationChanged- Configuration.MOBILEKEYBOARD_COVERED_NO 
05-27 22:03:54.042  7470  7605 I native  : ba_initialization_helpers.cc:753 Deterministic solution
05-27 22:03:54.042  7470  7605 I native  : ba_initialization_helpers.cc:754 Local gravity -5.17943  -3.7065 -7.44652
05-27 22:03:54.042  7470  7605 I native  : ba_initialization_helpers.cc:755 Estimated I_q_G  0.308121 -0.158392  0.428875   0.83429
05-27 22:03:54.042  7470  7605 I native  : ba_initialization_helpers.cc:756 Gyro bias  0.00141851  0.00180433 -0.00191067
05-27 22:03:54.042  7470  7605 I native  : ba_initialization_helpers.cc:757 Global velocity -0.0710394    0.11774  0.0640853
05-27 22:03:54.042  7470  7605 I native  : ba_initialization_helpers.cc:759 Accel bias -0.0478872  0.0427756  0.0589012
05-27 22:03:54.042  7470  7605 I native  : ba_initialization.cc:688 Deterministic initialization
05-27 22:03:54.044  7076 25795 E WakeLock: release without a matched acquire!
05-27 22:03:54.049  7470  7605 I native  : ba_initialization_helpers.cc:844 Num. landmarks before pruning 272
05-27 22:03:54.049  7470  7605 I native  : ba_initialization_helpers.cc:845 Num. landmarks uninitialized: 10
05-27 22:03:54.050  7470  7605 I native  : ba_initialization_helpers.cc:857 Num. landmarks initialized after pruning 60
05-27 22:03:54.050  7470  7605 I native  : ba_initialization_helpers.cc:859 Num. landmarks uninitialized: 222
05-27 22:03:54.050  7470  7605 W native  : ba_initialization.cc:142 BA initialization failed: Image has too few landmarks.
05-27 22:03:54.050  7470  7605 E native  : vio_initializer.cc:541 Initializer's BA failed to produce a valid output!
05-27 22:03:54.051  7470  7625 D gralloc : gralloc_lock_ycbcr success. format : 11, usage: 3, ycbcr.y: 0xac7a9000, .cb: 0xac7f4001, .cr: 0xac7f4000, .ystride: 640 , .cstride: 640, .chroma_step: 2
05-27 22:03:54.051  4909  7653 W ExynosCamera3: [CAM_ID(0)][]-WARN(m_removeFrameFromList[3010]):frame count mismatch: expected(81), current(0)
05-27 22:03:54.061   945   945 I SamsungIME: [Before] hardKeyboardHidden(2) keyboardType(1)
05-27 22:03:54.061   945   945 I SamsungIME:          mHwKeyboardShown [isHWKeyboardOpen()] = false --> false
05-27 22:03:54.061   945   945 E SamsungIME:          isHWKeyboardConnected() = false --> false
05-27 22:03:54.062   945   945 I SamsungIME: [hasToCallSuper] true
05-27 22:03:54.068  5998  6296 D NetworkController.MobileSignalController(0/1): getMobileIconGroup(): 13
05-27 22:03:54.074  5998  5998 D ImageWallpaper: engine visible:false
05-27 22:03:54.074  5998  5998 D ImageWallpaper: onConfigurationChanged:2
05-27 22:03:54.075  5998  5998 D ImageWallpaper: deviceWidth=1920 deviceHeight=1080 backgroundWidth=1080 backgroundHeight=1920 surfaceWidth=1920 surfaceHeight=1920 tiltEnabled=false lastRequestedWidth=1080 lastRequestedHeight=1920
05-27 22:03:54.075  5998  5998 D WallpaperService: BaseSurfaceHolder:setFixedSize[width]1920 [height]1920
05-27 22:03:54.075  5998  5998 D WallpaperService: BaseSurfaceHolder:onRelayoutContainer
05-27 22:03:54.075  5998  5998 D ImageWallpaper: SurfaceSize width : 1920 height: 1920
05-27 22:03:54.076  5998  5998 D ViewRootImpl@9ec183a[StatusBar]: MSG_RESIZED_REPORT: ci=Rect(0, 0 - 0, 0) vi=Rect(0, 0 - 0, 0) or=2
05-27 22:03:54.079   945   945 I SamsungIME: [IMI] onStartInput - caller packageName : com.YourCompany.PokeAR
05-27 22:03:54.079   945   945 D SamsungIME: onStartInput: No inputType, No imeOption, isInputViewShown = false, isExtractViewShown = false, isShowInputRequested = false, isConfigChanged = false, mIsFirstStartInput = false
05-27 22:03:54.080  7470  7594 D UE4     : *** JavaEnvDestructor: 7594
05-27 22:03:54.080   945   945 D SamsungIME: Dismiss ExpandCandiate
05-27 22:03:54.086  5998  6323 D TileLifecycleManager: onStopListening
05-27 22:03:54.087  4909  7653 W ExynosCamera3: [CAM_ID(0)][]-WARN(m_removeFrameFromList[3010]):frame count mismatch: expected(82), current(0)
05-27 22:03:54.088  7470  7625 D gralloc : gralloc_lock_ycbcr success. format : 11, usage: 3, ycbcr.y: 0xc8107000, .cb: 0xc8152001, .cr: 0xc8152000, .ystride: 640 , .cstride: 640, .chroma_step: 2
05-27 22:03:54.090  5998  5998 D CSTMPagedTileLayout: setPageMaxRows = 2
05-27 22:03:54.090  5998  5998 D CSTMPagedTileLayout: setPageMaxRows = 1
05-27 22:03:54.093  5998  5998 D vol.SecVolumeDialog: updateWindowWidth lp.width=1092, mCurrentWindowWidth = 1080
05-27 22:03:54.094  5998  5998 W SemDesktopModeManager: isDesktopMode: Desktop Mode feature not available
05-27 22:03:54.095  5220  6280 V WindowManager: Relayout Window{ad4faabd0 u0 InputMethod}: viewVisibility=8 req=1920x0 WM.LayoutParams{(0,0)(fillxwrap) gr=#50 sim=#20 ty=2011 fl=#1800108 fmt=-2 wanim=0x7f0e000a vsysui=0x300 needsMenuKey=2 naviIconColor=0 sfl=0x800}
05-27 22:03:54.103  7470  7602 I native  : ba_initialization_helpers.cc:518 Number of landmarks before eliminating short tracks 1400, and after elimination 391
05-27 22:03:54.104  7470  7602 I native  : ba_initialization_helpers.cc:683 num_frames_for_dsolver: 4
05-27 22:03:54.104  7470  7602 I native  : ba_initialization_helpers.cc:684 number_of_landmarks_for_dsolver: 50
05-27 22:03:54.104  7470  7602 I native  : ba_initialization_helpers.cc:691 maximum_cam_meas_displacement_squared: 0.0111885
05-27 22:03:54.105  5998  6323 D Tile.RotationLockTile: onRotationLockStateChangedfalse
05-27 22:03:54.106  5998  5998 D ViewRootImpl@c187bf5[DockedStackDivider]: dispatchDetachedFromWindow
05-27 22:03:54.107  5220  6118 W AppOps  : Finishing op nesting under-run: uid 10007 pkg com.android.systemui code 64 time=0 duration=0 nesting=0
05-27 22:03:54.110  5220  6118 D InputTransport: Input channel destroyed: fd=430
05-27 22:03:54.111  5998  5998 D InputTransport: Input channel destroyed: fd=133
05-27 22:03:54.114  7470  7602 I native  : ba_initialization_helpers.cc:753 Deterministic solution
05-27 22:03:54.114  5220 13507 V WindowManager: Relayout Window{47a8763d0 u0 DockedStackDivider}: viewVisibility=4 req=126x1016 WM.LayoutParams{(0,0)(126xfill) sim=#20 ty=2034 fl=#21840028 pfl=0x40 fmt=-3 vsysui=0x700 naviIconColor=0}
05-27 22:03:54.114  7470  7602 I native  : ba_initialization_helpers.cc:754 Local gravity -9.39861 0.283794 -2.76973
05-27 22:03:54.115  7470  7602 I native  : ba_initialization_helpers.cc:755 Estimated I_q_G   0.41707 -0.429853  0.574732   0.55764
05-27 22:03:54.115  7470  7602 I native  : ba_initialization_helpers.cc:756 Gyro bias  0.00141851  0.00180433 -0.00191067
05-27 22:03:54.115  7470  7602 I native  : ba_initialization_helpers.cc:757 Global velocity 0.00646112  -0.130218   0.064591
05-27 22:03:54.115  7470  7602 I native  : ba_initialization_helpers.cc:759 Accel bias -0.0478872  0.0427756  0.0589012
05-27 22:03:54.115  7470  7602 I native  : ba_initialization.cc:688 Deterministic initialization
05-27 22:03:54.116  5998  6323 D TileLifecycleManager: onStartListening
05-27 22:03:54.117 25694 25694 D PSMUtils: getCurrentPowerSavingMode: 0
05-27 22:03:54.119  5998 23716 D Tile.CustomTile: updateState : Label = Econ. de
05-27 22:03:54.119  5998 23716 D Tile.CustomTile: energia, State = 1, Icon = Icon(typ=RESOURCE pkg=com.android.settings id=0x7f0203a9)
05-27 22:03:54.123  7470  7602 I native  : ba_initialization_helpers.cc:844 Num. landmarks before pruning 391
05-27 22:03:54.123  7470  7602 I native  : ba_initialization_helpers.cc:845 Num. landmarks uninitialized: 0
05-27 22:03:54.123  7470  7602 I native  : ba_initialization_helpers.cc:857 Num. landmarks initialized after pruning 60
05-27 22:03:54.123  7470  7602 I native  : ba_initialization_helpers.cc:859 Num. landmarks uninitialized: 331
05-27 22:03:54.124  7470  7602 I native  : ba_initialization.cc:197 Intrinsic vector size of the camera 0 is 7
05-27 22:03:54.136  5998  6323 D Tile.AirplaneModeTile: # of NON-poweroff( in servicestate) : 1
05-27 22:03:54.136  5998  6323 D Tile.AirplaneModeTile:  handleUpdateState:  value false  state.dim false
05-27 22:03:54.143  7470  7602 I native  : ba_initialization.cc:394 
05-27 22:03:54.143  7470  7602 I native  : Solver Summary (v 1.14.0-eigen-(3.2.90)-no_lapack-suitesparse-(4.5.4)-no_openmp-no_tbb)
05-27 22:03:54.143  7470  7602 I native  : 
05-27 22:03:54.143  7470  7602 I native  :                                      Original                  Reduced
05-27 22:03:54.143  7470  7602 I native  : Parameter blocks                           71                       68
05-27 22:03:54.143  7470  7602 I native  : Parameters                                138                      124
05-27 22:03:54.143  7470  7602 I native  : Effective parameters                      129                      116
05-27 22:03:54.143  7470  7602 I native  : Residual blocks                           244                      244
05-27 22:03:54.143  7470  7602 I native  : Residuals                                 531                      531
05-27 22:03:54.143  7470  7602 I native  : 
05-27 22:03:54.143  7470  7602 I native  : Minimizer                        TRUST_REGION
05-27 22:03:54.143  7470  7602 I native  : 
05-27 22:03:54.143  7470  7602 I native  : Dense linear algebra library            EIGEN
05-27 22:03:54.143  7470  7602 I native  : Trust region strategy     LEVENBERG_MARQUARDT
05-27 22:03:54.143  7470  7602 I native  : 
05-27 22:03:54.143  7470  7602 I native  :                                         Given                     Used
05-27 22:03:54.143  7470  7602 I native  : Linear solver                     DENSE_SCHUR              DENSE_SCHUR
05-27 22:03:54.143  7470  7602 I native  : Threads                                     1                        1
05-27 22:03:54.143  7470  7602 I native  : Linear solver ordering              AUTOMATIC                     62,6
05-27 22:03:54.143  7470  7602 I native  : Schur structure                         d,d,d                    d,d,d
05-27 22:03:54.143  7470  7602 I native  : 
05-27 22:03:54.143  7470  7602 I native  : Cost:
05-27 22:03:54.143  7470  7602 I native  : Initial                          5.725909e+01
05-27 22:03:54.143  7470  7602 I native  : Final                            4.350232e+01
05-27 22:03:54.143  7470  7602 I native  : Change                           1.375677e+01
05-27 22:03:54.143  7470  7602 I native  : 
