05-24 20:54:47.338  4035  4068 D AccountTypeManager: Registering external account type=com.google.android.gms.matchstick, packageName=com.google.android.gms
05-24 20:54:47.340  1529  3011 D ActivityManager: cleanUpApplicationRecord -- 14167
05-24 20:54:47.350  6625  6625 I Finsky  : [1] com.google.android.finsky.p2p.c.a(10): Frosting ID looked up on UI thread. Caller should move to a background thread.
05-24 20:54:47.354  1529  1605 W ActivityManager: Permission Denial: Accessing service ComponentInfo{com.google.android.music/com.google.android.music.dial.DialMediaRouteProviderService} from pid=3656, uid=10106 that is not exported from uid 10097
05-24 20:54:47.364  2433  2488 D ContactsProvider: performBackgroundTask()- **** task=8
05-24 20:54:47.384  1529  2999 W ActivityManager: Permission Denial: Accessing service ComponentInfo{com.google.android.music/com.google.android.music.dial.DialMediaRouteProviderService} from pid=3656, uid=10106 that is not exported from uid 10097
05-24 20:54:47.401  4035  4068 I AccountTypeManager: the AuthenticatorDescription [] auths = [Landroid.accounts.AuthenticatorDescription;@9b22b8
05-24 20:54:47.401  4035  4068 I AccountTypeManager: the   type is com.google the auth is = AuthenticatorDescription {type=com.google}
05-24 20:54:47.407  4035  4068 W SimAccountType: addDataKindPhone
05-24 20:54:47.407  4035  4068 W UsimAccountType: addDataKindPhone
05-24 20:54:47.408  6625  6625 D Resources: oneSpecialCase = falsequantityCode =other local = pt_BR
05-24 20:54:47.411  4035  4068 W SimAccountType: addDataKindPhone
05-24 20:54:47.411  4035  4068 D AccountTypeManager: Registering 1 extension packages
05-24 20:54:47.411  3174  4316 W Conscrypt: Could not set socket write timeout: java.lang.reflect.InvocationTargetException
05-24 20:54:47.412  3174  4316 W Conscrypt: 	at java.lang.reflect.Method.invoke(Native Method)
05-24 20:54:47.412  3174  4316 W Conscrypt: 	at com.google.android.gms.org.conscrypt.Platform.setSocketWriteTimeout(:com.google.android.gms@12685022@12.6.85 (040308-197041431):13)
05-24 20:54:47.412  3174  4316 W Conscrypt: Caused by: android.system.ErrnoException: setsockopt failed: EBADF (Bad file descriptor)
05-24 20:54:47.412  3174  4316 W Conscrypt: 	at libcore.io.Posix.setsockoptTimeval(Native Method)
05-24 20:54:47.412  3174  4316 W Conscrypt: 	at libcore.io.ForwardingOs.setsockoptTimeval(ForwardingOs.java:157)
05-24 20:54:47.429  6625  6625 I Finsky  : [1] com.google.android.finsky.installer.q.b(109): User=UserHandle{0} released=com.doodle.android
05-24 20:54:47.438  6625  6625 I Finsky  : [1] com.google.android.finsky.p2p.c.a(10): Frosting ID looked up on UI thread. Caller should move to a background thread.
05-24 20:54:47.447  4035  4068 I AccountTypeManager: getAccountTypeBySlot()+ - slotId:0
05-24 20:54:47.448  4035  4068 E SimCardUtils: ======FeatureOption.LENOVO_DUAL_CARD_SUPPORT=======111============
05-24 20:54:47.448  4035  4068 D LenovoAdapter: ==getSimCardTypeDualCard=cardType=[ISIM]
05-24 20:54:47.449  4035  4068 D LenovoAdapter: ==getSimCardTypeDualCard=cardType=[ISIM]
05-24 20:54:47.449  4035  4068 E SimCardUtils: ==simType==0
05-24 20:54:47.449  4035  4068 I AccountTypeManager: getAccountTypeBySlot()- - slotId:0 AccountType:SIM Account
05-24 20:54:47.449  4035  4068 I AccountTypeManager: getSimAccountNameBySlot()+ slotId:0
05-24 20:54:47.451  4035  4068 E SimCardUtils: ======FeatureOption.LENOVO_DUAL_CARD_SUPPORT=======111============
05-24 20:54:47.451  4035  4068 D LenovoAdapter: ==getSimCardTypeDualCard=cardType=[ISIM]
05-24 20:54:47.451  4035  4068 D LenovoAdapter: ==getSimCardTypeDualCard=cardType=[ISIM]
05-24 20:54:47.451  4035  4068 E SimCardUtils: ==simType==0
05-24 20:54:47.451  4035  4068 I AccountTypeManager: getSimAccountNameBySlot() slotId:0 simType(0-SIM/1-USIM):0
05-24 20:54:47.451  4035  4068 I AccountTypeManager: getSimAccountNameBySlot()- slotId:0 SimName:SIM0
05-24 20:54:47.451  4035  4068 I AccountTypeManager: loadAccountsInBackground slotid:0 AccountType:SIM Account simName:SIM0
05-24 20:54:47.451  4035  4068 I Contacts/AWDSE: AccountWithDataSetEx - name:SIM0type:SIM Account slot:-1
05-24 20:54:47.451  4035  4068 I Contacts/AWDSE: AccountWithDataSetEx - name:SIM0type:SIM Account slot:-1
05-24 20:54:47.451  4035  4068 D LenovoAdapter: ==getSimCardTypeDualCard=cardType=[ISIM]
05-24 20:54:47.463  4035  4068 I AccountTypeManager: it is phone
05-24 20:54:47.463  4035  4068 I AccountTypeManager: Loaded meta-data for 10 account types, 6 accounts in 227ms(wall) 22ms(cpu)
05-24 20:54:47.464  4035  4068 I AccountTypeManager: loadAccountsInBackground()-
05-24 20:54:47.464  4035  4068 I AccountTypeManager: loadAccountsInBackground()+
05-24 20:54:47.467  4035  4068 I AccountTypeManager: the AuthenticatorDescription [] auths = [Landroid.accounts.AuthenticatorDescription;@8f20891
05-24 20:54:47.467  4035  4068 I AccountTypeManager: the   type is com.whatsapp the auth is = AuthenticatorDescription {type=com.whatsapp}
05-24 20:54:47.467  4035  4068 D AccountTypeManager: Registering external account type=com.whatsapp, packageName=com.whatsapp
05-24 20:54:47.476  4035  4068 I AccountTypeManager: the AuthenticatorDescription [] auths = [Landroid.accounts.AuthenticatorDescription;@8f20891
05-24 20:54:47.476  4035  4068 I AccountTypeManager: the   type is com.google.android.apps.tachyon the auth is = AuthenticatorDescription {type=com.google.android.apps.tachyon}
05-24 20:54:47.477  4035  4068 D AccountTypeManager: Registering external account type=com.google.android.apps.tachyon, packageName=com.google.android.apps.tachyon
05-24 20:54:47.487  4035  4068 I AccountTypeManager: the AuthenticatorDescription [] auths = [Landroid.accounts.AuthenticatorDescription;@8f20891
05-24 20:54:47.487  4035  4068 I AccountTypeManager: the   type is com.google.android.gm.exchange the auth is = AuthenticatorDescription {type=com.google.android.gm.exchange}
05-24 20:54:47.495  4035  4068 I AccountTypeManager: the AuthenticatorDescription [] auths = [Landroid.accounts.AuthenticatorDescription;@8f20891
05-24 20:54:47.495  4035  4068 I AccountTypeManager: the   type is com.facebook.messenger the auth is = AuthenticatorDescription {type=com.facebook.messenger}
05-24 20:54:47.495  4035  4068 D AccountTypeManager: Registering external account type=com.facebook.messenger, packageName=com.facebook.orca
05-24 20:54:47.496  2793 14042 E NetworkScheduler: Unrecognised action provided: android.intent.action.PACKAGE_REMOVED
05-24 20:54:47.503  4035  4068 W ResourceType: Failure getting entry for 0x7f170480 (t=22 e=1152) (error -2147483647)
05-24 20:54:47.503  4035  4068 W ResourceType: Failure getting entry for 0x7f170480 (t=22 e=1152) (error -2147483647)
05-24 20:54:47.503  4035  4068 W ResourceType: Failure getting entry for 0x7f170481 (t=22 e=1153) (error -2147483647)
05-24 20:54:47.503  4035  4068 W ResourceType: Failure getting entry for 0x7f170482 (t=22 e=1154) (error -2147483647)
05-24 20:54:47.503  4035  4068 I AccountTypeManager: the AuthenticatorDescription [] auths = [Landroid.accounts.AuthenticatorDescription;@8f20891
05-24 20:54:47.503  4035  4068 I AccountTypeManager: the   type is com.google.android.gms.matchstick the auth is = AuthenticatorDescription {type=com.google.android.gms.matchstick}
05-24 20:54:47.503  4035  4068 D AccountTypeManager: Registering external account type=com.google.android.gms.matchstick, packageName=com.google.android.gms
05-24 20:54:47.551  3174  4316 W Conscrypt: Could not set socket write timeout: java.lang.reflect.InvocationTargetException
05-24 20:54:47.551  3174  4316 W Conscrypt: 	at java.lang.reflect.Method.invoke(Native Method)
05-24 20:54:47.551  3174  4316 W Conscrypt: 	at com.google.android.gms.org.conscrypt.Platform.setSocketWriteTimeout(:com.google.android.gms@12685022@12.6.85 (040308-197041431):13)
05-24 20:54:47.551  3174  4316 W Conscrypt: Caused by: android.system.ErrnoException: setsockopt failed: EBADF (Bad file descriptor)
05-24 20:54:47.552  3174  4316 W Conscrypt: 	at libcore.io.Posix.setsockoptTimeval(Native Method)
05-24 20:54:47.552  3174  4316 W Conscrypt: 	at libcore.io.ForwardingOs.setsockoptTimeval(ForwardingOs.java:157)
05-24 20:54:47.555  4035  4068 I AccountTypeManager: the AuthenticatorDescription [] auths = [Landroid.accounts.AuthenticatorDescription;@8f20891
05-24 20:54:47.555  4035  4068 I AccountTypeManager: the   type is com.google the auth is = AuthenticatorDescription {type=com.google}
05-24 20:54:47.562  4035  4068 W SimAccountType: addDataKindPhone
05-24 20:54:47.562  4035  4068 W UsimAccountType: addDataKindPhone
05-24 20:54:47.569  4035  4068 W SimAccountType: addDataKindPhone
05-24 20:54:47.569  4035  4068 D AccountTypeManager: Registering 1 extension packages
05-24 20:54:47.570  2346  2346 D CarrierSvcBindHelper: No carrier app for: 0
05-24 20:54:47.570  2346  2346 D CarrierSvcBindHelper: No carrier app for: 1
05-24 20:54:47.574  2346  2346 D CarrierSvcBindHelper: No carrier app for: 0
05-24 20:54:47.574  2346  2346 D CarrierSvcBindHelper: No carrier app for: 1
05-24 20:54:47.575  2346  2346 D CarrierConfigLoader: mHandler: 9 phoneId: 0
05-24 20:54:47.593  6625  6625 I Finsky  : [1] com.google.android.finsky.installer.q.a(10): User=UserHandle{0} requested=com.google.android.apps.docs granted=true
05-24 20:54:47.594  6625  6625 I Finsky  : [1] com.google.android.finsky.installer.a.ai.a(1038): Installer kick - starting com.google.android.apps.docs
05-24 20:54:47.595  3174  3890 W FileClientSessionCache: FileClientSessionCache: Failed to delete /data/user/0/com.google.android.gms/app_sslcache/alt2-mtalk.google.com.5228.
05-24 20:54:47.595  3174  3890 W FileClientSessionCache: java.io.IOException: FileClientSessionCache: Failed to delete /data/user/0/com.google.android.gms/app_sslcache/alt2-mtalk.google.com.5228.
05-24 20:54:47.595  3174  3890 W FileClientSessionCache: 	at com.google.android.gms.org.conscrypt.FileClientSessionCache$Impl.delete(:com.google.android.gms@12685022@12.6.85 (040308-197041431):1)
05-24 20:54:47.595  3174  3890 W FileClientSessionCache: 	at com.google.android.gms.org.conscrypt.FileClientSessionCache$Impl.makeRoom(:com.google.android.gms@12685022@12.6.85 (040308-197041431):4)
05-24 20:54:47.595  3174  3890 W FileClientSessionCache: 	at com.google.android.gms.org.conscrypt.FileClientSessionCache$Impl.putSessionData(:com.google.android.gms@12685022@12.6.85 (040308-197041431):9)
05-24 20:54:47.595  3174  3890 W FileClientSessionCache: 	at com.google.android.gms.org.conscrypt.ClientSessionContext.onBeforeAddSession(:com.google.android.gms@12685022@12.6.85 (040308-197041431):3)
05-24 20:54:47.595  3174  3890 W FileClientSessionCache: 	at com.google.android.gms.org.conscrypt.AbstractSessionContext.cacheSession(:com.google.android.gms@12685022@12.6.85 (040308-197041431):2)
05-24 20:54:47.595  3174  3890 W FileClientSessionCache: 	at com.google.android.gms.org.conscrypt.ConscryptFileDescriptorSocket.onNewSessionEstablished(:com.google.android.gms@12685022@12.6.85 (040308-197041431):4)
05-24 20:54:47.595  3174  3890 W FileClientSessionCache: 	at com.google.android.gms.org.conscrypt.NativeCrypto.SSL_read(Native Method)
05-24 20:54:47.595  3174  3890 W FileClientSessionCache: 	at com.google.android.gms.org.conscrypt.NativeSsl.read(:com.google.android.gms@12685022@12.6.85 (040308-197041431):2)
05-24 20:54:47.595  3174  3890 W FileClientSessionCache: 	at com.google.android.gms.org.conscrypt.ConscryptFileDescriptorSocket$SSLInputStream.read(:com.google.android.gms@12685022@12.6.85 (040308-197041431):7)
05-24 20:54:47.595  3174  3890 W FileClientSessionCache: 	at bmgp.a(:com.google.android.gms@12685022@12.6.85 (040308-197041431):2)
05-24 20:54:47.595  3174  3890 W FileClientSessionCache: 	at bmfy.a(:com.google.android.gms@12685022@12.6.85 (040308-197041431):2)
05-24 20:54:47.595  3174  3890 W FileClientSessionCache: 	at bmgt.b(:com.google.android.gms@12685022@12.6.85 (040308-197041431):1)
05-24 20:54:47.595  3174  3890 W FileClientSessionCache: 	at bmgt.a(:com.google.android.gms@12685022@12.6.85 (040308-197041431):8)
05-24 20:54:47.595  3174  3890 W FileClientSessionCache: 	at blwn.a(:com.google.android.gms@12685022@12.6.85 (040308-197041431):30)
05-24 20:54:47.595  3174  3890 W FileClientSessionCache: 	at blvp.run(:com.google.android.gms@12685022@12.6.85 (040308-197041431):2)
05-24 20:54:47.595  3174  3890 W FileClientSessionCache: 	at ovb.run(:com.google.android.gms@12685022@12.6.85 (040308-197041431):27)
05-24 20:54:47.595  3174  3890 W FileClientSessionCache: 	at java.util.concurrent.ThreadPoolExecutor.runWorker(ThreadPoolExecutor.java:1133)
05-24 20:54:47.595  3174  3890 W FileClientSessionCache: 	at java.util.concurrent.ThreadPoolExecutor$Worker.run(ThreadPoolExecutor.java:607)
05-24 20:54:47.595  3174  3890 W FileClientSessionCache: 	at pbc.run(:com.google.android.gms@12685022@12.6.85 (040308-197041431))
05-24 20:54:47.595  3174  3890 W FileClientSessionCache: 	at java.lang.Thread.run(Thread.java:761)
05-24 20:54:47.600  3174  3890 W FileClientSessionCache: FileClientSessionCache: Failed to delete /data/user/0/com.google.android.gms/app_sslcache/alt4-mtalk.google.com.5228.
05-24 20:54:47.600  3174  3890 W FileClientSessionCache: java.io.IOException: FileClientSessionCache: Failed to delete /data/user/0/com.google.android.gms/app_sslcache/alt4-mtalk.google.com.5228.
05-24 20:54:47.600  3174  3890 W FileClientSessionCache: 	at com.google.android.gms.org.conscrypt.FileClientSessionCache$Impl.delete(:com.google.android.gms@12685022@12.6.85 (040308-197041431):1)
05-24 20:54:47.600  3174  3890 W FileClientSessionCache: 	at com.google.android.gms.org.conscrypt.FileClientSessionCache$Impl.makeRoom(:com.google.android.gms@12685022@12.6.85 (040308-197041431):4)
05-24 20:54:47.600  3174  3890 W FileClientSessionCache: 	at com.google.android.gms.org.conscrypt.FileClientSessionCache$Impl.putSessionData(:com.google.android.gms@12685022@12.6.85 (040308-197041431):9)
05-24 20:54:47.600  3174  3890 W FileClientSessionCache: 	at com.google.android.gms.org.conscrypt.ClientSessionContext.onBeforeAddSession(:com.google.android.gms@12685022@12.6.85 (040308-197041431):3)
05-24 20:54:47.600  3174  3890 W FileClientSessionCache: 	at com.google.android.gms.org.conscrypt.AbstractSessionContext.cacheSession(:com.google.android.gms@12685022@12.6.85 (040308-197041431):2)
05-24 20:54:47.600  3174  3890 W FileClientSessionCache: 	at com.google.android.gms.org.conscrypt.ConscryptFileDescriptorSocket.onNewSessionEstablished(:com.google.android.gms@12685022@12.6.85 (040308-197041431):4)
05-24 20:54:47.600  3174  3890 W FileClientSessionCache: 	at com.google.android.gms.org.conscrypt.NativeCrypto.SSL_read(Native Method)
05-24 20:54:47.600  3174  3890 W FileClientSessionCache: 	at com.google.android.gms.org.conscrypt.NativeSsl.read(:com.google.android.gms@12685022@12.6.85 (040308-197041431):2)
05-24 20:54:47.600  3174  3890 W FileClientSessionCache: 	at com.google.android.gms.org.conscrypt.ConscryptFileDescriptorSocket$SSLInputStream.read(:com.google.android.gms@12685022@12.6.85 (040308-197041431):7)
05-24 20:54:47.600  3174  3890 W FileClientSessionCache: 	at bmgp.a(:com.google.android.gms@12685022@12.6.85 (040308-197041431):2)
05-24 20:54:47.600  3174  3890 W FileClientSessionCache: 	at bmfy.a(:com.google.android.gms@12685022@12.6.85 (040308-197041431):2)
05-24 20:54:47.600  3174  3890 W FileClientSessionCache: 	at bmgt.b(:com.google.android.gms@12685022@12.6.85 (040308-197041431):1)
05-24 20:54:47.600  3174  3890 W FileClientSessionCache: 	at bmgt.a(:com.google.android.gms@12685022@12.6.85 (040308-197041431):8)
05-24 20:54:47.600  3174  3890 W FileClientSessionCache: 	at blwn.a(:com.google.android.gms@12685022@12.6.85 (040308-197041431):30)
05-24 20:54:47.600  3174  3890 W FileClientSessionCache: 	at blvp.run(:com.google.android.gms@12685022@12.6.85 (040308-197041431):2)
05-24 20:54:47.600  3174  3890 W FileClientSessionCache: 	at ovb.run(:com.google.android.gms@12685022@12.6.85 (040308-197041431):27)
05-24 20:54:47.600  3174  3890 W FileClientSessionCache: 	at java.util.concurrent.ThreadPoolExecutor.runWorker(ThreadPoolExecutor.java:1133)
05-24 20:54:47.600  3174  3890 W FileClientSessionCache: 	at java.util.concurrent.ThreadPoolExecutor$Worker.run(ThreadPoolExecutor.java:607)
05-24 20:54:47.600  3174  3890 W FileClientSessionCache: 	at pbc.run(:com.google.android.gms@12685022@12.6.85 (040308-197041431))
05-24 20:54:47.600  3174  3890 W FileClientSessionCache: 	at java.lang.Thread.run(Thread.java:761)
05-24 20:54:47.601  3174  3890 W FileClientSessionCache: FileClientSessionCache: Failed to delete /data/user/0/com.google.android.gms/app_sslcache/alt8-mtalk.google.com.5228.
05-24 20:54:47.601  3174  3890 W FileClientSessionCache: java.io.IOException: FileClientSessionCache: Failed to delete /data/user/0/com.google.android.gms/app_sslcache/alt8-mtalk.google.com.5228.
05-24 20:54:47.601  3174  3890 W FileClientSessionCache: 	at com.google.android.gms.org.conscrypt.FileClientSessionCache$Impl.delete(:com.google.android.gms@12685022@12.6.85 (040308-197041431):1)
05-24 20:54:47.601  3174  3890 W FileClientSessionCache: 	at com.google.android.gms.org.conscrypt.FileClientSessionCache$Impl.makeRoom(:com.google.android.gms@12685022@12.6.85 (040308-197041431):4)
05-24 20:54:47.601  3174  3890 W FileClientSessionCache: 	at com.google.android.gms.org.conscrypt.FileClientSessionCache$Impl.putSessionData(:com.google.android.gms@12685022@12.6.85 (040308-197041431):9)
05-24 20:54:47.601  3174  3890 W FileClientSessionCache: 	at com.google.android.gms.org.conscrypt.ClientSessionContext.onBeforeAddSession(:com.google.android.gms@12685022@12.6.85 (040308-197041431):3)
05-24 20:54:47.601  3174  3890 W FileClientSessionCache: 	at com.google.android.gms.org.conscrypt.AbstractSessionContext.cacheSession(:com.google.android.gms@12685022@12.6.85 (040308-197041431):2)
05-24 20:54:47.601  3174  3890 W FileClientSessionCache: 	at com.google.android.gms.org.conscrypt.ConscryptFileDescriptorSocket.onNewSessionEstablished(:com.google.android.gms@12685022@12.6.85 (040308-197041431):4)
05-24 20:54:47.601  3174  3890 W FileClientSessionCache: 	at com.google.android.gms.org.conscrypt.NativeCrypto.SSL_read(Native Method)
05-24 20:54:47.601  3174  3890 W FileClientSessionCache: 	at com.google.android.gms.org.conscrypt.NativeSsl.read(:com.google.android.gms@12685022@12.6.85 (040308-197041431):2)
05-24 20:54:47.601  3174  3890 W FileClientSessionCache: 	at com.google.android.gms.org.conscrypt.ConscryptFileDescriptorSocket$SSLInputStream.read(:com.google.android.gms@12685022@12.6.85 (040308-197041431):7)
05-24 20:54:47.601  3174  3890 W FileClientSessionCache: 	at bmgp.a(:com.google.android.gms@12685022@12.6.85 (040308-197041431):2)
05-24 20:54:47.601  3174  3890 W FileClientSessionCache: 	at bmfy.a(:com.google.android.gms@12685022@12.6.85 (040308-197041431):2)
05-24 20:54:47.601  3174  3890 W FileClientSessionCache: 	at bmgt.b(:com.google.android.gms@12685022@12.6.85 (040308-197041431):1)
05-24 20:54:47.601  3174  3890 W FileClientSessionCache: 	at bmgt.a(:com.google.android.gms@12685022@12.6.85 (040308-197041431):8)
05-24 20:54:47.601  3174  3890 W FileClientSessionCache: 	at blwn.a(:com.google.android.gms@12685022@12.6.85 (040308-197041431):30)
05-24 20:54:47.601  3174  3890 W FileClientSessionCache: 	at blvp.run(:com.google.android.gms@12685022@12.6.85 (040308-197041431):2)
05-24 20:54:47.601  3174  3890 W FileClientSessionCache: 	at ovb.run(:com.google.android.gms@12685022@12.6.85 (040308-197041431):27)
05-24 20:54:47.601  3174  3890 W FileClientSessionCache: 	at java.util.concurrent.ThreadPoolExecutor.runWorker(ThreadPoolExecutor.java:1133)
05-24 20:54:47.601  3174  3890 W FileClientSessionCache: 	at java.util.concurrent.ThreadPoolExecutor$Worker.run(ThreadPoolExecutor.java:607)
05-24 20:54:47.601  3174  3890 W FileClientSessionCache: 	at pbc.run(:com.google.android.gms@12685022@12.6.85 (040308-197041431))
05-24 20:54:47.601  3174  3890 W FileClientSessionCache: 	at java.lang.Thread.run(Thread.java:761)
05-24 20:54:47.605  6625  6625 I Finsky  : [1] com.google.android.finsky.p2p.c.a(10): Frosting ID looked up on UI thread. Caller should move to a background thread.
05-24 20:54:47.605  4035  4068 I AccountTypeManager: getAccountTypeBySlot()+ - slotId:0
05-24 20:54:47.606  4035  4068 E SimCardUtils: ======FeatureOption.LENOVO_DUAL_CARD_SUPPORT=======111============
05-24 20:54:47.607  4035  4068 D LenovoAdapter: ==getSimCardTypeDualCard=cardType=[ISIM]
05-24 20:54:47.607  4035  4068 D LenovoAdapter: ==getSimCardTypeDualCard=cardType=[ISIM]
05-24 20:54:47.607  4035  4068 E SimCardUtils: ==simType==0
05-24 20:54:47.607  4035  4068 I AccountTypeManager: getAccountTypeBySlot()- - slotId:0 AccountType:SIM Account
05-24 20:54:47.607  4035  4068 I AccountTypeManager: getSimAccountNameBySlot()+ slotId:0
05-24 20:54:47.608  4035  4068 E SimCardUtils: ======FeatureOption.LENOVO_DUAL_CARD_SUPPORT=======111============
05-24 20:54:47.609  4035  4068 D LenovoAdapter: ==getSimCardTypeDualCard=cardType=[ISIM]
05-24 20:54:47.609  4035  4068 D LenovoAdapter: ==getSimCardTypeDualCard=cardType=[ISIM]
05-24 20:54:47.609  4035  4068 E SimCardUtils: ==simType==0
05-24 20:54:47.609  4035  4068 I AccountTypeManager: getSimAccountNameBySlot() slotId:0 simType(0-SIM/1-USIM):0
05-24 20:54:47.609  4035  4068 I AccountTypeManager: getSimAccountNameBySlot()- slotId:0 SimName:SIM0
05-24 20:54:47.609  4035  4068 I AccountTypeManager: loadAccountsInBackground slotid:0 AccountType:SIM Account simName:SIM0
05-24 20:54:47.609  4035  4068 I Contacts/AWDSE: AccountWithDataSetEx - name:SIM0type:SIM Account slot:-1
05-24 20:54:47.609  4035  4068 I Contacts/AWDSE: AccountWithDataSetEx - name:SIM0type:SIM Account slot:-1
05-24 20:54:47.609  4035  4068 D LenovoAdapter: ==getSimCardTypeDualCard=cardType=[ISIM]
05-24 20:54:47.611  4035  4068 I AccountTypeManager: it is phone
05-24 20:54:47.611  4035  4068 I AccountTypeManager: Loaded meta-data for 10 account types, 6 accounts in 147ms(wall) 22ms(cpu)
05-24 20:54:47.611  4035  4068 I AccountTypeManager: loadAccountsInBackground()-
05-24 20:54:48.602  6625  6625 I Finsky  : [1] com.google.android.finsky.installer.a.az.b(480): isInstantAppSplitOnlyInstall false
05-24 20:54:48.609  3054  3054 D Launcher3: Launcher.Model, onReceive intent=Intent { act=android.search.action.SEARCHABLES_CHANGED flg=0x24000010 }
05-24 20:54:48.634  6625  6625 I Finsky  : [1] com.google.android.finsky.p2p.d.a(2): Wrote row to frosting DB: 30
05-24 20:54:48.636  6625 15470 I Finsky  : [703] com.google.android.finsky.installer.a.n.doInBackground(5): File-by-File compatibility check result: true
05-24 20:54:48.703  3054  3054 D Launcher3: Launcher.Model, onReceive intent=Intent { act=android.search.action.SEARCHABLES_CHANGED flg=0x24000010 }
05-24 20:54:48.726  6625  6625 I Finsky  : [1] com.google.android.finsky.scheduler.bb.a(50): Jobs in database: 1-1337 12-1 
05-24 20:54:48.735  6625  6625 I Finsky  : [1] com.google.android.finsky.scheduler.g.a(287): ConstraintMapping: 1-1337, 12-1,  -> L: 14909ms, D: 86399909ms, C: false, I: false, N: 1
05-24 20:54:48.743  6625  6625 I Finsky  : [1] com.google.android.finsky.scheduler.JobSchedulerEngine.a(19): Cancelling existing job with id: 9000
05-24 20:54:48.777  1529  1529 D NotificationService: notification light: Missing Other!
05-24 20:54:48.783  3174 15797 I SingleHostAsyncVerifier: Verification result: checking for a statement with source a <
05-24 20:54:48.783  3174 15797 I SingleHostAsyncVerifier:   a: "https://beta.doodle.com"
05-24 20:54:48.783  3174 15797 I SingleHostAsyncVerifier: >
05-24 20:54:48.783  3174 15797 I SingleHostAsyncVerifier: , relation delegate_permission/common.handle_all_urls, and target b <
05-24 20:54:48.783  3174 15797 I SingleHostAsyncVerifier:   a: "com.doodle.android"
05-24 20:54:48.783  3174 15797 I SingleHostAsyncVerifier:   b <
05-24 20:54:48.783  3174 15797 I SingleHostAsyncVerifier:     a: "2D:38:0D:F4:11:91:85:31:F7:29:12:DC:9A:A6:5E:A7:40:A8:57:3B:05:F9:DE:23:92:62:9F:6C:D8:22:D7:C7"
05-24 20:54:48.783  3174 15797 I SingleHostAsyncVerifier:   >
05-24 20:54:48.783  3174 15797 I SingleHostAsyncVerifier: >
05-24 20:54:48.783  3174 15797 I SingleHostAsyncVerifier:  --> true.
05-24 20:54:48.798  1529  1529 V RestrictedPackageService: filterBroadcastReceiver for android.intent.action.DROPBOX_ENTRY_ADDED
05-24 20:54:48.798  6625  6625 I Finsky  : [1] com.google.android.finsky.scheduler.JobSchedulerEngine.a(99): Throttling wakeup for job 9001 (expected to run in 14909 ms) due to recent wakeup
05-24 20:54:48.800  6625  6625 I Finsky  : [1] com.google.android.finsky.scheduler.JobSchedulerEngine.a(142): Scheduling job Id: 9001, L: 30000, D: 86399909, C: false, I: false, N: 1
05-24 20:54:48.810  3174 15795 I SingleHostAsyncVerifier: Verification result: checking for a statement with source a <
05-24 20:54:48.810  3174 15795 I SingleHostAsyncVerifier:   a: "https://doodle.com"
05-24 20:54:48.810  3174 15795 I SingleHostAsyncVerifier: >
05-24 20:54:48.810  3174 15795 I SingleHostAsyncVerifier: , relation delegate_permission/common.handle_all_urls, and target b <
05-24 20:54:48.810  3174 15795 I SingleHostAsyncVerifier:   a: "com.doodle.android"
05-24 20:54:48.810  3174 15795 I SingleHostAsyncVerifier:   b <
05-24 20:54:48.810  3174 15795 I SingleHostAsyncVerifier:     a: "2D:38:0D:F4:11:91:85:31:F7:29:12:DC:9A:A6:5E:A7:40:A8:57:3B:05:F9:DE:23:92:62:9F:6C:D8:22:D7:C7"
05-24 20:54:48.810  3174 15795 I SingleHostAsyncVerifier:   >
05-24 20:54:48.810  3174 15795 I SingleHostAsyncVerifier: >
05-24 20:54:48.810  3174 15795 I SingleHostAsyncVerifier:  --> true.
05-24 20:54:48.824  3174 15796 I SingleHostAsyncVerifier: Verification result: checking for a statement with source a <
05-24 20:54:48.824  3174 15796 I SingleHostAsyncVerifier:   a: "https://www.doodle.com"
05-24 20:54:48.824  3174 15796 I SingleHostAsyncVerifier: >
05-24 20:54:48.824  3174 15796 I SingleHostAsyncVerifier: , relation delegate_permission/common.handle_all_urls, and target b <
05-24 20:54:48.824  3174 15796 I SingleHostAsyncVerifier:   a: "com.doodle.android"
05-24 20:54:48.824  3174 15796 I SingleHostAsyncVerifier:   b <
05-24 20:54:48.824  3174 15796 I SingleHostAsyncVerifier:     a: "2D:38:0D:F4:11:91:85:31:F7:29:12:DC:9A:A6:5E:A7:40:A8:57:3B:05:F9:DE:23:92:62:9F:6C:D8:22:D7:C7"
05-24 20:54:48.824  3174 15796 I SingleHostAsyncVerifier:   >
05-24 20:54:48.824  3174 15796 I SingleHostAsyncVerifier: >
05-24 20:54:48.824  3174 15796 I SingleHostAsyncVerifier:  --> true.
05-24 20:54:48.826  4441  4441 D WorkerThread: Return handler = Handler (android.os.Handler) {aff2c95}
05-24 20:54:48.830  3174 15798 I SingleHostAsyncVerifier: Verification result: checking for a statement with source a <
05-24 20:54:48.830  3174 15798 I SingleHostAsyncVerifier:   a: "https://www.beta.doodle.com"
05-24 20:54:48.830  3174 15798 I SingleHostAsyncVerifier: >
05-24 20:54:48.830  3174 15798 I SingleHostAsyncVerifier: , relation delegate_permission/common.handle_all_urls, and target b <
05-24 20:54:48.830  3174 15798 I SingleHostAsyncVerifier:   a: "com.doodle.android"
05-24 20:54:48.830  3174 15798 I SingleHostAsyncVerifier:   b <
05-24 20:54:48.830  3174 15798 I SingleHostAsyncVerifier:     a: "2D:38:0D:F4:11:91:85:31:F7:29:12:DC:9A:A6:5E:A7:40:A8:57:3B:05:F9:DE:23:92:62:9F:6C:D8:22:D7:C7"
05-24 20:54:48.830  3174 15798 I SingleHostAsyncVerifier:   >
05-24 20:54:48.830  3174 15798 I SingleHostAsyncVerifier: >
05-24 20:54:48.830  3174 15798 I SingleHostAsyncVerifier:  --> false.
05-24 20:54:48.833  3174 15794 I IntentFilterIntentSvc: Verification 0 complete. Success:false. Failed hosts:*doodle.com,*link.e.doodle.com,*link.dev.doodle.com,www.beta.doodle.com,*doodle-test.com.
05-24 20:54:48.881  3054  3054 W Launcher: setApplicationContext called twice! old=com.android.launcher3.LauncherApplication@4f1b95a new=com.android.launcher3.LauncherApplication@4f1b95a
05-24 20:54:48.892  1529  1553 D DeviceIdleController: handleMessage(7)
05-24 20:54:48.892  3054  3196 D Launcher3: Launcher.Model, mAllAppsList.updatePackage com.doodle.android
05-24 20:54:48.894  4441  4470 I keyPushLog: LSF_DEVICE_PUSH: net: wifi
05-24 20:54:48.901  3054  3196 D LenovoAppIconTheme: ApplicationPackageManager;getLenovoDrawable;calling from :: com.lenovo.olauncher, packageName = com.doodle.android
05-24 20:54:48.902  3054  3196 D LenovoAppIconTheme: ExtraResources;getIconOriginalName;<2131492864>com.doodle.android:mipmap/ic_launcher
05-24 20:54:48.902  1529  2362 I chatty  : uid=1000(system) Binder:1529_6 expire 3 lines
05-24 20:54:48.903  3054  3196 D LenovoAppIconTheme: ExtraResources;getDrawableFromLenovoTheme;inResourcePath = mipmap/ic_launcher.png,result = null
05-24 20:54:48.905  3054  3196 D LenovoAppIconTheme: ExtraResources;createIconBitmap;icon=android.graphics.drawable.BitmapDrawable@169d0f9
05-24 20:54:48.908  3054  3196 D LenovoAppIconTheme: ExtraResources;createIconBitmap;bm=android.graphics.Bitmap@150083e
05-24 20:54:48.908  3054  3196 D LenovoAppIconTheme: ExtraResources;createIconBitmap;bm.getHeight=156
05-24 20:54:48.908  3054  3196 D LenovoAppIconTheme: ExtraResources;createIconBitmap;bm.getWidth=156
05-24 20:54:48.909  3054  3196 D LenovoAppIconTheme: ExtraResources;createIconBitmap;bg != null bg = android.graphics.Bitmap@6144a50
05-24 20:54:48.913  3054  3196 D LenovoAppIconTheme: ExtraResources;createIconBitmap;fg != null fg = android.graphics.Bitmap@f283449
05-24 20:54:48.915  3054  3196 D LenovoAppIconTheme: ExtraResources;createIconBitmap;canvas.setBitmap(null); had removed
05-24 20:54:48.915  3054  3196 D LenovoAppIconTheme: ExtraResources;getShapeDrawable;db = android.graphics.drawable.BitmapDrawable@f8a969f
05-24 20:54:48.929 14791 14791 E LOG     : onReceivePackageChanged
05-24 20:54:48.934  4441  4470 I keyPushLog: LSF_DEVICE_PUSH:NetMode=wifi, wifiOnly=0, pkg=com.lenovo.lsf.device
05-24 20:54:48.950 14791 14791 E onReceivePackageChanged: exception: Current home launcher is not supported by Badges library
05-24 20:54:48.950 14791 14791 W System.err: com.github.a.b: Current home launcher is not supported by Badges library
05-24 20:54:48.950 14791 14791 W System.err: 	at com.github.a.a.a(SourceFile:47)
05-24 20:54:48.950 14791 14791 W System.err: 	at com.github.a.a.a(SourceFile:59)
05-24 20:54:48.950 14791 14791 W System.err: 	at air.br.com.alelo.mobile.android.alelo.broadcast.PackageChangedBroadcastReceiver.onReceive(SourceFile:24)
05-24 20:54:48.950 14791 14791 W System.err: 	at android.app.ActivityThread.handleReceiver(ActivityThread.java:3011)
05-24 20:54:48.950 14791 14791 W System.err: 	at android.app.ActivityThread.-wrap18(ActivityThread.java)
05-24 20:54:48.951 14791 14791 W System.err: 	at android.app.ActivityThread$H.handleMessage(ActivityThread.java:1544)
05-24 20:54:48.951 14791 14791 W System.err: 	at android.os.Handler.dispatchMessage(Handler.java:102)
05-24 20:54:48.951 14791 14791 W System.err: 	at android.os.Looper.loop(Looper.java:154)
05-24 20:54:48.951 14791 14791 W System.err: 	at android.app.ActivityThread.main(ActivityThread.java:6077)
05-24 20:54:48.951 14791 14791 W System.err: 	at java.lang.reflect.Method.invoke(Native Method)
05-24 20:54:48.951 14791 14791 W System.err: 	at com.android.internal.os.ZygoteInit$MethodAndArgsCaller.run(ZygoteInit.java:865)
05-24 20:54:48.951 14791 14791 W System.err: 	at com.android.internal.os.ZygoteInit.main(ZygoteInit.java:755)
05-24 20:54:48.972  4441  4470 I keyPushLog: LSF_DEVICE_PUSH:LsfStartTime : 2017-02-25 package:com.lenovo.lsf.device
05-24 20:54:48.994  6625  6666 E GooglePlayServicesUtil: The Google Play services resources were not found. Check your project configuration to ensure that the resources are included.
05-24 20:54:49.015  6625  6666 E GooglePlayServicesUtil: The Google Play services resources were not found. Check your project configuration to ensure that the resources are included.
05-24 20:54:49.031  1529  2754 W BackupManagerService: dataChanged but no participant pkg='com.lenovo.olauncher' uid=10025
05-24 20:54:49.032  3054  3054 I Launcher3: Launcher, Deferring update until onResume
05-24 20:54:49.034  4441  4470 I keyPushLog: LSF_DEVICE_PUSH:Engine=com.lenovo.lsf.device, start com.lenovo.lsf.device
05-24 20:54:49.057  2433  2488 D ContactsProvider: performBackgroundTask()+ **** task=8
05-24 20:54:49.074  2433  2488 D ContactsProvider: performBackgroundTask()- **** task=8
05-24 20:54:49.112  6625  6625 I Finsky  : [1] com.google.android.finsky.p2p.c.a(10): Frosting ID looked up on UI thread. Caller should move to a background thread.
05-24 20:54:49.147  6625  6625 I Finsky  : [1] com.google.android.finsky.wear.WearSupportService.onStartCommand(26): Starting WearSupportService for auto_install
05-24 20:54:49.156  6625  6625 I Finsky  : [1] com.google.android.finsky.wear.w.a(18): Connecting to wearable
05-24 20:54:49.158  6625  6625 I Finsky  : [1] com.google.android.finsky.p2p.d.a(2): Wrote row to frosting DB: 31
05-24 20:54:49.161  6625  6964 E GooglePlayServicesUtil: The Google Play services resources were not found. Check your project configuration to ensure that the resources are included.
05-24 20:54:49.216  3054  3054 I Launcher3: Launcher, Deferring update until onResume
05-24 20:54:49.217  2793  2793 I WearableService: Wearable Services not starting - Wear is not available on this device.
05-24 20:54:49.229  3174 15826 D LenovoAppIconTheme: ApplicationPackageManager;getLenovoDrawable;calling from :: com.google.android.gms, packageName = com.doodle.android
05-24 20:54:49.230  3174 15826 D LenovoAppIconTheme: ExtraResources;getIconOriginalName;<2131492864>com.doodle.android:mipmap/ic_launcher
05-24 20:54:49.231  3174 15826 D LenovoAppIconTheme: ExtraResources;getDrawableFromLenovoTheme;inResourcePath = mipmap/ic_launcher.png,result = null
05-24 20:54:49.234  3174 15826 D LenovoAppIconTheme: ExtraResources;createIconBitmap;icon=android.graphics.drawable.BitmapDrawable@87c560
05-24 20:54:49.237  3174 15826 D LenovoAppIconTheme: ExtraResources;createIconBitmap;bm=android.graphics.Bitmap@327a19
05-24 20:54:49.237  3174 15826 D LenovoAppIconTheme: ExtraResources;createIconBitmap;bm.getHeight=156
05-24 20:54:49.237  3174 15826 D LenovoAppIconTheme: ExtraResources;createIconBitmap;bm.getWidth=156
05-24 20:54:49.238  3174 15826 D LenovoAppIconTheme: ExtraResources;createIconBitmap;bg != null bg = android.graphics.Bitmap@df7a356
05-24 20:54:49.240  3174 15826 D LenovoAppIconTheme: ExtraResources;createIconBitmap;fg != null fg = android.graphics.Bitmap@b8efd7
05-24 20:54:49.242  3174 15826 D LenovoAppIconTheme: ExtraResources;createIconBitmap;canvas.setBitmap(null); had removed
05-24 20:54:49.243  3174 15826 D LenovoAppIconTheme: ExtraResources;getShapeDrawable;db = android.graphics.drawable.BitmapDrawable@f07cade
05-24 20:54:49.245  2793  9866 W WearableService: onGetService - Wear is not available on this device.
05-24 20:54:49.249  6625  6625 E Finsky  : [1] com.google.android.finsky.wear.x.a(3): onConnectionFailed: ConnectionResult{statusCode=API_UNAVAILABLE, resolution=null, message=null}
05-24 20:54:49.250  6625  6625 W Finsky  : [1] com.google.android.finsky.wear.w.b(31): GoogleApiClient instance is not connected when requested
05-24 20:54:49.251  6625  6625 W Finsky  : [1] com.google.android.finsky.wear.dk.run(16): Dropping command=auto_install due to Gms not connected
05-24 20:54:49.252  6625  6625 I Finsky  : [1] com.google.android.finsky.wear.WearSupportService.b(66): Stopping WearSupportService
05-24 20:54:49.276  3174 15826 D LenovoAppIconTheme: ApplicationPackageManager;getLenovoDrawable;calling from :: com.google.android.gms, packageName = com.doodle.android
05-24 20:54:49.278  3174 15826 D LenovoAppIconTheme: ExtraResources;getIconOriginalName;<2131492864>com.doodle.android:mipmap/ic_launcher
05-24 20:54:49.278  1529  2560 I chatty  : uid=1000(system) Binder:1529_7 expire 2 lines
05-24 20:54:49.284  3174 15809 I ChromeSync: [Sync,SyncIntentOperation] Handling the intent: Intent { act=android.intent.action.PACKAGE_ADDED dat=package:com.doodle.android flg=0x4000010 cmp=com.google.android.gms/.chimera.GmsIntentOperationService (has extras) }.
05-24 20:54:49.290  3174 15826 D LenovoAppIconTheme: ExtraResources;getDrawableFromLenovoTheme;inResourcePath = mipmap/ic_launcher.png,result = null
05-24 20:54:49.290  3174 15826 D LenovoAppIconTheme: ExtraResources;createIconBitmap;icon=android.graphics.drawable.BitmapDrawable@ee79ed5
05-24 20:54:49.296  3174 15826 D LenovoAppIconTheme: ExtraResources;createIconBitmap;bm=android.graphics.Bitmap@76ce078
05-24 20:54:49.296  3174 15826 D LenovoAppIconTheme: ExtraResources;createIconBitmap;bm.getHeight=156
05-24 20:54:49.296  3174 15826 D LenovoAppIconTheme: ExtraResources;createIconBitmap;bm.getWidth=156
05-24 20:54:49.297  3174 15826 D LenovoAppIconTheme: ExtraResources;createIconBitmap;bg != null bg = android.graphics.Bitmap@df7a356
05-24 20:54:49.299  3174 15826 D LenovoAppIconTheme: ExtraResources;createIconBitmap;fg != null fg = android.graphics.Bitmap@b8efd7
05-24 20:54:49.302  3174 15826 D LenovoAppIconTheme: ExtraResources;createIconBitmap;canvas.setBitmap(null); had removed
05-24 20:54:49.302  3174 15826 D LenovoAppIconTheme: ExtraResources;getShapeDrawable;db = android.graphics.drawable.BitmapDrawable@66efcb7
05-24 20:54:49.336  6625  6625 I Finsky  : [1] com.google.android.finsky.installer.a.az.a(1342): Required downloads: [com.google.android.apps.docs]
05-24 20:54:49.338  6625  6684 I Finsky  : [617] com.google.android.finsky.cu.r.run(4): Session for com.google.android.apps.docs already exists, skipping creation
05-24 20:54:49.964  3174  4235 I Icing   : IndexChimeraService.getServiceInterface callingPackage=com.google.android.gms componentName=AppsCorpus serviceId=32
05-24 20:54:49.965  3174  4217 I Icing   : IndexChimeraService.getServiceInterface callingPackage=com.google.android.gms componentName=AppsCorpus serviceId=36
05-24 20:54:50.026  2793  3476 I AsyncOpDispatcher: 19-GetFileDescriptorAndDelete
05-24 20:54:50.059  4441  4441 D WorkerThread: Return handler = Handler (android.os.Handler) {aff2c95}
05-24 20:54:50.073  4441  4470 I keyPushLog: LSF_DEVICE_PUSH: net: wifi
05-24 20:54:50.080  3174  3444 I Icing   : Usage reports ok 0, Failed Usage reports 0, indexed 0, rejected 0, imm upload false
05-24 20:54:50.087  2793  3302 I AsyncOpDispatcher: 19-GetFileDescriptorAndDelete
05-24 20:54:50.100  4441  4470 I keyPushLog: LSF_DEVICE_PUSH:NetMode=wifi, wifiOnly=0, pkg=com.lenovo.lsf.device
05-24 20:54:50.110 14791 14791 E LOG     : onReceivePackageChanged
05-24 20:54:50.118 14791 14791 E onReceivePackageChanged: exception: Current home launcher is not supported by Badges library
05-24 20:54:50.118 14791 14791 W System.err: com.github.a.b: Current home launcher is not supported by Badges library
05-24 20:54:50.118 14791 14791 W System.err: 	at com.github.a.a.a(SourceFile:47)
05-24 20:54:50.118 14791 14791 W System.err: 	at com.github.a.a.a(SourceFile:59)
05-24 20:54:50.119 14791 14791 W System.err: 	at air.br.com.alelo.mobile.android.alelo.broadcast.PackageChangedBroadcastReceiver.onReceive(SourceFile:24)
05-24 20:54:50.119 14791 14791 W System.err: 	at android.app.ActivityThread.handleReceiver(ActivityThread.java:3011)
05-24 20:54:50.119 14791 14791 W System.err: 	at android.app.ActivityThread.-wrap18(ActivityThread.java)
05-24 20:54:50.119 14791 14791 W System.err: 	at android.app.ActivityThread$H.handleMessage(ActivityThread.java:1544)
05-24 20:54:50.119 14791 14791 W System.err: 	at android.os.Handler.dispatchMessage(Handler.java:102)
05-24 20:54:50.119 14791 14791 W System.err: 	at android.os.Looper.loop(Looper.java:154)
05-24 20:54:50.119 14791 14791 W System.err: 	at android.app.ActivityThread.main(ActivityThread.java:6077)
05-24 20:54:50.119 14791 14791 W System.err: 	at java.lang.reflect.Method.invoke(Native Method)
05-24 20:54:50.119 14791 14791 W System.err: 	at com.android.internal.os.ZygoteInit$MethodAndArgsCaller.run(ZygoteInit.java:865)
05-24 20:54:50.119 14791 14791 W System.err: 	at com.android.internal.os.ZygoteInit.main(ZygoteInit.java:755)
05-24 20:54:50.131  4441  4470 I keyPushLog: LSF_DEVICE_PUSH:LsfStartTime : 2017-02-25 package:com.lenovo.lsf.device
05-24 20:54:50.134  3174  3444 I Icing   : Usage reports ok 0, Failed Usage reports 0, indexed 0, rejected 0, imm upload false
05-24 20:54:50.181  4441  4470 I keyPushLog: LSF_DEVICE_PUSH:Engine=com.lenovo.lsf.device, start com.lenovo.lsf.device
05-24 20:54:50.209  2433  2488 D ContactsProvider: performBackgroundTask()+ **** task=8
05-24 20:54:50.225  2433  2488 D ContactsProvider: performBackgroundTask()- **** task=8
05-24 20:54:50.270  6625  6625 I Finsky  : [1] com.google.android.finsky.installer.a.bl.onPostExecute(89): Downloading patch for com.google.android.apps.docs (adid: com.google.android.apps.docs , isid: 0B9-hu3HSVSvhC4t_GilAQ)
05-24 20:54:50.271  6625  6625 I Finsky  : [1] com.google.android.finsky.download.e.b(61): Duplicate state set for 'com.google.android.apps.docs' (0). Already in that state
05-24 20:54:50.272  6625  6625 I Finsky  : [1] com.google.android.finsky.download.n.a(23): Download com.google.android.apps.docs added to DownloadQueue
05-24 20:54:50.274  6625  6625 I Finsky  : [1] com.google.android.finsky.download.e.b(64): com.google.android.apps.docs from 0 to 1.
05-24 20:54:50.288   652   652 I         : free_cache(5112268) avail 12408750080
05-24 20:54:50.312  6625  6625 I Finsky  : [1] com.google.android.finsky.download.w.a(25): Download com.google.android.apps.docs starting
05-24 20:54:50.372  2793  3429 I AsyncOpDispatcher: 51-RegisterSyncOperationCall
05-24 20:54:50.377  2793 15768 E NetworkScheduler: Unrecognised action provided: android.intent.action.PACKAGE_REPLACED
05-24 20:54:50.467  4035  4035 D ContactListFilterController: checkFilterValidity enter mFilter is all_accounts
05-24 20:54:50.611  4035  4035 D ContactListFilterController: checkFilterValidity enter mFilter is all_accounts
05-24 20:54:50.986  3054  3054 W Launcher: setApplicationContext called twice! old=com.android.launcher3.LauncherApplication@4f1b95a new=com.android.launcher3.LauncherApplication@4f1b95a
05-24 20:54:50.997  6625  6625 I Finsky  : [1] com.google.android.finsky.download.u.onPostExecute(11): Enqueued com.google.android.apps.docs as content://downloads/my_downloads/5182
05-24 20:54:50.997  6625  6625 I Finsky  : [1] com.google.android.finsky.download.e.b(64): com.google.android.apps.docs from 1 to 2.
05-24 20:54:50.998  6625  6625 I Finsky  : [1] com.google.android.finsky.download.n.h(133): com.google.android.apps.docs: onStart
05-24 20:54:51.055 14791 14791 E IBM.MCE 3.6.6.2 : BaseAlarmReceiver: listenerName is null
05-24 20:54:51.061  3174  4217 I Icing   : IndexChimeraService.getServiceInterface callingPackage=com.google.android.gms componentName=AppsCorpus serviceId=36
05-24 20:54:51.061  3174  4235 I Icing   : IndexChimeraService.getServiceInterface callingPackage=com.google.android.gms componentName=AppsCorpus serviceId=32
05-24 20:54:51.107  2793  3476 I AsyncOpDispatcher: 19-GetFileDescriptorAndDelete
05-24 20:54:51.132  6625  6625 I Finsky  : [1] com.google.android.finsky.download.n.a(114): com.google.android.apps.docs: onProgress 0/-1 Status: 190 ID: 5182.
05-24 20:54:51.189  3174  3444 I Icing   : Usage reports ok 0, Failed Usage reports 0, indexed 0, rejected 0, imm upload false
05-24 20:54:51.203  9013 15838 D DownloadManager: [5182] Starting
05-24 20:54:51.206  2793  2809 I AsyncOpDispatcher: 19-GetFileDescriptorAndDelete
05-24 20:54:51.260  3174  3444 I Icing   : Usage reports ok 0, Failed Usage reports 0, indexed 0, rejected 0, imm upload false
05-24 20:54:51.272  3174  3444 I Icing   : Indexing 8D3989C750A7D970E159716C9BB6B790044E729A from com.google.android.gms
05-24 20:54:51.274  9013 15838 D NetworkSecurityConfig: No Network Security Config specified, using platform default
05-24 20:54:51.278  9248  9512 D LenovoAppIconTheme: ApplicationPackageManager;getLenovoDrawable;calling from :: com.piriform.ccleaner, packageName = com.doodle.android
05-24 20:54:51.282  9013 15838 I DpmTcmClient: RegisterTcmMonitor from: com.android.okhttp.TcmIdleTimerMonitor
05-24 20:54:51.282  9248  9512 D LenovoAppIconTheme: ExtraResources;getIconOriginalName;<2131492864>com.doodle.android:mipmap/ic_launcher
05-24 20:54:51.283  1529  3784 I chatty  : uid=1000(system) Binder:1529_18 expire 2 lines
05-24 20:54:51.284  9248  9512 D LenovoAppIconTheme: ExtraResources;getDrawableFromLenovoTheme;inResourcePath = mipmap/ic_launcher.png,result = null
05-24 20:54:51.287  9248  9512 D LenovoAppIconTheme: ExtraResources;createIconBitmap;icon=android.graphics.drawable.BitmapDrawable@29a85c5
05-24 20:54:51.290  9248  9512 D LenovoAppIconTheme: ExtraResources;createIconBitmap;bm=android.graphics.Bitmap@beb2b1a
05-24 20:54:51.290  9248  9512 D LenovoAppIconTheme: ExtraResources;createIconBitmap;bm.getHeight=156
05-24 20:54:51.290  9248  9512 D LenovoAppIconTheme: ExtraResources;createIconBitmap;bm.getWidth=156
05-24 20:54:51.292  9248  9512 D LenovoAppIconTheme: ExtraResources;createIconBitmap;bg != null bg = android.graphics.Bitmap@8745689
05-24 20:54:51.294  9248  9512 D LenovoAppIconTheme: ExtraResources;createIconBitmap;fg != null fg = android.graphics.Bitmap@2dcc68e
05-24 20:54:51.296  9248  9512 D LenovoAppIconTheme: ExtraResources;createIconBitmap;canvas.setBitmap(null); had removed
05-24 20:54:51.296  9248  9512 D LenovoAppIconTheme: ExtraResources;getShapeDrawable;db = android.graphics.drawable.BitmapDrawable@a5f764b
05-24 20:54:51.709   661   661 I cnss-daemon: RTM_NEWNEIGH message received: 28
05-24 20:54:51.710   661   661 E cnss-daemon: Stale or unreachable neighbors, ndm state: 4
05-24 20:54:51.788  1529  1529 V RestrictedPackageService: filterBroadcastReceiver for android.intent.action.DROPBOX_ENTRY_ADDED
05-24 20:54:51.802   661   661 I cnss-daemon: RTM_NEWROUTE Indication
05-24 20:54:51.802   661   661 I cnss-daemon: ip type is ipv6
05-24 20:54:51.805   661   661 E cnss-daemon: gateway ipv6 address: fe80::7e26:64ff:fe7f:e801
05-24 20:54:51.805   661   661 E cnss-daemon: gateway mac address: %02x:%02x:%02x:%02x:%02x:%02x
05-24 20:54:51.805   661   661 E cnss-daemon: : 7c:26:64:7f:e8:01
05-24 20:54:51.806   661   661 E cnss-daemon: gw update message successfully sent
05-24 20:54:51.823  6625  6625 I Finsky  : [1] com.google.android.finsky.download.n.a(114): com.google.android.apps.docs: onProgress 0/-1 Status: 192 ID: 5182.
05-24 20:54:52.458  3174  3444 I Icing   : Indexing done 8D3989C750A7D970E159716C9BB6B790044E729A
05-24 20:54:52.491  2146  2146 I IcingNotification: Received intent: Intent { act=com.google.android.gms.icing.IME_NOTIFICATION flg=0x10 pkg=com.google.android.inputmethod.latin (has extras) }
05-24 20:54:53.139  2876  2888 I QtiTetherService: limitReached Alert received limitName: globalAlert on Interface: wlan0
05-24 20:54:53.169  2876  2889 D QtiTetherService/IpaWrapper: getStats(false)
05-24 20:54:53.211  1529  2068 V NetworkPolicy: setNetworkTemplateEnable other template = 4
05-24 20:54:53.220  1529  2068 V NetworkPolicy: setPolicyDataEnableForSubscriber:subId(1),true
05-24 20:54:54.255  2793  2793 I WearableService: Wearable Services stopping
05-24 20:54:54.611  9013  9067 D Resources: oneSpecialCase = falsequantityCode =one local = pt_BR
05-24 20:54:54.622  2876  2888 I QtiTetherService: limitReached Alert received limitName: globalAlert on Interface: wlan0
05-24 20:54:54.644  2876  2889 D QtiTetherService/IpaWrapper: getStats(false)
05-24 20:54:54.680  1529  2068 V NetworkPolicy: setNetworkTemplateEnable other template = 4
05-24 20:54:54.686  1529  2068 V NetworkPolicy: setPolicyDataEnableForSubscriber:subId(1),true
05-24 20:54:55.650  9013 15838 D DownloadManager: [5182] Finished with status SUCCESS
05-24 20:54:55.693  1529  3014 V RestrictedPackageService: filterBroadcastReceiver for android.intent.action.DOWNLOAD_COMPLETE
05-24 20:54:55.695  1529  1529 I chatty  : uid=1000 system_server expire 14 lines
05-24 20:54:55.696  6625  6625 I Finsky  : [1] com.google.android.finsky.download.n.a(114): com.google.android.apps.docs: onProgress 5112268/5112268 Status: 200 ID: 5182.
05-24 20:54:55.724  6625  6625 I Finsky  : [1] com.google.android.finsky.download.DownloadBroadcastReceiver.a(4): Intent received at DownloadBroadcastReceiver
05-24 20:54:55.758  6625  6625 I Finsky  : [1] com.google.android.finsky.download.e.b(64): com.google.android.apps.docs from 2 to 3.
05-24 20:54:55.760  1529  1529 D NotificationService: notification light: Missing Other!
05-24 20:54:55.775  6625  6625 I Finsky  : [1] com.google.android.finsky.download.n.f(124): com.google.android.apps.docs: onComplete
05-24 20:54:55.775  6625  6625 I Finsky  : [1] com.google.android.finsky.download.n.i(137): Download com.google.android.apps.docs removed from DownloadQueue
05-24 20:54:55.787  6625  6964 E GooglePlayServicesUtil: The Google Play services resources were not found. Check your project configuration to ensure that the resources are included.
05-24 20:54:55.788   652   652 I         : free_cache(0) avail 12403621888
05-24 20:54:55.790  6625  6625 I Finsky  : [1] com.google.android.finsky.installer.a.az.b(410): Prepare to patch com.google.android.apps.docs (adid: com.google.android.apps.docs , isid: 0B9-hu3HSVSvhC4t_GilAQ) from content://downloads/my_downloads/5182 format 5
05-24 20:54:55.892  3174  3891 I AsyncOpDispatcher: 28-ReportNetworkQuality
05-24 20:54:55.907   652   652 I         : free_cache(25146904) avail 12403621888
05-24 20:54:55.930  1529  2959 W NetworkIdentity: Active mobile network without subscriber!
05-24 20:54:55.979  6625 15470 I Finsky  : [703] com.google.android.finsky.g.f.a(2): APK integrity will be verified using [SHA-256] method
05-24 20:54:58.040  1529  1832 V AlarmManager: sending alarm Alarm{69d1b7b type 2 when 908010 com.google.android.gms}
