06-20 21:22:12.935  7144  7144 D getActualActivityHeight: 1587
06-20 21:22:12.936  4897  4897 I SurveyLogManager: mDeviceInfo.mScreen = true
06-20 21:22:12.936  7144  7144 D TrayStateController: putInputRect mDynamicInputRegion=27100363@LastEvent=t=1529540278646Rect(22, 0 - 67, 365),Rect=Rect(22, 0 - 67, 365)
06-20 21:22:12.939  7144  7144 D getActualActivityHeight: 1587
06-20 21:22:12.941  7144  7144 D getActualActivityHeight: 1587
06-20 21:22:12.941  4897  5235 I BarTender:GATHERERGPS: [GPS] gather SamsungGpsInfo
06-20 21:22:12.941  7144  7144 D TrayStateTrigger: getTriggerMarginOnTop retY=427 halfHandleSize=183 getTriggerPosition=26.499998
06-20 21:22:12.942  4897  5235 I BarTender:GATHERERBLE: [BLE] gather BleInfo
06-20 21:22:12.942  7144  7144 D getActualActivityHeight: 1587
06-20 21:22:12.943  4897  4897 D SSRM:a  : WakeUpReason 1
06-20 21:22:12.943  7144  7144 D getActualActivityHeight: 1587
06-20 21:22:12.944  4897  6304 W CocktailBarStatePolicyController: updateWindowType: current window type is requested window type(1)
06-20 21:22:12.944  4897  4927 D PowerManagerService: [api] setButtonBrightnessLimit: 255
06-20 21:22:12.946  7144  7144 D TrayStateController: setUiState 0 : 2 --> 0
06-20 21:22:12.948  4897  5354 I OverlayCocktailBarStatePolicy: handleUpdateVisibility: mVisibility = 2 visibility = 1
06-20 21:22:12.948 10063 10063 I BeaconManager: BeaconManager.onReceive - receive Action : android.intent.action.SCREEN_ON
06-20 21:22:12.948 10063 10063 D BeaconManager: BeaconManager.onReceive - end
06-20 21:22:12.949 10063 10079 I BeaconManager: BeaconManager.BeaconManagerWorkHandler - BroadcastReceiver onReceive start
06-20 21:22:12.949  4897  5337 V WindowManager: Relayout Window{3e837fed0 u0 com.samsung.android.app.cocktailbarservice/com.samsung.android.app.cocktailbarservice.CocktailBarService}: viewVisibility=0 req=67x365 WM.LayoutParams{(0,427)(67x365) gr=#35 sim=#20 ty=2226 fl=#1800348 pfl=0x50 fmt=-2 vsysui=0x2000 naviIconColor=0}
06-20 21:22:12.949 10063 10079 D BeaconManager: BeaconManager.BeaconManagerWorkHandler - mScreenObserver action:android.intent.action.SCREEN_ON
06-20 21:22:12.949 10063 10079 D BeaconManager: AppControlManager.screenOnIntentReceived - start
06-20 21:22:12.949 10063 10079 D BeaconManager: AppControlManager.screenOnIntentReceived - end
06-20 21:22:12.949 10063 10079 D BeaconManager: EasySetupManager.screenOnIntentReceived - start
06-20 21:22:12.949 10063 10079 D BeaconManager: EasySetupManager.screenOnIntentReceived - end
06-20 21:22:12.949 10063 10079 D BeaconManager: BleScanHelper.screenOnIntentReceived - start
06-20 21:22:12.950  3184  3184 I SurfaceFlinger: id=7130 createSurf (67x365),1 flag=4, DocktailBar
06-20 21:22:12.954 10063 10079 D BeaconManager: BleScanHelper.mBroadcastReceiver - Action: android.intent.action.SCREEN_ON, user: 0
06-20 21:22:12.954 10063 10079 V BeaconManager: BleScanHelper.startBleScan - startBleScan
06-20 21:22:12.955 10063 10079 D BluetoothAdapter: STATE_BLE_ON
06-20 21:22:12.955 10063 10079 D BeaconManager: BleScanHelper.screenOnIntentReceived - end
06-20 21:22:12.955 10063 10079 I BeaconManager: BeaconManager.BeaconManagerWorkHandler - BroadcastReceiver onReceive end
06-20 21:22:12.956 10063 10080 D BeaconManager: BleScanHelper.MSG_CALL_START_LESCAN - ($)isFilterScanFailed/discovering:false/true
06-20 21:22:12.958 10063 10080 D BluetoothAdapter: STATE_BLE_ON
06-20 21:22:12.959 10063 10080 D BluetoothAdapter: STATE_BLE_ON
06-20 21:22:12.960 10063 10080 D BluetoothAdapter: appoCount is = 1
06-20 21:22:12.960 10063 10080 I BeaconManager: BleScanHelper.directStopLeScan - call BleScanner.stopScan()
06-20 21:22:12.960  4897  4972 V WallpaperManagerService: Wallpaper file change: evt=128 path=settings_secure.xml.bak sys=false lock=false imagePending=false whichPending=0x0 written=true index=0
06-20 21:22:12.961  7144  7144 D CocktailBarUiController: onCocktailBarStateChanged: flag=0x1 vis=1 bgType=0 showTimeout=-1 activate=true
06-20 21:22:12.962  5474  5710 D NetworkController.MobileSignalController(0/1): onSignalStrengthsChanged signalStrength=SignalStrength: 0 99 -120 -200 -120 -200 -1 0 -117 -14 -70 2 2147483647 0x1000 gsm|lte level=1
06-20 21:22:12.963  5474  5710 D NetworkController.MobileSignalController(0/1): getMobileIconGroup(): 13
06-20 21:22:12.964 10063 10080 D BluetoothAdapter: STATE_BLE_ON
06-20 21:22:12.964 10063 10080 D BluetoothAdapter: appoCount is = 1
06-20 21:22:12.964  7144  7208 D mali_winsys: EGLint new_window_surface(egl_winsys_display*, void*, EGLSurface, EGLConfig, egl_winsys_surface**, egl_color_buffer_format*, EGLBoolean) returns 0x3000,  [67x365]-format:1
06-20 21:22:12.965 10063 10080 D BluetoothAdapter: STATE_BLE_ON
06-20 21:22:12.965 10063 10080 D BluetoothLeScanner: Stop Scan
06-20 21:22:12.965  4897  8836 V WindowManager: Relayout Window{3e837fed0 u0 com.samsung.android.app.cocktailbarservice/com.samsung.android.app.cocktailbarservice.CocktailBarService}: viewVisibility=0 req=67x365 WM.LayoutParams{(0,427)(67x365) gr=#35 sim=#20 ty=2226 fl=#1800348 pfl=0x50 fmt=-2 vsysui=0x2000 naviIconColor=0}
06-20 21:22:12.966  5410  5424 D BtGatt.GattService: stopScan() - queue size =1
06-20 21:22:12.966  5410  5424 D BtGatt.GattService: stopScan() - queue size =1
06-20 21:22:12.966  5410  5901 E BtGatt.GattService: [GSIM LOG]: gsimLogHandler: android.uid.bcmgr, msg: MESSAGE_STOP_SCAN
06-20 21:22:12.967  4897  4972 V WallpaperManagerService: Wallpaper file change: evt=8 path=settings_secure.xml sys=false lock=false imagePending=false whichPending=0x0 written=true index=0
06-20 21:22:12.967  4897  4972 V WallpaperManagerService: Wallpaper file change: evt=512 path=settings_secure.xml.bak sys=false lock=false imagePending=false whichPending=0x0 written=false index=0
06-20 21:22:12.968  5410  5900 D BtGatt.ScanManager: stop scan
06-20 21:22:12.968  5410  5900 D BtGatt.ScanManager: delete FilterIndex - 14
06-20 21:22:12.969  5410  6321 D BtGatt.GattService: unregisterClient() - clientIf=4
06-20 21:22:12.972  6445  6445 D AODService: dismissWindow
06-20 21:22:12.973  6445  6445 D PlaybackStateMonitor: Stop
06-20 21:22:12.976  4897  8837 D CoverManagerWhiteLists: isAllowedToUse : SIGNATURE_MATCH
06-20 21:22:12.976  6445  6445 D DefaultClockView:  dismiss
06-20 21:22:12.978  5410  5536 D BtGatt.GattService: onScanFilterParamsConfigured() - clientIf=4, status=0, action=1, availableSpace=31
06-20 21:22:12.978  5410  5536 D BtGatt.ScanManager: callback done for clientIf - 4 status - 0
06-20 21:22:12.978  5410  5900 D BtGatt.ScanManager: delete FilterIndex - 29
06-20 21:22:12.983  5410  5536 D BtGatt.GattService: onScanFilterParamsConfigured() - clientIf=4, status=0, action=1, availableSpace=32
06-20 21:22:12.983  5410  5536 D BtGatt.ScanManager: callback done for clientIf - 4 status - 0
06-20 21:22:12.983  5410  5900 D BtGatt.ScanManager: configureRegularScanParams() - queue=0
06-20 21:22:12.983  5410  5900 D BtGatt.ScanManager: configureRegularScanParams() - ScanSetting Scan mode=-2147483648 mLastConfiguredScanSetting=100
06-20 21:22:12.983  5410  5900 D BtGatt.ScanManager: configureRegularScanParams() - queue emtpy, scan stopped
06-20 21:22:12.984  4897 15788 D WindowManager: finishDrawingWindow: Window{3e837fed0 u0 com.samsung.android.app.cocktailbarservice/com.samsung.android.app.cocktailbarservice.CocktailBarService} mDrawState=DRAW_PENDING
06-20 21:22:12.988 13444 21548 I [SC]AutoBackupUtil: cancelAlarm
06-20 21:22:12.992  4897  1282 D SamsungAlarmManager: Cancel Alarm calling from uid:5009 pid :13444 / op:PendingIntent{fe47a4b: PendingIntentRecord{28d1c28 com.samsung.android.scloud startService}}
06-20 21:22:12.993  6445  6445 D ViewRootImpl@8af41fe[AOD]: dispatchDetachedFromWindow
06-20 21:22:12.995  4897  1283 I WindowManager_SurfaceController: Destroying surface Surface(name=AOD) called by com.android.server.wm.WindowStateAnimator.destroySurface:2840 com.android.server.wm.WindowStateAnimator.destroySurfaceLocked:1070 com.android.server.wm.WindowState.removeLocked:1783 com.android.server.wm.WindowManagerService.removeWindowInnerLocked:2893 com.android.server.wm.WindowManagerService.removeWindowInnerLocked:2854 com.android.server.wm.WindowManagerService.removeWindowLocked:2829 com.android.server.wm.WindowManagerService.removeWindowLocked:2654 com.android.server.wm.WindowManagerService.removeWindow:2649 
06-20 21:22:12.995  3184  3191 I SurfaceFlinger: id=7125 Removed BOD (9/10)
06-20 21:22:12.995  3184  4636 I SurfaceFlinger: id=7125 Removed BOD (-2/10)
06-20 21:22:12.995  4897  1283 W AppOps  : Finishing op nesting under-run: uid 10007 pkg com.samsung.android.app.aodservice code 64 time=0 duration=0 nesting=0
06-20 21:22:12.999  6201 19935 W ctxmgr  : [AclManager]No 2 for (accnt=account#-1114885707#, com.google.android.gms(10025):ScreenProducer, vrsn=12685000, 0, 3pPkg = null ,  3pMdlId = null ,  pid = 6201). Was: 2 for 7, account#-1114885707#
06-20 21:22:13.000  4897  1283 D InputTransport: Input channel destroyed: fd=507
06-20 21:22:13.000  6201 19935 W ctxmgr  : [AclManager]No 2 for (accnt=account#-1114885707#, com.google.android.gms(10025):ScreenProducer, vrsn=12685000, 0, 3pPkg = null ,  3pMdlId = null ,  pid = 6201). Was: 2 for 7, account#-1114885707#
06-20 21:22:13.001  4897  6341 W ActivityManager: Permission Denial: Accessing service ComponentInfo{com.google.android.music/com.google.android.music.dial.DialMediaRouteProviderService} from pid=6186, uid=10025 that is not exported from uid 10143
06-20 21:22:13.005  6186  6186 W DiscoveryManager: BroadcastReceiver is already registered
06-20 21:22:13.009  6445  6445 D InputTransport: Input channel destroyed: fd=63
06-20 21:22:13.010  6186  8218 I DiscoveryManager: Filter criteria(805741C9,%urn:x-cast:com.google.cast.media) scannerFlags(2)
06-20 21:22:13.013  4897  5385 D PowerManagerService: [PWL] sb release: PowerManagerService.Broadcasts
06-20 21:22:13.015  4897  5290 D SamsungAlarmManager: setExact Intent (T:2/F:1/AC:false) 20180620T212213 - CU:10025/CP:6201
06-20 21:22:13.015  4897  5290 I SamsungAlarmManager: setLocked to kernel - T:2 / 20180620T212214, SetElapsed=267859889, nowELAPSED=267858900
06-20 21:22:13.029  4666  4722 D Sensorhubs: readContextData: 1, 1, 7, 1
06-20 21:22:13.029  4897  5238 D SensorHubManager: onGetSensorHubDataLocked: library(4) = 1, 1, 7, 1
06-20 21:22:13.029  4897  5237 D CAE     : onGetSensorHubData(SensorHubParserProvider.java:92) - onGetSensorHubData Event [event buffer len :4], AP_WAKEUP
06-20 21:22:13.029  4897  5237 I CAE     : parse(SensorHubParserProvider.java:189) - buffer size = 4
06-20 21:22:13.030  4897  5237 I CAE     : parse(SensorHubParserProvider.java:200) - 1, 1, 7, 1,
06-20 21:22:13.030  4897  5237 D CAE     : display(ContextProvider.java:375) - ================= AUTO_ROTATION =================
06-20 21:22:13.030  4897  5237 I CAE     : display(ContextProvider.java:391) - Angle=[1]
06-20 21:22:13.031  4897  5240 D SemContextService: updateContext() : event = Auto Rotation
06-20 21:22:13.031  4897  4897 D SemContextManager: onSemContextChanged() : event = Auto Rotation Angle : 1
06-20 21:22:13.031  4897  4897 D SContextManager: onSContextChanged() : event = Auto Rotation Angle : 1
06-20 21:22:13.032  4897  4897 V WindowOrientationListener: OrientationSensorJudge.onSContextChanged, Rotation: 1
06-20 21:22:13.032  4897  4946 V WindowOrientationListener: OrientationSensorJudge.getProposedRotation, Rotation: 1
06-20 21:22:13.032  4897  4946 V WindowOrientationListener: OrientationSensorJudge.getProposedRotation, Rotation: 1
06-20 21:22:13.032  4897  4946 V WindowManager: rotationForOrientationLw(orient=5, last=0); user=0  sensorRotation=1 mLidState=-1 mDockMode=0 mHdmiPlugged=false
06-20 21:22:13.035  4897  8839 D WifiScanController: isNLPPackage:com.google.android.gms, true
06-20 21:22:13.036  4897  5362 E WifiWatchdogStateMachine: Unhandled message { when=0 what=135229 target=com.android.internal.util.StateMachine$SmHandler } in state ValidNonSwitchableState
06-20 21:22:13.038  1538  1538 I wpa_supplicant: wlan0: Setting scan request: 0 sec 0 usec
06-20 21:22:13.038  1538  1538 I wpa_supplicant: P2P: Current p2p state = IDLE
06-20 21:22:13.041  1538  1538 I wpa_supplicant: Scan requested (ret=0) - scan timeout 30 seconds
06-20 21:22:13.043  4897  5317 D SamsungAlarmManager: setInexact Listener (T:2/F:8/AC:false) 20180620T212228 - CU:1000/CP:4897
06-20 21:22:13.044  7144  7144 D TrayStateTrigger: showTriggerView
06-20 21:22:13.045  4897  5235 I SamsungAlarmManager: setLocked to kernel - T:2 / 20180620T212213, SetElapsed=267859088, nowELAPSED=267858930
06-20 21:22:13.045  6186  6907 I AsyncOpDispatcher: 168-startOrUpdateSearch
06-20 21:22:13.045  4897  5235 D SamsungAlarmManager: setInexact Intent (T:1/F:8/AC:false) 20180620T215213 - CU:1000/CP:4897
06-20 21:22:13.053  6186  6907 I AsyncOpDispatcher: 168-startOrUpdateSearch
06-20 21:22:13.059  4897 21550 E BatteryStatsService: no controller energy info supplied
06-20 21:22:13.067  4897  5288 D WifiHAL : Setting APF program, halHandle = 0x7256460d40
06-20 21:22:13.067  4897  5288 I WifiHAL : 
06-20 21:22:13.067  4897  5288 I WifiHAL : createRequest: APF set program request
06-20 21:22:13.069  4897  5288 I WifiHAL : Done!
06-20 21:22:13.070 10063 10080 I BeaconManager: BleScanHelper.startBleScan - Start filter Scan(SCREEN_ON)
06-20 21:22:13.070 10063 10080 D BeaconManager: BleScanHelper.printFilterCondition - mLcdOnScanInterval: 2
06-20 21:22:13.070 10063 10080 D BeaconManager: BleScanHelper.printFilterCondition - Filter: 010002000001, Mask:ffffff0000ff
06-20 21:22:13.070 10063 10080 D BeaconManager: BleScanHelper.printFilterCondition - Filter: 010002000001, Mask:ffffff0000ff
06-20 21:22:13.070 10063 10080 D BeaconManager: BleScanHelper.printFilterCondition - Filter: 42090104000200000021, Mask:ffffffff0002000000a1
06-20 21:22:13.070 10063 10080 D BeaconManager: BleScanHelper.printFilterCondition - Filter: 4204010200, Mask:fffffdee40
06-20 21:22:13.095  4897 21550 E BatteryStatsService: modem info is invalid: ModemActivityInfo{ mTimestamp=0 mSleepTimeMs=0 mIdleTimeMs=0 mTxTimeMs[]=[0, 0, 0, 0, 0] mRxTimeMs=0 mEnergyUsed=0}
06-20 21:22:13.125 10063 10080 D BluetoothLeScanner: Start Scan
06-20 21:22:13.126 10063 10080 D BluetoothAdapter: STATE_BLE_ON
06-20 21:22:13.126 10063 10080 D BluetoothAdapter: appoCount is = 1
06-20 21:22:13.127 10063 10080 D BluetoothAdapter: STATE_BLE_ON
06-20 21:22:13.132 10063 10080 D BluetoothAdapter: STATE_BLE_ON
06-20 21:22:13.132 10063 10080 D BluetoothAdapter: STATE_BLE_ON
06-20 21:22:13.133 10063 10080 D BluetoothAdapter: appoCount is = 1
06-20 21:22:13.135  5410  5424 D BtGatt.GattService: registerClient() - UUID=9331cc46-6911-4723-afaf-81ef986f3977
06-20 21:22:13.203  4897  5234 D SamsungAlarmManager: Expired : 4
06-20 21:22:13.203  4897  5234 I SamsungAlarmManager: setLocked to kernel - T:2 / 20180620T212228, SetElapsed=267873923, nowELAPSED=267859088
06-20 21:22:13.203  4897  5234 V SamsungAlarmManager: Sending to uid : 10025 action=CONTEXT_MANAGER_ALARM_WAKEUP_56050 alarm=Alarm{d53df58 type 2 when 267859088 com.google.android.gms}
06-20 21:22:13.205  4897 21550 I BarTender:BatteryStatsDumper: writing to daily db completed
06-20 21:22:13.208  6201 20920 E ctxmgr  : [AppIntervalImpl]closeInterval: ongoing
06-20 21:22:13.208  6430  6430 I PeopleStripeVisibilityController: handleMessage : msg.what = 1
06-20 21:22:13.209  4897 21550 I BarTender:BatteryStatsDumper: writing to weekly db completed
06-20 21:22:13.210  4897 21550 I BarTender:BatteryStatsDumper: refreshstats completed
06-20 21:22:13.210  4897 21550 I BarTender:GATHERERBATTSTATS: set - time:1529540533210
06-20 21:22:13.210  4897 21550 I BarTender:ANALYZERBATTSTATS: Observer from Gatherer - time:1529540533210
06-20 21:22:13.210  4897  5235 I BarTender:ANALYZERBATTSTATS: MSG_TYPE_BARTENDER_CHECK_POWER::
06-20 21:22:13.210  4897  5235 I BarTender:BatteryStatsDBHelper: checkForPowerThreshold called : 1529540533210
06-20 21:22:13.211  6430  6430 I PeopleStripeVisibilityController: isAllowPrivateNotifications : allowPrivateNotifications = true
06-20 21:22:13.211  6430  6430 I PeopleStripeVisibilityController: isShowNotification : showNotification = true
06-20 21:22:13.211  6430  6430 I PeopleStripeVisibilityController: getComputedTrayVisible : keyguardState = 2
06-20 21:22:13.211  6430  6430 I PeopleStripeVisibilityController: updateStripeVisible : State 2 visible = 1
06-20 21:22:13.211  6430  6430 I PeopleHandlerManager: isExistVisibleHandler false
06-20 21:22:13.236  5410  5536 D BtGatt.GattService: onClientRegistered() - UUID=9331cc46-6911-4723-afaf-81ef986f3977, clientIf=4, status=0
06-20 21:22:13.236 10063 10074 D BluetoothLeScanner: onClientRegistered() - status=0 clientIf=4 mClientIf=0
06-20 21:22:13.236  5410  6321 D BtGatt.GattService: start scan with filters
06-20 21:22:13.237  5410  6321 D BluetoothAdapter: STATE_BLE_ON
06-20 21:22:13.237  5410  6321 D BluetoothAdapter: appoCount is = 1
06-20 21:22:13.237  5410  6321 D BtGatt.GattService: getScanSettings
06-20 21:22:13.238  5410  6321 D BtGatt.GattService: Is it foreground application = false
06-20 21:22:13.238  5410  6321 D BtGatt.GattService: Its a background application running with Low Power scan mode
06-20 21:22:13.238  5410  5901 E BtGatt.GattService: [GSIM LOG]: gsimLogHandler: android.uid.bcmgr, msg: MESSAGE_START_SCAN
06-20 21:22:13.239  5410  5900 D BtGatt.ScanManager: handling starting scan
06-20 21:22:13.239  5410  5900 D BluetoothAdapter: STATE_BLE_ON
06-20 21:22:13.239  5410  5900 D BluetoothAdapter: STATE_BLE_ON
06-20 21:22:13.239  5410  5900 D BluetoothAdapter: appoCount is = 1
06-20 21:22:13.239  5410  5900 D BluetoothAdapter: STATE_BLE_ON
06-20 21:22:13.240  5410  5900 D BluetoothAdapter: STATE_BLE_ON
06-20 21:22:13.240  5410  5900 D BluetoothAdapter: appoCount is = 1
06-20 21:22:13.240  5410  5900 D BluetoothAdapter: STATE_BLE_ON
06-20 21:22:13.240  5410  5900 D BluetoothAdapter: STATE_BLE_ON
06-20 21:22:13.240  5410  5900 D BluetoothAdapter: appoCount is = 1
06-20 21:22:13.243  5410  5536 D BtGatt.GattService: onScanFilterEnableDisabled() - clientIf=4, status=0, action=1
06-20 21:22:13.243  5410  5536 D BtGatt.ScanManager: callback done for clientIf - 4 status - 0
06-20 21:22:13.243  5410  5900 D BtGatt.ScanManager: set filter index= 15 for clientIf= 4
06-20 21:22:13.243  5410  5900 D BtGatt.ScanManager: addFilterToController: 5
06-20 21:22:13.245  5410  5536 D BtGatt.GattService: onScanFilterConfig() - clientIf=4, action = 0 status = 0, filterType=5, availableSpace=47
06-20 21:22:13.245  5410  5536 D BtGatt.ScanManager: callback done for clientIf - 4 status - 0
06-20 21:22:13.245  5410  5900 D BtGatt.ScanManager: High Rssi Filter value is = -128
06-20 21:22:13.245  5410  5900 D BtGatt.ScanManager: Low Rssi Filter value is = -128
06-20 21:22:13.245  5410  5900 D BtGatt.ScanManager: configureFilterParamter 500 10000 1 0scanFilterRssiThreshold = -128trackableScanFilterRssiThreshold = -128matchmode is =1
06-20 21:22:13.246  5410  5536 D BtGatt.GattService: onScanFilterParamsConfigured() - clientIf=4, status=0, action=0, availableSpace=31
06-20 21:22:13.246  5410  5536 D BtGatt.ScanManager: callback done for clientIf - 4 status - 0
06-20 21:22:13.246  5410  5900 D BtGatt.ScanManager: set filter index= 9 for clientIf= 4
06-20 21:22:13.246  5410  5900 D BtGatt.ScanManager: addFilterToController: 5
06-20 21:22:13.247  5410  5536 D BtGatt.GattService: onScanFilterConfig() - clientIf=4, action = 0 status = 0, filterType=5, availableSpace=46
06-20 21:22:13.247  5410  5536 D BtGatt.ScanManager: callback done for clientIf - 4 status - 0
06-20 21:22:13.247  5410  5900 D BtGatt.ScanManager: High Rssi Filter value is = -128
06-20 21:22:13.247  5410  5900 D BtGatt.ScanManager: Low Rssi Filter value is = -128
06-20 21:22:13.248  5410  5900 D BtGatt.ScanManager: configureFilterParamter 500 10000 1 0scanFilterRssiThreshold = -128trackableScanFilterRssiThreshold = -128matchmode is =1
06-20 21:22:13.249  5410  5536 D BtGatt.GattService: onScanFilterParamsConfigured() - clientIf=4, status=0, action=0, availableSpace=30
06-20 21:22:13.249  5410  5536 D BtGatt.ScanManager: callback done for clientIf - 4 status - 0
06-20 21:22:13.249  5410  5900 D BtGatt.ScanManager: set filter index= 7 for clientIf= 4
06-20 21:22:13.249  5410  5900 D BtGatt.ScanManager: addFilterToController: 5
06-20 21:22:13.250  5410  5536 D BtGatt.GattService: onScanFilterConfig() - clientIf=4, action = 0 status = 0, filterType=5, availableSpace=45
06-20 21:22:13.250  5410  5536 D BtGatt.ScanManager: callback done for clientIf - 4 status - 0
06-20 21:22:13.250  5410  5900 D BtGatt.ScanManager: High Rssi Filter value is = -128
06-20 21:22:13.250  5410  5900 D BtGatt.ScanManager: Low Rssi Filter value is = -128
06-20 21:22:13.251  5410  5900 D BtGatt.ScanManager: configureFilterParamter 500 10000 1 0scanFilterRssiThreshold = -128trackableScanFilterRssiThreshold = -128matchmode is =1
06-20 21:22:13.252  5410  5536 D BtGatt.GattService: onScanFilterParamsConfigured() - clientIf=4, status=0, action=0, availableSpace=29
06-20 21:22:13.252  5410  5536 D BtGatt.ScanManager: callback done for clientIf - 4 status - 0
06-20 21:22:13.252  5410  5900 D BtGatt.ScanManager: set filter index= 19 for clientIf= 4
06-20 21:22:13.252  5410  5900 D BtGatt.ScanManager: addFilterToController: 5
06-20 21:22:13.253  5410  5536 D BtGatt.GattService: onScanFilterConfig() - clientIf=4, action = 0 status = 0, filterType=5, availableSpace=44
06-20 21:22:13.253  5410  5536 D BtGatt.ScanManager: callback done for clientIf - 4 status - 0
06-20 21:22:13.253  5410  5900 D BtGatt.ScanManager: High Rssi Filter value is = -128
06-20 21:22:13.253  5410  5900 D BtGatt.ScanManager: Low Rssi Filter value is = -128
06-20 21:22:13.253  5410  5900 D BtGatt.ScanManager: configureFilterParamter 500 10000 1 0scanFilterRssiThreshold = -128trackableScanFilterRssiThreshold = -128matchmode is =1
06-20 21:22:13.254  5410  5536 D BtGatt.GattService: onScanFilterParamsConfigured() - clientIf=4, status=0, action=0, availableSpace=28
06-20 21:22:13.254  5410  5536 D BtGatt.ScanManager: callback done for clientIf - 4 status - 0
06-20 21:22:13.254  5410  5900 D BtGatt.ScanManager: configureRegularScanParams() - queue=1
06-20 21:22:13.254  5410  5900 I BtGatt.ScanManager: custom scan scanMode = 100
06-20 21:22:13.254  5410  5900 I BtGatt.ScanManager: New scan mode custom scan scanInterval = 3120scanWindow = 160
06-20 21:22:13.254  5410  5900 E BtGatt.ScanManager: default value of curScanSetting 0 is choosen
06-20 21:22:13.254  5410  5900 I BtGatt.ScanManager: newScanMode = 5newcurScanSetting = 0
06-20 21:22:13.254  5410  5900 I BtGatt.ScanManager: comparing = 5 with = 0
06-20 21:22:13.254  5410  5900 D BtGatt.ScanManager: configureRegularScanParams() - ScanSetting Scan mode=100 mLastConfiguredScanSetting=-2147483648
06-20 21:22:13.254  5410  5900 D BtGatt.ScanManager: configureRegularScanParams - scanInterval = 4992configureRegularScanParams - scanWindow = 256
06-20 21:22:13.254  5410  5536 D BtGatt.GattService: onScanParamSetupCompleted() status=0, clientIf=4
06-20 21:22:13.254  5410  5536 D BtGatt.GattService: onScanParamSetupCompleted : 0
06-20 21:22:13.567  4897  4982 D DisplayPowerController: ColorFade: onAnimationEnd
06-20 21:22:13.568  4897  4982 D DisplayPowerController: animateScreenStateChange[0]: target=2
06-20 21:22:13.582  3184  6542 I SurfaceFlinger: id=7124 Removed DolorFade (9/9)
06-20 21:22:13.582  3184  6542 I SurfaceFlinger: id=7124 Removed DolorFade (-2/9)
06-20 21:22:13.583  4897  4982 D PowerManagerUtil: Excessive delay in ColorFade : dismiss: 14ms
06-20 21:22:13.583  4897  4982 D DisplayPowerController: [Dual Screen Compatible] state[0] :2
06-20 21:22:13.583  4897  4982 D DisplayPowerController: getFinalBrightness : Summary is 32 -> 32
06-20 21:22:13.583  4897  4982 D DisplayPowerController: Animating brightness: target=32, rate=500 (PSM:false, AB limit:(-1 ~ -1) MB Limit:(-1 ~ -1))
06-20 21:22:13.583  4897  4982 D DisplayPowerController: [M OS] 0 Notify policy about screen turned on.
06-20 21:22:13.583  4897  4982 D DisplayPowerController: [M OS] 0 REPORTED_TO_POLICY_SCREEN_TURNING_ON -> REPORTED_TO_POLICY_SCREEN_ON.
06-20 21:22:13.583  4897  4982 V KeyguardServiceDelegate: onScreenTurnedOn()
06-20 21:22:13.583  4897  4982 D PowerManagerService: [s] DisplayPowerCallbacks : onStateChanged()
06-20 21:22:13.583  4897  4982 D PowerManagerService: mDisplayReady: true
06-20 21:22:13.586  5474  5806 D KeyguardViewMediator: notifyScreenTurnedOn
06-20 21:22:13.586  5474  5474 D KeyguardViewMediator: handleNotifyScreenTurnedOn
06-20 21:22:13.599  5474  5474 D LockIcon: state = 0, mLastState = 0, mDeviceInteractive = true, mLastDeviceInteractive = true, mScreenOn = true, mLastScreenOn = false
06-20 21:22:13.615  4897  4897 D CustomFrequencyManagerService: releaseDVFSLockLocked : Getting Lock type frm List : DVFS_MIN_LIMIT  frequency : 1144000  uid : 1000  pid : 4897  tag : DEVICE_WAKEUP@CPU_MIN@41
06-20 21:22:13.692  4701  6541 D bauth_FPBAuthService: pcf : 0x1012
06-20 21:22:13.693  4701  6541 D bauth_FPBAuthService: thread id : 1, preenroll_flag : 0, nd cnt : 0
06-20 21:22:13.693  4701  6541 D bauth_FPBAuthService: FPBAuthService, 7434
06-20 21:22:13.695 21556 21556 I FIPS_bssl: FIPS (v1.1) approved mode (1) | 21556 | ps
06-20 21:22:13.714  5807 21555 D FusedRequestManager_FLP: manageRemoveGmsRequest, remove balanced_power request from com.google.android.googlequicksearchbox through GooglePlayService
06-20 21:22:14.265  4897  5386 D lights  : button : 0 +
06-20 21:22:14.287  4897  5386 D lights  : button : 0 -
06-20 21:22:14.305  4897  6217 D CustomFrequencyManagerService: releaseDVFSLockLocked : Getting Lock type frm List : DVFS_MIN_LIMIT  frequency : 1248000  uid : 1000  pid : 4897  tag : KEYGUARD_FINGERPRINT_BOOST@1
06-20 21:22:14.482  4701 21540 D bauth_FPBAuthSensorControl: FPBAuthSensorControl, 474
06-20 21:22:14.483  4701 21540 D bauth_FPBAuthSensorControl: FPBAuthSensorControl, 390
06-20 21:22:14.483  4701 21540 D bauth_FPBAuthSensorControl: FPBAuthSensorControl, 432
06-20 21:22:14.483  4701 21540 D bauth_FPBAuthService: FPBAuthService, 1509
06-20 21:22:14.483  4701 21540 D bauth_FPBAuthService: FPBAuthService, 1520
06-20 21:22:14.488  4701 21540 D bauth_FPBAuthSensorControl: FPBAuthSensorControl, 552
06-20 21:22:14.488  4701 21540 D bauth_FPBAuthService: FPBAuthService, 3557
06-20 21:22:14.488  4701 21540 I TLC_BAUTH: Call FP cmd 0x6;1222
06-20 21:22:14.489  4701 21540 I tlc_communication: Send Trustlet TCI Message;214
06-20 21:22:14.489  4701 21540 I tlc_communication: mcNotify is completed;224
06-20 21:22:14.548  5807 21549 D FusedRequestManager_FLP: manageLocationRequest, new fused (NO_POWER) request from com.google.android.googlequicksearchbox interval 1000 through GooglePlayService, HWFLP = 0
06-20 21:22:14.616  4701 21540 I tlc_communication: mcWaitNotification is completed;237
06-20 21:22:14.616  4701 21540 I TLC_BAUTH: Check the Trustlet return code is completed;1288
06-20 21:22:14.616  4701 21540 D bauth_FPBAuthService: check_opcode status = 2, opcode = 5, func_ret_val = 0, function_status = 1, timeout = 0
06-20 21:22:14.616  4701 21540 D bauth_FPBAuthService: FPBAuthService, 1710
06-20 21:22:14.616  4701 21540 D bauth_FPBAuthService: FPBAuthService, 1720
06-20 21:22:14.616  4701 21540 D bauth_FPBAuthService: FPBAuthService, 1721
06-20 21:22:14.616  4701 21540 D bauth_FPBAuthService: fpop : 100021
06-20 21:22:14.616  4701 21540 D fingerprintd: onAcquired(10002)
06-20 21:22:14.616  4701 21540 D bauth_FPBAuthService: FPBAuthService, 3557
06-20 21:22:14.616  4701 21540 I TLC_BAUTH: Call FP cmd 0x6;1222
06-20 21:22:14.616  4701 21540 I tlc_communication: Send Trustlet TCI Message;214
06-20 21:22:14.616  4701 21540 I tlc_communication: mcNotify is completed;224
06-20 21:22:14.617  4897  4897 I FingerprintService: handleAcquired : acquiredInfo=10002
06-20 21:22:14.617  5474  5474 D KeyguardFingerPrint: onAuthenticationAcquired() = 10002
06-20 21:22:14.617  5474  5474 D KeyguardFingerPrint: fingerprint applyBooster
06-20 21:22:14.620  4701 21540 I tlc_communication: mcWaitNotification is completed;237
06-20 21:22:14.620  4701 21540 I TLC_BAUTH: Check the Trustlet return code is completed;1288
06-20 21:22:14.620  4701 21540 D bauth_FPBAuthService: check_opcode status = 2, opcode = 6, func_ret_val = 0, function_status = 1, timeout = 0
06-20 21:22:14.620  4701 21540 D bauth_FPBAuthService: FPBAuthService, 1333
06-20 21:22:14.620  4701 21540 D bauth_FPBAuthService: FPBAuthService, 1339
06-20 21:22:14.620  4701 21540 D bauth_FPBAuthService: fpop : 100022
06-20 21:22:14.620  4701 21540 D fingerprintd: onAcquired(10003)
06-20 21:22:14.620  4701 21540 D bauth_FPBAuthService: FPBAuthService, 3557
06-20 21:22:14.621  4701 21540 I TLC_BAUTH: Call FP cmd 0x6;1222
06-20 21:22:14.621  4701 21540 I tlc_communication: Send Trustlet TCI Message;214
06-20 21:22:14.621  4701 21540 I tlc_communication: mcNotify is completed;224
06-20 21:22:14.621  4897  4897 I FingerprintService: handleAcquired : acquiredInfo=10003
06-20 21:22:14.623  4897  8837 D CustomFrequencyManagerService: acquireDVFSLockLocked : type : DVFS_MIN_LIMIT  frequency : 1248000  uid : 1000  pid : 4897  pkgName : KEYGUARD_FINGERPRINT_BOOST@1
06-20 21:22:14.625  4897  6306 D PowerManagerService: [api] [s] userActivity : event: 0 flags: 0 (uid: 10007 pid: 5474) eventTime = 113988228
06-20 21:22:14.627  5474  5474 D KeyguardFingerPrint: onAuthenticationAcquired() = 10003
06-20 21:22:14.627  5474  5474 D KeyguardFingerPrint: fingerprint applyBooster
06-20 21:22:14.627  4897 12995 D CustomFrequencyManagerService: releaseDVFSLockLocked : Getting Lock type frm List : DVFS_MIN_LIMIT  frequency : 1248000  uid : 1000  pid : 4897  tag : KEYGUARD_FINGERPRINT_BOOST@1
06-20 21:22:14.630  4897  5278 D CustomFrequencyManagerService: acquireDVFSLockLocked : type : DVFS_MIN_LIMIT  frequency : 1248000  uid : 1000  pid : 4897  pkgName : KEYGUARD_FINGERPRINT_BOOST@1
06-20 21:22:14.631  4897  1069 D PowerManagerService: [api] [s] userActivity : event: 0 flags: 0 (uid: 10007 pid: 5474) eventTime = 113988234
06-20 21:22:14.717  4701  6541 D bauth_FPBAuthService: pcf : 0x1012
06-20 21:22:14.717  4701  6541 D bauth_FPBAuthService: thread id : 1, preenroll_flag : 0, nd cnt : 0
06-20 21:22:14.717  4701  6541 D bauth_FPBAuthService: FPBAuthService, 7434
06-20 21:22:14.800 21558 21558 I FIPS_bssl: FIPS (v1.1) approved mode (1) | 21558 | ps
06-20 21:22:14.816  4701 21540 I tlc_communication: mcWaitNotification is completed;237
06-20 21:22:14.816  4701 21540 E TLC_BAUTH:   *****************************
06-20 21:22:14.816  4701 21540 E TLC_BAUTH:   *** ERROR: Trustlet did not send a valid return code : 32
06-20 21:22:14.816  4701 21540 E TLC_BAUTH:   *** Detected in BAuth_Identify_Do/1286()
06-20 21:22:14.816  4701 21540 E TLC_BAUTH:   *****************************
06-20 21:22:14.816  4701 21540 D bauth_FPBAuthService: check_opcode status = 2, opcode = 0, func_ret_val = 32, function_status = 1, timeout = 0
06-20 21:22:14.816  4701 21540 E bauth_FPBAuthService: BAuth_Identify_Do Fail BAD_QUALITY or Identify Fail : 32 
06-20 21:22:14.817  4701 21540 D bauth_FPBAuthService: FPBAuthService, 3836
06-20 21:22:14.817  4701 21540 D bauth_FPBAuthService: fpop : 100024
06-20 21:22:14.817  4701 21540 D fingerprintd: onAcquired(10005)
06-20 21:22:14.817  4701 21540 D bauth_FPBAuthService: FPBAuthService, 3859
06-20 21:22:14.817  4701 21540 D bauth_FPBAuthService: fpop : 100011
06-20 21:22:14.817  4701 21540 D fingerprintd: onAuthenticated(fid=0, gid=0)
06-20 21:22:14.819  4701 21540 D bauth_FPBAuthSensorControl: FPBAuthSensorControl, 552
06-20 21:22:14.819  4897  4897 I FingerprintService: handleAcquired : acquiredInfo=10005
06-20 21:22:14.819  4897  4897 I FingerprintService: handleAuthenticated : false
06-20 21:22:14.819  5474  5474 D KeyguardFingerPrint: onAuthenticationAcquired() = 10005
06-20 21:22:14.819  5474  5474 D KeyguardFingerPrint: fingerprint applyBooster
06-20 21:22:14.820  4897  5337 D CustomFrequencyManagerService: releaseDVFSLockLocked : Getting Lock type frm List : DVFS_MIN_LIMIT  frequency : 1248000  uid : 1000  pid : 4897  tag : KEYGUARD_FINGERPRINT_BOOST@1
06-20 21:22:14.825  4897  5787 D CustomFrequencyManagerService: acquireDVFSLockLocked : type : DVFS_MIN_LIMIT  frequency : 1248000  uid : 1000  pid : 4897  pkgName : KEYGUARD_FINGERPRINT_BOOST@1
06-20 21:22:14.826  4897  5290 D PowerManagerService: [api] [s] userActivity : event: 0 flags: 0 (uid: 10007 pid: 5474) eventTime = 113988429
06-20 21:22:14.827  5474  5474 D KeyguardFingerPrint: onAuthenticationFailed()
06-20 21:22:14.830  4897  4897 W ContextImpl: Calling a method in the system process without a qualified user: android.app.ContextImpl.sendBroadcast:906 com.android.server.fingerprint.FingerprintService.insertSurveyLog:2043 com.android.server.fingerprint.FingerprintService$10.insertSurveyLog:1171 com.android.server.fingerprint.AuthenticationClient.onAuthenticated:129 com.android.server.fingerprint.FingerprintService.handleAuthenticated:449 
06-20 21:22:14.831  4897  4897 I FingerprintService: sendFingerprintBigdata() mSemHqmManager.sendHWParamToHQM !!!
06-20 21:22:14.832  4897  4897 W ContextImpl: Calling a method in the system process without a qualified user: android.app.ContextImpl.sendBroadcast:906 com.android.server.fingerprint.FingerprintService.insertSurveyLog:2043 com.android.server.fingerprint.FingerprintService.handleAuthenticated:456 com.android.server.fingerprint.FingerprintService$5$4.run:1430 android.os.Handler.handleCallback:751 
06-20 21:22:14.833  4897  4897 I FingerprintService: sendFingerprintBigdata() mSemHqmManager.sendHWParamToHQM !!!
06-20 21:22:14.834  5474  5474 V KeyguardSecurityView: reportFailedUnlockAttempt   
06-20 21:22:14.834  5474  5474 V KeyguardSecurityView:  failedAttemptsBeforeWipe: 0
06-20 21:22:14.834  5474  5474 V KeyguardSecurityView:  mRemainingBeforeWipe  2147483647
06-20 21:22:14.834  5474  5474 V KeyguardSecurityView:  failedAttempts: 1
06-20 21:22:14.837  4897  5294 D LockSettingsStorage: mSKTLockState = 2
06-20 21:22:14.837  4701 21540 D bauth_FPBAuthSensorControl: FPBAuthSensorControl, 552
06-20 21:22:14.837  4701 21540 I TLC_BAUTH: Call FP cmd 0x7;1303
06-20 21:22:14.837  4701 21540 I tlc_communication: Send Trustlet TCI Message;214
06-20 21:22:14.837  4701 21540 I tlc_communication: mcNotify is completed;224
06-20 21:22:14.850  5474  5474 D KnoxStateMonitor: MDM is not enabled...
06-20 21:22:14.850  5474  5474 V KeyguardUpdateMonitor: handleFingerprintAuthFailed( attempts: 1 )
06-20 21:22:14.856  4897  4975 D UsbDeviceManager: setEnabledFunctions functions=mtp,adb, forceRestart=false
06-20 21:22:14.856  4897  4897 D MountService: mPolicyReceiver :: 
06-20 21:22:14.856  4897  4975 D SecContentProvider: query(), uri = 17 selection = isUsbDebuggingEnabled
06-20 21:22:14.856  5474 27209 D KeyguardViewMediator: setKeyguardEnabled(true)
06-20 21:22:14.856  4897  4897 W MountService: hasDeviceRestriction: storage_itpolicy from_intent true
06-20 21:22:14.856  4897  4897 W MountService: hasDeviceRestriction: check is true
06-20 21:22:14.856  4897  4897 D MountService: ApplyCurrentSdCardPolicy :: false
06-20 21:22:14.858  4897  4897 I WifiDevicePolicyManager: onReceive android.app.action.DEVICE_POLICY_MANAGER_STATE_CHANGED
06-20 21:22:14.858  4897  4897 I WifiDevicePolicyManager: Receive IP Policy Intent - policy changed : false
06-20 21:22:14.858  4897  4975 D SecContentProvider: called from android.uid.system:1000
06-20 21:22:14.859  4897  4975 D UsbDeviceManager: setEnabledFunctions mtp,adb
06-20 21:22:14.859  4897  4897 I WifiDevicePolicyManager: handleSecurityPolicyMHS()   allowWifiAp (true)
06-20 21:22:14.860  4897  4897 D Tethering: [ActiveSync] onReceive() ACTION_DEVICE_POLICY_MANAGER_STATE_CHANGED intent
06-20 21:22:14.862  4897  4897 D Tethering: Current userid =0
06-20 21:22:14.862  4897  4897 D Tethering: [ActiveSync] internet sharing is NOT blocked
06-20 21:22:14.862  4897  4897 D Tethering: [ActiveSync] onReceive() Internet sharing is NOT banned any more.
06-20 21:22:14.863 20307 20307 E MtpService: In MTPAPP onReceive:android.app.action.DEVICE_POLICY_MANAGER_STATE_CHANGED
06-20 21:22:14.864  4897  4897 D PersonaManagerService: Received the DPM state change broadcast
06-20 21:22:14.865  5474  5474 D LockIcon: state = 0, mLastState = 0, mDeviceInteractive = true, mLastDeviceInteractive = true, mScreenOn = true, mLastScreenOn = true
06-20 21:22:14.867  5474  5474 V Vibrator: Called semVibrate(int, int, AudioAttributes, Mag) API - PUID: 10007, PackageName: com.android.systemui, token: android.os.Binder@f82a923, type: 50029, repeat: -1, AudioAttr : null, Mag: TYPE_TOUCH
06-20 21:22:14.868  4897  5005 D PersonaManagerService: checkIfAdminHasBeenRemoved(0)
06-20 21:22:14.869  4897 15788 V VibratorService: vibratePatternMagnitude - package: com.android.systemui, repeat: -1, token: android.os.BinderProxy@d318b1, mag: 6500, def: 10000
06-20 21:22:14.869  4897  4897 I KnoxKeyguardUpdateMonitor: onTrustManagedChanged user 0, managed:false
06-20 21:22:14.869  4897  4897 I KnoxKeyguardUpdateMonitor: onTrustChanged user:0, enable:false
06-20 21:22:14.869  4897 15788 D VibratorService: Turning vibrator off
06-20 21:22:14.869  4897  4897 I KnoxKeyguardUpdateMonitor: onTrustManagedChanged user 0, managed:false
06-20 21:22:14.869  4897  4897 I KnoxKeyguardUpdateMonitor: onTrustChanged user:0, enable:false
06-20 21:22:14.871  4897  5337 D PackageManager: setEnabledSetting : userId = 0 packageName = com.android.nfc cmp = com.android.nfc.BeamShareActivity newState = 1 callingPackage = 1027
06-20 21:22:14.873  4897 21560 D VibratorService: vibratorOn() : 10ms, magnitude :6500, f : -1
06-20 21:22:14.885  4897  5290 D FingerprintService: getEnrolledFingerprints : userId = 0
06-20 21:22:14.891  5474  5474 D LockIcon: state = 0, mLastState = 0, mDeviceInteractive = true, mLastDeviceInteractive = true, mScreenOn = true, mLastScreenOn = true
06-20 21:22:14.893  6201  6201 W TrustAgent: [AbstractTrustletService] Trustlet Bluetooth attempted to change trust state when canProvideTrust state is false (ignored).
06-20 21:22:14.896  5474  5474 D LockIcon: state = 0, mLastState = 0, mDeviceInteractive = true, mLastDeviceInteractive = true, mScreenOn = true, mLastScreenOn = true
06-20 21:22:14.897  5474  5474 D KeyguardFingerPrint: shouldListenForFingerprint ( isFingerprintEnabled = true , mKeyguardIsVisible = true , mDeviceInteractive = true , mBouncer = false , mGoingToSleep = false , mSwitchingUser = false , mFingerprintAlreadyAuthenticated = false , mKeyguardUnlocking = false
06-20 21:22:14.898  5474  5474 D KeyguardBottomAreaShortcutView: UpdateShortcutIcon, th : 1, enable : true, shouldDisableShortcut ? false, mUserSetupComplete ? true
06-20 21:22:14.899  6201  6201 I Coffee-OnbodyLure: destroy
06-20 21:22:14.899  6201  6201 I Coffee-OnbodyLure: stop lure
06-20 21:22:14.900  5474  5474 D PhoneStatusBar/KeyguardBottomAreaView: updateCameraVisibility isCameraDisabled=false
06-20 21:22:14.901  4701 21540 I tlc_communication: mcWaitNotification is completed;237
06-20 21:22:14.901  4701 21540 I TLC_BAUTH: Check the Trustlet return code is completed;1353
06-20 21:22:14.901  4701 21540 D bauth_FPBAuthService: FPBAuthService, 4012
06-20 21:22:14.901  4701 21540 D bauth_FPBAuthService: check_opcode status = 2, opcode = 4, func_ret_val = 0, function_status = 2, timeout = 50
06-20 21:22:14.901  4701 21540 D bauth_FPBAuthService: FPBAuthService, 1360
06-20 21:22:14.902  4701 21540 D bauth_FPBAuthSensorControl: FPBAuthSensorControl, 432
06-20 21:22:14.902  4701 21540 D bauth_FPBAuthSensorControl: FPBAuthSensorControl, 390
06-20 21:22:14.902  4701 21540 D bauth_FPBAuthService: FPBAuthService, 1377
06-20 21:22:14.902  4701 21540 D bauth_FPBAuthSensorControl: FPBAuthSensorControl, 474
06-20 21:22:14.902  4701 21540 D bauth_FPBAuthSensorControl: FPBAuthSensorControl, 390
06-20 21:22:14.902  4701 21540 D bauth_FPBAuthSensorControl: FPBAuthSensorControl, 432
06-20 21:22:14.902  4701 21540 D bauth_FPBAuthService: FPBAuthService, 1509
06-20 21:22:14.902  4701 21540 D bauth_FPBAuthService: FPBAuthService, 1520
06-20 21:22:14.902  4701 21540 I TLC_BAUTH: Call FP cmd 0x7;1303
06-20 21:22:14.902  4701 21540 I tlc_communication: Send Trustlet TCI Message;214
06-20 21:22:14.902  4701 21540 I tlc_communication: mcNotify is completed;224
06-20 21:22:14.903  6201  6201 W TrustAgent: [AbstractTrustletService] Trustlet Place attempted to change trust state when canProvideTrust state is false (ignored).
06-20 21:22:14.903  6201  6201 I TrustAgent: [PlaceLure] destroy
06-20 21:22:14.905  4701 21540 I tlc_communication: mcWaitNotification is completed;237
06-20 21:22:14.905  4701 21540 I TLC_BAUTH: Check the Trustlet return code is completed;1353
06-20 21:22:14.905  4701 21540 D bauth_FPBAuthService: FPBAuthService, 4012
06-20 21:22:14.905  4701 21540 D bauth_FPBAuthService: check_opcode status = 2, opcode = 4, func_ret_val = 0, function_status = 2, timeout = 50
06-20 21:22:14.906  4701 21540 D bauth_FPBAuthService: FPBAuthService, 1360
06-20 21:22:14.906  4701 21540 D bauth_FPBAuthSensorControl: FPBAuthSensorControl, 432
06-20 21:22:14.906  4701 21540 D bauth_FPBAuthSensorControl: FPBAuthSensorControl, 390
06-20 21:22:14.906  4701 21540 D bauth_FPBAuthService: FPBAuthService, 1377
06-20 21:22:14.910  6201  6201 W TrustAgent: [AbstractTrustletService] Trustlet Voiceunlock attempted to change trust state when canProvideTrust state is false (ignored).
06-20 21:22:14.943  4897 21560 D VibratorService: vibratorOn() : 15ms, magnitude :6500, f : -1
06-20 21:22:14.956  4701 21540 D bauth_FPBAuthSensorControl: FPBAuthSensorControl, 390
06-20 21:22:14.956  4701 21540 D bauth_FPBAuthSensorControl: FPBAuthSensorControl, 432
06-20 21:22:14.956  4701 21540 D bauth_FPBAuthService: FPBAuthService, 1509
06-20 21:22:14.956  4701 21540 D bauth_FPBAuthService: FPBAuthService, 1526
06-20 21:22:14.956  4701 21540 I TLC_BAUTH: Call FP cmd 0x7;1303
06-20 21:22:14.956  4701 21540 I tlc_communication: Send Trustlet TCI Message;214
06-20 21:22:14.956  4701 21540 I tlc_communication: mcNotify is completed;224
06-20 21:22:14.975  4701 21540 I tlc_communication: mcWaitNotification is completed;237
06-20 21:22:14.975  4701 21540 I TLC_BAUTH: Check the Trustlet return code is completed;1353
06-20 21:22:14.975  4701 21540 D bauth_FPBAuthService: FPBAuthService, 4012
06-20 21:22:14.975  4701 21540 D bauth_FPBAuthService: check_opcode status = 2, opcode = 7, func_ret_val = 0, function_status = 2, timeout = 0
06-20 21:22:15.075  4701 21540 I TLC_BAUTH: Call FP cmd 0x7;1303
06-20 21:22:15.075  4701 21540 I tlc_communication: Send Trustlet TCI Message;214
06-20 21:22:15.075  4701 21540 I tlc_communication: mcNotify is completed;224
06-20 21:22:15.077  4701 21540 I tlc_communication: mcWaitNotification is completed;237
06-20 21:22:15.077  4701 21540 I TLC_BAUTH: Check the Trustlet return code is completed;1353
06-20 21:22:15.077  4701 21540 D bauth_FPBAuthService: FPBAuthService, 4012
06-20 21:22:15.077  4701 21540 D bauth_FPBAuthService: check_opcode status = 2, opcode = 0, func_ret_val = 0, function_status = 2, timeout = 0
06-20 21:22:15.077  4701 21540 D bauth_FPBAuthSensorControl: FPBAuthSensorControl, 552
06-20 21:22:15.077  4701 21540 D bauth_FPBAuthService: FPBAuthService, 4087
06-20 21:22:15.077  4701 21540 D bauth_FPBAuthService: fpop : 100023
06-20 21:22:15.077  4701 21540 D fingerprintd: onAcquired(10004)
06-20 21:22:15.077  4701 21540 D bauth_FPBAuthService: FPBAuthService, 4117
06-20 21:22:15.077  4701 21540 D bauth_FPBAuthService: FPBAuthService, 3277
06-20 21:22:15.077  4701 21540 D bauth_FPBAuthService: BAuthSessionOpen Skip
06-20 21:22:15.077  4701 21540 D bauth_FPBAuthService: FPBAuthService, 3368
06-20 21:22:15.077  4701 21540 D bauth_FPBAuthService: wci 53 53
06-20 21:22:15.077  4701 21540 D         : fprc : cc 
06-20 21:22:15.077  4701 21540 D bauth_FPBAuthSensorControl: FPBAuthSensorControl, 800
06-20 21:22:15.078  4897  4897 I FingerprintService: handleAcquired : acquiredInfo=10004
06-20 21:22:15.078  4701 21540 D bauth_FPBAuthService: FPBAuthService, 3392
06-20 21:22:15.078  5474  5474 D KeyguardFingerPrint: onAuthenticationAcquired() = 10004
06-20 21:22:15.078  5474  5474 D KeyguardFingerPrint: fingerprint applyBooster
06-20 21:22:15.079  4897  5294 D CustomFrequencyManagerService: releaseDVFSLockLocked : Getting Lock type frm List : DVFS_MIN_LIMIT  frequency : 1248000  uid : 1000  pid : 4897  tag : KEYGUARD_FINGERPRINT_BOOST@1
06-20 21:22:15.079  4701 21540 D bauth_FPBAuthServiceStorage: FPBAuthServiceStorage, 539
06-20 21:22:15.088  4897  6304 D CustomFrequencyManagerService: acquireDVFSLockLocked : type : DVFS_MIN_LIMIT  frequency : 1248000  uid : 1000  pid : 4897  pkgName : KEYGUARD_FINGERPRINT_BOOST@1
06-20 21:22:15.093  4897 10424 D PowerManagerService: [api] [s] userActivity : event: 0 flags: 0 (uid: 10007 pid: 5474) eventTime = 113988696
06-20 21:22:15.099  4701 21540 D bauth_FPBAuthSensorControl: FPBAuthSensorControl, 552
06-20 21:22:15.100  4701 21540 D bauth_FPBAuthService: FPBAuthService, 3459
06-20 21:22:15.100  4701 21540 I TLC_BAUTH: Call FP cmd 0xc (49);1557
06-20 21:22:15.100  4701 21540 I TLC_BAUTH: Skip cmd : 0xc, opcode : 49;1582
06-20 21:22:15.100  4701 21540 I TLC_BAUTH: Call FP cmd 0x5;1123
06-20 21:22:15.101  4701 21540 I tlc_communication: Send Trustlet TCI Message;214
06-20 21:22:15.101  4701 21540 I tlc_communication: mcNotify is completed;224
06-20 21:22:15.168  4701 21540 I tlc_communication: mcWaitNotification is completed;237
06-20 21:22:15.168  4701 21540 I TLC_BAUTH: Check the Trustlet return code is completed;1207
06-20 21:22:15.168  4701 21540 D bauth_FPBAuthService: FPBAuthService, 3504
06-20 21:22:15.168  4701 21540 D bauth_FPBAuthService: check_opcode status = 2, opcode = 0, func_ret_val = 0, function_status = 0, timeout = 0
06-20 21:22:15.168  4701 21540 D bauth_FPBAuthService: FPBAuthService, 1314
06-20 21:22:15.168  4701 21540 D bauth_FPBAuthService: fpop : 100020
06-20 21:22:15.168  4701 21540 D fingerprintd: onAcquired(10001)
06-20 21:22:15.168  4701 21540 D bauth_FPBAuthUserInfo: FPBAuthUserInfo, 177
06-20 21:22:15.168  4701 21540 D bauth_FPBAuthService: FPBAuthService, 3557
06-20 21:22:15.168  4701 21540 I TLC_BAUTH: Call FP cmd 0x6;1222
06-20 21:22:15.168  4701 21540 I tlc_communication: Send Trustlet TCI Message;214
06-20 21:22:15.168  4701 21540 I tlc_communication: mcNotify is completed;224
06-20 21:22:15.169  4897  4897 I FingerprintService: handleAcquired : acquiredInfo=10001
06-20 21:22:15.172  5474  5474 D KeyguardFingerPrint: onAuthenticationAcquired() = 10001
06-20 21:22:15.172  5474  5474 D KeyguardFingerPrint: fingerprint applyBooster
06-20 21:22:15.173  4897  6381 D CustomFrequencyManagerService: releaseDVFSLockLocked : Getting Lock type frm List : DVFS_MIN_LIMIT  frequency : 1248000  uid : 1000  pid : 4897  tag : KEYGUARD_FINGERPRINT_BOOST@1
06-20 21:22:15.178  4897  1283 D CustomFrequencyManagerService: acquireDVFSLockLocked : type : DVFS_MIN_LIMIT  frequency : 1248000  uid : 1000  pid : 4897  pkgName : KEYGUARD_FINGERPRINT_BOOST@1
06-20 21:22:15.180  4897  5868 D PowerManagerService: [api] [s] userActivity : event: 0 flags: 0 (uid: 10007 pid: 5474) eventTime = 113988782
06-20 21:22:15.252  4701 21540 I tlc_communication: mcWaitNotification is completed;237
06-20 21:22:15.252  4701 21540 I TLC_BAUTH: Check the Trustlet return code is completed;1288
06-20 21:22:15.252  4701 21540 D bauth_FPBAuthService: check_opcode status = 2, opcode = 4, func_ret_val = 0, function_status = 1, timeout = -1
06-20 21:22:15.252  4701 21540 D bauth_FPBAuthService: FPBAuthService, 1360
06-20 21:22:15.252  4701 21540 D bauth_FPBAuthSensorControl: FPBAuthSensorControl, 432
06-20 21:22:15.252  4701 21540 D bauth_FPBAuthSensorControl: FPBAuthSensorControl, 390
06-20 21:22:15.252  4701 21540 D bauth_FPBAuthService: FPBAuthService, 1377
06-20 21:22:15.253  4701 21540 D bauth_FPBAuthSensorControl: FPBAuthSensorControl, 552
06-20 21:22:15.266  4701 21540 D bauth_FPBAuthSensorControl: FPBAuthSensorControl, 474
06-20 21:22:15.266  4701 21540 D bauth_FPBAuthSensorControl: FPBAuthSensorControl, 390
06-20 21:22:15.266  4701 21540 D bauth_FPBAuthSensorControl: FPBAuthSensorControl, 432
06-20 21:22:15.266  4701 21540 D bauth_FPBAuthService: FPBAuthService, 1509
06-20 21:22:15.266  4701 21540 D bauth_FPBAuthService: FPBAuthService, 1520
06-20 21:22:15.267  4701 21540 D bauth_FPBAuthSensorControl: FPBAuthSensorControl, 552
06-20 21:22:15.267  4701 21540 D bauth_FPBAuthService: FPBAuthService, 3557
06-20 21:22:15.267  4701 21540 I TLC_BAUTH: Call FP cmd 0x6;1222
06-20 21:22:15.267  4701 21540 I tlc_communication: Send Trustlet TCI Message;214
06-20 21:22:15.267  4701 21540 I tlc_communication: mcNotify is completed;224
06-20 21:22:15.380  4701 21540 I tlc_communication: mcWaitNotification is completed;237
06-20 21:22:15.380  4701 21540 I TLC_BAUTH: Check the Trustlet return code is completed;1288
06-20 21:22:15.380  4701 21540 D bauth_FPBAuthService: check_opcode status = 2, opcode = 5, func_ret_val = 0, function_status = 1, timeout = 0
06-20 21:22:15.380  4701 21540 D bauth_FPBAuthService: FPBAuthService, 1710
06-20 21:22:15.380  4701 21540 D bauth_FPBAuthService: FPBAuthService, 1720
06-20 21:22:15.380  4701 21540 D bauth_FPBAuthService: FPBAuthService, 1721
06-20 21:22:15.380  4701 21540 D bauth_FPBAuthService: fpop : 100021
06-20 21:22:15.380  4701 21540 D fingerprintd: onAcquired(10002)
06-20 21:22:15.380  4701 21540 D bauth_FPBAuthService: FPBAuthService, 3557
06-20 21:22:15.380  4701 21540 I TLC_BAUTH: Call FP cmd 0x6;1222
06-20 21:22:15.380  4701 21540 I tlc_communication: Send Trustlet TCI Message;214
06-20 21:22:15.380  4701 21540 I tlc_communication: mcNotify is completed;224
06-20 21:22:15.381  4897  4897 I FingerprintService: handleAcquired : acquiredInfo=10002
