05-27 22:03:49.472  4909 17206 D ExynosCamera3: [CAM_ID(0)][]-DEBUG(configureStreams[1169]):format 23
05-27 22:03:49.472  4909 17206 D ExynosCamera3: [CAM_ID(0)][]-DEBUG(configureStreams[1170]):usage 20003
05-27 22:03:49.472  4909 17206 D ExynosCamera3: [CAM_ID(0)][]-DEBUG(configureStreams[1171]):max_buffers 9
05-27 22:03:49.472  4909 17206 D ExynosCamera3: [CAM_ID(0)][]-DEBUG(configureStreams[1191]):registerStream 2 registerbuffer 17
05-27 22:03:49.473  4909 17206 I ExynosCamera3Parameters: [CAM_ID(0)][ParametersBack]-INFO(checkYuvSize[829]):curYuvSize 4032x3024 newYuvSize 640x480 outputPortId 1
05-27 22:03:49.473  4909 17206 D ExynosCamera3Parameters: DEBUG(checkYuvSize):setRestartPreviewChecked true
05-27 22:03:49.473  4909 17206 D ExynosCamera3Parameters: [CAM_ID(0)][ParametersBack]-DEBUG(m_setRestartPreviewChecked):setRestartPreviewChecked(during SetParameters) true
05-27 22:03:49.473  4909 17206 D ExynosCamera3Parameters: [CAM_ID(0)][ParametersBack]-DEBUG(getUseDepthMap[5454]): m_flaguseDepthMap(1)
05-27 22:03:49.473  4909 17206 D ExynosCamera3Parameters: [CAM_ID(0)][ParametersBack]-DEBUG(checkUseDepthMap[5476]): depthMapW(504), depthMapH (378) getUseDepthMap(1)
05-27 22:03:49.473  4909 17206 D ExynosCamera3: [CAM_ID(0)][]-DEBUG(configureStreams[1453]):Create buffer manager(PREVIEW_CB)
05-27 22:03:49.474  4909 17206 D ExynosCameraBufferManager: [CAM_ID(0)][none]-DEBUG(ServiceExynosCameraBufferManager[3015])
05-27 22:03:49.474  4909 17206 D ExynosCamera3: [CAM_ID(0)][]-DEBUG(m_createBufferManager):BufferManager(PREVIEW_CB_STREAM_BUF) created
05-27 22:03:49.474  4909 17206 D ExynosCamera3: [CAM_ID(0)][]-DEBUG(configureStreams[1464]):planeCount 1
05-27 22:03:49.474  4909 17206 D ExynosCamera3: [CAM_ID(0)][]-DEBUG(configureStreams[1466]):planeSize[0] 460800
05-27 22:03:49.474  4909 17206 D ExynosCamera3: [CAM_ID(0)][]-DEBUG(configureStreams[1468]):bytesPerLine[0] 0
05-27 22:03:49.474  4909  7642 D ExynosCameraBufferManager: [CAM_ID(0)][FLITE_BUF]-DEBUG(m_defaultAlloc[1168]):duration time(    2 msec):(type=0, bufIndex=4, size=23.26)
05-27 22:03:49.477  4909 17206 D ExynosCameraBufferManager: [CAM_ID(0)][PREVIEW_CB_STREAM_BUF]-DEBUG(m_defaultAlloc[1188]):Duration time of buffer allocation(    0 msec)
05-27 22:03:49.477  4909 17206 D ExynosCameraBufferManager: [CAM_ID(0)][PREVIEW_CB_STREAM_BUF]-DEBUG(m_alloc[3263]):
05-27 22:03:49.477  4909 17206 D ExynosCameraBufferManager: [CAM_ID(0)][PREVIEW_CB_STREAM_BUF]-DEBUG(alloc[240]):Allocate the buffer succeeded (m_allocatedBufCount=32, m_reqBufCount=32, m_allowedMaxBufCount=32) --- dumpBufferInfo ---
05-27 22:03:49.477  4909 17206 I ExynosCameraBufferManager: [CAM_ID(0)][PREVIEW_CB_STREAM_BUF]-INFO(dumpBufferInfo[1462]):[m_buffer[0].fd[0]=-1] .addr=0x0 .size=460800 .position=3 .permission=0]
05-27 22:03:49.477  4909 17206 I ExynosCameraBufferManager: [CAM_ID(0)][PREVIEW_CB_STREAM_BUF]-INFO(dumpBufferInfo[1462]):[m_buffer[0].fd[1]=93] .addr=0xf18d8000 .size=32768 .position=3 .permission=0]
05-27 22:03:49.477  4909 17206 I ExynosCameraBufferManager: [CAM_ID(0)][PREVIEW_CB_STREAM_BUF]-INFO(dumpBufferInfo[1462]):[m_buffer[1].fd[0]=-1] .addr=0x0 .size=460800 .position=3 .permission=0]
05-27 22:03:49.477  4909 17206 I ExynosCameraBufferManager: [CAM_ID(0)][PREVIEW_CB_STREAM_BUF]-INFO(dumpBufferInfo[1462]):[m_buffer[1].fd[1]=94] .addr=0xf18d0000 .size=32768 .position=3 .permission=0]
05-27 22:03:49.477  4909 17206 I ExynosCameraBufferManager: [CAM_ID(0)][PREVIEW_CB_STREAM_BUF]-INFO(dumpBufferInfo[1462]):[m_buffer[2].fd[0]=-1] .addr=0x0 .size=460800 .position=3 .permission=0]
05-27 22:03:49.477  4909 17206 I ExynosCameraBufferManager: [CAM_ID(0)][PREVIEW_CB_STREAM_BUF]-INFO(dumpBufferInfo[1462]):[m_buffer[2].fd[1]=95] .addr=0xf18c8000 .size=32768 .position=3 .permission=0]
05-27 22:03:49.477  4909 17206 I ExynosCameraBufferManager: [CAM_ID(0)][PREVIEW_CB_STREAM_BUF]-INFO(dumpBufferInfo[1462]):[m_buffer[3].fd[0]=-1] .addr=0x0 .size=460800 .position=3 .permission=0]
05-27 22:03:49.477  4909 17206 I ExynosCameraBufferManager: [CAM_ID(0)][PREVIEW_CB_STREAM_BUF]-INFO(dumpBufferInfo[1462]):[m_buffer[3].fd[1]=96] .addr=0xf18c0000 .size=32768 .position=3 .permission=0]
05-27 22:03:49.477  4909 17206 I ExynosCameraBufferManager: [CAM_ID(0)][PREVIEW_CB_STREAM_BUF]-INFO(dumpBufferInfo[1462]):[m_buffer[4].fd[0]=-1] .addr=0x0 .size=460800 .position=3 .permission=0]
05-27 22:03:49.477  4909 17206 I ExynosCameraBufferManager: [CAM_ID(0)][PREVIEW_CB_STREAM_BUF]-INFO(dumpBufferInfo[1462]):[m_buffer[4].fd[1]=97] .addr=0xf18b8000 .size=32768 .position=3 .permission=0]
05-27 22:03:49.477  4909 17206 I ExynosCameraBufferManager: [CAM_ID(0)][PREVIEW_CB_STREAM_BUF]-INFO(dumpBufferInfo[1462]):[m_buffer[5].fd[0]=-1] .addr=0x0 .size=460800 .position=3 .permission=0]
05-27 22:03:49.477  4909 17206 I ExynosCameraBufferManager: [CAM_ID(0)][PREVIEW_CB_STREAM_BUF]-INFO(dumpBufferInfo[1462]):[m_buffer[5].fd[1]=98] .addr=0xf18b0000 .size=32768 .position=3 .permission=0]
05-27 22:03:49.477  4909 17206 I ExynosCameraBufferManager: [CAM_ID(0)][PREVIEW_CB_STREAM_BUF]-INFO(dumpBufferInfo[1462]):[m_buffer[6].fd[0]=-1] .addr=0x0 .size=460800 .position=3 .permission=0]
05-27 22:03:49.477  4909 17206 I ExynosCameraBufferManager: [CAM_ID(0)][PREVIEW_CB_STREAM_BUF]-INFO(dumpBufferInfo[1462]):[m_buffer[6].fd[1]=99] .addr=0xf18a8000 .size=32768 .position=3 .permission=0]
05-27 22:03:49.477  4909  7642 D ExynosCameraBufferManager: [CAM_ID(0)][FLITE_BUF]-DEBUG(m_defaultAlloc[1168]):duration time(    3 msec):(type=0, bufIndex=5, size=23.26)
05-27 22:03:49.477  4909 17206 I ExynosCameraBufferManager: [CAM_ID(0)][PREVIEW_CB_STREAM_BUF]-INFO(dumpBufferInfo[1462]):[m_buffer[7].fd[0]=-1] .addr=0x0 .size=460800 .position=3 .permission=0]
05-27 22:03:49.477  4909 17206 I ExynosCameraBufferManager: [CAM_ID(0)][PREVIEW_CB_STREAM_BUF]-INFO(dumpBufferInfo[1462]):[m_buffer[7].fd[1]=100] .addr=0xf18a0000 .size=32768 .position=3 .permission=0]
05-27 22:03:49.477  4909 17206 I ExynosCameraBufferManager: [CAM_ID(0)][PREVIEW_CB_STREAM_BUF]-INFO(dumpBufferInfo[1462]):[m_buffer[8].fd[0]=-1] .addr=0x0 .size=460800 .position=3 .permission=0]
05-27 22:03:49.478  4909 17206 I ExynosCameraBufferManager: [CAM_ID(0)][PREVIEW_CB_STREAM_BUF]-INFO(dumpBufferInfo[1462]):[m_buffer[8].fd[1]=102] .addr=0xf1898000 .size=32768 .position=3 .permission=0]
05-27 22:03:49.478  4909 17206 I ExynosCameraBufferManager: [CAM_ID(0)][PREVIEW_CB_STREAM_BUF]-INFO(dumpBufferInfo[1462]):[m_buffer[9].fd[0]=-1] .addr=0x0 .size=460800 .position=3 .permission=0]
05-27 22:03:49.478  4909 17206 I ExynosCameraBufferManager: [CAM_ID(0)][PREVIEW_CB_STREAM_BUF]-INFO(dumpBufferInfo[1462]):[m_buffer[9].fd[1]=103] .addr=0xf1890000 .size=32768 .position=3 .permission=0]
05-27 22:03:49.478  4909 17206 I ExynosCameraBufferManager: [CAM_ID(0)][PREVIEW_CB_STREAM_BUF]-INFO(dumpBufferInfo[1462]):[m_buffer[10].fd[0]=-1] .addr=0x0 .size=460800 .position=3 .permission=0]
05-27 22:03:49.478  4909 17206 I ExynosCameraBufferManager: [CAM_ID(0)][PREVIEW_CB_STREAM_BUF]-INFO(dumpBufferInfo[1462]):[m_buffer[10].fd[1]=104] .addr=0xf1888000 .size=32768 .position=3 .permission=0]
05-27 22:03:49.478  4909 17206 I ExynosCameraBufferManager: [CAM_ID(0)][PREVIEW_CB_STREAM_BUF]-INFO(dumpBufferInfo[1462]):[m_buffer[11].fd[0]=-1] .addr=0x0 .size=460800 .position=3 .permission=0]
05-27 22:03:49.478  4909 17206 I ExynosCameraBufferManager: [CAM_ID(0)][PREVIEW_CB_STREAM_BUF]-INFO(dumpBufferInfo[1462]):[m_buffer[11].fd[1]=105] .addr=0xf1880000 .size=32768 .position=3 .permission=0]
05-27 22:03:49.478  4909 17206 I ExynosCameraBufferManager: [CAM_ID(0)][PREVIEW_CB_STREAM_BUF]-INFO(dumpBufferInfo[1462]):[m_buffer[12].fd[0]=-1] .addr=0x0 .size=460800 .position=3 .permission=0]
05-27 22:03:49.478  4909 17206 I ExynosCameraBufferManager: [CAM_ID(0)][PREVIEW_CB_STREAM_BUF]-INFO(dumpBufferInfo[1462]):[m_buffer[12].fd[1]=106] .addr=0xf1878000 .size=32768 .position=3 .permission=0]
05-27 22:03:49.478  4909 17206 I ExynosCameraBufferManager: [CAM_ID(0)][PREVIEW_CB_STREAM_BUF]-INFO(dumpBufferInfo[1462]):[m_buffer[13].fd[0]=-1] .addr=0x0 .size=460800 .position=3 .permission=0]
05-27 22:03:49.478  4909 17206 I ExynosCameraBufferManager: [CAM_ID(0)][PREVIEW_CB_STREAM_BUF]-INFO(dumpBufferInfo[1462]):[m_buffer[13].fd[1]=107] .addr=0xf1870000 .size=32768 .position=3 .permission=0]
05-27 22:03:49.478  4909 17206 I ExynosCameraBufferManager: [CAM_ID(0)][PREVIEW_CB_STREAM_BUF]-INFO(dumpBufferInfo[1462]):[m_buffer[14].fd[0]=-1] .addr=0x0 .size=460800 .position=3 .permission=0]
05-27 22:03:49.478  4909 17206 I ExynosCameraBufferManager: [CAM_ID(0)][PREVIEW_CB_STREAM_BUF]-INFO(dumpBufferInfo[1462]):[m_buffer[14].fd[1]=108] .addr=0xf1868000 .size=32768 .position=3 .permission=0]
05-27 22:03:49.478  4909 17206 I ExynosCameraBufferManager: [CAM_ID(0)][PREVIEW_CB_STREAM_BUF]-INFO(dumpBufferInfo[1462]):[m_buffer[15].fd[0]=-1] .addr=0x0 .size=460800 .position=3 .permission=0]
05-27 22:03:49.478  4909 17206 I ExynosCameraBufferManager: [CAM_ID(0)][PREVIEW_CB_STREAM_BUF]-INFO(dumpBufferInfo[1462]):[m_buffer[15].fd[1]=109] .addr=0xf1860000 .size=32768 .position=3 .permission=0]
05-27 22:03:49.478  4909 17206 I ExynosCameraBufferManager: [CAM_ID(0)][PREVIEW_CB_STREAM_BUF]-INFO(dumpBufferInfo[1462]):[m_buffer[16].fd[0]=-1] .addr=0x0 .size=460800 .position=3 .permission=0]
05-27 22:03:49.478  4909 17206 I ExynosCameraBufferManager: [CAM_ID(0)][PREVIEW_CB_STREAM_BUF]-INFO(dumpBufferInfo[1462]):[m_buffer[16].fd[1]=110] .addr=0xf1854000 .size=32768 .position=3 .permission=0]
05-27 22:03:49.478  4909 17206 I ExynosCameraBufferManager: [CAM_ID(0)][PREVIEW_CB_STREAM_BUF]-INFO(dumpBufferInfo[1462]):[m_buffer[17].fd[0]=-1] .addr=0x0 .size=460800 .position=3 .permission=0]
05-27 22:03:49.478  4909 17206 I ExynosCameraBufferManager: [CAM_ID(0)][PREVIEW_CB_STREAM_BUF]-INFO(dumpBufferInfo[1462]):[m_buffer[17].fd[1]=111] .addr=0xf1846000 .size=32768 .position=3 .permission=0]
05-27 22:03:49.478  4909 17206 I ExynosCameraBufferManager: [CAM_ID(0)][PREVIEW_CB_STREAM_BUF]-INFO(dumpBufferInfo[1462]):[m_buffer[18].fd[0]=-1] .addr=0x0 .size=460800 .position=3 .permission=0]
05-27 22:03:49.478  4909 17206 I ExynosCameraBufferManager: [CAM_ID(0)][PREVIEW_CB_STREAM_BUF]-INFO(dumpBufferInfo[1462]):[m_buffer[18].fd[1]=112] .addr=0xf183e000 .size=32768 .position=3 .permission=0]
05-27 22:03:49.478  4909 17206 I ExynosCameraBufferManager: [CAM_ID(0)][PREVIEW_CB_STREAM_BUF]-INFO(dumpBufferInfo[1462]):[m_buffer[19].fd[0]=-1] .addr=0x0 .size=460800 .position=3 .permission=0]
05-27 22:03:49.478  4909 17206 I ExynosCameraBufferManager: [CAM_ID(0)][PREVIEW_CB_STREAM_BUF]-INFO(dumpBufferInfo[1462]):[m_buffer[19].fd[1]=113] .addr=0xf1836000 .size=32768 .position=3 .permission=0]
05-27 22:03:49.479  4909 17206 I ExynosCameraBufferManager: [CAM_ID(0)][PREVIEW_CB_STREAM_BUF]-INFO(dumpBufferInfo[1462]):[m_buffer[20].fd[0]=-1] .addr=0x0 .size=460800 .position=3 .permission=0]
05-27 22:03:49.479  4909 17206 I ExynosCameraBufferManager: [CAM_ID(0)][PREVIEW_CB_STREAM_BUF]-INFO(dumpBufferInfo[1462]):[m_buffer[20].fd[1]=114] .addr=0xf182e000 .size=32768 .position=3 .permission=0]
05-27 22:03:49.479  4909 17206 I ExynosCameraBufferManager: [CAM_ID(0)][PREVIEW_CB_STREAM_BUF]-INFO(dumpBufferInfo[1462]):[m_buffer[21].fd[0]=-1] .addr=0x0 .size=460800 .position=3 .permission=0]
05-27 22:03:49.479  4909 17206 I ExynosCameraBufferManager: [CAM_ID(0)][PREVIEW_CB_STREAM_BUF]-INFO(dumpBufferInfo[1462]):[m_buffer[21].fd[1]=115] .addr=0xf1826000 .size=32768 .position=3 .permission=0]
05-27 22:03:49.479  4909 17206 I ExynosCameraBufferManager: [CAM_ID(0)][PREVIEW_CB_STREAM_BUF]-INFO(dumpBufferInfo[1462]):[m_buffer[22].fd[0]=-1] .addr=0x0 .size=460800 .position=3 .permission=0]
05-27 22:03:49.479  4909 17206 I ExynosCameraBufferManager: [CAM_ID(0)][PREVIEW_CB_STREAM_BUF]-INFO(dumpBufferInfo[1462]):[m_buffer[22].fd[1]=116] .addr=0xf181e000 .size=32768 .position=3 .permission=0]
05-27 22:03:49.479  4909 17206 I ExynosCameraBufferManager: [CAM_ID(0)][PREVIEW_CB_STREAM_BUF]-INFO(dumpBufferInfo[1462]):[m_buffer[23].fd[0]=-1] .addr=0x0 .size=460800 .position=3 .permission=0]
05-27 22:03:49.479  4909 17206 I ExynosCameraBufferManager: [CAM_ID(0)][PREVIEW_CB_STREAM_BUF]-INFO(dumpBufferInfo[1462]):[m_buffer[23].fd[1]=117] .addr=0xf1816000 .size=32768 .position=3 .permission=0]
05-27 22:03:49.479  4909 17206 I ExynosCameraBufferManager: [CAM_ID(0)][PREVIEW_CB_STREAM_BUF]-INFO(dumpBufferInfo[1462]):[m_buffer[24].fd[0]=-1] .addr=0x0 .size=460800 .position=3 .permission=0]
05-27 22:03:49.480  4909 17206 I ExynosCameraBufferManager: [CAM_ID(0)][PREVIEW_CB_STREAM_BUF]-INFO(dumpBufferInfo[1462]):[m_buffer[24].fd[1]=118] .addr=0xf180e000 .size=32768 .position=3 .permission=0]
05-27 22:03:49.480  4909 17206 I ExynosCameraBufferManager: [CAM_ID(0)][PREVIEW_CB_STREAM_BUF]-INFO(dumpBufferInfo[1462]):[m_buffer[25].fd[0]=-1] .addr=0x0 .size=460800 .position=3 .permission=0]
05-27 22:03:49.480  4909 17206 I ExynosCameraBufferManager: [CAM_ID(0)][PREVIEW_CB_STREAM_BUF]-INFO(dumpBufferInfo[1462]):[m_buffer[25].fd[1]=119] .addr=0xf1806000 .size=32768 .position=3 .permission=0]
05-27 22:03:49.480  4909 17206 I ExynosCameraBufferManager: [CAM_ID(0)][PREVIEW_CB_STREAM_BUF]-INFO(dumpBufferInfo[1462]):[m_buffer[26].fd[0]=-1] .addr=0x0 .size=460800 .position=3 .permission=0]
05-27 22:03:49.480  4909 17206 I ExynosCameraBufferManager: [CAM_ID(0)][PREVIEW_CB_STREAM_BUF]-INFO(dumpBufferInfo[1462]):[m_buffer[26].fd[1]=120] .addr=0xf17fe000 .size=32768 .position=3 .permission=0]
05-27 22:03:49.480  4909 17206 I ExynosCameraBufferManager: [CAM_ID(0)][PREVIEW_CB_STREAM_BUF]-INFO(dumpBufferInfo[1462]):[m_buffer[27].fd[0]=-1] .addr=0x0 .size=460800 .position=3 .permission=0]
05-27 22:03:49.480  4909 17206 I ExynosCameraBufferManager: [CAM_ID(0)][PREVIEW_CB_STREAM_BUF]-INFO(dumpBufferInfo[1462]):[m_buffer[27].fd[1]=121] .addr=0xf17f6000 .size=32768 .position=3 .permission=0]
05-27 22:03:49.480  4909 17206 I ExynosCameraBufferManager: [CAM_ID(0)][PREVIEW_CB_STREAM_BUF]-INFO(dumpBufferInfo[1462]):[m_buffer[28].fd[0]=-1] .addr=0x0 .size=460800 .position=3 .permission=0]
05-27 22:03:49.480  4909 17206 I ExynosCameraBufferManager: [CAM_ID(0)][PREVIEW_CB_STREAM_BUF]-INFO(dumpBufferInfo[1462]):[m_buffer[28].fd[1]=122] .addr=0xf16f4000 .size=32768 .position=3 .permission=0]
05-27 22:03:49.480  4909 17206 I ExynosCameraBufferManager: [CAM_ID(0)][PREVIEW_CB_STREAM_BUF]-INFO(dumpBufferInfo[1462]):[m_buffer[29].fd[0]=-1] .addr=0x0 .size=460800 .position=3 .permission=0]
05-27 22:03:49.480  4909 17206 I ExynosCameraBufferManager: [CAM_ID(0)][PREVIEW_CB_STREAM_BUF]-INFO(dumpBufferInfo[1462]):[m_buffer[29].fd[1]=123] .addr=0xf16e6000 .size=32768 .position=3 .permission=0]
05-27 22:03:49.480  4909  7642 D ExynosCameraBufferManager: [CAM_ID(0)][FLITE_BUF]-DEBUG(m_defaultAlloc[1168]):duration time(    3 msec):(type=0, bufIndex=6, size=23.26)
05-27 22:03:49.480  4909  7642 D ExynosCameraBufferManager: [CAM_ID(0)][FLITE_BUF]-DEBUG(m_defaultAlloc[1188]):Duration time of buffer allocation(   17 msec)
05-27 22:03:49.480  4909 17206 I ExynosCameraBufferManager: [CAM_ID(0)][PREVIEW_CB_STREAM_BUF]-INFO(dumpBufferInfo[1462]):[m_buffer[30].fd[0]=-1] .addr=0x0 .size=460800 .position=3 .permission=0]
05-27 22:03:49.480  4909  7642 D ExynosCameraBufferManager: [CAM_ID(0)][FLITE_BUF]-DEBUG(alloc[240]):Allocate the buffer succeeded (m_allocatedBufCount=7, m_reqBufCount=7, m_allowedMaxBufCount=7) --- dumpBufferInfo ---
05-27 22:03:49.480  4909 17206 I ExynosCameraBufferManager: [CAM_ID(0)][PREVIEW_CB_STREAM_BUF]-INFO(dumpBufferInfo[1462]):[m_buffer[30].fd[1]=124] .addr=0xf16de000 .size=32768 .position=3 .permission=0]
05-27 22:03:49.480  4909  7642 I ExynosCameraBufferManager: [CAM_ID(0)][FLITE_BUF]-INFO(dumpBufferInfo[1462]):[m_buffer[0].fd[0]=56] .addr=0x0 .size=24385536 .position=0 .permission=1]
05-27 22:03:49.480  4909  7642 I ExynosCameraBufferManager: [CAM_ID(0)][FLITE_BUF]-INFO(dumpBufferInfo[1462]):[m_buffer[0].fd[1]=49] .addr=0xf1ae8000 .size=32768 .position=0 .permission=1]
05-27 22:03:49.480  4909  7642 I ExynosCameraBufferManager: [CAM_ID(0)][FLITE_BUF]-INFO(dumpBufferInfo[1462]):[m_buffer[1].fd[0]=89] .addr=0x0 .size=24385536 .position=0 .permission=1]
05-27 22:03:49.480  4909 17206 I ExynosCameraBufferManager: [CAM_ID(0)][PREVIEW_CB_STREAM_BUF]-INFO(dumpBufferInfo[1462]):[m_buffer[31].fd[0]=-1] .addr=0x0 .size=460800 .position=3 .permission=0]
05-27 22:03:49.480  4909  7642 I ExynosCameraBufferManager: [CAM_ID(0)][FLITE_BUF]-INFO(dumpBufferInfo[1462]):[m_buffer[1].fd[1]=50] .addr=0xf1a62000 .size=32768 .position=0 .permission=1]
05-27 22:03:49.480  4909  7642 I ExynosCameraBufferManager: [CAM_ID(0)][FLITE_BUF]-INFO(dumpBufferInfo[1462]):[m_buffer[2].fd[0]=90] .addr=0x0 .size=24385536 .position=0 .permission=1]
05-27 22:03:49.480  4909 17206 I ExynosCameraBufferManager: [CAM_ID(0)][PREVIEW_CB_STREAM_BUF]-INFO(dumpBufferInfo[1462]):[m_buffer[31].fd[1]=125] .addr=0xf16d6000 .size=32768 .position=3 .permission=0]
05-27 22:03:49.480  4909  7642 I ExynosCameraBufferManager: [CAM_ID(0)][FLITE_BUF]-INFO(dumpBufferInfo[1462]):[m_buffer[2].fd[1]=51] .addr=0xf1a5a000 .size=32768 .position=0 .permission=1]
05-27 22:03:49.480  4909  7642 I ExynosCameraBufferManager: [CAM_ID(0)][FLITE_BUF]-INFO(dumpBufferInfo[1462]):[m_buffer[3].fd[0]=91] .addr=0x0 .size=24385536 .position=0 .permission=1]
05-27 22:03:49.480  4909 17206 D ExynosCameraBufferManager: [CAM_ID(0)][PREVIEW_CB_STREAM_BUF]-DEBUG(alloc[243]):------------------------------------------------------------------
05-27 22:03:49.480  4909  7642 I ExynosCameraBufferManager: [CAM_ID(0)][FLITE_BUF]-INFO(dumpBufferInfo[1462]):[m_buffer[3].fd[1]=52] .addr=0xf1a52000 .size=32768 .position=0 .permission=1]
05-27 22:03:49.480  4909  7642 I ExynosCameraBufferManager: [CAM_ID(0)][FLITE_BUF]-INFO(dumpBufferInfo[1462]):[m_buffer[4].fd[0]=92] .addr=0x0 .size=24385536 .position=0 .permission=1]
05-27 22:03:49.480  4909 17206 D ExynosCameraBufferManager: DEBUG:duration time(    6 msec):(alloc)
05-27 22:03:49.480  4909  7642 I ExynosCameraBufferManager: [CAM_ID(0)][FLITE_BUF]-INFO(dumpBufferInfo[1462]):[m_buffer[4].fd[1]=53] .addr=0xf1a26000 .size=32768 .position=0 .permission=1]
05-27 22:03:49.480  4909  7642 I ExynosCameraBufferManager: [CAM_ID(0)][FLITE_BUF]-INFO(dumpBufferInfo[1462]):[m_buffer[5].fd[0]=126] .addr=0x0 .size=24385536 .position=0 .permission=1]
05-27 22:03:49.480  4909 17206 D ExynosCameraStreamManager: DEBUG(setBufferManager[306]):m_bufferManager(0xd58c8c00)
05-27 22:03:49.480  4909  7642 I ExynosCameraBufferManager: [CAM_ID(0)][FLITE_BUF]-INFO(dumpBufferInfo[1462]):[m_buffer[5].fd[1]=54] .addr=0xf1a11000 .size=32768 .position=0 .permission=1]
05-27 22:03:49.480  4909  7642 I ExynosCameraBufferManager: [CAM_ID(0)][FLITE_BUF]-INFO(dumpBufferInfo[1462]):[m_buffer[6].fd[0]=127] .addr=0x0 .size=24385536 .position=0 .permission=1]
05-27 22:03:49.480  4909 17206 D ExynosCamera3: [CAM_ID(0)][]-DEBUG(configureStreams[1475]):preivewCallbackBufferMgr - 0xd58c8c00
05-27 22:03:49.480  4909  7642 I ExynosCameraBufferManager: [CAM_ID(0)][FLITE_BUF]-INFO(dumpBufferInfo[1462]):[m_buffer[6].fd[1]=55] .addr=0xf1a09000 .size=32768 .position=0 .permission=1]
05-27 22:03:49.480  4909 17206 D ExynosCamera3: [CAM_ID(0)][]-DEBUG(configureStreams[1487]):Out
05-27 22:03:49.480  4909  7642 D ExynosCameraBufferManager: [CAM_ID(0)][FLITE_BUF]-DEBUG(alloc[243]):------------------------------------------------------------------
05-27 22:03:49.480  4909  7642 D ExynosCameraBufferManager: DEBUG:duration time(   17 msec):(alloc)
05-27 22:03:49.480  4909 17206 I ExynosCamera3Interface: INFO(HAL3_camera_device_configure_streams[270]):out =====
05-27 22:03:49.480  4909  7642 D ExynosCamera3Parameters: [CAM_ID(0)][ParametersBack]-DEBUG(getUseDepthMap[5454]): m_flaguseDepthMap(1)
05-27 22:03:49.480  4909  7642 I ExynosCamera3: [CAM_ID(0)][]-INFO(m_setBuffers[6723]):Depth Map Size width x height = 504x378
05-27 22:03:49.480  4909 17206 D ExynosCamera3Interface: DEBUG:duration time(   18 msec):(HAL3_camera_device_configure_streams)
05-27 22:03:49.480  4909  7642 I ExynosCamera3: [CAM_ID(0)][]-INFO(m_allocBuffers[6619]):setInfo(planeCount=2, minBufCount=7, maxBufCount=7, type=1, allocMode=1)
05-27 22:03:49.481  4909  7642 D ExynosCameraBufferManager: [CAM_ID(0)][DEPTH_MAP_BUF]-DEBUG(m_defaultAlloc[1188]):Duration time of buffer allocation(    0 msec)
05-27 22:03:49.481  4909  7642 D ExynosCameraBufferManager: [CAM_ID(0)][DEPTH_MAP_BUF]-DEBUG(m_defaultAlloc[1168]):duration time(    0 msec):(type=1, bufIndex=0, size=0.36)
05-27 22:03:49.481  4909  7642 D ExynosCameraBufferManager: [CAM_ID(0)][DEPTH_MAP_BUF]-DEBUG(m_defaultAlloc[1168]):duration time(    0 msec):(type=1, bufIndex=1, size=0.36)
05-27 22:03:49.481  4909  7642 D ExynosCameraBufferManager: [CAM_ID(0)][DEPTH_MAP_BUF]-DEBUG(m_defaultAlloc[1168]):duration time(    0 msec):(type=1, bufIndex=2, size=0.36)
05-27 22:03:49.481  4909  7642 D ExynosCameraBufferManager: [CAM_ID(0)][DEPTH_MAP_BUF]-DEBUG(m_defaultAlloc[1168]):duration time(    0 msec):(type=1, bufIndex=3, size=0.36)
05-27 22:03:49.481  4909  7642 D ExynosCameraBufferManager: [CAM_ID(0)][DEPTH_MAP_BUF]-DEBUG(m_defaultAlloc[1168]):duration time(    0 msec):(type=1, bufIndex=4, size=0.36)
05-27 22:03:49.481  4909  7642 D ExynosCameraBufferManager: [CAM_ID(0)][DEPTH_MAP_BUF]-DEBUG(m_defaultAlloc[1168]):duration time(    0 msec):(type=1, bufIndex=5, size=0.36)
05-27 22:03:49.482  4909  7642 D ExynosCameraBufferManager: [CAM_ID(0)][DEPTH_MAP_BUF]-DEBUG(m_defaultAlloc[1168]):duration time(    1 msec):(type=1, bufIndex=6, size=0.36)
05-27 22:03:49.482  4909  7642 D ExynosCameraBufferManager: [CAM_ID(0)][DEPTH_MAP_BUF]-DEBUG(m_defaultAlloc[1188]):Duration time of buffer allocation(    1 msec)
05-27 22:03:49.482  4909  7642 D ExynosCameraBufferManager: [CAM_ID(0)][DEPTH_MAP_BUF]-DEBUG(alloc[240]):Allocate the buffer succeeded (m_allocatedBufCount=7, m_reqBufCount=7, m_allowedMaxBufCount=7) --- dumpBufferInfo ---
05-27 22:03:49.482  4909  7642 I ExynosCameraBufferManager: [CAM_ID(0)][DEPTH_MAP_BUF]-INFO(dumpBufferInfo[1462]):[m_buffer[0].fd[0]=135] .addr=0xf15e8000 .size=381024 .position=0 .permission=1]
05-27 22:03:49.482  4909  7642 I ExynosCameraBufferManager: [CAM_ID(0)][DEPTH_MAP_BUF]-INFO(dumpBufferInfo[1462]):[m_buffer[0].fd[1]=128] .addr=0xf16ce000 .size=32768 .position=0 .permission=1]
05-27 22:03:49.482  4909  7642 I ExynosCameraBufferManager: [CAM_ID(0)][DEPTH_MAP_BUF]-INFO(dumpBufferInfo[1462]):[m_buffer[1].fd[0]=136] .addr=0xf1366000 .size=381024 .position=0 .permission=1]
05-27 22:03:49.482  4909  7642 I ExynosCameraBufferManager: [CAM_ID(0)][DEPTH_MAP_BUF]-INFO(dumpBufferInfo[1462]):[m_buffer[1].fd[1]=129] .addr=0xf16c6000 .size=32768 .position=0 .permission=1]
05-27 22:03:49.482  4909  7642 I ExynosCameraBufferManager: [CAM_ID(0)][DEPTH_MAP_BUF]-INFO(dumpBufferInfo[1462]):[m_buffer[2].fd[0]=137] .addr=0xf1308000 .size=381024 .position=0 .permission=1]
05-27 22:03:49.482  4909  7642 I ExynosCameraBufferManager: [CAM_ID(0)][DEPTH_MAP_BUF]-INFO(dumpBufferInfo[1462]):[m_buffer[2].fd[1]=130] .addr=0xf16be000 .size=32768 .position=0 .permission=1]
05-27 22:03:49.482  4909  7642 I ExynosCameraBufferManager: [CAM_ID(0)][DEPTH_MAP_BUF]-INFO(dumpBufferInfo[1462]):[m_buffer[3].fd[0]=138] .addr=0xeaba2000 .size=381024 .position=0 .permission=1]
05-27 22:03:49.482  4909  7642 I ExynosCameraBufferManager: [CAM_ID(0)][DEPTH_MAP_BUF]-INFO(dumpBufferInfo[1462]):[m_buffer[3].fd[1]=131] .addr=0xf16b6000 .size=32768 .position=0 .permission=1]
05-27 22:03:49.482  4909  7642 I ExynosCameraBufferManager: [CAM_ID(0)][DEPTH_MAP_BUF]-INFO(dumpBufferInfo[1462]):[m_buffer[4].fd[0]=139] .addr=0xe97a2000 .size=381024 .position=0 .permission=1]
05-27 22:03:49.482  4909  7642 I ExynosCameraBufferManager: [CAM_ID(0)][DEPTH_MAP_BUF]-INFO(dumpBufferInfo[1462]):[m_buffer[4].fd[1]=132] .addr=0xf16ae000 .size=32768 .position=0 .permission=1]
05-27 22:03:49.482  4909  7642 I ExynosCameraBufferManager: [CAM_ID(0)][DEPTH_MAP_BUF]-INFO(dumpBufferInfo[1462]):[m_buffer[5].fd[0]=140] .addr=0xe8d22000 .size=381024 .position=0 .permission=1]
05-27 22:03:49.482  4909  7642 I ExynosCameraBufferManager: [CAM_ID(0)][DEPTH_MAP_BUF]-INFO(dumpBufferInfo[1462]):[m_buffer[5].fd[1]=133] .addr=0xf16a6000 .size=32768 .position=0 .permission=1]
05-27 22:03:49.482  4909  7642 I ExynosCameraBufferManager: [CAM_ID(0)][DEPTH_MAP_BUF]-INFO(dumpBufferInfo[1462]):[m_buffer[6].fd[0]=141] .addr=0xe8325000 .size=381024 .position=0 .permission=1]
05-27 22:03:49.482  4909  7642 I ExynosCameraBufferManager: [CAM_ID(0)][DEPTH_MAP_BUF]-INFO(dumpBufferInfo[1462]):[m_buffer[6].fd[1]=134] .addr=0xf1699000 .size=32768 .position=0 .permission=1]
05-27 22:03:49.482  4909  7642 D ExynosCameraBufferManager: [CAM_ID(0)][DEPTH_MAP_BUF]-DEBUG(alloc[243]):------------------------------------------------------------------
05-27 22:03:49.482  4909  7642 D ExynosCameraBufferManager: DEBUG:duration time(    2 msec):(alloc)
05-27 22:03:49.482  4909  7642 I ExynosCamera3: [CAM_ID(0)][]-INFO(m_setBuffers[6750]):m_allocBuffers(DepthMap Buffer) 504 x 378,            planeSize(381024), planeCount(2), maxBufferCount(7)
05-27 22:03:49.482  4909  7642 D ExynosCameraBufferManager: [CAM_ID(0)][3AA_BUF]-DEBUG(m_defaultAlloc[1188]):Duration time of buffer allocation(    0 msec)
05-27 22:03:49.482  4909  7642 D ExynosCameraBufferManager: [CAM_ID(0)][3AA_BUF]-DEBUG(m_defaultAlloc[1168]):duration time(    0 msec):(type=0, bufIndex=0, size=0.00)
05-27 22:03:49.482  4909  7642 D ExynosCameraBufferManager: [CAM_ID(0)][3AA_BUF]-DEBUG(m_defaultAlloc[1168]):duration time(    0 msec):(type=0, bufIndex=1, size=0.00)
05-27 22:03:49.482  4909  7642 D ExynosCameraBufferManager: [CAM_ID(0)][3AA_BUF]-DEBUG(m_defaultAlloc[1168]):duration time(    0 msec):(type=0, bufIndex=2, size=0.00)
05-27 22:03:49.482  4909  7642 D ExynosCameraBufferManager: [CAM_ID(0)][3AA_BUF]-DEBUG(m_defaultAlloc[1168]):duration time(    0 msec):(type=0, bufIndex=3, size=0.00)
05-27 22:03:49.482  4909  7642 D ExynosCameraBufferManager: [CAM_ID(0)][3AA_BUF]-DEBUG(m_defaultAlloc[1168]):duration time(    0 msec):(type=0, bufIndex=4, size=0.00)
05-27 22:03:49.482  4909  7642 D ExynosCameraBufferManager: [CAM_ID(0)][3AA_BUF]-DEBUG(m_defaultAlloc[1168]):duration time(    0 msec):(type=0, bufIndex=5, size=0.00)
05-27 22:03:49.482  4909  7642 D ExynosCameraBufferManager: [CAM_ID(0)][3AA_BUF]-DEBUG(m_defaultAlloc[1168]):duration time(    0 msec):(type=0, bufIndex=6, size=0.00)
05-27 22:03:49.482  4909  7642 D ExynosCameraBufferManager: [CAM_ID(0)][3AA_BUF]-DEBUG(m_defaultAlloc[1168]):duration time(    0 msec):(type=0, bufIndex=7, size=0.00)
05-27 22:03:49.483  4909  7642 D ExynosCameraBufferManager: [CAM_ID(0)][3AA_BUF]-DEBUG(m_defaultAlloc[1168]):duration time(    1 msec):(type=0, bufIndex=8, size=0.00)
05-27 22:03:49.483  4909  7642 D ExynosCameraBufferManager: [CAM_ID(0)][3AA_BUF]-DEBUG(m_defaultAlloc[1188]):Duration time of buffer allocation(    1 msec)
05-27 22:03:49.483  4909  7642 D ExynosCameraBufferManager: [CAM_ID(0)][3AA_BUF]-DEBUG(alloc[240]):Allocate the buffer succeeded (m_allocatedBufCount=9, m_reqBufCount=9, m_allowedMaxBufCount=9) --- dumpBufferInfo ---
05-27 22:03:49.483  4909  7642 I ExynosCameraBufferManager: [CAM_ID(0)][3AA_BUF]-INFO(dumpBufferInfo[1462]):[m_buffer[0].fd[0]=151] .addr=0x0 .size=4096 .position=0 .permission=1]
05-27 22:03:49.483  4909  7642 I ExynosCameraBufferManager: [CAM_ID(0)][3AA_BUF]-INFO(dumpBufferInfo[1462]):[m_buffer[0].fd[1]=142] .addr=0xf1691000 .size=32768 .position=0 .permission=1]
05-27 22:03:49.483  4909  7642 I ExynosCameraBufferManager: [CAM_ID(0)][3AA_BUF]-INFO(dumpBufferInfo[1462]):[m_buffer[1].fd[0]=152] .addr=0x0 .size=4096 .position=0 .permission=1]
05-27 22:03:49.483  4909  7642 I ExynosCameraBufferManager: [CAM_ID(0)][3AA_BUF]-INFO(dumpBufferInfo[1462]):[m_buffer[1].fd[1]=143] .addr=0xf1683000 .size=32768 .position=0 .permission=1]
05-27 22:03:49.483  4909  7642 I ExynosCameraBufferManager: [CAM_ID(0)][3AA_BUF]-INFO(dumpBufferInfo[1462]):[m_buffer[2].fd[0]=153] .addr=0x0 .size=4096 .position=0 .permission=1]
05-27 22:03:49.483  4909  7642 I ExynosCameraBufferManager: [CAM_ID(0)][3AA_BUF]-INFO(dumpBufferInfo[1462]):[m_buffer[2].fd[1]=144] .addr=0xf167b000 .size=32768 .position=0 .permission=1]
05-27 22:03:49.483  4909  7642 I ExynosCameraBufferManager: [CAM_ID(0)][3AA_BUF]-INFO(dumpBufferInfo[1462]):[m_buffer[3].fd[0]=154] .addr=0x0 .size=4096 .position=0 .permission=1]
05-27 22:03:49.483  4909  7642 I ExynosCameraBufferManager: [CAM_ID(0)][3AA_BUF]-INFO(dumpBufferInfo[1462]):[m_buffer[3].fd[1]=145] .addr=0xf1673000 .size=32768 .position=0 .permission=1]
05-27 22:03:49.483  4909  7642 I ExynosCameraBufferManager: [CAM_ID(0)][3AA_BUF]-INFO(dumpBufferInfo[1462]):[m_buffer[4].fd[0]=155] .addr=0x0 .size=4096 .position=0 .permission=1]
05-27 22:03:49.483  4909  7642 I ExynosCameraBufferManager: [CAM_ID(0)][3AA_BUF]-INFO(dumpBufferInfo[1462]):[m_buffer[4].fd[1]=146] .addr=0xf1666000 .size=32768 .position=0 .permission=1]
05-27 22:03:49.483  4909  7642 I ExynosCameraBufferManager: [CAM_ID(0)][3AA_BUF]-INFO(dumpBufferInfo[1462]):[m_buffer[5].fd[0]=156] .addr=0x0 .size=4096 .position=0 .permission=1]
05-27 22:03:49.483  4909  7642 I ExynosCameraBufferManager: [CAM_ID(0)][3AA_BUF]-INFO(dumpBufferInfo[1462]):[m_buffer[5].fd[1]=147] .addr=0xf165e000 .size=32768 .position=0 .permission=1]
05-27 22:03:49.483  4909  7642 I ExynosCameraBufferManager: [CAM_ID(0)][3AA_BUF]-INFO(dumpBufferInfo[1462]):[m_buffer[6].fd[0]=157] .addr=0x0 .size=4096 .position=0 .permission=1]
05-27 22:03:49.483  4909  7642 I ExynosCameraBufferManager: [CAM_ID(0)][3AA_BUF]-INFO(dumpBufferInfo[1462]):[m_buffer[6].fd[1]=148] .addr=0xf164e000 .size=32768 .position=0 .permission=1]
05-27 22:03:49.483  4909  7642 I ExynosCameraBufferManager: [CAM_ID(0)][3AA_BUF]-INFO(dumpBufferInfo[1462]):[m_buffer[7].fd[0]=158] .addr=0x0 .size=4096 .position=0 .permission=1]
05-27 22:03:49.483  4909  7642 I ExynosCameraBufferManager: [CAM_ID(0)][3AA_BUF]-INFO(dumpBufferInfo[1462]):[m_buffer[7].fd[1]=149] .addr=0xf15e0000 .size=32768 .position=0 .permission=1]
05-27 22:03:49.483  4909  7642 I ExynosCameraBufferManager: [CAM_ID(0)][3AA_BUF]-INFO(dumpBufferInfo[1462]):[m_buffer[8].fd[0]=159] .addr=0x0 .size=4096 .position=0 .permission=1]
05-27 22:03:49.483  4909  7642 I ExynosCameraBufferManager: [CAM_ID(0)][3AA_BUF]-INFO(dumpBufferInfo[1462]):[m_buffer[8].fd[1]=150] .addr=0xf15d8000 .size=32768 .position=0 .permission=1]
05-27 22:03:49.483  4909  7642 D ExynosCameraBufferManager: [CAM_ID(0)][3AA_BUF]-DEBUG(alloc[243]):------------------------------------------------------------------
05-27 22:03:49.483  4909  7642 D ExynosCameraBufferManager: DEBUG:duration time(    1 msec):(alloc)
05-27 22:03:49.483  5220  9230 I EDMNativeHelperService: isCameraEnabled
05-27 22:03:49.483  4909  7642 D ExynosCameraBufferManager: [CAM_ID(0)][ISP_BUF]-DEBUG(m_defaultAlloc[1188]):Duration time of buffer allocation(    0 msec)
05-27 22:03:49.484  5220  7529 I EDMNativeHelperService: isCameraEnabled
05-27 22:03:49.487  7470  7622 I native  : cameras.cc:771 Camera changed state from 0 to 1: Camera device opened succesfully.
05-27 22:03:49.487  7470  7490 I native  : session.cc:459 Session::Resume returning OK.
05-27 22:03:49.487  7470  7622 I native  : cameras.cc:771 Camera changed state from 1 to 2: Capture session starting...
05-27 22:03:49.487  7470  7622 I native  : cameras.cc:771 Camera changed state from 2 to 3: Capture session started streaming.
05-27 22:03:49.487  4909  7642 D ExynosCameraBufferManager: [CAM_ID(0)][ISP_BUF]-DEBUG(m_defaultAlloc[1168]):duration time(    4 msec):(type=0, bufIndex=0, size=23.26)
05-27 22:03:49.488  7470  7490 D UE4     : [2018.05.28-01.03.49:487][ 58]LogGoogleARCore: ARCore session started successfully.
05-27 22:03:49.488  7470  7490 E native  : status.cc:158 ArStatusErrorSpace::AR_ERROR_NOT_YET_AVAILABLE: 
05-27 22:03:49.490  4909  7642 D ExynosCameraBufferManager: [CAM_ID(0)][ISP_BUF]-DEBUG(m_defaultAlloc[1168]):duration time(    3 msec):(type=0, bufIndex=1, size=23.26)
05-27 22:03:49.493  4909  7642 D ExynosCameraBufferManager: [CAM_ID(0)][ISP_BUF]-DEBUG(m_defaultAlloc[1168]):duration time(    3 msec):(type=0, bufIndex=2, size=23.26)
05-27 22:03:49.496  4909  7642 D ExynosCameraBufferManager: [CAM_ID(0)][ISP_BUF]-DEBUG(m_defaultAlloc[1168]):duration time(    3 msec):(type=0, bufIndex=3, size=23.26)
05-27 22:03:49.499  4909  7642 D ExynosCameraBufferManager: [CAM_ID(0)][ISP_BUF]-DEBUG(m_defaultAlloc[1168]):duration time(    3 msec):(type=0, bufIndex=4, size=23.26)
05-27 22:03:49.504  4909  7642 D ExynosCameraBufferManager: [CAM_ID(0)][ISP_BUF]-DEBUG(m_defaultAlloc[1168]):duration time(    5 msec):(type=0, bufIndex=5, size=23.26)
05-27 22:03:49.510  4909  7642 D ExynosCameraBufferManager: [CAM_ID(0)][ISP_BUF]-DEBUG(m_defaultAlloc[1168]):duration time(    6 msec):(type=0, bufIndex=6, size=23.26)
05-27 22:03:49.514  4909  7642 D ExynosCameraBufferManager: [CAM_ID(0)][ISP_BUF]-DEBUG(m_defaultAlloc[1168]):duration time(    4 msec):(type=0, bufIndex=7, size=23.26)
05-27 22:03:49.517  4909  7642 D ExynosCameraBufferManager: [CAM_ID(0)][ISP_BUF]-DEBUG(m_defaultAlloc[1168]):duration time(    2 msec):(type=0, bufIndex=8, size=23.26)
05-27 22:03:49.517  4909  7642 D ExynosCameraBufferManager: [CAM_ID(0)][ISP_BUF]-DEBUG(m_defaultAlloc[1188]):Duration time of buffer allocation(   33 msec)
05-27 22:03:49.517  4909  7642 D ExynosCameraBufferManager: [CAM_ID(0)][ISP_BUF]-DEBUG(alloc[240]):Allocate the buffer succeeded (m_allocatedBufCount=9, m_reqBufCount=9, m_allowedMaxBufCount=9) --- dumpBufferInfo ---
05-27 22:03:49.517  4909  7642 I ExynosCameraBufferManager: [CAM_ID(0)][ISP_BUF]-INFO(dumpBufferInfo[1462]):[m_buffer[0].fd[0]=169] .addr=0x0 .size=24385536 .position=0 .permission=1]
05-27 22:03:49.517  4909  7642 I ExynosCameraBufferManager: [CAM_ID(0)][ISP_BUF]-INFO(dumpBufferInfo[1462]):[m_buffer[0].fd[1]=160] .addr=0xf15d0000 .size=32768 .position=0 .permission=1]
05-27 22:03:49.517  4909  7642 I ExynosCameraBufferManager: [CAM_ID(0)][ISP_BUF]-INFO(dumpBufferInfo[1462]):[m_buffer[1].fd[0]=170] .addr=0x0 .size=24385536 .position=0 .permission=1]
05-27 22:03:49.517  4909  7642 I ExynosCameraBufferManager: [CAM_ID(0)][ISP_BUF]-INFO(dumpBufferInfo[1462]):[m_buffer[1].fd[1]=161] .addr=0xf15c8000 .size=32768 .position=0 .permission=1]
05-27 22:03:49.517  4909  7642 I ExynosCameraBufferManager: [CAM_ID(0)][ISP_BUF]-INFO(dumpBufferInfo[1462]):[m_buffer[2].fd[0]=174] .addr=0x0 .size=24385536 .position=0 .permission=1]
05-27 22:03:49.517  4909  7642 I ExynosCameraBufferManager: [CAM_ID(0)][ISP_BUF]-INFO(dumpBufferInfo[1462]):[m_buffer[2].fd[1]=162] .addr=0xf15c0000 .size=32768 .position=0 .permission=1]
05-27 22:03:49.517  4909  7642 I ExynosCameraBufferManager: [CAM_ID(0)][ISP_BUF]-INFO(dumpBufferInfo[1462]):[m_buffer[3].fd[0]=175] .addr=0x0 .size=24385536 .position=0 .permission=1]
05-27 22:03:49.517  4909  7642 I ExynosCameraBufferManager: [CAM_ID(0)][ISP_BUF]-INFO(dumpBufferInfo[1462]):[m_buffer[3].fd[1]=163] .addr=0xf15b2000 .size=32768 .position=0 .permission=1]
05-27 22:03:49.517  4909  7642 I ExynosCameraBufferManager: [CAM_ID(0)][ISP_BUF]-INFO(dumpBufferInfo[1462]):[m_buffer[4].fd[0]=176] .addr=0x0 .size=24385536 .position=0 .permission=1]
05-27 22:03:49.517  4909  7642 I ExynosCameraBufferManager: [CAM_ID(0)][ISP_BUF]-INFO(dumpBufferInfo[1462]):[m_buffer[4].fd[1]=164] .addr=0xf15aa000 .size=32768 .position=0 .permission=1]
05-27 22:03:49.517  4909  7642 I ExynosCameraBufferManager: [CAM_ID(0)][ISP_BUF]-INFO(dumpBufferInfo[1462]):[m_buffer[5].fd[0]=177] .addr=0x0 .size=24385536 .position=0 .permission=1]
05-27 22:03:49.517  4909  7642 I ExynosCameraBufferManager: [CAM_ID(0)][ISP_BUF]-INFO(dumpBufferInfo[1462]):[m_buffer[5].fd[1]=165] .addr=0xf15a2000 .size=32768 .position=0 .permission=1]
05-27 22:03:49.517  4909  7642 I ExynosCameraBufferManager: [CAM_ID(0)][ISP_BUF]-INFO(dumpBufferInfo[1462]):[m_buffer[6].fd[0]=178] .addr=0x0 .size=24385536 .position=0 .permission=1]
05-27 22:03:49.517  4909  7642 I ExynosCameraBufferManager: [CAM_ID(0)][ISP_BUF]-INFO(dumpBufferInfo[1462]):[m_buffer[6].fd[1]=166] .addr=0xf159a000 .size=32768 .position=0 .permission=1]
05-27 22:03:49.517  4909  7642 I ExynosCameraBufferManager: [CAM_ID(0)][ISP_BUF]-INFO(dumpBufferInfo[1462]):[m_buffer[7].fd[0]=179] .addr=0x0 .size=24385536 .position=0 .permission=1]
05-27 22:03:49.517  4909  7642 I ExynosCameraBufferManager: [CAM_ID(0)][ISP_BUF]-INFO(dumpBufferInfo[1462]):[m_buffer[7].fd[1]=167] .addr=0xf1592000 .size=32768 .position=0 .permission=1]
05-27 22:03:49.517  4909  7642 I ExynosCameraBufferManager: [CAM_ID(0)][ISP_BUF]-INFO(dumpBufferInfo[1462]):[m_buffer[8].fd[0]=180] .addr=0x0 .size=24385536 .position=0 .permission=1]
05-27 22:03:49.517  4909  7642 I ExynosCameraBufferManager: [CAM_ID(0)][ISP_BUF]-INFO(dumpBufferInfo[1462]):[m_buffer[8].fd[1]=168] .addr=0xf158a000 .size=32768 .position=0 .permission=1]
05-27 22:03:49.517  4909  7642 D ExynosCameraBufferManager: [CAM_ID(0)][ISP_BUF]-DEBUG(alloc[243]):------------------------------------------------------------------
05-27 22:03:49.517  4909  7642 D ExynosCameraBufferManager: DEBUG:duration time(   34 msec):(alloc)
05-27 22:03:49.760  7470  7490 E native  : status.cc:158 ArStatusErrorSpace::AR_ERROR_NOT_YET_AVAILABLE: 
05-27 22:03:49.764  4909  7642 D ExynosCameraBufferManager: [CAM_ID(0)][MCSC_BUF]-DEBUG(m_defaultAlloc[1188]):Duration time of buffer allocation(    0 msec)
05-27 22:03:49.767  4909  7642 D ExynosCameraBufferManager: [CAM_ID(0)][MCSC_BUF]-DEBUG(m_defaultAlloc[1168]):duration time(    3 msec):(type=0, bufIndex=0, size=23.26)
05-27 22:03:49.771  4909  7642 D ExynosCameraBufferManager: [CAM_ID(0)][MCSC_BUF]-DEBUG(m_defaultAlloc[1168]):duration time(    4 msec):(type=0, bufIndex=1, size=23.26)
05-27 22:03:49.774  4909  7642 D ExynosCameraBufferManager: [CAM_ID(0)][MCSC_BUF]-DEBUG(m_defaultAlloc[1168]):duration time(    3 msec):(type=0, bufIndex=2, size=23.26)
05-27 22:03:49.778  4909  7642 D ExynosCameraBufferManager: [CAM_ID(0)][MCSC_BUF]-DEBUG(m_defaultAlloc[1168]):duration time(    4 msec):(type=0, bufIndex=3, size=23.26)
05-27 22:03:49.781  4909  7642 D ExynosCameraBufferManager: [CAM_ID(0)][MCSC_BUF]-DEBUG(m_defaultAlloc[1168]):duration time(    3 msec):(type=0, bufIndex=4, size=23.26)
05-27 22:03:49.784  4909  7642 D ExynosCameraBufferManager: [CAM_ID(0)][MCSC_BUF]-DEBUG(m_defaultAlloc[1168]):duration time(    3 msec):(type=0, bufIndex=5, size=23.26)
05-27 22:03:49.788  4909  7642 D ExynosCameraBufferManager: [CAM_ID(0)][MCSC_BUF]-DEBUG(m_defaultAlloc[1168]):duration time(    4 msec):(type=0, bufIndex=6, size=23.26)
05-27 22:03:49.791  4909  7642 D ExynosCameraBufferManager: [CAM_ID(0)][MCSC_BUF]-DEBUG(m_defaultAlloc[1168]):duration time(    3 msec):(type=0, bufIndex=7, size=23.26)
05-27 22:03:49.795  4909  7642 D ExynosCameraBufferManager: [CAM_ID(0)][MCSC_BUF]-DEBUG(m_defaultAlloc[1168]):duration time(    4 msec):(type=0, bufIndex=8, size=23.26)
05-27 22:03:49.801  5220  9498 D GameManagerService: identifyGamePackage. com.YourCompany.PokeAR
05-27 22:03:49.803  4909  7642 D ExynosCameraBufferManager: [CAM_ID(0)][MCSC_BUF]-DEBUG(m_defaultAlloc[1168]):duration time(    8 msec):(type=0, bufIndex=9, size=23.26)
05-27 22:03:49.803  4909  7642 D ExynosCameraBufferManager: [CAM_ID(0)][MCSC_BUF]-DEBUG(m_defaultAlloc[1188]):Duration time of buffer allocation(   39 msec)
05-27 22:03:49.804  4909  7642 D ExynosCameraBufferManager: [CAM_ID(0)][MCSC_BUF]-DEBUG(alloc[240]):Allocate the buffer succeeded (m_allocatedBufCount=10, m_reqBufCount=10, m_allowedMaxBufCount=10) --- dumpBufferInfo ---
05-27 22:03:49.804  4909  7642 I ExynosCameraBufferManager: [CAM_ID(0)][MCSC_BUF]-INFO(dumpBufferInfo[1462]):[m_buffer[0].fd[0]=191] .addr=0x0 .size=24385536 .position=0 .permission=1]
05-27 22:03:49.804  4909  7642 I ExynosCameraBufferManager: [CAM_ID(0)][MCSC_BUF]-INFO(dumpBufferInfo[1462]):[m_buffer[0].fd[1]=181] .addr=0xf1582000 .size=32768 .position=0 .permission=1]
05-27 22:03:49.804  4909  7642 I ExynosCameraBufferManager: [CAM_ID(0)][MCSC_BUF]-INFO(dumpBufferInfo[1462]):[m_buffer[1].fd[0]=192] .addr=0x0 .size=24385536 .position=0 .permission=1]
05-27 22:03:49.804  4909  7642 I ExynosCameraBufferManager: [CAM_ID(0)][MCSC_BUF]-INFO(dumpBufferInfo[1462]):[m_buffer[1].fd[1]=182] .addr=0xf157a000 .size=32768 .position=0 .permission=1]
05-27 22:03:49.804  4909  7642 I ExynosCameraBufferManager: [CAM_ID(0)][MCSC_BUF]-INFO(dumpBufferInfo[1462]):[m_buffer[2].fd[0]=193] .addr=0x0 .size=24385536 .position=0 .permission=1]
05-27 22:03:49.804  4909  7642 I ExynosCameraBufferManager: [CAM_ID(0)][MCSC_BUF]-INFO(dumpBufferInfo[1462]):[m_buffer[2].fd[1]=183] .addr=0xf1572000 .size=32768 .position=0 .permission=1]
05-27 22:03:49.804  4909  7642 I ExynosCameraBufferManager: [CAM_ID(0)][MCSC_BUF]-INFO(dumpBufferInfo[1462]):[m_buffer[3].fd[0]=194] .addr=0x0 .size=24385536 .position=0 .permission=1]
05-27 22:03:49.804  4909  7642 I ExynosCameraBufferManager: [CAM_ID(0)][MCSC_BUF]-INFO(dumpBufferInfo[1462]):[m_buffer[3].fd[1]=184] .addr=0xf155d000 .size=32768 .position=0 .permission=1]
05-27 22:03:49.804  4909  7642 I ExynosCameraBufferManager: [CAM_ID(0)][MCSC_BUF]-INFO(dumpBufferInfo[1462]):[m_buffer[4].fd[0]=195] .addr=0x0 .size=24385536 .position=0 .permission=1]
05-27 22:03:49.804  4909  7642 I ExynosCameraBufferManager: [CAM_ID(0)][MCSC_BUF]-INFO(dumpBufferInfo[1462]):[m_buffer[4].fd[1]=185] .addr=0xf1555000 .size=32768 .position=0 .permission=1]
05-27 22:03:49.804  4909  7642 I ExynosCameraBufferManager: [CAM_ID(0)][MCSC_BUF]-INFO(dumpBufferInfo[1462]):[m_buffer[5].fd[0]=196] .addr=0x0 .size=24385536 .position=0 .permission=1]
05-27 22:03:49.804  4909  7642 I ExynosCameraBufferManager: [CAM_ID(0)][MCSC_BUF]-INFO(dumpBufferInfo[1462]):[m_buffer[5].fd[1]=186] .addr=0xf1548000 .size=32768 .position=0 .permission=1]
05-27 22:03:49.804  4909  7642 I ExynosCameraBufferManager: [CAM_ID(0)][MCSC_BUF]-INFO(dumpBufferInfo[1462]):[m_buffer[6].fd[0]=197] .addr=0x0 .size=24385536 .position=0 .permission=1]
05-27 22:03:49.804  4909  7642 I ExynosCameraBufferManager: [CAM_ID(0)][MCSC_BUF]-INFO(dumpBufferInfo[1462]):[m_buffer[6].fd[1]=187] .addr=0xf1539000 .size=32768 .position=0 .permission=1]
05-27 22:03:49.804  4909  7642 I ExynosCameraBufferManager: [CAM_ID(0)][MCSC_BUF]-INFO(dumpBufferInfo[1462]):[m_buffer[7].fd[0]=198] .addr=0x0 .size=24385536 .position=0 .permission=1]
05-27 22:03:49.804  4909  7642 I ExynosCameraBufferManager: [CAM_ID(0)][MCSC_BUF]-INFO(dumpBufferInfo[1462]):[m_buffer[7].fd[1]=188] .addr=0xf1531000 .size=32768 .position=0 .permission=1]
05-27 22:03:49.804  4909  7642 I ExynosCameraBufferManager: [CAM_ID(0)][MCSC_BUF]-INFO(dumpBufferInfo[1462]):[m_buffer[8].fd[0]=199] .addr=0x0 .size=24385536 .position=0 .permission=1]
05-27 22:03:49.804  4909  7642 I ExynosCameraBufferManager: [CAM_ID(0)][MCSC_BUF]-INFO(dumpBufferInfo[1462]):[m_buffer[8].fd[1]=189] .addr=0xf1529000 .size=32768 .position=0 .permission=1]
05-27 22:03:49.804  4909  7642 I ExynosCameraBufferManager: [CAM_ID(0)][MCSC_BUF]-INFO(dumpBufferInfo[1462]):[m_buffer[9].fd[0]=200] .addr=0x0 .size=24385536 .position=0 .permission=1]
05-27 22:03:49.804  4909  7642 I ExynosCameraBufferManager: [CAM_ID(0)][MCSC_BUF]-INFO(dumpBufferInfo[1462]):[m_buffer[9].fd[1]=190] .addr=0xf151d000 .size=32768 .position=0 .permission=1]
05-27 22:03:49.804  4909  7642 D ExynosCameraBufferManager: [CAM_ID(0)][MCSC_BUF]-DEBUG(alloc[243]):------------------------------------------------------------------
05-27 22:03:49.804  4909  7642 D ExynosCameraBufferManager: DEBUG:duration time(  287 msec):(alloc)
05-27 22:03:49.804  4909  7642 I ExynosCamera3: [CAM_ID(0)][]-INFO(m_setBuffers[6809]):alloc buffer done - camera ID: 0
05-27 22:03:49.804  4909  7642 D ExynosCamera3: DEBUG:duration time(  341 msec):(m_setBuffers)
05-27 22:03:49.806  4909  7640 D ExynosCameraBufferManager: [CAM_ID(0)][PREVIEW_STREAM_BUF]-DEBUG(getIndexByHandle[3117]): assigned new buffer handle(0x0) Index(31)
05-27 22:03:49.806  4909  7640 D ExynosCameraBufferManager: [CAM_ID(0)][PREVIEW_CB_STREAM_BUF]-DEBUG(getIndexByHandle[3117]): assigned new buffer handle(0x0) Index(31)
05-27 22:03:49.807  4909  7640 D gralloc : gralloc_lock_ycbcr success. format : 11, usage: 20003, ycbcr.y: 0xe7eb6000, .cb: 0xe7f01001, .cr: 0xe7f01000, .ystride: 640 , .cstride: 640, .chroma_step: 2
05-27 22:03:49.807  4909  7640 I ExynosCameraUtils: INFO(setMetaCtlAeTargetFpsRange):aeTargetFpsRange(min=30, min=30)
05-27 22:03:49.807  4909  7640 I ExynosCamera3Parameters: INFO(m_setPreviewFpsRange):fps min(30) max(30)
05-27 22:03:49.807  4909  7640 D ExynosCamera3: [CAM_ID(0)][]-DEBUG(processCaptureRequest[1618]):Start FrameFactory requestKey(0) m_flushFlag(0/0)
05-27 22:03:49.808  4909  7644 E ExynosCamera3: [CAM_ID(0)][]-INFO(m_setSetfile[3652]) configMode(0), dualMode(0)
05-27 22:03:49.808  4909  7644 D ExynosCamera3Parameters: DEBUG(setSetfileYuvRange[3746]):m_cameraId(0) : general[setfile(0) YUV range(0)] : reprocesing[setfile(5) YUV range(0)]
05-27 22:03:49.808  4909  7644 D ExynosCamera3Parameters: DEBUG(setSetfileYuvRange[3746]):m_cameraId(0) : general[setfile(0) YUV range(0)] : reprocesing[setfile(5) YUV range(0)]
05-27 22:03:49.808  4909  7644 D ExynosCamera3: [CAM_ID(0)][]-DEBUG(m_setupPipeline[3691]): Use REPROCESSING_BAYER_MODE_PURE_ALWAYS_ON
05-27 22:03:49.808  4909  7644 D ExynosCameraMCPipe: [CAM_ID(0)][PIPE_3AA]-DEBUG(setBufferManager[1059])
05-27 22:03:49.808  4909  7644 D ExynosCameraMCPipe: [CAM_ID(0)][PIPE_ISP]-DEBUG(setBufferManager[1059])
05-27 22:03:49.808  4909  7644 I ExynosCamera3FrameFactoryPreview: [CAM_ID(0)][FactoryBack]-INFO(initPipes[586])
05-27 22:03:49.808  4909  7644 I ExynosCamera3FrameFactory: [CAM_ID(0)][FactoryBack]-INFO(m_initFlitePipe[598])
05-27 22:03:49.808  4909  7644 I ExynosCamera3FrameFactory: [CAM_ID(0)][FactoryBack]-INFO(m_initFlitePipe[620]):SensorSize(4032x3024)
05-27 22:03:49.808  4909  7644 I ExynosCamera3FrameFactory: [CAM_ID(0)][FactoryBack]-INFO(m_initFlitePipe[629]:Set framerate (denominator=30)
05-27 22:03:49.808  4909  7644 D ExynosCameraPipe: [CAM_ID(0)][PIPE_FLITE]-DEBUG(setParam[538])
05-27 22:03:49.808  4909  7644 D ExynosCamera3Parameters: [CAM_ID(0)][ParametersBack]-DEBUG(getUseDepthMap[5454]): m_flaguseDepthMap(1)
05-27 22:03:49.808  4909  7644 I ExynosCamera3FrameFactory: [CAM_ID(0)][FactoryBack]-INFO(m_initFlitePipe[688]):DepthMapSize 504x378
05-27 22:03:49.808  4909  7644 D ExynosCameraPipeFlite: [CAM_ID(0)][PIPE_FLITE]-DEBUG(setupPipe[341])
05-27 22:03:49.808  4909  7644 D ExynosCameraPipeFlite: [CAM_ID(0)][PIPE_FLITE]-DEBUG(setupPipe[350]):set new sensorIds
05-27 22:03:49.808  4909  7644 D ExynosCameraPipeFlite: [CAM_ID(0)][PIPE_FLITE]-DEBUG(m_setPipeInfo[300])
05-27 22:03:49.808  4909  7644 D ExynosCameraPipe: [CAM_ID(0)][PIPE_FLITE]-DEBUG(m_setNodeInfo[1533])
05-27 22:03:49.808  4909  7644 D ExynosCameraPipe: [CAM_ID(0)][PIPE_FLITE]-DEBUG(m_setNodeInfo[1612]): set pipeInfos on FLITE : setFormat(4032, 3024) and reqBuffers(32).
05-27 22:03:49.808  4909  7644 D ExynosCameraNode: [CAM_ID(0)][FLITE]-DEBUG(setSize[404]):w (4032) h (3024)
05-27 22:03:49.808  4909  7644 D ExynosCameraNode: [CAM_ID(0)][FLITE]-DEBUG(m_setFmt[1179]):type 9, 4032 x 3024, format 844257602, yuvRange 7
05-27 22:03:49.809  4909  7644 D ExynosCamera3Parameters: [CAM_ID(0)][ParametersBack]-DEBUG(getUseDepthMap[5454]): m_flaguseDepthMap(1)
05-27 22:03:49.809  4909  7644 D ExynosCameraPipe: [CAM_ID(0)][PIPE_FLITE]-DEBUG(m_setNodeInfo[1533])
05-27 22:03:49.809  4909  7644 D ExynosCameraPipe: [CAM_ID(0)][PIPE_FLITE]-DEBUG(m_setNodeInfo[1612]): set pipeInfos on CAM0VC2 : setFormat(504, 378) and reqBuffers(7).
05-27 22:03:49.809  4909  7644 D ExynosCameraNode: [CAM_ID(0)][CAM0VC2]-DEBUG(setSize[404]):w (504) h (378)
05-27 22:03:49.809  4909  7644 D ExynosCameraNode: [CAM_ID(0)][CAM0VC2]-DEBUG(m_setFmt[1179]):type 9, 504 x 378, format 844257602, yuvRange 7
05-27 22:03:49.809  4909  7644 I ExynosCameraPipeFlite: [CAM_ID(0)][PIPE_FLITE]-INFO(setupPipe[376]):setupPipe() is succeed (0) setupPipe (2)
05-27 22:03:49.809  4909  7644 D ExynosCameraPipe: [CAM_ID(0)][PIPE_FLITE]-DEBUG(setControl[466])
05-27 22:03:49.809  4909  7644 I ExynosCamera3FrameFactory: [CAM_ID(0)][FactoryBack]-INFO(m_initFlitePipe[735]):BNS scale down ratio(1.0), size (4032x3024)
05-27 22:03:49.809  4909  7644 I ExynosCamera3Parameters: [CAM_ID(0)][ParametersBack]-INFO(updateHwSensorSize):curHwSensor size(4032x3024) newHwSensor size(4032x3024)
05-27 22:03:49.809  4909  7644 I ExynosCamera3FrameFactoryPreview: [CAM_ID(0)][FactoryBack]-INFO(m_setupConfig[1086])
05-27 22:03:49.809  4909  7644 D ExynosCamera3Parameters: [CAM_ID(0)][ParametersBack]-DEBUG(getUseDepthMap[5454]): m_flaguseDepthMap(1)
05-27 22:03:49.809  4909  7644 I ExynosCamera3FrameFactoryPreview: [CAM_ID(0)][FactoryBack]-INFO(m_setDeviceInfo[1215])
05-27 22:03:49.810  4909  7644 I ExynosCamera3FrameFactoryPreview: [CAM_ID(0)][FactoryBack]-INFO(m_initPipes[1382])
05-27 22:03:49.810  4909  7644 E ExynosCamera3Parameters: [CAM_ID(0)][ParametersBack]-INFO(getHwPictureFormat):m_cameraInfo.pictureFormat(1448695129)
05-27 22:03:49.810  4909  7644 I ExynosCamera3FrameFactoryPreview: [CAM_ID(0)][FactoryBack]-INFO(m_initPipes[1419]):MaxSensorSize 4032x3024 bayerFormat 32525942
05-27 22:03:49.810  4909  7644 I ExynosCamera3FrameFactoryPreview: [CAM_ID(0)][FactoryBack]-INFO(m_initPipes[1422]):BnsSize 4032x3024 BcropSize 4032x3024 BdsSize 4032x3024
05-27 22:03:49.810  4909  7644 I ExynosCamera3FrameFactoryPreview: [CAM_ID(0)][FactoryBack]-INFO(m_initPipes[1430]):YUV[0] Size 1920x1080 Format 31324d4e
05-27 22:03:49.810  4909  7644 I ExynosCamera3FrameFactoryPreview: [CAM_ID(0)][FactoryBack]-INFO(m_initPipes[1430]):YUV[1] Size 640x480 Format 3132564e
