06-20 21:22:16.099  6430  6430 I PeopleStripeProcessMonitor: isPeopleStripeTask packageName = com.YourCompany.PokeAR 0
06-20 21:22:16.100 21304 21329 D UE4     : Registering headset receiver
06-20 21:22:16.100  6430  6430 E PeopleStripeProcessMonitor: getTopActivity : MultiWindowFacade.taskList = null
06-20 21:22:16.101  4897  4897 D MdnieScenarioControlService:  packageName : com.YourCompany.PokeAR    className : com.epicgames.ue4.GameActivity
06-20 21:22:16.102  7144  7144 I Utils   : isCurrentUser current = 0, ownerId = 0
06-20 21:22:16.102  7144  7144 I TrayVisibilityController: updateTrayVisible : State : 257 visible = 2 mCurrentVisible = 1
06-20 21:22:16.102  7144  7144 D TrayStateController: putInputRect mDynamicInputRegion=27100363@LastEvent=t=1529540535968Rect(22, 0 - 67, 365),Rect=Rect(0, 0 - 0, 0)
06-20 21:22:16.103  4897  4897 I PalmMotion: [PALM] SURFACE_MOTION_ENGINE: 1 SURFACE_PALM_TOUCH: 1
06-20 21:22:16.103  4897  4897 I PalmMotion: [PALM] SURFACE_PALM_SWIPE: 1
06-20 21:22:16.103  4897  4897 D PalmMotion: [PALM] SETTINGS : [TOUCH: true] [SWEEP: true]
06-20 21:22:16.103  4897  4897 D PalmMotion: [PALM] ACCEPTED : [hero2lte] PALM_CNT : 2, M_TOUCH : 50.0, M_SWEEP : 100.0, E_SWEEP : 2.0, IGNORE_M_SWEEP : false
06-20 21:22:16.103  4897  4946 D WindowManager: set systemUiVisibility of statusbar : vis= 0x0
06-20 21:22:16.106  6749  6749 V SamsungIME: onConfigurationChanged
06-20 21:22:16.107  6749  6749 D SamsungIME: onConfigurationChanged- Configuration.MOBILEKEYBOARD_COVERED_NO 
06-20 21:22:16.112  4897  4897 D GameManagerService: onDisplayChanged. displyId: 0
06-20 21:22:16.112  4897  4897 D GameManagerService: dpi: 420, longPixel: 1920, shortPixel: 1080
06-20 21:22:16.112  4897  4897 I FingerprintService: handleAcquired : acquiredInfo=10001
06-20 21:22:16.112  4897  4897 I KnoxKeyguardUpdateMonitor: onTrustManagedChanged user 0, managed:false
06-20 21:22:16.112  4897  4897 I KnoxKeyguardUpdateMonitor: onTrustChanged user:0, enable:false
06-20 21:22:16.112  4897  4897 D UniversalCredentialManagerService: ****MSG_LOCK_STATUS_UPDATE block started****
06-20 21:22:16.112  4897  4897 D UniversalCredentialManagerService: notifyChangeToPlugin is called for Lock status update...
06-20 21:22:16.112  4897  4897 D UcmService: notifyChangeToPlugin event 16
06-20 21:22:16.112  4897  4897 D UcmService: checkCallerPermissionFor is called for method-notifyChangeToPlugin
06-20 21:22:16.112  4897  4897 D UniversalCredentialManagerService: ****MSG_LOCK_STATUS_UPDATE block ended****
06-20 21:22:16.115 20531 20531 D MusicLifecycle: com.google.android.music.store.MusicContentProvider generated event: initializing
06-20 21:22:16.117  4897  4897 D Tethering: NAP Supported by CSCFeature and not Wifi Model
06-20 21:22:16.118  6039  6039 D io_stats: !@   8,0 r 2717369 139787088 w 1674480 35087516 d 183715 27121084 f 439337 439280 iot 1785300 1419611 th 339132 0 0 pt 0 inp 0 0 113989.721
06-20 21:22:16.121  3184  3184 D hwcutils: MppFactory::MppFactory()
06-20 21:22:16.121  3184  3184 D         : virtual LibMpp *MppFactory::CreateMpp(int, int, int, int) dev(4) mode(0) drm(0), 
06-20 21:22:16.121  3184  3184 D libexynosgscaler: LibMpp::LibMpp()
06-20 21:22:16.135  6430  6430 I PeopleStripeVisibilityController: updateStripeVisible : State 1 visible = 1
06-20 21:22:16.135  6430  6430 I PeopleHandlerManager: isExistVisibleHandler false
06-20 21:22:16.135 21304 21329 D UE4     : startHeadsetReceiver: 0
06-20 21:22:16.135 21304 21329 D UE4     : nativeHeadsetEvent(0)
06-20 21:22:16.135 21304 21329 D UE4     : [2018.06.21-00.22.16:135][  0]LogAndroid: Window orientation changed: Landscape
06-20 21:22:16.135 21304 21329 D UE4     : [2018.06.21-00.22.16:135][  0]LogUdpMessaging: Initializing bridge on interface 0.0.0.0:0 to multicast group 230.0.0.1:6666.
06-20 21:22:16.138  6201  6201 I TrustAgent: [TrustletManager] registerTrustlet: PhonePosition
06-20 21:22:16.139  4897  1282 V WindowManager: Relayout Window{f3a47f0d0 u0 com.YourCompany.PokeAR/com.epicgames.ue4.GameActivity}: viewVisibility=0 req=1920x1080 WM.LayoutParams{(0,0)(fillxfill) sim=#110 ty=1 fl=#1810500 fmt=1 wanim=0x1030001 needsMenuKey=2 naviIconColor=0}
06-20 21:22:16.139  7144  7144 D getActualActivityHeight: 1587
06-20 21:22:16.140  4897  7055 W CocktailBarStatePolicyController: updateWindowType: current window type is requested window type(1)
06-20 21:22:16.141  4897  5354 I OverlayCocktailBarStatePolicy: handleUpdateVisibility: mVisibility = 1 visibility = 2
06-20 21:22:16.141  7144  7144 D TrayStateController: setUiState 2 : -isHideByOrientationPolicy 0 --> 2
06-20 21:22:16.142 21565 21565 V SplashScreenApplication: Forcing initialization of AsyncTask
06-20 21:22:16.145 21304 21331 D mali_winsys: EGLint new_window_surface(egl_winsys_display*, void*, EGLSurface, EGLConfig, egl_winsys_surface**, egl_color_buffer_format*, EGLBoolean) returns 0x3000,  [1920x1080]-format:1
06-20 21:22:16.148  4897  5820 D SemContextSLocationCoreAttribute: This Type is default attribute type
06-20 21:22:16.148  4897  5820 D SemContextSLocationCoreAttribute: setAttribute() mode : 1 action : 13
06-20 21:22:16.153  4897  5820 D SemContext.CaeProvider.SLocationCoreImpl: setAttribute() mode : 1 action : 13
06-20 21:22:16.154 21565 21565 V CatchMeIfYouCan: initializing CMIYC, flags = 0x00000000
06-20 21:22:16.156  4897  5868 V WindowManager: Relayout Window{293f31cd0 u0 SurfaceView - com.YourCompany.PokeAR/com.epicgames.ue4.GameActivity}: viewVisibility=0 req=1920x1080 WM.LayoutParams{(0,0)(1920x1080) gr=#800033 ty=1001 fl=#4218 pfl=0x10040 fmt=4 naviIconColor=0}
06-20 21:22:16.157 21565 21565 D ExceptionHandlerManager: initializing exception handler manager, prioritized=true
06-20 21:22:16.158 21304 21329 D UE4     : [2018.06.21-00.22.16:158][  0]LogTcpMessaging: Initializing TcpMessaging bridge, listening on 127.0.0.1:6666
06-20 21:22:16.159  3184  3184 D libexynosgscaler: virtual CGscaler::~CGscaler()
06-20 21:22:16.159  3184  3184 D libexynosgscaler: virtual LibMpp::~LibMpp()
06-20 21:22:16.159  3184  3184 D         : virtual MppFactory::~MppFactory()
06-20 21:22:16.160  6749  6749 I SamsungIME: [Before] hardKeyboardHidden(2) keyboardType(1)
06-20 21:22:16.160  6749  6749 I SamsungIME:          mHwKeyboardShown [isHWKeyboardOpen()] = false --> false
06-20 21:22:16.160  6749  6749 E SamsungIME:          isHWKeyboardConnected() = false --> false
06-20 21:22:16.161  6749  6749 I SamsungIME: [hasToCallSuper] true
06-20 21:22:16.162  5474  5474 D KeyguardUpdateMonitor: handleKeyguardStateUpdated(Bundle[{timeStamp=1529540535717, occluded=false, bouncerShowing=false, showing=false}])
06-20 21:22:16.162  5474  5474 D PhoneStatusBar: disable: < expand icons alerts system_info back home* recent* clock search* quick_settings >
06-20 21:22:16.162  5474  5474 D KeyguardFingerPrint: onAuthenticationError()
06-20 21:22:16.163  4897  1282 D PowerManagerService: [api] [s] userActivity : event: 0 flags: 0 (uid: 10007 pid: 5474) eventTime = 113989765
06-20 21:22:16.163  6201  6201 I TrustAgent: [PlaceTrustletChimeraService] Trusted Places isSupported: true
06-20 21:22:16.163  5474  5474 D KeyguardFingerPrint: handleFingerprintError( FINGERPRINT_ERROR_CANCELED )
06-20 21:22:16.164  4897  6381 I TLC_TZ_KEYSTORE: fips_self_test: : TZ_KEYSTORE_fips_self_test_END...
06-20 21:22:16.164  4897  6381 E TLC_TZ_KEYSTORE: : Self Test Succeded
06-20 21:22:16.164  4897  6381 I TZ: mc_tlc_communication: tlc_close() was called
06-20 21:22:16.164  4897  6381 I TZ: mc_tlc_communication: Closing the session
06-20 21:22:16.165  6201  6201 I TrustAgent: [PlaceTrustletChimeraService] Trusted Places isSupported: true
06-20 21:22:16.171  5474  5474 D KeyguardBottomAreaShortcutView: UpdateShortcutIcon, th : 1, enable : true, shouldDisableShortcut ? false, mUserSetupComplete ? true
06-20 21:22:16.175  6201  6201 I TrustAgent.Tracker: [NearbyAlertTracker] startTracking
06-20 21:22:16.181  5474  5474 D PhoneStatusBar/KeyguardBottomAreaView: updateCameraVisibility isCameraDisabled=false
06-20 21:22:16.181  5474  5474 V KeyguardBottomAreaShortcutView: onUnlockMethodStateChanged old=false, new=false
06-20 21:22:16.181  5474  5474 D ScrimController: mIsSecure = true
06-20 21:22:16.184  6223 16724 W CursorWindow: Window is full: requested allocation 1116 bytes, free space 995 bytes, window size 2097152 bytes
06-20 21:22:16.188  6201  6201 I TrustAgent: [HomeFetcher] return existing home address!
06-20 21:22:16.190  7144  7144 D AbsListView: Get MotionRecognitionManager
06-20 21:22:16.194  6201  6201 I TrustAgent: [HomeAddressChangeTracker] fetch for account diego.amaral.souza.usp@gmail.com
06-20 21:22:16.195  6201  6201 I TrustAgent: [HomeFetcher] return existing home address!
06-20 21:22:16.195  6201  6201 I TrustAgent: [TrustletManager] registerTrustlet: Place
06-20 21:22:16.195  7144  7144 D PanelDescriptionView: updateHelpView: Principais Contatos-1 --> 2130903050 helpview applied:37
06-20 21:22:16.196 21304 21329 D UE4     : Execution has been resumed!
06-20 21:22:16.196 21304 21329 D UE4     : LogAndroidEvents: Display: DequeueAppEvent : 11, 0
06-20 21:22:16.196 21304 21329 D UE4     : 
06-20 21:22:16.196 21304 21329 D UE4     : [2018.06.21-00.22.16:196][  0]LogAndroidEvents: Display: DequeueAppEvent : 11, 0
06-20 21:22:16.196 21304 21329 D UE4     : LogAndroidEvents: Display: DequeueAppEvent : 2, 0
06-20 21:22:16.196 21304 21329 D UE4     : 
06-20 21:22:16.196 21304 21329 D UE4     : [2018.06.21-00.22.16:196][  0]LogAndroidEvents: Display: DequeueAppEvent : 2, 0
06-20 21:22:16.197  7144  7144 D TrayStateController: setUiState 2 : -isHideByOrientationPolicy  already 2
06-20 21:22:16.199 21304 21329 D UE4     : AndroidEGL::ReInitWindow()
06-20 21:22:16.199 21304 21329 D UE4     : AndroidEGL::ReInit()
06-20 21:22:16.199 21304 21329 D UE4     : AndroidEGL::ResetDisplay()
06-20 21:22:16.199 21304 21329 D UE4     : AndroidEGL::InitSurface 0, 1
06-20 21:22:16.200 21304 21329 D UE4     : [2018.06.21-00.22.16:200][  0]LogAndroid: Mobile HDR: no
06-20 21:22:16.200 21304 21329 D UE4     : [2018.06.21-00.22.16:200][  0]LogAndroid: Setting Width=1280 and Height=720 (requested scale = 1.000000)
06-20 21:22:16.200 21304 21329 D UE4     : [JAVA] - SetDesiredViewSize width=1280 and height=720
06-20 21:22:16.201 21304 21329 D UE4     : AndroidEGL::CreateEGLSurface() Already initialized: 0xe9e92b28
06-20 21:22:16.202  6201  6201 I TrustAgent: [VoiceUnlockTrustletChimeraService] #isSupported true
06-20 21:22:16.203  6201  6201 I TrustAgent: [VoiceUnlockTrustletChimeraService] #isSupported true
06-20 21:22:16.204  5394  5802 D TelephonyProvider: query: match = 1
06-20 21:22:16.204 21565 21565 E ACRA    : Skipping ANR Detector for process: com.facebook.katana:notification
06-20 21:22:16.205 20307 21572 E MtpMediaDBManager: count : 2781
06-20 21:22:16.205  6201  6201 I TrustAgent: [VoiceUnlockTrustletChimeraService] VoiceUnlockTrustlerChimeraService initializeTrustlet()
06-20 21:22:16.206  6201  6201 I TrustAgent: [VoiceUnlockTrustletChimeraService] validateCanUnlock false
06-20 21:22:16.206  6201  6201 I TrustAgent: [TrustletManager] registerTrustlet: Voiceunlock
06-20 21:22:16.211  6201  6201 I TrustAgent: [TrustletManager] registerTrustlet: Face
06-20 21:22:16.213 21565 21565 I art     : Rejecting re-init on previously-failed class java.lang.Class<X.03x>: java.lang.NoClassDefFoundError: Failed resolution of: LX/0K7;
06-20 21:22:16.213 21565 21565 I art     :   at void com.facebook.katana.app.FacebookApplication.P() (:449)
06-20 21:22:16.213 21565 21565 I art     :   at void X.000.H() (:790)
06-20 21:22:16.213 21565 21565 I art     :   at void X.001.attachBaseContext(android.content.Context) (:1208)
06-20 21:22:16.213 21565 21565 I art     :   at void android.app.Application.attach(android.content.Context) (Application.java:213)
06-20 21:22:16.213 21565 21565 I art     :   at android.app.Application android.app.Instrumentation.newApplication(java.lang.Class, android.content.Context) (Instrumentation.java:1016)
06-20 21:22:16.213 21565 21565 I art     :   at android.app.Application android.app.Instrumentation.newApplication(java.lang.ClassLoader, java.lang.String, android.content.Context) (Instrumentation.java:1000)
06-20 21:22:16.213 21565 21565 I art     :   at android.app.Application android.app.LoadedApk.makeApplication(boolean, android.app.Instrumentation) (LoadedApk.java:835)
06-20 21:22:16.213 21565 21565 I art     :   at void android.app.ActivityThread.handleBindApplication(android.app.ActivityThread$AppBindData) (ActivityThread.java:5859)
06-20 21:22:16.213 21565 21565 I art     :   at void android.app.ActivityThread.-wrap3(android.app.ActivityThread, android.app.ActivityThread$AppBindData) (ActivityThread.java:-1)
06-20 21:22:16.213 21565 21565 I art     :   at void android.app.ActivityThread$H.handleMessage(android.os.Message) (ActivityThread.java:1703)
06-20 21:22:16.213 21565 21565 I art     :   at void android.os.Handler.dispatchMessage(android.os.Message) (Handler.java:102)
06-20 21:22:16.213 21565 21565 I art     :   at void android.os.Looper.loop() (Looper.java:154)
06-20 21:22:16.213 21565 21565 I art     :   at void android.app.ActivityThread.main(java.lang.String[]) (ActivityThread.java:6692)
06-20 21:22:16.213 21565 21565 I art     :   at java.lang.Object java.lang.reflect.Method.invoke!(java.lang.Object, java.lang.Object[]) (Method.java:-2)
06-20 21:22:16.213 21565 21565 I art     :   at void com.android.internal.os.ZygoteInit$MethodAndArgsCaller.run() (ZygoteInit.java:1468)
06-20 21:22:16.213 21565 21565 I art     :   at void com.android.internal.os.ZygoteInit.main(java.lang.String[]) (ZygoteInit.java:1358)
06-20 21:22:16.213 21565 21565 I art     : Caused by: java.lang.ClassNotFoundException: Didn't find class "X.0K7" on path: DexPathList[[zip file "/system/framework/com.google.android.maps.jar", zip file "/data/app/com.facebook.katana-2/base.apk"],nativeLibraryDirectories=[/data/app/com.facebook.katana-2/lib/arm, /system/fake-libs, /data/app/com.facebook.katana-2/base.apk!/lib/armeabi-v7a, /system/lib, /vendor/lib]]
06-20 21:22:16.213 21565 21565 I art     :   at java.lang.Class dalvik.system.BaseDexClassLoader.findClass(java.lang.String) (BaseDexClassLoader.java:56)
06-20 21:22:16.213 21565 21565 I art     :   at java.lang.Class java.lang.ClassLoader.loadClass(java.lang.String, boolean) (ClassLoader.java:380)
06-20 21:22:16.213 21565 21565 I art     :   at java.lang.Class java.lang.ClassLoader.loadClass(java.lang.String) (ClassLoader.java:312)
06-20 21:22:16.213 21565 21565 I art     :   at void com.facebook.katana.app.FacebookApplication.P() (:449)
06-20 21:22:16.213 21565 21565 I art     :   at void X.000.H() (:790)
06-20 21:22:16.213 21565 21565 I art     :   at void X.001.attachBaseContext(android.content.Context) (:1208)
06-20 21:22:16.214 21565 21565 I art     :   at void android.app.Application.attach(android.content.Context) (Application.java:213)
06-20 21:22:16.214 21565 21565 I art     :   at android.app.Application android.app.Instrumentation.newApplication(java.lang.Class, android.content.Context) (Instrumentation.java:1016)
06-20 21:22:16.214 21565 21565 I art     :   at android.app.Application android.app.Instrumentation.newApplication(java.lang.ClassLoader, java.lang.String, android.content.Context) (Instrumentation.java:1000)
06-20 21:22:16.214 21565 21565 I art     :   at android.app.Application android.app.LoadedApk.makeApplication(boolean, android.app.Instrumentation) (LoadedApk.java:835)
06-20 21:22:16.214 21565 21565 I art     :   at void android.app.ActivityThread.handleBindApplication(android.app.ActivityThread$AppBindData) (ActivityThread.java:5859)
06-20 21:22:16.214 21565 21565 I art     :   at void android.app.ActivityThread.-wrap3(android.app.ActivityThread, android.app.ActivityThread$AppBindData) (ActivityThread.java:-1)
06-20 21:22:16.214 21565 21565 I art     :   at void android.app.ActivityThread$H.handleMessage(android.os.Message) (ActivityThread.java:1703)
06-20 21:22:16.214 21565 21565 I art     :   at void android.os.Handler.dispatchMessage(android.os.Message) (Handler.java:102)
06-20 21:22:16.214 21565 21565 I art     :   at void android.os.Looper.loop() (Looper.java:154)
06-20 21:22:16.214 21565 21565 I art     :   at void android.app.ActivityThread.main(java.lang.String[]) (ActivityThread.java:6692)
06-20 21:22:16.214 21565 21565 I art     :   at java.lang.Object java.lang.reflect.Method.invoke!(java.lang.Object, java.lang.Object[]) (Method.java:-2)
06-20 21:22:16.214 21565 21565 I art     :   at void com.android.internal.os.ZygoteInit$MethodAndArgsCaller.run() (ZygoteInit.java:1468)
06-20 21:22:16.214 21565 21565 I art     :   at void com.android.internal.os.ZygoteInit.main(java.lang.String[]) (ZygoteInit.java:1358)
06-20 21:22:16.214 21565 21565 I art     : 
06-20 21:22:16.221 21304 21350 D UE4     : LogStats: Warning: MetaData mismatch. Did you assign a stat to two groups? New //STATGROUP_Threads//FUdpMessageBeacon///Thread_5450_0///####STATCAT_Advanced#### old //STATGROUP_Threads//FUdpMessageBeacon///Thread_5398_0///####STATCAT_Advanced####
06-20 21:22:16.221 21304 21350 D UE4     : 
06-20 21:22:16.221 21304 21350 D UE4     : LogStats: Warning: MetaData mismatch. Did you assign a stat to two groups? New //STATGROUP_Threads//FUdpMessageProcessor.Sender///Thread_5451_0///####STATCAT_Advanced#### old //STATGROUP_Threads//FUdpMessageProcessor.Sender///Thread_5399_0///####STATCAT_Advanced####
06-20 21:22:16.221 21304 21350 D UE4     : 
06-20 21:22:16.221 21304 21350 D UE4     : LogStats: Warning: MetaData mismatch. Did you assign a stat to two groups? New //STATGROUP_Threads//FUdpMessageProcessor///Thread_544f_0///####STATCAT_Advanced#### old //STATGROUP_Threads//FUdpMessageProcessor///Thread_5397_0///####STATCAT_Advanced####
06-20 21:22:16.221 21304 21350 D UE4     : 
06-20 21:22:16.221 21304 21350 D UE4     : LogStats: Warning: MetaData mismatch. Did you assign a stat to two groups? New //STATGROUP_Threads//UdpMessageMulticastReceiver///Thread_5452_0///####STATCAT_Advanced#### old //STATGROUP_Threads//UdpMessageMulticastReceiver///Thread_539b_0///####STATCAT_Advanced####
06-20 21:22:16.221 21304 21350 D UE4     : 
06-20 21:22:16.221 21304 21350 D UE4     : LogStats: Warning: MetaData mismatch. Did you assign a stat to two groups? New //STATGROUP_Threads//FTcpMessageTransport///Thread_5453_0///####STATCAT_Advanced#### old //STATGROUP_Threads//FTcpMessageTransport///Thread_5395_0///####STATCAT_Advanced####
06-20 21:22:16.221 21304 21350 D UE4     : 
06-20 21:22:16.221 21304 21350 D UE4     : LogStats: Warning: MetaData mismatch. Did you assign a stat to two groups? New //STATGROUP_Threads//FTcpListener///Thread_5454_0///####STATCAT_Advanced#### old //STATGROUP_Threads//FTcpListener///Thread_5396_0///####STATCAT_Advanced####
06-20 21:22:16.221 21304 21350 D UE4     : 
06-20 21:22:16.222  4897  5820 W CAE     : setCAProperty(ContextAwareService.java:580) - [setProperty 01] Mutex is locked for SLOCATION_RUNNER
06-20 21:22:16.223 21565 21565 V SplashScreenApplication: not using instrumented startup: in auxiliary process com.facebook.katana:notification
06-20 21:22:16.223  4897  5820 I CAE     : setPropertyValue(SLocationRunner.java:299) - CurLoc func
06-20 21:22:16.224  4897  5820 I CAE     : sendCmdToSensorHub(SensorHubCommManager.java:162) - -63, 23, 55, 8, 3,
06-20 21:22:16.224 21565 21565 D SoLoader: init start
06-20 21:22:16.224  4897  5820 D SensorHubManager: SendSensorHubData: send data = -63, 23, 55, 8, 3
06-20 21:22:16.224 21565 21565 D SoLoader: adding system library source: /vendor/lib
06-20 21:22:16.224 21565 21565 D SoLoader: adding system library source: /system/lib
06-20 21:22:16.224 21565 21565 W SoLoader: context.getApplicationContext returned null, holding reference to original context.
06-20 21:22:16.224 21565 21565 D SoLoader: adding application source: X.01k[root = /data/app/com.facebook.katana-2/lib/arm flags = 0]
06-20 21:22:16.224  4666 18129 D Sensorhubs: sendContextData: -63, 23, 55, 8, 3
06-20 21:22:16.225 21565 21565 D SoLoader: adding backup  source: X.01m[root = /data/data/com.facebook.katana/lib-main flags = 1]
06-20 21:22:16.225 21565 21565 D SoLoader: Preparing SO source: X.01k[root = /system/lib flags = 2]
06-20 21:22:16.225 21565 21565 D SoLoader: Preparing SO source: X.01k[root = /system/vendor/lib flags = 2]
06-20 21:22:16.225 21565 21565 D SoLoader: Preparing SO source: X.01k[root = /data/app/com.facebook.katana-2/lib/arm flags = 0]
06-20 21:22:16.225 21565 21565 D SoLoader: Preparing SO source: X.01m[root = /data/data/com.facebook.katana/lib-main flags = 1]
06-20 21:22:16.225  4897  6381 I TZ: mc_tlc_communication: Freeing message buffer
06-20 21:22:16.225 21565 21565 V fb-UnpackingSoSource: locked dso store /data/user/0/com.facebook.katana/lib-main
06-20 21:22:16.225  4897  6381 I TZ: mc_tlc_communication: Closing MobiCore device
06-20 21:22:16.225  4897  6381 I TZ: mc_tlc_communication: tlc_close() succeeded
06-20 21:22:16.225  4897  6381 E TLC_TZ_KEYSTORE: : Count : 1, Ret : 0
06-20 21:22:16.225  4897  6381 E         : TimaKeyStore: tima_check_tzdriver success : 0
06-20 21:22:16.225  4897  6381 D TimaHelper: checkTimaStatus() - Version FIPS3.0, Status0, Validation : true
06-20 21:22:16.227  6749  6749 D SamsungIME: [AbstractKeyboardView] onDetachedFromWindow.
06-20 21:22:16.228  4897  5820 I CAE     : setCAProperty(ContextAwareService.java:585) - result : true
06-20 21:22:16.228  4897  5820 W CAE     : setCAProperty(ContextAwareService.java:586) - [setProperty 02] Mutex is unlocked for SLOCATION_RUNNER
06-20 21:22:16.228  4897  5820 D SemContextManager:   .changeParameters : listener = com.samsung.android.location.lib.SHardwareManager$ISContextListener@5901a02, service=SLocation Core
06-20 21:22:16.231 21565 21565 I fb-UnpackingSoSource: dso store is up-to-date: /data/user/0/com.facebook.katana/lib-main
06-20 21:22:16.231 21565 21565 V fb-UnpackingSoSource: releasing dso store lock for /data/user/0/com.facebook.katana/lib-main
06-20 21:22:16.231  4666  4722 D Sensorhubs: readContextData: 1, 1, 55, 4, 0, 0, 0, 0, 0, 0, 0, 0, 0, 0, 0, 0, 119, 53, -108, 0, 119, 53, -108, 0, 0, 0, 0, 0
06-20 21:22:16.232  4666  4722 D Sensorhubs: readContextData: 1, 1, 55, 5, 13, 0, 0, 0
06-20 21:22:16.232 21565 21565 D SoLoader: init finish: 4 SO sources prepared
06-20 21:22:16.232 21565 21565 D SoLoader: init exiting
06-20 21:22:16.232 21304 21329 D UE4     : [2018.06.21-00.22.16:232][  0]LogStats: Warning: MetaData mismatch. Did you assign a stat to two groups? New //STATGROUP_Threads//FUdpMessageBeacon///Thread_5450_0///####STATCAT_Advanced#### old //STATGROUP_Threads//FUdpMessageBeacon///Thread_5398_0///####STATCAT_Advanced####
06-20 21:22:16.232 21565 21565 D SoLoader: Prepending to SO sources: X.01s[root = /data/data/com.facebook.katana/lib-assets flags = 1]
06-20 21:22:16.232 21304 21329 D UE4     : [2018.06.21-00.22.16:232][  0]LogStats: Warning: MetaData mismatch. Did you assign a stat to two groups? New //STATGROUP_Threads//FUdpMessageProcessor.Sender///Thread_5451_0///####STATCAT_Advanced#### old //STATGROUP_Threads//FUdpMessageProcessor.Sender///Thread_5399_0///####STATCAT_Advanced####
06-20 21:22:16.232  4897  5238 D SensorHubManager: onGetSensorHubDataLocked: library(28) = 1, 1, 55, 4, 0, 0, 0, 0, 0, 0, 0, 0, 0, 0, 0, 0, 119, 53, -108, 0, 119, 53, -108, 0, 0, 0, 0, 0
06-20 21:22:16.232 21304 21329 D UE4     : [2018.06.21-00.22.16:232][  0]LogStats: Warning: MetaData mismatch. Did you assign a stat to two groups? New //STATGROUP_Threads//FUdpMessageProcessor///Thread_544f_0///####STATCAT_Advanced#### old //STATGROUP_Threads//FUdpMessageProcessor///Thread_5397_0///####STATCAT_Advanced####
06-20 21:22:16.232 21565 21565 V fb-UnpackingSoSource: locked dso store /data/user/0/com.facebook.katana/lib-assets
06-20 21:22:16.233  4897  5238 D SensorHubManager: onGetSensorHubDataLocked: library(8) = 1, 1, 55, 5, 13, 0, 0, 0
06-20 21:22:16.233 21304 21329 D UE4     : [2018.06.21-00.22.16:233][  0]LogStats: Warning: MetaData mismatch. Did you assign a stat to two groups? New //STATGROUP_Threads//UdpMessageMulticastReceiver///Thread_5452_0///####STATCAT_Advanced#### old //STATGROUP_Threads//UdpMessageMulticastReceiver///Thread_539b_0///####STATCAT_Advanced####
06-20 21:22:16.233 21304 21329 D UE4     : [2018.06.21-00.22.16:233][  0]LogStats: Warning: MetaData mismatch. Did you assign a stat to two groups? New //STATGROUP_Threads//FTcpMessageTransport///Thread_5453_0///####STATCAT_Advanced#### old //STATGROUP_Threads//FTcpMessageTransport///Thread_5395_0///####STATCAT_Advanced####
06-20 21:22:16.233 21304 21329 D UE4     : [2018.06.21-00.22.16:233][  0]LogStats: Warning: MetaData mismatch. Did you assign a stat to two groups? New //STATGROUP_Threads//FTcpListener///Thread_5454_0///####STATCAT_Advanced#### old //STATGROUP_Threads//FTcpListener///Thread_5396_0///####STATCAT_Advanced####
06-20 21:22:16.233  4897  5237 D CAE     : onGetSensorHubData(SensorHubParserProvider.java:92) - onGetSensorHubData Event [event buffer len :28], AP_WAKEUP
06-20 21:22:16.234  4897  5237 I CAE     : parse(SensorHubParserProvider.java:189) - buffer size = 28
06-20 21:22:16.234  4897  5237 I CAE     : parse(SensorHubParserProvider.java:200) - 1, 1, 55, 4, 0, 0, 0, 0, 0, 0, 0, 0, 0, 0, 0, 0, 119, 53, -108, 0, 119, 53, -108, 0, 0, 0, 0, 0,
06-20 21:22:16.237  4897  4897 W Settings: Setting tether_dun_required has moved from android.provider.Settings.System to android.provider.Settings.Global
06-20 21:22:16.237 21304 21575 D UE4     : *** JavaEnvDestructor: 21575
06-20 21:22:16.237 21565 21565 I fb-UnpackingSoSource: dso store is up-to-date: /data/user/0/com.facebook.katana/lib-assets
06-20 21:22:16.237 21565 21565 V fb-UnpackingSoSource: releasing dso store lock for /data/user/0/com.facebook.katana/lib-assets
06-20 21:22:16.238 21565 21565 D SoLoader: Prepended to SO sources: X.01s[root = /data/data/com.facebook.katana/lib-assets flags = 1]
06-20 21:22:16.238 21304 21573 D UE4     : AndroidEGL::ResetDisplay()
06-20 21:22:16.238 21565 21565 D SoLoader: Prepending to SO sources: X.01u[root = /data/data/com.facebook.katana/lib-xzs flags = 1 zipSource = /data/app/com.facebook.katana-2/base.apk xzsPath = assets/lib/libs.xzs]
06-20 21:22:16.238 21565 21565 V fb-UnpackingSoSource: locked dso store /data/user/0/com.facebook.katana/lib-xzs
06-20 21:22:16.238 21304 21573 D UE4     : *** JavaEnvDestructor: 21573
06-20 21:22:16.240 21565 21565 I fb-UnpackingSoSource: dso store is up-to-date: /data/user/0/com.facebook.katana/lib-xzs
06-20 21:22:16.240 21565 21565 V fb-UnpackingSoSource: releasing dso store lock for /data/user/0/com.facebook.katana/lib-xzs
06-20 21:22:16.241 21565 21565 D SoLoader: Prepended to SO sources: X.01u[root = /data/data/com.facebook.katana/lib-xzs flags = 1 zipSource = /data/app/com.facebook.katana-2/base.apk xzsPath = assets/lib/libs.xzs]
06-20 21:22:16.242 21565 21565 D SoLoader: About to load: libcoldstart.so
06-20 21:22:16.242 21565 21565 D SoLoader: libcoldstart.so found on /data/data/com.facebook.katana/lib-xzs
06-20 21:22:16.244  4897  6381 D TimaService: TIMA3: FipsKeyStore3_init
06-20 21:22:16.244  4897  6381 D TimaService: TIMA: in getTimaVersion
06-20 21:22:16.244  4897  6381 D TimaService: TIMA: in getTimaStatus
06-20 21:22:16.244  4897  6381 D TimaService: TIMA: in getTimaStatus
06-20 21:22:16.244  4897  6381 I TLC_TZ_KEYSTORE: : TZ_KEYSTORE_fips_initialize
06-20 21:22:16.244  4897  6381 I TLC_TZ_KEYSTORE: : creating new keystore context...
06-20 21:22:16.244  4897  6381 I TLC_TZ_KEYSTORE: : initializing ccm context...
06-20 21:22:16.244  4897  6381 I TLC_TZ_KEYSTORE: : root = 0, root_strlen = 1
06-20 21:22:16.244  4897  6381 I TLC_TZ_KEYSTORE: : process = ffffffff000000000000000000000013, process_strlen = 32
06-20 21:22:16.244  4897  6381 I TZ: mc_tlc_communication: input max_sendmsg_size = 1080
06-20 21:22:16.244  4897  6381 I TZ: mc_tlc_communication: input max_recvmsg_size = 1080
06-20 21:22:16.244  4897  6381 I TZ: mc_tlc_communication: root = 0, root_len = 1
06-20 21:22:16.244  4897  6381 I TZ: mc_tlc_communication: process = ffffffff000000000000000000000013, process_strlen = 32
06-20 21:22:16.244  4897  6381 I TZ: mc_tlc_communication: aligned max_sendmsg_size = 1088
06-20 21:22:16.244  4897  6381 I TZ: mc_tlc_communication: aligned max_recvmsg_size = 1088
06-20 21:22:16.244  4897  6381 I TZ: mc_tlc_communication: device_id = 0x0
06-20 21:22:16.244  4897  6381 I TZ: mc_tlc_communication: tlc_open() was called
06-20 21:22:16.244  4897  6381 I TZ: mc_tlc_communication: Opening MobiCore device
06-20 21:22:16.244  4897  6381 I TZ: mc_tlc_communication: Allocating message buffer for TCI
06-20 21:22:16.245  4897  6381 I TZ: mc_tlc_communication: Opening the session
06-20 21:22:16.246  4897  5240 D SemContextService: updateContext() : event = SLocation Core
06-20 21:22:16.246  4897  5237 D CAE     : onGetSensorHubData(SensorHubParserProvider.java:92) - onGetSensorHubData Event [event buffer len :8], AP_WAKEUP
06-20 21:22:16.246  4897  5237 I CAE     : parse(SensorHubParserProvider.java:189) - buffer size = 8
06-20 21:22:16.247  4897  5237 I CAE     : parse(SensorHubParserProvider.java:200) - 1, 1, 55, 5, 13, 0, 0, 0,
06-20 21:22:16.248 21565 21565 D SoLoader: Loading lib dependencies: [libandroid.so, libz.so, liblog.so, libdl.so, liblowlevel.so, libsigmux.so, liblinkerutils.so, libforce_dlopen.so, libdistract.so, libprofiloextapi.so, libdextricks.so, libopencv.so, libjnigraphics.so, libglog.so, libflatbuffersflatc.so, libfbsystrace.so, libgnustl_shared.so, libm.so, libc.so]
06-20 21:22:16.248 21565 21565 D SoLoader: About to load: libandroid.so
06-20 21:22:16.248 21565 21565 D SoLoader: libandroid.so not found on /data/data/com.facebook.katana/lib-xzs
06-20 21:22:16.248 21565 21565 D SoLoader: libandroid.so not found on /data/data/com.facebook.katana/lib-assets
06-20 21:22:16.248 21565 21565 D SoLoader: libandroid.so not found on /data/data/com.facebook.katana/lib-main
06-20 21:22:16.249  5474 18049 D vol.VolumeDialogControl.VC: setLayoutDirection
06-20 21:22:16.250  4897  4897 D Telecom : com.android.server.telecom.ui.MissedCallNotifierImpl$1: Action received: android.intent.action.CONFIGURATION_CHANGED.
06-20 21:22:16.251  4897 10424 D FingerprintService: getEnrolledFingerprints : userId = 0
06-20 21:22:16.251  4897  4897 D KnoxTimeoutHandler: activityDrawn [MsgParam] userId: 0 fullscreen is true showWhenlocked is false isMutiwindowRecord is false multiwindowstyle is 1
06-20 21:22:16.251 21565 21565 D SoLoader: libandroid.so not found on /data/app/com.facebook.katana-2/lib/arm
06-20 21:22:16.255  4897  5240 D SemContextService: updateContext() : event = SLocation Core
06-20 21:22:16.256  5474  5474 D SwipeDoorsillDetector: reset()com.android.systemui.statusbar.phone.NotificationPanelView.resetViews:812 com.android.systemui.statusbar.phone.PanelBar.collapsePanel:173 com.android.systemui.statusbar.phone.PhoneStatusBar.makeExpandedInvisible:3885 com.android.systemui.statusbar.phone.PhoneStatusBarView$1.run:52 
06-20 21:22:16.256  5474  5474 D KeyguardCircleAffordanceView: setPreviewView: mRight=true,preview=null
06-20 21:22:16.257 21304 21329 D UE4     : [2018.06.21-00.22.16:257][  0]LogRenderer: Reallocating scene render targets to support 1280x1280 Format 2 NumSamples 1 (Frame:2).
06-20 21:22:16.258  4897  4897 I KnoxTimeoutHandler: SD activityfalse
06-20 21:22:16.258  4897  4897 I KnoxTimeoutHandler: Fullscreen and mCurrent is not KNOX user. Hence hide keyguard
06-20 21:22:16.259 21304 21330 D UE4     : Case APP_CMD_TERM_WINDOW, tid = 21330
06-20 21:22:16.259 21304 21330 D UE4     : LogAndroidEvents: EnqueueAppEvent : 3, 0, tid = 21330
06-20 21:22:16.260 21304 21329 D UE4     : [2018.06.21-00.22.16:260][  0]LogAndroid: Case APP_CMD_TERM_WINDOW
06-20 21:22:16.261  4897  4897 D SemContextManager: onSemContextChanged() : event = SLocation Core
06-20 21:22:16.261  4897  4897 D SLocation: TYPE_SLOCATION_CORE
06-20 21:22:16.261  6201  6201 I TrustAgent: [PlaceLure] onTrackerReady
06-20 21:22:16.261  6201  6201 I TrustAgent.Tracker: [NearbyAlertTracker] requestNearbyAlerts(aobk@cb51dc7)
06-20 21:22:16.261  4897  5820 D SLocation: handleCurrentLocationCoreDistance 0
06-20 21:22:16.261  6201  6201 I TrustAgent.Tracker: [NearbyAlertTracker] The place id list is empty.
06-20 21:22:16.261  6201  6201 I TrustAgent.Tracker: [NearbyAlertTracker] requestNearbyAlerts(com.google.android.gms.trustlet.place.internal.PlaceTrustletChimeraService@d209015)
06-20 21:22:16.261  6201  6201 I TrustAgent.Tracker: [NearbyAlertTracker] The place id list is empty.
06-20 21:22:16.261  4897  5820 D SemContextSLocationCoreAttribute: This Type is default attribute type
06-20 21:22:16.261  4897  5820 D SemContextSLocationCoreAttribute: setAttribute() mode : 1 action : 14
06-20 21:22:16.262  4897  5820 D SemContext.CaeProvider.SLocationCoreImpl: setAttribute() mode : 1 action : 14
06-20 21:22:16.262  4897  5787 V WindowManager: Relayout Window{3e837fed0 u0 com.samsung.android.app.cocktailbarservice/com.samsung.android.app.cocktailbarservice.CocktailBarService}: viewVisibility=8 req=67x365 WM.LayoutParams{(0,427)(67x365) gr=#35 sim=#20 ty=2226 fl=#1800348 pfl=0x50 fmt=-2 vsysui=0x2000 naviIconColor=0}
06-20 21:22:16.262  4897  5820 W CAE     : setCAProperty(ContextAwareService.java:580) - [setProperty 01] Mutex is locked for SLOCATION_RUNNER
06-20 21:22:16.262  4897  5787 I WindowManager_SurfaceController: Destroying surface Surface(name=com.samsung.android.app.cocktailbarservice/com.samsung.android.app.cocktailbarservice.CocktailBarService) called by com.android.server.wm.WindowStateAnimator.destroySurface:2840 com.android.server.wm.WindowStateAnimator.destroySurfaceLocked:1070 com.android.server.wm.WindowState.destroyOrSaveSurface:2561 com.android.server.wm.WindowManagerService.tryStartExitingAnimation:3522 com.android.server.wm.WindowManagerService.relayoutWindow:3378 com.android.server.wm.Session.relayoutEx:254 android.view.IWindowSession$Stub.onTransact:407 com.android.server.wm.Session.onTransact:161 
06-20 21:22:16.262  4897  5820 I CAE     : setPropertyValue(SLocationRunner.java:299) - CurLoc func
06-20 21:22:16.263  4897  5820 I CAE     : sendCmdToSensorHub(SensorHubCommManager.java:162) - -63, 23, 55, 8, 4,
06-20 21:22:16.263  6749  6749 I SamsungIME: [IMI] onStartInput - caller packageName : com.YourCompany.PokeAR
06-20 21:22:16.263  4897  5820 D SensorHubManager: SendSensorHubData: send data = -63, 23, 55, 8, 4
06-20 21:22:16.263  3184  3863 I SurfaceFlinger: id=7130 Removed DocktailBar (7/8)
06-20 21:22:16.263  4897  4897 D SemContextManager: onSemContextChanged() : event = SLocation Core
06-20 21:22:16.263  4897  4897 D SLocation: TYPE_SLOCATION_CORE
06-20 21:22:16.263  4666  4666 D Sensorhubs: sendContextData: -63, 23, 55, 8, 4
06-20 21:22:16.263  6749  6749 D SamsungIME: onStartInput: No inputType, No imeOption, isInputViewShown = false, isExtractViewShown = false, isShowInputRequested = false, isConfigChanged = false, mIsFirstStartInput = false
06-20 21:22:16.263 21565 21565 D SoLoader: libandroid.so not found on /system/vendor/lib
06-20 21:22:16.263 21565 21565 D SoLoader: libandroid.so found on /system/lib
06-20 21:22:16.263 21565 21565 D SoLoader: libandroid.so loaded implicitly
06-20 21:22:16.263 21565 21565 D SoLoader: Loaded: libandroid.so
06-20 21:22:16.263 21565 21565 D SoLoader: About to load: libz.so
06-20 21:22:16.264 21565 21565 D SoLoader: libz.so not found on /data/data/com.facebook.katana/lib-xzs
06-20 21:22:16.264  3184  6542 I SurfaceFlinger: id=7130 Removed DocktailBar (-2/8)
06-20 21:22:16.265 21565 21565 D SoLoader: libz.so not found on /data/data/com.facebook.katana/lib-assets
06-20 21:22:16.265 21565 21565 D SoLoader: libz.so not found on /data/data/com.facebook.katana/lib-main
06-20 21:22:16.265 21565 21565 D SoLoader: libz.so not found on /data/app/com.facebook.katana-2/lib/arm
06-20 21:22:16.265 21565 21565 D SoLoader: libz.so not found on /system/vendor/lib
06-20 21:22:16.265 21565 21565 D SoLoader: libz.so found on /system/lib
06-20 21:22:16.265 21565 21565 D SoLoader: libz.so loaded implicitly
06-20 21:22:16.265 21565 21565 D SoLoader: Loaded: libz.so
06-20 21:22:16.265 21565 21565 D SoLoader: About to load: liblog.so
06-20 21:22:16.265 21565 21565 D SoLoader: liblog.so not found on /data/data/com.facebook.katana/lib-xzs
06-20 21:22:16.266 21565 21565 D SoLoader: liblog.so not found on /data/data/com.facebook.katana/lib-assets
06-20 21:22:16.266 21565 21565 D SoLoader: liblog.so not found on /data/data/com.facebook.katana/lib-main
06-20 21:22:16.266 21565 21565 D SoLoader: liblog.so not found on /data/app/com.facebook.katana-2/lib/arm
06-20 21:22:16.266 21565 21565 D SoLoader: liblog.so not found on /system/vendor/lib
06-20 21:22:16.266 21565 21565 D SoLoader: liblog.so found on /system/lib
06-20 21:22:16.266 21565 21565 D SoLoader: liblog.so loaded implicitly
06-20 21:22:16.266 21565 21565 D SoLoader: Loaded: liblog.so
06-20 21:22:16.266 21565 21565 D SoLoader: About to load: libdl.so
06-20 21:22:16.266 21565 21565 D SoLoader: libdl.so not found on /data/data/com.facebook.katana/lib-xzs
06-20 21:22:16.266 21565 21565 D SoLoader: libdl.so not found on /data/data/com.facebook.katana/lib-assets
06-20 21:22:16.266 21565 21565 D SoLoader: libdl.so not found on /data/data/com.facebook.katana/lib-main
06-20 21:22:16.266 21565 21565 D SoLoader: libdl.so not found on /data/app/com.facebook.katana-2/lib/arm
06-20 21:22:16.266 21565 21565 D SoLoader: libdl.so not found on /system/vendor/lib
06-20 21:22:16.268  4897  5820 I CAE     : setCAProperty(ContextAwareService.java:585) - result : true
06-20 21:22:16.268  4897  5820 W CAE     : setCAProperty(ContextAwareService.java:586) - [setProperty 02] Mutex is unlocked for SLOCATION_RUNNER
06-20 21:22:16.268  4897  5820 D SemContextManager:   .changeParameters : listener = com.samsung.android.location.lib.SHardwareManager$ISContextListener@5901a02, service=SLocation Core
06-20 21:22:16.272 21565 21565 D SoLoader: libdl.so found on /system/lib
06-20 21:22:16.272 21565 21565 D SoLoader: libdl.so loaded implicitly
06-20 21:22:16.272 21565 21565 D SoLoader: Loaded: libdl.so
06-20 21:22:16.272 21565 21565 D SoLoader: About to load: liblowlevel.so
06-20 21:22:16.272 21565 21565 D SoLoader: liblowlevel.so found on /data/data/com.facebook.katana/lib-xzs
06-20 21:22:16.273  5474 21589 D KeyguardUpdateMonitor: broadcasted intent= Intent { act=com.samsung.keyguard.KEYGUARD_STATE_UPDATE launchParam=MultiScreenLaunchParams { mDisplayId=0 mFlags=0 } (has extras) }
06-20 21:22:16.274  4666  4722 D Sensorhubs: readContextData: 1, 1, 55, 5, 14, 0, 0, 0
06-20 21:22:16.274 21565 21565 D SoLoader: Loading lib dependencies: [libbreakpad.so, liblog.so, libdl.so, libglog.so, libgnustl_shared.so, libc.so]
06-20 21:22:16.274 21565 21565 D SoLoader: About to load: libbreakpad.so
06-20 21:22:16.274 21565 21565 D SoLoader: libbreakpad.so found on /data/data/com.facebook.katana/lib-xzs
06-20 21:22:16.274  4897  5238 D SensorHubManager: onGetSensorHubDataLocked: library(8) = 1, 1, 55, 5, 14, 0, 0, 0
06-20 21:22:16.275  5474  5474 D PhoneStatusBar: disable: < expand icons alerts system_info back home recent clock search quick_settings >
06-20 21:22:16.275 21565 21565 D SoLoader: Loading lib dependencies: [libsigmux.so, liblog.so, libgnustl_shared.so, libdl.so, libc.so]
06-20 21:22:16.275 21565 21565 D SoLoader: About to load: libsigmux.so
06-20 21:22:16.276 21565 21565 D SoLoader: libsigmux.so not found on /data/data/com.facebook.katana/lib-xzs
06-20 21:22:16.276  5474  5474 D vol.SecVolumeDialog: mLockScreenBroadcastReceiver : onReceive() : intent=Intent { act=android.intent.action.USER_PRESENT flg=0x24000010 launchParam=MultiScreenLaunchParams { mDisplayId=0 mFlags=0 } bqHint=1 }
06-20 21:22:16.276  5474  5474 D vol.SecVolumeDialog: mLockScreenBroadcastReceiver : call onDismiss mLockScreenDialog()
06-20 21:22:16.276 21565 21565 D SoLoader: libsigmux.so not found on /data/data/com.facebook.katana/lib-assets
06-20 21:22:16.276 21565 21565 D SoLoader: libsigmux.so not found on /data/data/com.facebook.katana/lib-main
06-20 21:22:16.276 21565 21565 D SoLoader: libsigmux.so found on /data/app/com.facebook.katana-2/lib/arm
06-20 21:22:16.276 21565 21565 D SoLoader: Not resolving dependencies for libsigmux.so
06-20 21:22:16.282 21565 21565 D SoLoader: Loaded: libsigmux.so
06-20 21:22:16.282 21565 21565 D SoLoader: About to load: libgnustl_shared.so
06-20 21:22:16.282 21565 21565 D SoLoader: libgnustl_shared.so not found on /data/data/com.facebook.katana/lib-xzs
06-20 21:22:16.282 21565 21565 D SoLoader: libgnustl_shared.so not found on /data/data/com.facebook.katana/lib-assets
06-20 21:22:16.282 21565 21565 D SoLoader: libgnustl_shared.so not found on /data/data/com.facebook.katana/lib-main
06-20 21:22:16.282 21565 21565 D SoLoader: libgnustl_shared.so found on /data/app/com.facebook.katana-2/lib/arm
06-20 21:22:16.282 21565 21565 D SoLoader: Not resolving dependencies for libgnustl_shared.so
06-20 21:22:16.283 21565 21565 D SoLoader: Loaded: libgnustl_shared.so
06-20 21:22:16.283 21565 21565 D SoLoader: About to load: libc.so
06-20 21:22:16.287 21565 21565 D SoLoader: libc.so not found on /data/data/com.facebook.katana/lib-xzs
06-20 21:22:16.287  5474  5474 D ViewRootImpl@cd441cb[StatusBar]: MSG_WINDOW_FOCUS_CHANGED 0
06-20 21:22:16.289 21565 21565 D SoLoader: libc.so not found on /data/data/com.facebook.katana/lib-assets
06-20 21:22:16.290 21565 21565 D SoLoader: libc.so not found on /data/data/com.facebook.katana/lib-main
06-20 21:22:16.290 21565 21565 D SoLoader: libc.so not found on /data/app/com.facebook.katana-2/lib/arm
06-20 21:22:16.290 21565 21565 D SoLoader: libc.so not found on /system/vendor/lib
06-20 21:22:16.290 21565 21565 D SoLoader: libc.so found on /system/lib
06-20 21:22:16.290 21565 21565 D SoLoader: libc.so loaded implicitly
06-20 21:22:16.290 21565 21565 D SoLoader: Loaded: libc.so
06-20 21:22:16.290  5474  5474 D KeyguardServiceBoxContainer: onDisplayChanged() id = 0, density = 420, current density = 420
06-20 21:22:16.290  4897  5237 D CAE     : onGetSensorHubData(SensorHubParserProvider.java:92) - onGetSensorHubData Event [event buffer len :8], AP_WAKEUP
06-20 21:22:16.292 21565 21565 D SoLoader: Loaded: libbreakpad.so
06-20 21:22:16.292 21565 21565 D SoLoader: About to load: libglog.so
06-20 21:22:16.292  4897  5237 I CAE     : parse(SensorHubParserProvider.java:189) - buffer size = 8
06-20 21:22:16.292 21565 21565 D SoLoader: libglog.so found on /data/data/com.facebook.katana/lib-xzs
06-20 21:22:16.293 21565 21565 D SoLoader: Loading lib dependencies: [libgnustl_shared.so, libc.so]
06-20 21:22:16.294  4897  5237 I CAE     : parse(SensorHubParserProvider.java:200) - 1, 1, 55, 5, 14, 0, 0, 0,
06-20 21:22:16.296  5474  5474 D LockIcon: state = 0, mLastState = 0, mDeviceInteractive = true, mLastDeviceInteractive = true, mScreenOn = true, mLastScreenOn = true
06-20 21:22:16.297 21565 21565 D SoLoader: Loaded: libglog.so
06-20 21:22:16.297  4897  5240 D SemContextService: updateContext() : event = SLocation Core
06-20 21:22:16.298 21565 21565 D SoLoader: Loaded: liblowlevel.so
06-20 21:22:16.299 21565 21565 D SoLoader: About to load: liblinkerutils.so
06-20 21:22:16.299 21565 21565 D SoLoader: liblinkerutils.so found on /data/data/com.facebook.katana/lib-xzs
06-20 21:22:16.299  4897  4897 D SemContextManager: onSemContextChanged() : event = SLocation Core
06-20 21:22:16.299  4897  4897 D SLocation: TYPE_SLOCATION_CORE
06-20 21:22:16.300 21565 21565 D SoLoader: Loading lib dependencies: [libsigmux.so, liblog.so, libgnustl_shared.so, libdl.so, libc.so]
06-20 21:22:16.301 21565 21565 D SoLoader: Loaded: liblinkerutils.so
06-20 21:22:16.301 21565 21565 D SoLoader: About to load: libforce_dlopen.so
06-20 21:22:16.301 21304 21329 D UE4     : [2018.06.21-00.22.16:301][  0]LogContentStreaming: Texture pool size now 1000 MB
06-20 21:22:16.301 21565 21565 D SoLoader: libforce_dlopen.so not found on /data/data/com.facebook.katana/lib-xzs
06-20 21:22:16.301 21565 21565 D SoLoader: libforce_dlopen.so not found on /data/data/com.facebook.katana/lib-assets
06-20 21:22:16.301 21565 21565 D SoLoader: libforce_dlopen.so not found on /data/data/com.facebook.katana/lib-main
06-20 21:22:16.302 21565 21565 D SoLoader: libforce_dlopen.so found on /data/app/com.facebook.katana-2/lib/arm
06-20 21:22:16.302 21565 21565 D SoLoader: Not resolving dependencies for libforce_dlopen.so
06-20 21:22:16.302 21565 21565 D SoLoader: Loaded: libforce_dlopen.so
06-20 21:22:16.302 21565 21565 D SoLoader: About to load: libdistract.so
06-20 21:22:16.302 21565 21565 D SoLoader: libdistract.so not found on /data/data/com.facebook.katana/lib-xzs
06-20 21:22:16.302 21565 21565 D SoLoader: libdistract.so not found on /data/data/com.facebook.katana/lib-assets
06-20 21:22:16.302 21565 21565 D SoLoader: libdistract.so not found on /data/data/com.facebook.katana/lib-main
06-20 21:22:16.303 21565 21565 D SoLoader: libdistract.so found on /data/app/com.facebook.katana-2/lib/arm
06-20 21:22:16.303 21565 21565 D SoLoader: Not resolving dependencies for libdistract.so
06-20 21:22:16.303 21565 21565 D SoLoader: Loaded: libdistract.so
06-20 21:22:16.303 21565 21565 D SoLoader: About to load: libprofiloextapi.so
06-20 21:22:16.303 21565 21565 D SoLoader: libprofiloextapi.so found on /data/data/com.facebook.katana/lib-xzs
06-20 21:22:16.304 21565 21565 D SoLoader: Loading lib dependencies: [libc.so]
06-20 21:22:16.305  4701 21561 I tlc_communication: mcWaitNotification is completed;237
06-20 21:22:16.305  4701 21561 I TLC_BAUTH: Check the Trustlet return code is completed;1540
06-20 21:22:16.305 21565 21565 D SoLoader: Loaded: libprofiloextapi.so
06-20 21:22:16.305  4701 21561 D bauth_FPBAuthService: FPBAuthService, 3818
06-20 21:22:16.305  4701 21561 D bauth_FPBAuthService: FPBAuthService, 4230
06-20 21:22:16.306  4701 21561 D         : fprc : cc 
06-20 21:22:16.306 21565 21565 D SoLoader: About to load: libdextricks.so
06-20 21:22:16.306  4701 21561 D bauth_FPBAuthSensorControl: FPBAuthSensorControl, 800
06-20 21:22:16.306  4701 21561 D bauth_FPBAuthSensorControl: FPBAuthSensorControl, 636
06-20 21:22:16.306  4701 21561 D bauth_FPBAuthSensorControl: FPBAuthSensorControl, 644
06-20 21:22:16.306 21565 21565 D SoLoader: libdextricks.so found on /data/data/com.facebook.katana/lib-xzs
06-20 21:22:16.306  4701 21561 D bauth_FPBAuthService: FPBAuthService, 1177
06-20 21:22:16.306  4701 21561 D bauth_Worker: Worker, 72
06-20 21:22:16.310  7144  7144 D ViewRootImpl@dcfabc1[CocktailBarService]: MSG_RESIZED_REPORT: ci=Rect(0, 0 - 0, 0) vi=Rect(0, 0 - 0, 0) or=2
06-20 21:22:16.310 21565 21565 D SoLoader: Loading lib dependencies: [liblowlevel.so, libsigmux.so, libnative_redex_tools_oatmeal_oatmeal-src.so, libforce_dlopen.so, libdistract.so, libbreakpad.so, libprofiloextapi.so, libjava_com_facebook_common_dextricks_classtracing_logger_native.so, libz.so, liblog.so, libfbsystrace.so, libgnustl_shared.so, libdl.so, libc.so]
06-20 21:22:16.310 21565 21565 D SoLoader: About to load: libnative_redex_tools_oatmeal_oatmeal-src.so
06-20 21:22:16.310 21565 21565 D SoLoader: libnative_redex_tools_oatmeal_oatmeal-src.so found on /data/data/com.facebook.katana/lib-xzs
06-20 21:22:16.312 21565 21565 D SoLoader: Loading lib dependencies: [libnative_redex_shared_util.so, libnative_redex_shared_quickening.so, libnative_redex_shared_mmap.so, libnative_redex_shared_dex.so, libgnustl_shared.so, libc.so]
06-20 21:22:16.313 21565 21565 D SoLoader: About to load: libnative_redex_shared_util.so
06-20 21:22:16.313 21565 21565 D SoLoader: libnative_redex_shared_util.so not found on /data/data/com.facebook.katana/lib-xzs
06-20 21:22:16.313 21565 21565 D SoLoader: libnative_redex_shared_util.so not found on /data/data/com.facebook.katana/lib-assets
06-20 21:22:16.313 21565 21565 D SoLoader: libnative_redex_shared_util.so not found on /data/data/com.facebook.katana/lib-main
06-20 21:22:16.313  7144  7144 I AbstractCocktailPanelView: notifyPanelVisibilityChanged: visibility not changed 2 id: 11
06-20 21:22:16.313 21565 21565 D SoLoader: libnative_redex_shared_util.so found on /data/app/com.facebook.katana-2/lib/arm
06-20 21:22:16.313 21565 21565 D SoLoader: Not resolving dependencies for libnative_redex_shared_util.so
06-20 21:22:16.314 21304 21596 I         : Increase max job count 60
06-20 21:22:16.314 21565 21565 D SoLoader: Loaded: libnative_redex_shared_util.so
06-20 21:22:16.314 21565 21565 D SoLoader: About to load: libnative_redex_shared_quickening.so
06-20 21:22:16.314 21565 21565 D SoLoader: libnative_redex_shared_quickening.so not found on /data/data/com.facebook.katana/lib-xzs
06-20 21:22:16.314 21565 21565 D SoLoader: libnative_redex_shared_quickening.so not found on /data/data/com.facebook.katana/lib-assets
06-20 21:22:16.314 21565 21565 D SoLoader: libnative_redex_shared_quickening.so not found on /data/data/com.facebook.katana/lib-main
06-20 21:22:16.314 21565 21565 D SoLoader: libnative_redex_shared_quickening.so found on /data/app/com.facebook.katana-2/lib/arm
06-20 21:22:16.314 21565 21565 D SoLoader: Not resolving dependencies for libnative_redex_shared_quickening.so
06-20 21:22:16.316 21565 21565 D SoLoader: Loaded: libnative_redex_shared_quickening.so
06-20 21:22:16.316 21565 21565 D SoLoader: About to load: libnative_redex_shared_mmap.so
06-20 21:22:16.316 21565 21565 D SoLoader: libnative_redex_shared_mmap.so not found on /data/data/com.facebook.katana/lib-xzs
06-20 21:22:16.316 21565 21565 D SoLoader: libnative_redex_shared_mmap.so not found on /data/data/com.facebook.katana/lib-assets
06-20 21:22:16.316 21565 21565 D SoLoader: libnative_redex_shared_mmap.so not found on /data/data/com.facebook.katana/lib-main
06-20 21:22:16.316 21565 21565 D SoLoader: libnative_redex_shared_mmap.so found on /data/app/com.facebook.katana-2/lib/arm
