--------- beginning of main
06-20 21:21:29.497 21294 21294 I FIPS_bssl: FIPS (v1.1) approved mode (1) | 21294 | app_process
06-20 21:21:29.497 21294 21294 D SecurityManagerNative: SecurityManagerNative v2.7.2.6 On 64bit PLATFORM With BORINGSSL
06-20 21:21:29.513 21294 21294 E appproc : Enhanced Zygote ASLR: ro.knox.enhance.zygote.aslr != 1. Enhanced Zygote ASLR is DISABLED!
06-20 21:21:29.513 21294 21294 D AndroidRuntime: >>>>>> START com.android.internal.os.RuntimeInit uid 2000 <<<<<<
06-20 21:21:29.519 21294 21294 D AndroidRuntime: CheckJNI is OFF
06-20 21:21:29.521 21294 21294 D AndroidRuntime: addProductProperty: start
06-20 21:21:29.662 21294 21294 I [saiv 1.1]: saiv_OnLoadJNI.cpp(38): _init: Version 1.1 Build # 3532
06-20 21:21:29.662 21294 21294 I [saiv 1.1]: saiv_OnLoadJNI.cpp(43): _init: _init() was called
06-20 21:21:29.706 21294 21294 I MLDAP   :            libMLDAP/MLDAP.c:  53: ================================================
06-20 21:21:29.706 21294 21294 I MLDAP   :            libMLDAP/MLDAP.c:  53:  MLDAP_LIB v1.1.15
06-20 21:21:29.706 21294 21294 I MLDAP   :            libMLDAP/MLDAP.c:  53: ================================================
06-20 21:21:29.832 21294 21294 I TMSDISP : AcsAndroidVirtualDisplayIntfImpl
06-20 21:21:29.891 21294 21294 D ICU     : No timezone override file found: /data/misc/zoneinfo/current/icu/icu_tzdata.dat
06-20 21:21:29.974 21294 21294 I Enhanced Zygote ASLR: DISABLED!
06-20 21:21:29.976 21294 21294 I Radio-JNI: register_android_hardware_Radio DONE
06-20 21:21:29.985 21294 21294 D ReflectionHelper: loadKlass() : caller=android.app.Activity.<clinit>:7525 <bottom of call stack> 
06-20 21:21:29.985 21294 21294 D ReflectionHelper: Reflecting method.....  class <onScreenChanged>
06-20 21:21:29.987 21294 21294 E SemAffinityControl: SemAffinityControl: registerfunction enter
06-20 21:21:30.014 21294 21294 D AndroidRuntime: Calling main entry com.android.commands.am.Am
--------- beginning of system
06-20 21:21:30.058  4897  5787 I ActivityManager: START u0 {act=null typ=null flg=0x10000000 cmp=ComponentInfo{com.YourCompany.PokeAR/com.epicgames.ue4.SplashActivity}} from uid 2000 on display 0
06-20 21:21:30.073  4897  5787 D ActivityManager: ActivityRecord() Constructor : multiScreenAttrs=MultiScreenAttrs{mDisplayId=0, mBaseDisplayId=0, mBaseActivity=false}
06-20 21:21:30.092  4897  5787 D ActivityManager: mActivityResumeBooster.acquire()
06-20 21:21:30.100  4897  5787 I MultiWindowManagerService: setTaskDimensions: Task=TaskRecord{31ad154d0 #319 A=com.YourCompany.PokeAR U=0 StackId=1 sz=1} minWidth=-1 minHeight=-1 maxWidth=-1 maxHeight=-1
06-20 21:21:30.100  4897  5787 D ActivityManager: moveToFront() : reason=startedActivity setFocusedActivity isAttached=true TaskRecord{31ad154d0 #319 A=com.YourCompany.PokeAR U=0 StackId=1 sz=1}
06-20 21:21:30.102  4897  5787 D InputDispatcher: Focused application set to: xxxx
06-20 21:21:30.104  4897  5787 D ActivityManager: resumeTopActivityInnerLocked() : #1 prevTask=TaskRecord{31ad154d0 #319 A=com.YourCompany.PokeAR U=0 StackId=1 sz=1} next=ActivityRecord{b9132a8d0 u0 com.YourCompany.PokeAR/com.epicgames.ue4.SplashActivity t319} mFocusedStack=ActivityStack{c025861d0 stackId=1, 2 tasks}
06-20 21:21:30.107  4897  5787 D MountService: getExternalStorageMountMode : 3
06-20 21:21:30.107  4897  5787 D MountService: getExternalStorageMountMode : 3
06-20 21:21:30.107  4897  5787 D MountService: getExternalStorageMountMode : final mountMode=3, uid : 10216, packageName : com.YourCompany.PokeAR
06-20 21:21:30.145 21304 21304 E Zygote  : v2
06-20 21:21:30.145 21304 21304 I libpersona: KNOX_SDCARD checking this for 10216
06-20 21:21:30.145 21304 21304 I libpersona: KNOX_SDCARD not a persona
06-20 21:21:30.148 21304 21304 E Zygote  : accessInfo : 0
06-20 21:21:30.150 21304 21304 W SELinux : SELinux selinux_android_compute_policy_index : Policy Index[2],  Con:u:r:zygote:s0 RAM:SEPF_SECMOBILE_7.0_0009, [-1 -1 -1 -1 0 1]
06-20 21:21:30.152 21304 21304 I SELinux : SELinux: seapp_context_lookup: seinfo=untrusted, level=s0:c512,c768, pkgname=com.YourCompany.PokeAR 
06-20 21:21:30.160 21304 21304 I art     : Late-enabling -Xcheck:jni
06-20 21:21:30.163  4897  5787 I ActivityManager: Start proc 21304:com.YourCompany.PokeAR/u0a216 for activity com.YourCompany.PokeAR/com.epicgames.ue4.SplashActivity
06-20 21:21:30.171 21294 21294 D AndroidRuntime: Shutting down VM
06-20 21:21:30.219 21294 21294 I TMSDISP : AcsAndroidVirtualDisplayIntfImpl::~AcsAndroidVirtualDisplayIntfImpl - Enter
06-20 21:21:30.219 21294 21294 I TMSDISP : AcsAndroidVirtualDisplayIntfImpl::~AcsAndroidVirtualDisplayIntfImpl - Enter2
06-20 21:21:30.219 21294 21294 I TMSDISP : AcsAndroidVirtualDisplayIntfImpl::~AcsAndroidVirtualDisplayIntfImpl - mSource2
06-20 21:21:30.219 21294 21294 I TMSDISP : AcsAndroidVirtualDisplayIntfImpl::~AcsAndroidVirtualDisplayIntfImpl - Exit
06-20 21:21:30.246 21304 21304 D TimaKeyStoreProvider: TimaSignature is unavailable
06-20 21:21:30.248 21304 21304 D ActivityThread: Added TimaKeyStore provider
06-20 21:21:30.251  4897  1069 I ActivityManager: DSS on for com.YourCompany.PokeAR and scale is 1.0
06-20 21:21:30.263  4897  1069 I WindowManager: Failed to capture screenshot of Token{95eb047 ActivityRecord{ff35f86d0 u0 com.facebook.katana/.LoginActivity t318}} appWin=Window{b0a88f6d0 u0 com.facebook.katana/com.facebook.katana.LoginActivity} drawState=4
06-20 21:21:30.301  7144  7156 I TrayUsageStatesWatcher: noteResumeComponent : ComponentInfo{com.YourCompany.PokeAR/com.epicgames.ue4.SplashActivity}
06-20 21:21:30.302  4897  1069 D GameManagerService: sem_perfomance_mode: 0
06-20 21:21:30.303  4897  4897 D GameManagerService: NotifyRunnable. pkg: com.YourCompany.PokeAR, type: 4, isMinimized: false, isTunableApp: false
06-20 21:21:30.303  4897  4897 D GameManagerService: unexpected mPrevNotiType: -1
06-20 21:21:30.305  4897  1069 D MARsPolicyManager: handlePackageResumedFG pkgName = com.YourCompany.PokeAR, userId = 0
06-20 21:21:30.316  4897  1069 D ActivityTrigger: ActivityTrigger activityPauseTrigger 
06-20 21:21:30.318  7144 15379 I TrayUsageStatesWatcher: notePauseComponent : ComponentInfo{com.YourCompany.PokeAR/com.epicgames.ue4.SplashActivity}
06-20 21:21:30.318  4897  1069 D GameManagerService: sem_perfomance_mode: 0
06-20 21:21:30.322  4897  4897 D GameManagerService: onDisplayChanged. displyId: 0
06-20 21:21:30.323  4897  4897 D GameManagerService: dpi: 420, longPixel: 1920, shortPixel: 1080
06-20 21:21:30.328  6251  6263 D ForegroundUtils: could not check pending caller
06-20 21:21:30.328  6251  8249 D ForegroundUtils: could not check pending caller
06-20 21:21:30.336  4897  7671 D GameManagerService: identifyGamePackage. com.YourCompany.PokeAR
06-20 21:21:30.340  4897  7671 D GameManagerService: identifyGamePackage. com.YourCompany.PokeAR
06-20 21:21:30.341  5474  5474 D KeyguardServiceBoxContainer: onDisplayChanged() id = 0, density = 420, current density = 420
06-20 21:21:30.369 21318 21318 I FIPS_bssl: FIPS (v1.1) approved mode (1) | 21318 | ps
06-20 21:21:30.377 21304 21304 I art     : Starting a blocking GC AddRemoveAppImageSpace
06-20 21:21:30.385  4897  7671 D GameManagerService: identifyGamePackage. com.YourCompany.PokeAR
06-20 21:21:30.389  4897  7671 D GameManagerService: identifyGamePackage. com.YourCompany.PokeAR
06-20 21:21:30.396  4897  8836 V WindowManager: Relayout Window{b0a88f6d0 u0 com.facebook.katana/com.facebook.katana.LoginActivity}: viewVisibility=8 req=1080x1920 WM.LayoutParams{(0,0)(fillxfill) sim=#12 ty=1 fl=#81810100 wanim=0x7f1c0003 vsysui=0x600 needsMenuKey=2 naviIconColor=0}
06-20 21:21:30.439 21304 21304 D ContextRelationMgrBrdg: loadKlass() : caller=com.samsung.android.bridge.multiscreen.common.ContextRelationManagerBridge.<clinit>:28 android.app.LoadedApk.makeApplication:840 
06-20 21:21:30.444 17631 21320 D SoLoader: About to merge: analyticsutil-jni / libcoldstart.so
06-20 21:21:30.469  4897  5352 D MdnieScenarioControlService:  packageName : com.YourCompany.PokeAR    className : com.epicgames.ue4.SplashActivity
06-20 21:21:30.477 17631 21320 E fb4a.JS_LOADER: loading js bundle Fb4aBundle.js.hbc use hermes on. Perftest info: prepack gk off prepack build constant off
06-20 21:21:30.479 17631 21320 E fb4a.JS_LOADER: loading js bundle Fb4aBundle.js.hbc use hermes on. Perftest info: prepack gk off prepack build constant off
06-20 21:21:30.480 17631 21320 E fb4a.JS_LOADER: loading js bundle Fb4aBundle.js.hbc use hermes on. Perftest info: prepack gk off prepack build constant off
06-20 21:21:30.485  4897  6304 I ActivityManager: START u0 {act=null typ=null flg=0x10000 cmp=ComponentInfo{com.YourCompany.PokeAR/com.epicgames.ue4.GameActivity}} from uid 10216 on display 0
06-20 21:21:30.488  4897  6304 D ActivityManager: ActivityRecord() Constructor : multiScreenAttrs=MultiScreenAttrs{mDisplayId=0, mBaseDisplayId=0, mBaseActivity=false}
06-20 21:21:30.496  4897  6304 D ActivityManager: mActivityResumeBooster.acquire()
06-20 21:21:30.496  4897  6304 D ActivityManager: moveToFront() : reason=intentActivityFound isAttached=true null
06-20 21:21:30.498  4897  6304 D ActivityManager: moveToFront() : reason=sourceStackToFront isAttached=true null
06-20 21:21:30.500  4897  6304 I MultiWindowManagerService: setTaskDimensions: Task=TaskRecord{31ad154d0 #319 A=com.YourCompany.PokeAR U=0 StackId=1 sz=1} minWidth=-1 minHeight=-1 maxWidth=-1 maxHeight=-1
06-20 21:21:30.500  4897  6304 I MultiWindowManagerService: setTaskDimensions: Task=TaskRecord{31ad154d0 #319 A=com.YourCompany.PokeAR U=0 StackId=1 sz=1} minWidth=-1 minHeight=-1 maxWidth=-1 maxHeight=-1
06-20 21:21:30.501  4897  6304 D ActivityManager: moveToFront() : reason=startedActivity setFocusedActivity isAttached=true TaskRecord{31ad154d0 #319 A=com.YourCompany.PokeAR U=0 StackId=1 sz=2}
06-20 21:21:30.502  4897  6304 D InputDispatcher: Focused application set to: xxxx
06-20 21:21:30.503  4897  6304 D ActivityManager: resumeTopActivityInnerLocked() : #1 prevTask=TaskRecord{31ad154d0 #319 A=com.YourCompany.PokeAR U=0 StackId=1 sz=2} next=ActivityRecord{92ae8fdd0 u0 com.YourCompany.PokeAR/com.epicgames.ue4.GameActivity t319} mFocusedStack=ActivityStack{c025861d0 stackId=1, 2 tasks}
06-20 21:21:30.506  4897  4926 W MultiScreenManagerService: moveTaskBackToDisplayIfNeeded(): The task has more than one activity
06-20 21:21:30.599  4897  4927 D ActivityManager: resumeTopActivityInnerLocked() : #1 prevTask=null next=ActivityRecord{92ae8fdd0 u0 com.YourCompany.PokeAR/com.epicgames.ue4.GameActivity t319} mFocusedStack=ActivityStack{c025861d0 stackId=1, 2 tasks}
06-20 21:21:30.607  4897  4927 D GameManagerService: sem_perfomance_mode: 0
06-20 21:21:30.608  4897  4897 D GameManagerService: NotifyRunnable. pkg: com.YourCompany.PokeAR, type: 4, isMinimized: false, isTunableApp: false
06-20 21:21:30.608  4897  4897 D GameManagerService: unexpected mPrevNotiType: -1
06-20 21:21:30.608  7144   300 I TrayUsageStatesWatcher: noteResumeComponent : ComponentInfo{com.YourCompany.PokeAR/com.epicgames.ue4.GameActivity}
06-20 21:21:30.609  4897  4927 D MARsPolicyManager: handlePackageResumedFG pkgName = com.YourCompany.PokeAR, userId = 0
06-20 21:21:30.614  4897  4927 D ActivityTrigger: ActivityTrigger activityPauseTrigger 
06-20 21:21:30.615  4897  4927 D GameManagerService: sem_perfomance_mode: 0
06-20 21:21:30.615  7144  7156 I TrayUsageStatesWatcher: notePauseComponent : ComponentInfo{com.YourCompany.PokeAR/com.epicgames.ue4.GameActivity}
06-20 21:21:30.666 21304 21304 W linker  : /data/app/com.YourCompany.PokeAR-1/lib/arm/libOVRPlugin.so: is missing DT_SONAME will use basename as a replacement: "libOVRPlugin.so"
06-20 21:21:30.673 21304 21304 D OVRPlugin: JNI_OnLoad
06-20 21:21:30.724  4897  4897 I Telecom : TelecomFeature: getContactsPackageName: com.samsung.android.contacts: TSI.gDDP@KlA
06-20 21:21:30.724  4897  4897 I Telecom : com.android.server.telecom.TelecomServiceImpl$1: getSystemDialerPackage: com.samsung.android.contacts: TSI.gDDP@KlA
06-20 21:21:30.724  4897  4897 I Telecom : TelecomFeature: getContactsPackageName: com.samsung.android.contacts
06-20 21:21:31.078  6039  6039 D io_stats: !@   8,0 r 2713236 139603232 w 1674054 35081628 d 183679 27120300 f 439239 439182 iot 1783860 1418413 th 378888 0 0 pt 0 inp 0 0 113944.680
06-20 21:21:31.116  4897  4945 W ActivityManager: Activity pause timeout for ActivityRecord{92ae8fdd0 u0 com.YourCompany.PokeAR/com.epicgames.ue4.GameActivity t319}
06-20 21:21:31.117  4897  4945 D ActivityTrigger: ActivityTrigger activityStopTrigger 
06-20 21:21:31.138  4652  4652 E audit   : type=1400 audit(1529540491.123:8651): avc:  denied  { read } for  pid=21320 comm="Norm_Shared26" name="17631-0" dev="debugfs" ino=3526475 scontext=u:r:untrusted_app:s0:c512,c768 tcontext=u:object_r:sec_debugfs:s0 tclass=file permissive=0 SEPF_SECMOBILE_7.0_0009
06-20 21:21:31.138  4652  4652 E audit   : type=1300 audit(1529540491.123:8651): arch=40000028 syscall=322 per=8 success=no exit=-13 a0=ffffff9c a1=d32f3e48 a2=20000 a3=0 items=0 ppid=4678 pid=21320 auid=4294967295 uid=10112 gid=10112 euid=10112 suid=10112 fsuid=10112 egid=10112 sgid=10112 fsgid=10112 tty=(none) ses=4294967295 comm="Norm_Shared26" exe="/system/bin/app_process32" subj=u:r:untrusted_app:s0:c512,c768 key=(null)
06-20 21:21:31.138  4652  4652 E audit   : type=1327 audit(1529540491.123:8651): proctitle="com.facebook.katana"
06-20 21:21:31.138  4652  4652 E audit   : type=1320 audit(1529540491.123:8651): 
06-20 21:21:31.414  4897  5278 D BatteryService: !@BatteryListener : batteryPropertiesChanged!
06-20 21:21:31.415  4897  5278 D BatteryService: level:52, scale:100, status:2, health:2, present:true, voltage: 3882, temperature: 235, technology: Li-ion, AC powered:false, USB powered:true, POGO powered:false, Wireless powered:false, icon:17303682, invalid charger:0, maxChargingCurrent:0, maxChargingVoltage:0, chargeCounter:0
06-20 21:21:31.415  4897  5278 D BatteryService: online:4, current avg:417, charge type:1, power sharing:false, high voltage charger:false, capacity:280000, batterySWSelfDischarging:false, misc_event:0, current_now:290
06-20 21:21:31.415  4897  5278 D BatteryService: stay LED for charging
06-20 21:21:31.415  4897  4897 D BatteryService: Sending ACTION_BATTERY_CHANGED.
06-20 21:21:31.418  4897  4897 V UiModeManager: updateLocked: null action, mDockState=0, category=null
06-20 21:21:31.418  4897  4897 D UiModeManager: updateConfigurationLocked: mDockState=0; mCarMode=false; mNightMode=1; uiMode=17
06-20 21:21:31.419  4897  4897 D GameManagerService: new battery level: 52
06-20 21:21:31.421  5474  5474 D KeyguardUpdateMonitor: received broadcast android.intent.action.BATTERY_CHANGED
06-20 21:21:31.423  5474  5474 D PowerUI : priorPlugType = 2 mPlugType =  2
06-20 21:21:31.425  5474  5474 D PowerUI.Notification: showChargingNotice oldChargingType : 1 currentChargingType : 1 oldChargingTime : 13251000 mChargingTime : 13225000
06-20 21:21:31.425  5474  5474 D PowerUI.Notification: showChargingNotification()
06-20 21:21:31.443  6445  6445 I AODDeviceStateBroadcastObserver: onUpdate: BR : android.intent.action.BATTERY_CHANGED
06-20 21:21:31.446  4897  5788 D ApplicationPolicy: isStatusBarNotificationAllowedAsUser: packageName = com.android.systemui,userId = -1
06-20 21:21:31.447  5474  5474 D KeyguardUpdateMonitor: handleBatteryUpdate
06-20 21:21:31.451  5474  5474 D BatteryMeterDrawable: isSomethingChanged - false
06-20 21:21:31.452  5474  5474 D BatteryMeterDrawable: isSomethingChanged - false
06-20 21:21:31.454  5474  5474 D Tile.FlashlightTile: ACTION_BATTERY_CHANGED - Level :: 52, emEnabled :: false
06-20 21:21:31.458  6408  6408 D CatchNotificationsService: onNotificationPosted
06-20 21:21:31.474  2040  2054 D BadgeProvider: query, [selection] : null
06-20 21:21:31.482  6408  6408 E CatchNotificationsService: Invalid notification data
06-20 21:21:31.490 21304 21304 D UE4     : In the JNI_OnLoad function
06-20 21:21:31.491 21304 21304 D UE4     : [JNI] - Failed to determine if app purchasing is enabled!
06-20 21:21:31.496 21304 21304 D UE4     : Path found as '/storage/emulated/0'
06-20 21:21:31.496 21304 21304 D UE4     : Font Path found as '/system/fonts/'
06-20 21:21:31.496 21304 21304 D UE4     : In the JNI_OnLoad function 5
06-20 21:21:31.509  6445  6445 D AlwaysOnDisplayService: updateNotificationKeys!
06-20 21:21:31.513  6445  6445 D AODService: updateNotificationKeys : 0
06-20 21:21:31.528 21304 21329 D UE4     : Entering native app glue main function
06-20 21:21:31.528 21304 21329 D UE4     : Created event thread
06-20 21:21:31.528 21304 21329 D UE4     : Entered AndroidMain()
06-20 21:21:31.528 21304 21330 D UE4     : Entering event processing thread engine entry point
06-20 21:21:31.528 21304 21330 D UE4     : Prepared looper for event thread
06-20 21:21:31.529 21304 21330 D UE4     : Passed callback initialization
06-20 21:21:31.529 21304 21330 D UE4     : Passed sensor initialization
06-20 21:21:31.531 21304 21329 D UE4     : Controller interface supported
06-20 21:21:31.532  4897  6343 E SensorService: getSensorList a sensor (MAX86902) without holding its required permission: com.samsung.permission.SSENSOR
06-20 21:21:31.532  4897  6343 I SensorService: Skipped sensor MAX86902 because it requires permission com.samsung.permission.SSENSOR and app op -1
06-20 21:21:31.532  4897  6343 E SensorService: getSensorList a sensor (HRM Ambient Light Canceling) without holding its required permission: com.samsung.permission.HRM_EXT
06-20 21:21:31.532  4897  6343 I SensorService: Skipped sensor HRM Ambient Light Canceling because it requires permission com.samsung.permission.HRM_EXT and app op -1
06-20 21:21:31.532  4897  6343 W ServiceManager: Permission failure: android.permission.BODY_SENSORS from uid=10216 pid=21304
06-20 21:21:31.532  4897  6343 E SensorService: getSensorList a sensor (HRMLED IR) without holding its required permission: android.permission.BODY_SENSORS
06-20 21:21:31.532  4897  6343 I SensorService: Skipped sensor HRMLED IR because it requires permission android.permission.BODY_SENSORS and app op 56
06-20 21:21:31.532  4897  6343 W ServiceManager: Permission failure: android.permission.BODY_SENSORS from uid=10216 pid=21304
06-20 21:21:31.532  4897  6343 E SensorService: getSensorList a sensor (HRMLED RED) without holding its required permission: android.permission.BODY_SENSORS
06-20 21:21:31.532  4897  6343 I SensorService: Skipped sensor HRMLED RED because it requires permission android.permission.BODY_SENSORS and app op 56
06-20 21:21:31.532  4897  6343 E SensorService: getSensorList a sensor (HRM Proximity detecting) without holding its required permission: com.samsung.permission.HRM_EXT
06-20 21:21:31.532  4897  6343 I SensorService: Skipped sensor HRM Proximity detecting because it requires permission com.samsung.permission.HRM_EXT and app op -1
06-20 21:21:31.532  4897  6343 E SensorService: getSensorList a sensor (HRM Sensor) without holding its required permission: com.samsung.permission.SSENSOR
06-20 21:21:31.532  4897  6343 I SensorService: Skipped sensor HRM Sensor because it requires permission com.samsung.permission.SSENSOR and app op -1
06-20 21:21:31.532  4897  6343 W ServiceManager: Permission failure: android.permission.BODY_SENSORS from uid=10216 pid=21304
06-20 21:21:31.533  4897  6343 E SensorService: getSensorList a sensor (HeartRate Sensor) without holding its required permission: android.permission.BODY_SENSORS
06-20 21:21:31.533  4897  6343 I SensorService: Skipped sensor HeartRate Sensor because it requires permission android.permission.BODY_SENSORS and app op 56
06-20 21:21:31.533  4897  6343 E SensorService: getSensorList a sensor (Sensor Diagnostic Monitor) without holding its required permission: com.samsung.permission.SSENSOR
06-20 21:21:31.533  4897  6343 I SensorService: Skipped sensor Sensor Diagnostic Monitor because it requires permission com.samsung.permission.SSENSOR and app op -1
06-20 21:21:31.541 21327 21327 I FIPS_bssl: FIPS (v1.1) approved mode (1) | 21327 | ps
06-20 21:21:31.575  4897  5868 W WindowManager: Failed looking up window
06-20 21:21:31.575  4897  5868 W WindowManager: java.lang.IllegalArgumentException: Requested window android.os.BinderProxy@275b59f does not exist
06-20 21:21:31.575  4897  5868 W WindowManager: 	at com.android.server.wm.WindowManagerService.windowForClientLocked(WindowManagerService.java:10347)
06-20 21:21:31.575  4897  5868 W WindowManager: 	at com.android.server.wm.WindowManagerService.pokeDrawLock(WindowManagerService.java:3135)
06-20 21:21:31.575  4897  5868 W WindowManager: 	at com.android.server.wm.Session.pokeDrawLock(Session.java:608)
06-20 21:21:31.575  4897  5868 W WindowManager: 	at android.view.IWindowSession$Stub.onTransact(IWindowSession.java:864)
06-20 21:21:31.575  4897  5868 W WindowManager: 	at com.android.server.wm.Session.onTransact(Session.java:161)
06-20 21:21:31.575  4897  5868 W WindowManager: 	at android.os.Binder.execTransact(Binder.java:573)
06-20 21:21:31.576  4897  6341 D WindowManager: addWindow: android.view.IWindow$Stub$Proxy@2033ab5 displayId=0
06-20 21:21:31.577  4897  6341 D InputTransport: Input channel constructed: fd=537
06-20 21:21:31.577  4897  6341 D InputTransport: Input channel constructed: fd=539
06-20 21:21:31.579  4897  6341 D InputTransport: Input channel destroyed: fd=539
06-20 21:21:31.580 21304 21304 D InputTransport: Input channel constructed: fd=68
06-20 21:21:31.580 21304 21304 D ViewRootImpl@75cb6e2[GameActivity]: setView = DecorView@6feea73[] touchMode=true
06-20 21:21:31.586 21304 21304 D PermissionFragment: Creating PlayGamesFragment
06-20 21:21:31.598  4897  4926 I ActivityManager: START u0 {act=android.content.pm.action.REQUEST_PERMISSIONS typ=null flg=0x0 cmp=ComponentInfo{com.google.android.packageinstaller/com.android.packageinstaller.permission.ui.GrantPermissionsActivity}} from uid 10216 on display 0
06-20 21:21:31.599  4897  4926 W ActivityManager: REQUEST_PERMISSIONS Action.
06-20 21:21:31.599  4897  4926 W ActivityManager: REQUEST_PERMISSIONS Action.
06-20 21:21:31.626  4897  4926 D ActivityManager: ActivityRecord() Constructor : multiScreenAttrs=MultiScreenAttrs{mDisplayId=0, mBaseDisplayId=0, mBaseActivity=false}
06-20 21:21:31.631  4897  4926 D ActivityManager: mActivityResumeBooster.acquire()
06-20 21:21:31.632  4897  4926 D ActivityManager: moveToFront() : reason=sourceStackToFront isAttached=true null
06-20 21:21:31.634  4897  4926 I MultiWindowManagerService: setTaskDimensions: Task=TaskRecord{31ad154d0 #319 A=com.YourCompany.PokeAR U=0 StackId=1 sz=2} minWidth=-1 minHeight=-1 maxWidth=-1 maxHeight=-1
06-20 21:21:31.635  4897  4926 D ActivityManager: moveToFront() : reason=startedActivity setFocusedActivity isAttached=true TaskRecord{31ad154d0 #319 A=com.YourCompany.PokeAR U=0 StackId=1 sz=3}
06-20 21:21:31.636  4897  4926 D InputDispatcher: Focused application set to: xxxx
06-20 21:21:31.637  4897  4926 D ActivityManager: resumeTopActivityInnerLocked() : #1 prevTask=TaskRecord{31ad154d0 #319 A=com.YourCompany.PokeAR U=0 StackId=1 sz=3} next=ActivityRecord{90a0cbbd0 u0 com.google.android.packageinstaller/com.android.packageinstaller.permission.ui.GrantPermissionsActivity t319} mFocusedStack=ActivityStack{c025861d0 stackId=1, 2 tasks}
06-20 21:21:31.639  4897  4926 D MountService: getExternalStorageMountMode : 2
06-20 21:21:31.639  4897  4926 D MountService: getExternalStorageMountMode : 3
06-20 21:21:31.639  4897  4926 D MountService: getExternalStorageMountMode : final mountMode=2, uid : 10033, packageName : com.google.android.packageinstaller
06-20 21:21:31.660 21333 21333 E Zygote  : v2
06-20 21:21:31.660 21333 21333 I libpersona: KNOX_SDCARD checking this for 10033
06-20 21:21:31.660 21333 21333 I libpersona: KNOX_SDCARD not a persona
06-20 21:21:31.662 21333 21333 E Zygote  : accessInfo : 0
06-20 21:21:31.663 21333 21333 W SELinux : SELinux selinux_android_compute_policy_index : Policy Index[2],  Con:u:r:zygote:s0 RAM:SEPF_SECMOBILE_7.0_0009, [-1 -1 -1 -1 0 1]
06-20 21:21:31.666 21333 21333 I SELinux : SELinux: seapp_context_lookup: seinfo=untrusted, level=s0:c512,c768, pkgname=com.google.android.packageinstaller 
06-20 21:21:31.690  4897  4926 I ActivityManager: Start proc 21333:com.google.android.packageinstaller/u0a33 for activity com.google.android.packageinstaller/com.android.packageinstaller.permission.ui.GrantPermissionsActivity
06-20 21:21:31.694  7144  7144 I Utils   : isCurrentUser current = 0, ownerId = 0
06-20 21:21:31.694  7144  7144 I TrayVisibilityController: getComputedTrayVisible : keyguardState = 3
06-20 21:21:31.695  7144  7144 I TrayVisibilityController: updateTrayVisible : State : 3 visible = 2 mCurrentVisible = 2
06-20 21:21:31.695  7144  7144 D TrayStateController: setUiState 2 :  already 2
06-20 21:21:31.701 21304 21304 D UE4     : Vulkan version: 1.0.3
06-20 21:21:31.702 21304 21304 D UE4     : Vulkan level: 0
06-20 21:21:31.704 21304 21304 D UE4     : Found DepthBufferPreference = 0
06-20 21:21:31.705 21304 21304 D UE4     : Found bPackageDataInsideApk = 0
06-20 21:21:31.705 21304 21304 D UE4     : Found ProjectName = PokeAR
06-20 21:21:31.705 21304 21304 D UE4     : Found bHasOBBFiles = 0
06-20 21:21:31.705 21304 21304 D UE4     : Found bVerifyOBBOnStartUp = false
06-20 21:21:31.705 21304 21304 D UE4     : UI hiding set to false
06-20 21:21:31.705 21304 21304 D UE4     : BuildConfiguration set to Development
06-20 21:21:31.705 21304 21304 D UE4     : UseExternalFilesDir set to false
06-20 21:21:31.705 21304 21304 D UE4     : No GearVR mode detected.
06-20 21:21:31.705 21304 21304 D UE4     : APK path: /data/app/com.YourCompany.PokeAR-1/base.apk
06-20 21:21:31.705 21304 21304 D UE4     : OBB in APK: false
06-20 21:21:31.710 21304 21304 D UE4     : ExternalFilePath found as '/storage/emulated/0/Android/data/com.YourCompany.PokeAR/files'
06-20 21:21:31.713 21304 21304 D UE4     : App is running in Portrait
06-20 21:21:31.713 21304 21304 D UE4     : Android version is 7.0
06-20 21:21:31.713 21304 21304 D UE4     : Android manufacturer is samsung
06-20 21:21:31.713 21304 21304 D UE4     : Android model is SM-G935F
06-20 21:21:31.713 21304 21304 D UE4     : OS language is set to pt_BR
06-20 21:21:31.757  6445  6445 D PlaybackStateMonitor: updateController: null
06-20 21:21:31.777 21333 21333 D TimaKeyStoreProvider: TimaSignature is unavailable
06-20 21:21:31.778 21333 21333 D ActivityThread: Added TimaKeyStore provider
06-20 21:21:31.781  4897  6304 I ActivityManager: DSS on for com.google.android.packageinstaller and scale is 1.0
06-20 21:21:31.795  4897  6304 D GameManagerService: sem_perfomance_mode: 0
06-20 21:21:31.795  4897  4897 D GameManagerService: NotifyRunnable. pkg: com.google.android.packageinstaller, type: 4, isMinimized: false, isTunableApp: false
06-20 21:21:31.795  4897  4897 D GameManagerService: unexpected mPrevNotiType: -1
06-20 21:21:31.795  7144 15379 I TrayUsageStatesWatcher: noteResumeComponent : ComponentInfo{com.google.android.packageinstaller/com.android.packageinstaller.permission.ui.GrantPermissionsActivity}
06-20 21:21:31.796  4897  6304 D MARsPolicyManager: handlePackageResumedFG pkgName = com.google.android.packageinstaller, userId = 0
06-20 21:21:31.802 21304 21304 W PopupManager: You have not specified a View to use as content view for popups. Falling back to the Activity content view. Note that this may not work as expected in multi-screen environments
06-20 21:21:31.803  4897  6304 D ActivityTrigger: ActivityTrigger activityPauseTrigger 
06-20 21:21:31.803  4897  6304 D GameManagerService: sem_perfomance_mode: 0
06-20 21:21:31.805  7144  7155 I TrayUsageStatesWatcher: notePauseComponent : ComponentInfo{com.google.android.packageinstaller/com.android.packageinstaller.permission.ui.GrantPermissionsActivity}
06-20 21:21:31.806  6251  6263 D ForegroundUtils: could not check pending caller
06-20 21:21:31.810  4897  7671 D GameManagerService: identifyGamePackage. com.google.android.packageinstaller
06-20 21:21:31.815  6445  6445 D AODNotiListenerService: [updateNotificationKeys - Update] (0/0/0) showingKeys 
06-20 21:21:31.817 21304 21304 D UE4     : ==============> GameActive.onCreate complete!
06-20 21:21:31.817  4897  5868 D PowerManagerService: [api] acquire WakeLock flags=0x80 tag=Window:AOD uid=1000 pid=4897 ws=WorkSource{10007 com.samsung.android.app.aodservice} pkg=android
06-20 21:21:31.818  4897  5868 D PowerManagerService: mDisplayReady: false
06-20 21:21:31.818  4897  5868 I libsuspend: !@autosuspend_wakeup_count_disable
06-20 21:21:31.818  4897  4982 D DisplayPowerController: animateScreenStateChange[0]: target=3
06-20 21:21:31.818  4897  5868 I libsuspend: !@autosuspend_wakeup_count_disable done
06-20 21:21:31.818  4897  4982 D DisplayPowerController: [Dual Screen Compatible] state[0] :3
06-20 21:21:31.818  4897  5868 D PowerManagerService: [PWL] sb acquire: PowerManagerService.Display
06-20 21:21:31.818  4897  4982 D DisplayPowerController: getFinalBrightness : Summary is 1 -> 1
06-20 21:21:31.818  4897  4982 D DisplayPowerController: Animating brightness: target=1, rate=2000 (PSM:false, AB limit:(-1 ~ -1) MB Limit:(-1 ~ -1))
06-20 21:21:31.818  4897  4989 D DisplayManagerService: !@display_state: DOZE_SUSPEND -> DOZE brightness: 1 -> 1
06-20 21:21:31.819 21304 21304 D UE4     : Creating console command broadcast listener
06-20 21:21:31.819 21304 21330 D UE4     : LogAndroidEvents: EnqueueAppEvent : 9, 0, tid = 21330
06-20 21:21:31.819  4897 15788 D CoverManagerWhiteLists: isAllowedToUse : SIGNATURE_MATCH
06-20 21:21:31.819  3184  3184 D SurfaceFlinger: Set power mode=1, type=0 flinger=0x7d7a288fc0
06-20 21:21:31.820  4897  4978 I DisplayManagerService: Display device changed state: "Tela integrada", DOZE
06-20 21:21:31.820  3184  3184 I hwcomposer: int exynos_setPowerMode(struct hwc_composer_device_1 *, int, int):: disp(0), mode(1)
06-20 21:21:31.822 21304 21304 D UE4     : ==================================> Inside onStart function in GameActivity
06-20 21:21:31.823  4897  4982 D DisplayPowerController: animateScreenStateChange[0]: target=3
06-20 21:21:31.823  4897  4982 D DisplayPowerController: [Dual Screen Compatible] state[0] :3
06-20 21:21:31.823  4897  4982 D DisplayPowerController: getFinalBrightness : Summary is 1 -> 1
06-20 21:21:31.823  4897  4982 D DisplayPowerController: Animating brightness: target=1, rate=2000 (PSM:false, AB limit:(-1 ~ -1) MB Limit:(-1 ~ -1))
06-20 21:21:31.823  4897  4982 D DisplayPowerController: animateScreenStateChange[0]: target=3
06-20 21:21:31.823  4897  4982 D DisplayPowerController: [Dual Screen Compatible] state[0] :3
06-20 21:21:31.823  4897  4982 D DisplayPowerController: getFinalBrightness : Summary is 1 -> 1
06-20 21:21:31.823  4897  4982 D DisplayPowerController: Animating brightness: target=1, rate=2000 (PSM:false, AB limit:(-1 ~ -1) MB Limit:(-1 ~ -1))
06-20 21:21:31.824  4897  4982 D PowerManagerService: [s] DisplayPowerCallbacks : onStateChanged()
06-20 21:21:31.824  4897  4982 D PowerManagerService: mDisplayReady: true
06-20 21:21:31.824  4897  4982 I libsuspend: !@autosuspend_wakeup_count_enable
06-20 21:21:31.824  4897  4982 I libsuspend: !@autosuspend_wakeup_count_enable done
06-20 21:21:31.824  4897  4897 D GameManagerService: onDisplayChanged. displyId: 0
06-20 21:21:31.824  4897  4982 D PowerManagerService: [PWL] sb release: PowerManagerService.Display
06-20 21:21:31.824  4897  4897 D GameManagerService: dpi: 420, longPixel: 1920, shortPixel: 1080
06-20 21:21:31.829  5474  5474 D KeyguardServiceBoxContainer: onDisplayChanged() id = 0, density = 420, current density = 420
06-20 21:21:31.831 21304 21330 D UE4     : Case APP_CMD_RESUME
06-20 21:21:31.831 21304 21330 D UE4     : LogAndroidEvents: EnqueueAppEvent : 7, 0, tid = 21330
06-20 21:21:31.834 21333 21333 W System  : ClassLoader referenced unknown path: /system/priv-app/GooglePackageInstaller/lib/arm64
06-20 21:21:31.834  4897  6381 I Sensors : Acc old sensor_state 16896, new sensor_state : 16897 en : 1
06-20 21:21:31.839 21304 21304 D SensorManager: registerListener :: 0, K6DS3TR Acceleration Sensor, 20000, 0,  
06-20 21:21:31.840  4897  6362 I Sensors : Mag old sensor_state 16897, new sensor_state : 16913 en : 1
06-20 21:21:31.841 21304 21309 I art     : Compiler allocated 4MB to compile void com.epicgames.ue4.GameActivity.onCreate(android.os.Bundle)
06-20 21:21:31.844 21304 21304 D SensorManager: registerListener :: 1, YAS537 Magnetic Sensor, 20000, 0,  
06-20 21:21:31.845  4897  5290 I Sensors : Gyro old sensor_state 16913, new sensor_state : 16915 en : 1
06-20 21:21:31.847  4897  7671 D GameManagerService: identifyGamePackage. com.google.android.packageinstaller
06-20 21:21:31.847  4897  7671 D GameManagerService: identifyGamePackage. com.google.android.packageinstaller
06-20 21:21:31.851 21304 21304 D SensorManager: registerListener :: 3, K6DS3TR Gyroscope Sensor, 20000, 0,  
06-20 21:21:31.851 21304 21304 D UE4     : App is running in Portrait
06-20 21:21:31.852 21304 21304 D UE4     : ==============> Resuming main init
06-20 21:21:31.855 21333 21333 D ContextRelationMgrBrdg: loadKlass() : caller=com.samsung.android.bridge.multiscreen.common.ContextRelationManagerBridge.<clinit>:28 android.app.LoadedApk.makeApplication:840 
06-20 21:21:31.858 21304 21329 D UE4     : Final commandline: ../../../PokeAR/PokeAR.uproject  /Game/HandheldARBP/Maps/HandheldARBlankMap -Messaging -SessionId=06433A0746FC175769EF959BDC6407E0 -SessionOwner="diama" -SessionName="Launch On Device" -iterative
06-20 21:21:31.858 21304 21329 D UE4     : Created sync event
06-20 21:21:31.864 21304 21304 D UE4     : ==============> GameActive.onResume complete!
06-20 21:21:31.871  4897  5337 W WindowManager: Failed looking up window
06-20 21:21:31.871  4897  5337 W WindowManager: java.lang.IllegalArgumentException: Requested window android.os.BinderProxy@8ed0b6d does not exist
06-20 21:21:31.871  4897  5337 W WindowManager: 	at com.android.server.wm.WindowManagerService.windowForClientLocked(WindowManagerService.java:10347)
06-20 21:21:31.871  4897  5337 W WindowManager: 	at com.android.server.wm.WindowManagerService.pokeDrawLock(WindowManagerService.java:3135)
06-20 21:21:31.871  4897  5337 W WindowManager: 	at com.android.server.wm.Session.pokeDrawLock(Session.java:608)
06-20 21:21:31.871  4897  5337 W WindowManager: 	at android.view.IWindowSession$Stub.onTransact(IWindowSession.java:864)
06-20 21:21:31.871  4897  5337 W WindowManager: 	at com.android.server.wm.Session.onTransact(Session.java:161)
06-20 21:21:31.871  4897  5337 W WindowManager: 	at android.os.Binder.execTransact(Binder.java:573)
06-20 21:21:31.872  4897  1282 D WindowManager: addWindow: android.view.IWindow$Stub$Proxy@aef5833 displayId=0
06-20 21:21:31.873  4897  1282 D InputTransport: Input channel constructed: fd=541
06-20 21:21:31.873  4897  1282 D InputTransport: Input channel constructed: fd=544
06-20 21:21:31.886  4897  1282 D InputTransport: Input channel destroyed: fd=544
06-20 21:21:31.887 21304 21304 D InputTransport: Input channel constructed: fd=70
06-20 21:21:31.888 21304 21304 D ViewRootImpl@e8994a8[GameActivity]: setView = DecorView@dcfabc1[GameActivity] touchMode=true
06-20 21:21:31.889  4897  6217 D ActivityManager: post active user change for 0 fullscreen true isHomeActivity() false
06-20 21:21:31.889  4897  6217 D KnoxTimeoutHandler: postActiveUserChange [MsgParam] userId: 0 fullscreen is true showWhenlocked is false isMutiwindowRecord is false multiwindowstyle is 0
06-20 21:21:31.889  4897  4897 D KnoxTimeoutHandler: handleActiveUserChange [MsgParam] userId: 0 fullscreen is true showWhenlocked is false isMutiwindowRecord is false multiwindowstyle is 0
06-20 21:21:31.893 21304 21330 D UE4     : Case APP_CMD_PAUSE
06-20 21:21:31.893 21304 21330 D UE4     : LogAndroidEvents: EnqueueAppEvent : 6, 0, tid = 21330
06-20 21:21:31.893  4897  4897 I KnoxTimeoutHandler: Shared devices show user statefalse
06-20 21:21:31.899  4897  6381 I Sensors : Acc old sensor_state 16915, new sensor_state : 16914 en : 0
06-20 21:21:31.903  4897  6341 I Sensors : Mag old sensor_state 16914, new sensor_state : 16898 en : 0
06-20 21:21:31.907  4897  8836 I Sensors : Gyro old sensor_state 16898, new sensor_state : 16896 en : 0
06-20 21:21:31.912 21304 21304 D SensorManager: unregisterListener ::   
06-20 21:21:31.914 21304 21304 D UE4     : ==============> GameActive.onPause complete!
06-20 21:21:31.917  4897  6361 I MultiWindowManagerService: setTaskDimensions: Task=TaskRecord{31ad154d0 #319 A=com.YourCompany.PokeAR U=0 StackId=1 sz=2} minWidth=-1 minHeight=-1 maxWidth=-1 maxHeight=-1
06-20 21:21:31.917  4897  6361 D ActivityManager: resumeTopActivityInnerLocked() : #1 prevTask=null next=ActivityRecord{90a0cbbd0 u0 com.google.android.packageinstaller/com.android.packageinstaller.permission.ui.GrantPermissionsActivity t319} mFocusedStack=ActivityStack{c025861d0 stackId=1, 2 tasks}
06-20 21:21:31.918 21304 21330 D UE4     : LogAndroidEvents: EnqueueAppEvent : 12, 0, tid = 21330
06-20 21:21:31.919 21304 21330 D UE4     : LogAndroidEvents: EnqueueAppEvent : 8, 0, tid = 21330
06-20 21:21:31.921 21304 21304 D UE4     : ==============> GameActive.onStop complete!
06-20 21:21:31.923  4897  4927 W MultiScreenManagerService: moveTaskBackToDisplayIfNeeded(): The task has more than one activity
06-20 21:21:31.924  4897  4927 D ActivityManager: moveToFront() : reason=finishActivity adjustFocus setFocusedActivity isAttached=true TaskRecord{31ad154d0 #319 A=com.YourCompany.PokeAR U=0 StackId=1 sz=2}
06-20 21:21:31.924  4897  7055 V WindowManager: Relayout Window{441554ad0 u0 com.YourCompany.PokeAR/com.epicgames.ue4.GameActivity}: viewVisibility=0 req=0x0 WM.LayoutParams{(0,0)(fillxfill) gr=#11 sim=#120 ty=2 fl=#1810500 wanim=0x1030001 needsMenuKey=2 naviIconColor=0}
06-20 21:21:31.925  3184  3184 I SurfaceFlinger: id=7126 createSurf (1080x1920),1 flag=404, HameActivit
06-20 21:21:31.944  4897  4927 D InputDispatcher: Focused application set to: xxxx
06-20 21:21:31.946  4897  5352 D MdnieScenarioControlService:  packageName : com.YourCompany.PokeAR    className : com.epicgames.ue4.GameActivity
06-20 21:21:31.970  4897  4897 D PowerManagerService: [api] release WakeLock DRAW_WAKE_LOCK                 'Window:AOD' (uid=1000, pid=4897, ws=WorkSource{10007 com.samsung.android.app.aodservice}) (uid=1000, pid=4897, ws=WorkSource{10007 com.samsung.android.app.aodservice}, pkg=android, elapsedTime=152) (0x0)
06-20 21:21:31.970  4897  4897 D PowerManagerService: mDisplayReady: false
06-20 21:21:31.970  4897  4897 I libsuspend: !@autosuspend_wakeup_count_disable
06-20 21:21:31.970  4897  4897 I libsuspend: !@autosuspend_wakeup_count_disable done
06-20 21:21:31.970  4897  4982 D DisplayPowerController: animateScreenStateChange[0]: target=4
06-20 21:21:31.970  4897  4897 D PowerManagerService: [PWL] sb acquire: PowerManagerService.Display
06-20 21:21:31.971  4897  4982 D DisplayPowerController: [Dual Screen Compatible] state[0] :4
06-20 21:21:31.971  4897  4982 D DisplayPowerController: Animating brightness: target=1, rate=0 (PSM:false, AB limit:(-1 ~ -1) MB Limit:(-1 ~ -1))
06-20 21:21:31.971  4897  4989 D DisplayManagerService: !@display_state: DOZE -> DOZE_SUSPEND brightness: 1 -> 1
06-20 21:21:31.972  3184  3184 D SurfaceFlinger: Set power mode=3, type=0 flinger=0x7d7a288fc0
06-20 21:21:31.972  3184  3184 I hwcomposer: int exynos_setPowerMode(struct hwc_composer_device_1 *, int, int):: disp(0), mode(3)
06-20 21:21:31.976  4897  4982 D DisplayPowerController: animateScreenStateChange[0]: target=4
06-20 21:21:31.976  4897  4982 D DisplayPowerController: [Dual Screen Compatible] state[0] :4
06-20 21:21:31.976  4897  4982 D DisplayPowerController: Animating brightness: target=1, rate=0 (PSM:false, AB limit:(-1 ~ -1) MB Limit:(-1 ~ -1))
06-20 21:21:31.976  4897  4982 D DisplayPowerController: animateScreenStateChange[0]: target=4
06-20 21:21:31.976  4897  4982 D DisplayPowerController: [Dual Screen Compatible] state[0] :4
06-20 21:21:31.976  4897  4982 D DisplayPowerController: Animating brightness: target=1, rate=0 (PSM:false, AB limit:(-1 ~ -1) MB Limit:(-1 ~ -1))
06-20 21:21:31.976  4897  4982 D PowerManagerService: [s] DisplayPowerCallbacks : onStateChanged()
06-20 21:21:31.977  4897  4982 D PowerManagerService: mDisplayReady: true
06-20 21:21:31.977  4897  4982 I libsuspend: !@autosuspend_wakeup_count_enable
06-20 21:21:31.977  4897  4982 I libsuspend: !@autosuspend_wakeup_count_enable done
06-20 21:21:31.977  4897  4982 D PowerManagerService: [PWL] sb release: PowerManagerService.Display
06-20 21:21:31.977 21304 21331 I OpenGLRenderer: Initialized EGL, version 1.4
06-20 21:21:31.977 21304 21331 D OpenGLRenderer: Swap behavior 1
06-20 21:21:31.979  4897  4978 I DisplayManagerService: Display device changed state: "Tela integrada", DOZE_SUSPEND
06-20 21:21:31.981  4897  5290 D ActivityManager: resumeTopActivityInnerLocked() : #1 prevTask=null next=ActivityRecord{92ae8fdd0 u0 com.YourCompany.PokeAR/com.epicgames.ue4.GameActivity t319} mFocusedStack=ActivityStack{c025861d0 stackId=1, 2 tasks}
06-20 21:21:31.982  4897  4897 D GameManagerService: onDisplayChanged. displyId: 0
06-20 21:21:31.982  4897  4897 D GameManagerService: dpi: 420, longPixel: 1920, shortPixel: 1080
06-20 21:21:31.993  5474  5474 D KeyguardServiceBoxContainer: onDisplayChanged() id = 0, density = 420, current density = 420
06-20 21:21:31.994 21304 21331 D libGLESv1: STS_GLApi : DTS is not allowed for Package : com.YourCompany.PokeAR
06-20 21:21:31.998 21304 21331 D mali_winsys: EGLint new_window_surface(egl_winsys_display*, void*, EGLSurface, EGLConfig, egl_winsys_surface**, egl_color_buffer_format*, EGLBoolean) returns 0x3000,  [1080x1920]-format:1
06-20 21:21:31.999  4897  5290 D ActivityTrigger: ActivityTrigger activityPauseTrigger 
06-20 21:21:32.000  4897  5290 D GameManagerService: sem_perfomance_mode: 0
06-20 21:21:32.000  7144 15379 I TrayUsageStatesWatcher: notePauseComponent : ComponentInfo{com.YourCompany.PokeAR/com.epicgames.ue4.GameActivity}
06-20 21:21:32.002  4897  5278 V WindowManager: Relayout Window{f3a47f0d0 u0 com.YourCompany.PokeAR/com.epicgames.ue4.GameActivity}: viewVisibility=0 req=0x0 WM.LayoutParams{(0,0)(fillxfill) sim=#10 ty=1 fl=#1810500 fmt=1 wanim=0x1030001 needsMenuKey=2 naviIconColor=0}
06-20 21:21:32.004  7144  7155 I TrayUsageStatesWatcher: noteResumeComponent : ComponentInfo{com.YourCompany.PokeAR/com.epicgames.ue4.GameActivity}
06-20 21:21:32.005  4897  5290 D GameManagerService: sem_perfomance_mode: 0
06-20 21:21:32.006  3184  3184 I SurfaceFlinger: id=7127 createSurf (1080x1920),1 flag=4, HameActivit
06-20 21:21:32.006  4897  5290 D MARsPolicyManager: handlePackageResumedFG pkgName = com.YourCompany.PokeAR, userId = 0
06-20 21:21:32.008  4897  4897 D GameManagerService: NotifyRunnable. pkg: com.YourCompany.PokeAR, type: 4, isMinimized: false, isTunableApp: false
06-20 21:21:32.008  4897  4897 D GameManagerService: unexpected mPrevNotiType: -1
06-20 21:21:32.013  4897  4897 D GameManagerService: onDisplayChanged. displyId: 0
06-20 21:21:32.013  4897  4897 D GameManagerService: dpi: 420, longPixel: 1920, shortPixel: 1080
06-20 21:21:32.018 21304 21331 D mali_winsys: EGLint new_window_surface(egl_winsys_display*, void*, EGLSurface, EGLConfig, egl_winsys_surface**, egl_color_buffer_format*, EGLBoolean) returns 0x3000,  [1080x1920]-format:1
06-20 21:21:32.025  5474  5474 D KeyguardServiceBoxContainer: onDisplayChanged() id = 0, density = 420, current density = 420
06-20 21:21:32.028 21304 21304 D ViewRootImpl@75cb6e2[GameActivity]: MSG_RESIZED_REPORT: ci=Rect(0, 0 - 0, 0) vi=Rect(0, 0 - 0, 0) or=1
06-20 21:21:32.042  4897  5278 I ActivityManager: Activity reported stop, but no longer stopping: ActivityRecord{92ae8fdd0 u0 com.YourCompany.PokeAR/com.epicgames.ue4.GameActivity t319}
06-20 21:21:32.046  6251  6263 D ForegroundUtils: could not check pending caller
06-20 21:21:32.047  4897  4927 I MultiWindowManagerService: setTaskDimensions: Task=TaskRecord{31ad154d0 #319 A=com.YourCompany.PokeAR U=0 StackId=1 sz=1} minWidth=-1 minHeight=-1 maxWidth=-1 maxHeight=-1
06-20 21:21:32.047  4897  4927 D ActivityManager: resumeTopActivityInnerLocked() : #1 prevTask=null next=ActivityRecord{92ae8fdd0 u0 com.YourCompany.PokeAR/com.epicgames.ue4.GameActivity t319} mFocusedStack=ActivityStack{c025861d0 stackId=1, 2 tasks}
06-20 21:21:32.122  6445  6445 D DefaultClockView: [[updateNotifications]] updateAODTspRect : Do no update empty Rect(0, 0 - 0, 0)
06-20 21:21:32.137  4897  4897 I Telecom : TelecomFeature: getContactsPackageName: com.samsung.android.contacts: TSI.gDDP@KlE
06-20 21:21:32.137  4897  4897 I Telecom : com.android.server.telecom.TelecomServiceImpl$1: getSystemDialerPackage: com.samsung.android.contacts: TSI.gDDP@KlE
06-20 21:21:32.138  4897  4897 I Telecom : TelecomFeature: getContactsPackageName: com.samsung.android.contacts
06-20 21:21:32.141  4897  1282 D WindowManager: finishDrawingWindow: Window{441554ad0 u0 com.YourCompany.PokeAR/com.epicgames.ue4.GameActivity} mDrawState=DRAW_PENDING
06-20 21:21:32.148  4897  5337 V WindowManager: Relayout Window{f3a47f0d0 u0 com.YourCompany.PokeAR/com.epicgames.ue4.GameActivity}: viewVisibility=0 req=1080x1920 WM.LayoutParams{(0,0)(fillxfill) sim=#10 ty=1 fl=#1810500 fmt=1 wanim=0x1030001 needsMenuKey=2 naviIconColor=0}
06-20 21:21:32.161  4897  1069 D WindowManager: addWindow: android.view.IWindow$Stub$Proxy@7e9f7ee displayId=0
06-20 21:21:32.163  4897  6304 V WindowManager: Relayout Window{293f31cd0 u0 SurfaceView - com.YourCompany.PokeAR/com.epicgames.ue4.GameActivity}: viewVisibility=0 req=1080x1920 WM.LayoutParams{(0,0)(1080x1920) gr=#800033 ty=1001 fl=#4218 pfl=0x10040 fmt=4 naviIconColor=0}
06-20 21:21:32.164  3184  3184 I SurfaceFlinger: id=7128 createSurf (1080x1920),4 flag=404, HameActivit
06-20 21:21:32.166  3184  3184 I SurfaceFlinger: id=7129 createSurf (1080x1920),-1 flag=20404, HameActivit
06-20 21:21:32.173  4897  4978 V WindowManager: Now policy hidden: Window{293f31cd0 u0 SurfaceView - com.YourCompany.PokeAR/com.epicgames.ue4.GameActivity}
06-20 21:21:32.174 21304 21330 D UE4     : Case APP_CMD_INIT_WINDOW
06-20 21:21:32.175  4897  8839 D WindowManager: finishDrawingWindow: Window{293f31cd0 u0 SurfaceView - com.YourCompany.PokeAR/com.epicgames.ue4.GameActivity} mDrawState=DRAW_PENDING
06-20 21:21:32.175 21304 21330 D UE4     : LogAndroidEvents: EnqueueAppEvent : 0, 4070162440, tid = 21330
06-20 21:21:32.178  4897  5352 D MdnieScenarioControlService:  packageName : com.YourCompany.PokeAR    className : com.epicgames.ue4.GameActivity
06-20 21:21:32.192 21304 21329 D UE4     : LogICUInternationalization: Display: ICU TimeZone Detection - Raw Offset: -3:00, Platform Override: ''
06-20 21:21:32.192 21304 21329 D UE4     : 
06-20 21:21:32.197 21304 21329 D UE4     : Testing for Vulkan availability:
06-20 21:21:32.198 21304 21329 D UE4     : Vulkan library detected, checking for available driver
06-20 21:21:32.208 21304 21329 D vulkan  : searching for layers in '/data/app/com.YourCompany.PokeAR-1/lib/arm'
06-20 21:21:32.208 21304 21329 D vulkan  : searching for layers in '/system/fake-libs'
06-20 21:21:32.209 21304 21329 D vulkan  : searching for layers in '/data/app/com.YourCompany.PokeAR-1/base.apk!/lib/armeabi-v7a'
06-20 21:21:32.210 21304 21329 D vulkan  : vulkan api version_1_0 1.0.0
06-20 21:21:32.210 21304 21329 D vulkan  : vulkan header version 13
06-20 21:21:32.220  4897  4927 D WindowManager: finishDrawingWindow: Window{f3a47f0d0 u0 com.YourCompany.PokeAR/com.epicgames.ue4.GameActivity} mDrawState=DRAW_PENDING
06-20 21:21:32.231  4897  4978 D KnoxTimeoutHandler: notifyActivityDrawn [MsgParam] userId: 0 fullscreen is true showWhenlocked is false isMutiwindowRecord is false multiwindowstyle is 1
06-20 21:21:32.231  4897  4897 D KnoxTimeoutHandler: activityDrawn [MsgParam] userId: 0 fullscreen is true showWhenlocked is false isMutiwindowRecord is false multiwindowstyle is 1
06-20 21:21:32.231 21304 21304 D UE4     : Creating console command broadcast listener
06-20 21:21:32.231 21304 21330 D UE4     : LogAndroidEvents: EnqueueAppEvent : 9, 0, tid = 21330
06-20 21:21:32.232  4897  4897 I KnoxTimeoutHandler: SD activityfalse
06-20 21:21:32.232  4897  4897 I KnoxTimeoutHandler: Fullscreen and mCurrent is not KNOX user. Hence hide keyguard
06-20 21:21:32.233  4897  4945 D ActivityManager: mActivityResumeBoosterTail.acquire()
06-20 21:21:32.234  4897  4978 D ActivityManager: mActivityResumeBooster.release()
06-20 21:21:32.234 21304 21304 D UE4     : ==================================> Inside onStart function in GameActivity
06-20 21:21:32.235 21304 21330 D UE4     : Case APP_CMD_RESUME
06-20 21:21:32.235 21304 21330 D UE4     : LogAndroidEvents: EnqueueAppEvent : 7, 0, tid = 21330
06-20 21:21:32.257  4897  1282 I Sensors : Acc old sensor_state 16896, new sensor_state : 16897 en : 1
06-20 21:21:32.259 21304 21304 D SensorManager: registerListener :: 0, K6DS3TR Acceleration Sensor, 20000, 0,  
06-20 21:21:32.260  4897 11272 I Sensors : Mag old sensor_state 16897, new sensor_state : 16913 en : 1
06-20 21:21:32.262 21304 21304 D SensorManager: registerListener :: 1, YAS537 Magnetic Sensor, 20000, 0,  
06-20 21:21:32.263  4897  6341 I Sensors : Gyro old sensor_state 16913, new sensor_state : 16915 en : 1
06-20 21:21:32.270 21304 21304 D SensorManager: registerListener :: 3, K6DS3TR Gyroscope Sensor, 20000, 0,  
06-20 21:21:32.270 21304 21304 D UE4     : App is running in Portrait
06-20 21:21:32.270 21304 21304 D UE4     : ==============> Resuming main init
06-20 21:21:32.307 21304 21304 D UE4     : ==============> GameActive.onResume complete!
06-20 21:21:32.308  4897  6487 D ActivityManager: post active user change for 0 fullscreen true isHomeActivity() false
06-20 21:21:32.308  4897  6487 D KnoxTimeoutHandler: postActiveUserChange [MsgParam] userId: 0 fullscreen is true showWhenlocked is false isMutiwindowRecord is false multiwindowstyle is 0
