06-17 18:22:23.082  4906  6377 I         : TimaKeyStore: tima_KeyStore3_exist_JNI
06-17 18:22:23.082  4906  6377 I         : TimaKeyStore: callingUid is 1000
06-17 18:22:23.082  4906  6377 E TLC_TZ_KEYSTORE: : Inside TZ_KEYSTORE_encrypt_filename()
06-17 18:22:23.082  4906  6377 I TLC_TZ_KEYSTORE: : creating new keystore context...
06-17 18:22:23.082  4906  6377 I TLC_TZ_KEYSTORE: : initializing ccm context...
06-17 18:22:23.082  4906  6377 I TLC_TZ_KEYSTORE: : root = 0, root_strlen = 1
06-17 18:22:23.082  4906  6377 I TLC_TZ_KEYSTORE: : process = ffffffff000000000000000000000013, process_strlen = 32
06-17 18:22:23.082  4906  6377 I TZ: mc_tlc_communication: input max_sendmsg_size = 1080
06-17 18:22:23.082  4906  6377 I TZ: mc_tlc_communication: input max_recvmsg_size = 1080
06-17 18:22:23.082  4906  6377 I TZ: mc_tlc_communication: root = 0, root_len = 1
06-17 18:22:23.082  4906  6377 I TZ: mc_tlc_communication: process = ffffffff000000000000000000000013, process_strlen = 32
06-17 18:22:23.082  4906  6377 I TZ: mc_tlc_communication: aligned max_sendmsg_size = 1088
06-17 18:22:23.082  4906  6377 I TZ: mc_tlc_communication: aligned max_recvmsg_size = 1088
06-17 18:22:23.082  4906  6377 I TZ: mc_tlc_communication: device_id = 0x0
06-17 18:22:23.082  4906  6377 I TZ: mc_tlc_communication: tlc_open() was called
06-17 18:22:23.082  4906  6377 I TZ: mc_tlc_communication: Opening MobiCore device
06-17 18:22:23.082  4906  6377 I TZ: mc_tlc_communication: Allocating message buffer for TCI
06-17 18:22:23.082  4906  6377 I TZ: mc_tlc_communication: Opening the session
06-17 18:22:23.083 28410 28410 I art     : Starting a blocking GC AddRemoveAppImageSpace
06-17 18:22:23.085  4675  4675 E audit   : type=1320 audit(1529270543.076:892): 
06-17 18:22:23.085 28410 28410 W System  : ClassLoader referenced unknown path: /data/app/com.primety.sodexomobile-1/lib/arm64
06-17 18:22:23.088  7720  7720 I Utils   : isCurrentUser current = 0, ownerId = 0
06-17 18:22:23.088  7720  7720 I TrayVisibilityController: getComputedTrayVisible : keyguardState = 1
06-17 18:22:23.088  7720  7720 I TrayVisibilityController: updateTrayVisible : State : 1 visible = 1 mCurrentVisible = 1
06-17 18:22:23.088  7720  7720 D TrayStateController: onNotifyUpdateTray: 0 to need to visible? true
06-17 18:22:23.096 28410 28410 D ContextRelationMgrBrdg: loadKlass() : caller=com.samsung.android.bridge.multiscreen.common.ContextRelationManagerBridge.<clinit>:28 android.app.LoadedApk.makeApplication:840 
06-17 18:22:23.097  4906  6377 I TZ: mc_tlc_communication: tlc_open() succeeded
06-17 18:22:23.097  4906  6377 I TLC_TZ_KEYSTORE: : ctx = 0x7d6fc65d20, comm = 0x7d6fc65d40, sendmsg = 0x7d6a5cc000, recvmsg = 0x7d6a5cc440
06-17 18:22:23.097  4906  6377 I TLC_TZ_COMMON: get_filename: : TZ_COMMON: Get_filename - allow_hashing: 0
06-17 18:22:23.098  4906  6377 I TLC_TZ_COMMON: get_filename: : TZ GetFN : priv_data.in_filename: 1000_KS_SKEY_PersonaPwdResetToken0, len: 34
06-17 18:22:23.098  4906  6377 I TLC_TZ_COMMON: get_filename: : TZ CCM : priv_data.in_fn_len: 34
06-17 18:22:23.098  4906  6377 I TLC_TZ_COMMON: get_filename: : TZ GetFN : Starting
06-17 18:22:23.102  4906  6377 I TLC_TZ_COMMON: get_filename: : TZ GetFN : enc filename: 0F7FD7E18F1D8CD172FB5725804D45B31BBC93886976B21F214E2F3D124D32A9DE0DA2F095BA1F7D98B622F37B7A45DCF6D8F33767F4A8098E6B57FF4936B619
06-17 18:22:23.102  4906  6377 I TZ: mc_tlc_communication: tlc_close() was called
06-17 18:22:23.102  4906  6377 I TZ: mc_tlc_communication: Closing the session
06-17 18:22:23.104  4906  6377 I TZ: mc_tlc_communication: Freeing message buffer
06-17 18:22:23.104  4906  6377 I TZ: mc_tlc_communication: Closing MobiCore device
06-17 18:22:23.104  4906  6377 I TZ: mc_tlc_communication: tlc_close() succeeded
06-17 18:22:23.105  4906  6377 E TLC_TZ_KEYSTORE: : Count : 1, Ret : 0
06-17 18:22:23.105  4906  6377 I         : TimaKeyStore: encryptFilename : filename is: 0F7FD7E18F1D8CD172FB5725804D45B31BBC93886976B21F214E2F3D124D32A9DE0DA2F095BA1F7D98B622F37B7A45DCF6D8F33767F4A8098E6B57FF4936B619
06-17 18:22:23.105  4906  6377 I         : TimaKeyStore: /data/misc/fips_tima_keystore/user_0/0F7FD7E18F1D8CD172FB5725804D45B31BBC93886976B21F214E2F3D124D32A9DE0DA2F095BA1F7D98B622F37B7A45DCF6D8F33767F4A8098E6B57FF4936B619 exists
06-17 18:22:23.105  4906  6377 D FipsTimaKeyStore: isAliasAcessPermitted - getSlotIdForCaller returned : -1
06-17 18:22:23.105  4906  6377 D TimaService: TIMA3: FipsKeyStore3_exist
06-17 18:22:23.105  4906  6377 D TimaService: TIMA: in getTimaVersion
06-17 18:22:23.105  4906  6377 D TimaService: TIMA: in getTimaStatus
06-17 18:22:23.105  4906  6377 D TimaService: TIMA: in getTimaStatus
06-17 18:22:23.105  4906  6377 I         : TimaKeyStore: tima_KeyStore3_exist_JNI
06-17 18:22:23.105  4906  6377 I         : TimaKeyStore: callingUid is 1000
06-17 18:22:23.105  4906  6377 E TLC_TZ_KEYSTORE: : Inside TZ_KEYSTORE_encrypt_filename()
06-17 18:22:23.105  4906  6377 I TLC_TZ_KEYSTORE: : creating new keystore context...
06-17 18:22:23.105  4906  6377 I TLC_TZ_KEYSTORE: : initializing ccm context...
06-17 18:22:23.105  4906  6377 I TLC_TZ_KEYSTORE: : root = 0, root_strlen = 1
06-17 18:22:23.105  4906  6377 I TLC_TZ_KEYSTORE: : process = ffffffff000000000000000000000013, process_strlen = 32
06-17 18:22:23.105  4906  6377 I TZ: mc_tlc_communication: input max_sendmsg_size = 1080
06-17 18:22:23.105  4906  6377 I TZ: mc_tlc_communication: input max_recvmsg_size = 1080
06-17 18:22:23.105  4906  6377 I TZ: mc_tlc_communication: root = 0, root_len = 1
06-17 18:22:23.105  4906  6377 I TZ: mc_tlc_communication: process = ffffffff000000000000000000000013, process_strlen = 32
06-17 18:22:23.105  4906  6377 I TZ: mc_tlc_communication: aligned max_sendmsg_size = 1088
06-17 18:22:23.105  4906  6377 I TZ: mc_tlc_communication: aligned max_recvmsg_size = 1088
06-17 18:22:23.105  4906  6377 I TZ: mc_tlc_communication: device_id = 0x0
06-17 18:22:23.105  4906  6377 I TZ: mc_tlc_communication: tlc_open() was called
06-17 18:22:23.105  4906  6377 I TZ: mc_tlc_communication: Opening MobiCore device
06-17 18:22:23.105  4906  6377 I TZ: mc_tlc_communication: Allocating message buffer for TCI
06-17 18:22:23.105  4906  6377 I TZ: mc_tlc_communication: Opening the session
06-17 18:22:23.116 28410 28410 D FirebaseApp: com.google.firebase.auth.FirebaseAuth is not linked. Skipping initialization.
06-17 18:22:23.124 28410 28410 D FirebaseApp: com.google.firebase.crash.FirebaseCrash is not linked. Skipping initialization.
06-17 18:22:23.126  4906  6377 I TZ: mc_tlc_communication: tlc_open() succeeded
06-17 18:22:23.126  4906  6377 I TLC_TZ_KEYSTORE: : ctx = 0x7d6fc65d20, comm = 0x7d6fc65d40, sendmsg = 0x7d6a5cc000, recvmsg = 0x7d6a5cc440
06-17 18:22:23.126  4906  6377 I TLC_TZ_COMMON: get_filename: : TZ_COMMON: Get_filename - allow_hashing: 0
06-17 18:22:23.126  4906  6377 I TLC_TZ_COMMON: get_filename: : TZ GetFN : priv_data.in_filename: 1000_KS_SKEY_PersonaPwdResetToken0, len: 34
06-17 18:22:23.126  4906  6377 I TLC_TZ_COMMON: get_filename: : TZ CCM : priv_data.in_fn_len: 34
06-17 18:22:23.126  4906  6377 I TLC_TZ_COMMON: get_filename: : TZ GetFN : Starting
06-17 18:22:23.128 28410 28410 I FA      : App measurement is starting up, version: 10084
06-17 18:22:23.128 28410 28410 I FA      : To enable debug logging run: adb shell setprop log.tag.FA VERBOSE
06-17 18:22:23.130  4906  6377 I TLC_TZ_COMMON: get_filename: : TZ GetFN : enc filename: 0F7FD7E18F1D8CD172FB5725804D45B31BBC93886976B21F214E2F3D124D32A9DE0DA2F095BA1F7D98B622F37B7A45DCF6D8F33767F4A8098E6B57FF4936B619
06-17 18:22:23.130  4906  6377 I TZ: mc_tlc_communication: tlc_close() was called
06-17 18:22:23.131  4906  6377 I TZ: mc_tlc_communication: Closing the session
06-17 18:22:23.132  4906  6377 I TZ: mc_tlc_communication: Freeing message buffer
06-17 18:22:23.132  4906  6377 I TZ: mc_tlc_communication: Closing MobiCore device
06-17 18:22:23.132  4906  6377 I TZ: mc_tlc_communication: tlc_close() succeeded
06-17 18:22:23.133  4906  6377 E TLC_TZ_KEYSTORE: : Count : 1, Ret : 0
06-17 18:22:23.133  4906  6377 I         : TimaKeyStore: encryptFilename : filename is: 0F7FD7E18F1D8CD172FB5725804D45B31BBC93886976B21F214E2F3D124D32A9DE0DA2F095BA1F7D98B622F37B7A45DCF6D8F33767F4A8098E6B57FF4936B619
06-17 18:22:23.133  4906  6377 I         : TimaKeyStore: /data/misc/fips_tima_keystore/user_0/0F7FD7E18F1D8CD172FB5725804D45B31BBC93886976B21F214E2F3D124D32A9DE0DA2F095BA1F7D98B622F37B7A45DCF6D8F33767F4A8098E6B57FF4936B619 exists
06-17 18:22:23.133  4906  6377 D TimaService: TIMA3: FipsKeyStore3_exist
06-17 18:22:23.133  4906  6377 D TimaService: TIMA: in getTimaVersion
06-17 18:22:23.133  4906  6377 D TimaService: TIMA: in getTimaStatus
06-17 18:22:23.133  4906  6377 D TimaService: TIMA: in getTimaStatus
06-17 18:22:23.133  4906  6377 I         : TimaKeyStore: tima_KeyStore3_exist_JNI
06-17 18:22:23.133  4906  6377 I         : TimaKeyStore: callingUid is 1000
06-17 18:22:23.133  4906  6377 E TLC_TZ_KEYSTORE: : Inside TZ_KEYSTORE_encrypt_filename()
06-17 18:22:23.133  4906  6377 I TLC_TZ_KEYSTORE: : creating new keystore context...
06-17 18:22:23.133  4906  6377 I TLC_TZ_KEYSTORE: : initializing ccm context...
06-17 18:22:23.133  4906  6377 I TLC_TZ_KEYSTORE: : root = 0, root_strlen = 1
06-17 18:22:23.133  4906  6377 I TLC_TZ_KEYSTORE: : process = ffffffff000000000000000000000013, process_strlen = 32
06-17 18:22:23.133  4906  6377 I TZ: mc_tlc_communication: input max_sendmsg_size = 1080
06-17 18:22:23.133  4906  6377 I TZ: mc_tlc_communication: input max_recvmsg_size = 1080
06-17 18:22:23.133  4906  6377 I TZ: mc_tlc_communication: root = 0, root_len = 1
06-17 18:22:23.133  4906  6377 I TZ: mc_tlc_communication: process = ffffffff000000000000000000000013, process_strlen = 32
06-17 18:22:23.133  4906  6377 I TZ: mc_tlc_communication: aligned max_sendmsg_size = 1088
06-17 18:22:23.133  4906  6377 I TZ: mc_tlc_communication: aligned max_recvmsg_size = 1088
06-17 18:22:23.133  4906  6377 I TZ: mc_tlc_communication: device_id = 0x0
06-17 18:22:23.133  4906  6377 I TZ: mc_tlc_communication: tlc_open() was called
06-17 18:22:23.133  4906  6377 I TZ: mc_tlc_communication: Opening MobiCore device
06-17 18:22:23.133  4906  6377 I TZ: mc_tlc_communication: Allocating message buffer for TCI
06-17 18:22:23.133  4906  6377 I TZ: mc_tlc_communication: Opening the session
06-17 18:22:23.134 28410 28410 I FA      : To enable faster debug mode event logging run:
06-17 18:22:23.134 28410 28410 I FA      :   adb shell setprop debug.firebase.analytics.app com.primety.sodexomobile
06-17 18:22:23.135  4906  6309 D SamsungAlarmManager: Cancel Alarm calling from uid:10201 pid :28410 / op:PendingIntent{de68a6d: PendingIntentRecord{6a456a2 com.primety.sodexomobile broadcastIntent}}
06-17 18:22:23.136 28410 28410 I FirebaseInitProvider: FirebaseApp initialization successful
06-17 18:22:23.149 26330 26330 D SAMSUNGPAY: [SpayBroadcastReceiver] onReceive() action = com.samsung.keyguard.KEYGUARD_STATE_UPDATE
06-17 18:22:23.156  4906  6377 I TZ: mc_tlc_communication: tlc_open() succeeded
06-17 18:22:23.157  4906  6377 I TLC_TZ_KEYSTORE: : ctx = 0x7d6fc65d20, comm = 0x7d6fc65d40, sendmsg = 0x7d6a5cc000, recvmsg = 0x7d6a5cc440
06-17 18:22:23.157  4906  6377 I TLC_TZ_COMMON: get_filename: : TZ_COMMON: Get_filename - allow_hashing: 0
06-17 18:22:23.157  4906  6377 I TLC_TZ_COMMON: get_filename: : TZ GetFN : priv_data.in_filename: 1000_KS_SKEY_PersonaPwdResetToken0, len: 34
06-17 18:22:23.157  4906  6377 I TLC_TZ_COMMON: get_filename: : TZ CCM : priv_data.in_fn_len: 34
06-17 18:22:23.157  4906  6377 I TLC_TZ_COMMON: get_filename: : TZ GetFN : Starting
06-17 18:22:23.164  4906  6377 I TLC_TZ_COMMON: get_filename: : TZ GetFN : enc filename: 0F7FD7E18F1D8CD172FB5725804D45B31BBC93886976B21F214E2F3D124D32A9DE0DA2F095BA1F7D98B622F37B7A45DCF6D8F33767F4A8098E6B57FF4936B619
06-17 18:22:23.164  4906  6377 I TZ: mc_tlc_communication: tlc_close() was called
06-17 18:22:23.164  4906  6377 I TZ: mc_tlc_communication: Closing the session
06-17 18:22:23.166  4906  6377 I TZ: mc_tlc_communication: Freeing message buffer
06-17 18:22:23.166  4906  6377 I TZ: mc_tlc_communication: Closing MobiCore device
06-17 18:22:23.166  4906  6377 I TZ: mc_tlc_communication: tlc_close() succeeded
06-17 18:22:23.166  4906  6377 E TLC_TZ_KEYSTORE: : Count : 1, Ret : 0
06-17 18:22:23.166  4906  6377 I         : TimaKeyStore: encryptFilename : filename is: 0F7FD7E18F1D8CD172FB5725804D45B31BBC93886976B21F214E2F3D124D32A9DE0DA2F095BA1F7D98B622F37B7A45DCF6D8F33767F4A8098E6B57FF4936B619
06-17 18:22:23.166  4906  6377 I         : TimaKeyStore: /data/misc/fips_tima_keystore/user_0/0F7FD7E18F1D8CD172FB5725804D45B31BBC93886976B21F214E2F3D124D32A9DE0DA2F095BA1F7D98B622F37B7A45DCF6D8F33767F4A8098E6B57FF4936B619 exists
06-17 18:22:23.166  4906  6377 D TimaService: TIMA3: FipsKeyStore3_get
06-17 18:22:23.166  4906  6377 D TimaService: TIMA: in getTimaVersion
06-17 18:22:23.166  4906  6377 D TimaService: TIMA: in getTimaStatus
06-17 18:22:23.166  4906  6377 D TimaService: TIMA: in getTimaStatus
06-17 18:22:23.166  4906  6377 I         : TimaKeyStore: tima_KeyStore3_get_JNI
06-17 18:22:23.166  4906  6377 I         : TimaKeyStore: callingUid is 1000
06-17 18:22:23.166  4906  6377 E TLC_TZ_KEYSTORE: : Inside TZ_KEYSTORE_encrypt_filename()
06-17 18:22:23.166  4906  6377 I TLC_TZ_KEYSTORE: : creating new keystore context...
06-17 18:22:23.166  4906  6377 I TLC_TZ_KEYSTORE: : initializing ccm context...
06-17 18:22:23.166  4906  6377 I TLC_TZ_KEYSTORE: : root = 0, root_strlen = 1
06-17 18:22:23.166  4906  6377 I TLC_TZ_KEYSTORE: : process = ffffffff000000000000000000000013, process_strlen = 32
06-17 18:22:23.167  4906  6377 I TZ: mc_tlc_communication: input max_sendmsg_size = 1080
06-17 18:22:23.167  4906  6377 I TZ: mc_tlc_communication: input max_recvmsg_size = 1080
06-17 18:22:23.167  4906  6377 I TZ: mc_tlc_communication: root = 0, root_len = 1
06-17 18:22:23.167  4906  6377 I TZ: mc_tlc_communication: process = ffffffff000000000000000000000013, process_strlen = 32
06-17 18:22:23.167  4906  6377 I TZ: mc_tlc_communication: aligned max_sendmsg_size = 1088
06-17 18:22:23.167  4906  6377 I TZ: mc_tlc_communication: aligned max_recvmsg_size = 1088
06-17 18:22:23.167  4906  6377 I TZ: mc_tlc_communication: device_id = 0x0
06-17 18:22:23.167  4906  6377 I TZ: mc_tlc_communication: tlc_open() was called
06-17 18:22:23.167  4906  6377 I TZ: mc_tlc_communication: Opening MobiCore device
06-17 18:22:23.167  4906  6377 I TZ: mc_tlc_communication: Allocating message buffer for TCI
06-17 18:22:23.167  4906  6377 I TZ: mc_tlc_communication: Opening the session
06-17 18:22:23.183  4906  6377 I TZ: mc_tlc_communication: tlc_open() succeeded
06-17 18:22:23.183  4906  6377 I TLC_TZ_KEYSTORE: : ctx = 0x7d6fc65d20, comm = 0x7d6fc65d40, sendmsg = 0x7d6a5cc000, recvmsg = 0x7d6a5cc440
06-17 18:22:23.183  4906  6377 I TLC_TZ_COMMON: get_filename: : TZ_COMMON: Get_filename - allow_hashing: 0
06-17 18:22:23.183  4906  6377 I TLC_TZ_COMMON: get_filename: : TZ GetFN : priv_data.in_filename: 1000_KS_SKEY_PersonaPwdResetToken0, len: 34
06-17 18:22:23.183  4906  6377 I TLC_TZ_COMMON: get_filename: : TZ CCM : priv_data.in_fn_len: 34
06-17 18:22:23.183  4906  6377 I TLC_TZ_COMMON: get_filename: : TZ GetFN : Starting
06-17 18:22:23.188  4906  6377 I TLC_TZ_COMMON: get_filename: : TZ GetFN : enc filename: 0F7FD7E18F1D8CD172FB5725804D45B31BBC93886976B21F214E2F3D124D32A9DE0DA2F095BA1F7D98B622F37B7A45DCF6D8F33767F4A8098E6B57FF4936B619
06-17 18:22:23.188  4906  6377 I TZ: mc_tlc_communication: tlc_close() was called
06-17 18:22:23.188  4906  6377 I TZ: mc_tlc_communication: Closing the session
06-17 18:22:23.190  4906  6377 I TZ: mc_tlc_communication: Freeing message buffer
06-17 18:22:23.191  4906  6377 I TZ: mc_tlc_communication: Closing MobiCore device
06-17 18:22:23.191  4906  6377 I TZ: mc_tlc_communication: tlc_close() succeeded
06-17 18:22:23.191  4906  6377 E TLC_TZ_KEYSTORE: : Count : 1, Ret : 0
06-17 18:22:23.191  4906  6377 I         : TimaKeyStore: encryptFilename : filename is: 0F7FD7E18F1D8CD172FB5725804D45B31BBC93886976B21F214E2F3D124D32A9DE0DA2F095BA1F7D98B622F37B7A45DCF6D8F33767F4A8098E6B57FF4936B619
06-17 18:22:23.192  4906  6377 I TLC_TZ_KEYSTORE: : TZ_KEYSTORE_fips_unwrap_key
06-17 18:22:23.192  4906  6377 I TLC_TZ_KEYSTORE: : creating new keystore context...
06-17 18:22:23.192  4906  6377 I TLC_TZ_KEYSTORE: : initializing ccm context...
06-17 18:22:23.192  4906  6377 I TLC_TZ_KEYSTORE: : root = 0, root_strlen = 1
06-17 18:22:23.192  4906  6377 I TLC_TZ_KEYSTORE: : process = ffffffff000000000000000000000013, process_strlen = 32
06-17 18:22:23.192  4906  6377 I TZ: mc_tlc_communication: input max_sendmsg_size = 1080
06-17 18:22:23.192  4906  6377 I TZ: mc_tlc_communication: input max_recvmsg_size = 1080
06-17 18:22:23.192  4906  6377 I TZ: mc_tlc_communication: root = 0, root_len = 1
06-17 18:22:23.192  4906  6377 I TZ: mc_tlc_communication: process = ffffffff000000000000000000000013, process_strlen = 32
06-17 18:22:23.192  4906  6377 I TZ: mc_tlc_communication: aligned max_sendmsg_size = 1088
06-17 18:22:23.192  4906  6377 I TZ: mc_tlc_communication: aligned max_recvmsg_size = 1088
06-17 18:22:23.193  4906  6377 I TZ: mc_tlc_communication: device_id = 0x0
06-17 18:22:23.193  4906  6377 I TZ: mc_tlc_communication: tlc_open() was called
06-17 18:22:23.193  4906  6377 I TZ: mc_tlc_communication: Opening MobiCore device
06-17 18:22:23.193  4906  6377 I TZ: mc_tlc_communication: Allocating message buffer for TCI
06-17 18:22:23.193  4906  6377 I TZ: mc_tlc_communication: Opening the session
06-17 18:22:23.217  4906  5020 V WindowOrientationListener: OrientationSensorJudge.getProposedRotation, Rotation: 0
06-17 18:22:23.218  4906  5020 V WindowOrientationListener: OrientationSensorJudge.getProposedRotation, Rotation: 0
06-17 18:22:23.218  4906  5020 V WindowManager: rotationForOrientationLw(orient=4, last=0); user=0  sensorRotation=0 mLidState=-1 mDockMode=0 mHdmiPlugged=false
06-17 18:22:23.219  4906  6377 I TZ: mc_tlc_communication: tlc_open() succeeded
06-17 18:22:23.219  4906  6377 I TLC_TZ_KEYSTORE: : ctx = 0x7d6fc65d20, comm = 0x7d6fc65d40, sendmsg = 0x7d6a5cc000, recvmsg = 0x7d6a5cc440
06-17 18:22:23.219  4906  6377 I TLC_TZ_KEYSTORE: unwrap_key: : TZ_KEYSTORE_fips_unwrap_key_TLC...
06-17 18:22:23.219  4906  6377 I TLC_TZ_KEYSTORE: unwrap_key: : TZ_KEYSTORE_unwrap_key_START...
06-17 18:22:23.229  4906  6377 I TLC_TZ_KEYSTORE: unwrap_key: : TZ_KEYSTORE_unwrap_key_END...
06-17 18:22:23.229  4906  6377 I TZ: mc_tlc_communication: tlc_close() was called
06-17 18:22:23.229  4906  6377 I TZ: mc_tlc_communication: Closing the session
06-17 18:22:23.233  4906  6377 I TZ: mc_tlc_communication: Freeing message buffer
06-17 18:22:23.233  4906  6377 I TZ: mc_tlc_communication: Closing MobiCore device
06-17 18:22:23.233  4906  6377 I TZ: mc_tlc_communication: tlc_close() succeeded
06-17 18:22:23.233  4906  6377 E TLC_TZ_KEYSTORE: : Count : 1, Ret : 0
06-17 18:22:23.233  4906  6377 I         : TimaKeyStore: returning bytearray
06-17 18:22:23.234  4906  6377 D TimaHelper: Found key : PersonaPwdResetToken0 from TIMA keystore
06-17 18:22:23.234  4906  6377 I KeyManagementUtil: retrieveCMK :: Inside
06-17 18:22:23.234  4906  6377 D KeyManagementUtil: verifyKEK :: Inside
06-17 18:22:23.236  4906  6377 D KeyManagementUtil: SND -> {keymanagement_cmd verify_kek}
06-17 18:22:23.237  4702  4734 D SDP_JNI_SKMM2:  [sdp] CALL - VerifyKEK..... 
06-17 18:22:23.237  4702  4734 D SDP_JNI_SKMM2: verifyKEK ..... 
06-17 18:22:23.237  4702  4734 D SDP_JNI_SKMM2: verifyKEK :: id=0, type=MDM
06-17 18:22:23.237  4702  4734 E SDP_DAEMON_SKMM2: int __read_payload(int, void *, size_t)(size:660)
06-17 18:22:23.238  4702  4734 E SKMM_v2.0_Mobicore_Helper: InitMode: 0
06-17 18:22:23.238  4702  4734 I TeeDriverClient: driver client open [hardware/samsung_slsi/exynos8890/mobicore/ClientLib/src/driver_client.cpp:103]
06-17 18:22:23.238  4702  4734 D SKMM_v2.0_Mobicore_Helper: Try Trustlet Open Session
06-17 18:22:23.255  4702  4734 I SDP_DAEMON_SKMM2: Initialized Successfully(0)
06-17 18:22:23.258  5488  5488 V KeyguardDisplayManager: hide (true)
06-17 18:22:23.282 28410 28410 D PREDICTA/DEBUG: GETLocationService onCreate
06-17 18:22:23.283  4702  4734 D SKMM_v2.0_Mobicore_Helper: Send Trustlet TCI Message
06-17 18:22:23.285  4702  4734 I TeeDriverClient: driver client closed [hardware/samsung_slsi/exynos8890/mobicore/ClientLib/src/driver_client.cpp:113]
06-17 18:22:23.285  4702  4734 D SDP_JNI_SKMM2: verifyKEK ..... End
06-17 18:22:23.286  4906  5281 D KeyManagementUtil: RCV <-
06-17 18:22:23.286  4906  6377 D KeyManagementUtil: RMV <-
06-17 18:22:23.286  4906  6377 D KeyManagementUtil: event called.
06-17 18:22:23.287 28410 28433 D NetworkSecurityConfig: No Network Security Config specified, using platform default
06-17 18:22:23.287  4906  6377 D SdpManagerService: cacheMasterKey :: 0
06-17 18:22:23.287  4906  6377 E SDP.CRYPTO: 
06-17 18:22:23.287  4906  6377 E SDP.CRYPTO: int sdp_drv_on_unlocked(int, const char *, int)(0)
06-17 18:22:23.288  4906  6377 E SDP.CRYPTO: Rpri loaded
06-17 18:22:23.288  4906  6377 E SDP.CRYPTO: Dpri loaded
06-17 18:22:23.288  4906  6377 E SDP.CRYPTO: EDpri loaded
06-17 18:22:23.289  4906  6377 E SDP.CRYPTO: sym loaded
06-17 18:22:23.289  4906  6377 E SDP.CRYPTO:     On User Unlock OK, id 0
06-17 18:22:23.289  4906  6377 D SdpManagerService: onStateChange :: Engine Id : 0, State : 2, Roll Size : 0
06-17 18:22:23.289  4906  6377 E SdpManagerService: sendBroadcastAsUser(INTENT_SDP_STATE_CHANGED, state:2)
06-17 18:22:23.290  4906  6377 E SdpManagerService: sendBroadcastAsUser(ACTION_SDP_STATE_CHANGED, state:2)
06-17 18:22:23.290  5488 28384 D KnoxStateMonitor: unlockSdp :: Unlock SDP Successful..!
06-17 18:22:23.292 28410 28433 I System.out: (HTTPLog)-Static: isSBSettingEnabled false
06-17 18:22:23.293 28410 28433 I System.out: (HTTPLog)-Static: isSBSettingEnabled false
06-17 18:22:23.295  4722  5209 D EnterpriseController: netId is 0
06-17 18:22:23.295  4722  5209 D Netd    : getNetworkForDns: using netid 502 for uid 10201
06-17 18:22:23.295  4722  5209 D DnsProxyListener: DNSDBG::dns addrinfo af 0
06-17 18:22:23.349  5810 28370 D FusedRequestManager_FLP: manageLocationRequest, new fused (NO_POWER) request from com.google.android.googlequicksearchbox interval 1000 through GooglePlayService, HWFLP = 0
06-17 18:22:23.680  4906  5873 D CustomFrequencyManagerService: releaseDVFSLockLocked : Getting Lock type frm List : DVFS_MIN_LIMIT  frequency : 1248000  uid : 1000  pid : 4906  tag : UNLOCKSCREEN_BOOSTER@2
06-17 18:22:23.696 28435 28435 I FIPS_bssl: FIPS (v1.1) approved mode (1) | 28435 | ps
06-17 18:22:23.714  4906  5255 D SamsungAlarmManager: Expired : 8
06-17 18:22:23.714  4906  5255 V SamsungAlarmManager: Sending to uid : 1000 action=com.android.server.action.UPDATE_TWILIGHT_STATE alarm=Alarm{79e17fa type 1 when 600000 android}
06-17 18:22:23.722  4906  4906 D SamsungAlarmManager: Cancel Alarm calling from uid:1000 pid :4906 / op:PendingIntent{efa91ab: PendingIntentRecord{5f9dcc2 android broadcastIntent}}
06-17 18:22:23.723  4906  4906 D SamsungAlarmManager: setExact Intent (T:1/F:9/AC:false) 19691231T211000 - CU:1000/CP:4906
06-17 18:22:23.723  4906  4906 I SamsungAlarmManager: setLocked to kernel - T:3 / 20180617T182224, SetElapsed=5831586, nowELAPSED=5830587
06-17 18:22:23.739  4727  6604 D bauth_FPBAuthService: pcf : 0x1011
06-17 18:22:23.739  4727  6604 I TLC_BAUTH: Call FP cmd 0xc (30);1557
06-17 18:22:23.740  4727  6604 I tlc_communication: Send Trustlet TCI Message;214
06-17 18:22:23.740  4727  6604 I tlc_communication: mcNotify is completed;224
06-17 18:22:23.755  4727  6604 I tlc_communication: mcWaitNotification is completed;237
06-17 18:22:23.755  4727  6604 I TLC_BAUTH: Check the Trustlet return code is completed;1665
06-17 18:22:23.755  4727  6604 D bauth_FPBAuthService: check_opcode status = 5, opcode = 0, func_ret_val = 0, function_status = 0, timeout = 0
06-17 18:22:23.755  4727  6604 I TLC_BAUTH: Call FUNC ID 0x4;693
06-17 18:22:23.759  4727  6604 I tlc_communication: tlc_close() called;149
06-17 18:22:23.759  4727  6604 I tlc_communication: Closing the session;153
06-17 18:22:23.763  4727  6604 I tlc_communication: Free WSM;171
06-17 18:22:23.763  4727  6604 I tlc_communication: Closing MobiCore device;189
06-17 18:22:23.763  4727  6604 I TeeDriverClient: driver client closed [hardware/samsung_slsi/exynos8890/mobicore/ClientLib/src/driver_client.cpp:113]
06-17 18:22:23.763  4727  6604 I tlc_communication: tlc_close() successed;202
06-17 18:22:23.763  4727  6604 I TLC_BAUTH: FUNC ID 0x4 is completed;823
06-17 18:22:23.763  4727  6604 D bauth_FPBAuthSensorControl: FPBAuthSensorControl, 304
06-17 18:22:23.763  4727  6604 D bauth_FPBAuthService: FPBAuthService, 688
06-17 18:22:23.763  4727  6604 D bauth_FPBAuthService: FPBAuthService, 7639
06-17 18:22:23.763  4727  6604 D bauth_service: BAuthService, 85
06-17 18:22:23.763  4727  6604 D bauth_FPBAuthService: FPBAuthService, 7434
06-17 18:22:24.020  4906  5271 D InputReader: Input event(4): value=1 when=5374030436000
06-17 18:22:24.020  4906  5271 D InputReader: Input event(4): value=1 when=5374030436000
06-17 18:22:24.020  4906  5271 I InputReader: Touch event's action is 0x0 (deviceType=0) [pCnt=1, s=0.103 ] when=5374030436000
06-17 18:22:24.020  4906  5271 D InputReader: lastThreadEndTime = 5372721231656, currentThreadStartTime = 5372721233618, diff = 0
06-17 18:22:24.020  4906  5270 I InputDispatcher: Delivering touch to (28059): action: 0x0, toolType: 1
06-17 18:22:24.021 28059 28059 D ViewRootImpl@891b7cf[GameActivity]: ViewPostImeInputStage processPointer 0
06-17 18:22:24.023 28059 28059 W System  : ClassLoader referenced unknown path: /system/framework/QPerformance.jar
06-17 18:22:24.024 28059 28059 E BoostFramework: BoostFramework() : Exception_1 = java.lang.ClassNotFoundException: Didn't find class "com.qualcomm.qti.Performance" on path: DexPathList[[],nativeLibraryDirectories=[/system/lib, /vendor/lib]]
06-17 18:22:24.024 28059 28059 V BoostFramework: BoostFramework() : mPerf = null
06-17 18:22:24.034 28059 28078 D UE4     : [2018.06.17-21.22.24:034][ 26]LogSlate: FSceneViewport::OnFocusLost() reason 0
06-17 18:22:24.103  4906  5271 D InputReader: Input event(4): value=0 when=5374113742000
06-17 18:22:24.103  4906  5271 D InputReader: Input event(4): value=0 when=5374113742000
06-17 18:22:24.103  4906  5271 I InputReader: Touch event's action is 0x1 (deviceType=0) [pCnt=1, s=] when=5374113742000
06-17 18:22:24.103  4906  5270 I InputDispatcher: Delivering touch to (28059): action: 0x1, toolType: 1
06-17 18:22:24.105 28059 28059 D ViewRootImpl@891b7cf[GameActivity]: ViewPostImeInputStage processPointer 1
06-17 18:22:24.118 28059 28078 D UE4     : [2018.06.17-21.22.24:118][ 31]LogGoogleARCore: Start ARCore session requested
06-17 18:22:24.134 28059 28078 D UE4     : [2018.06.17-21.22.24:134][ 32]LogAndroidPermission: UAndroidPermissionFunctionLibrary::CheckPermission android.permission.CAMERA (Android)
06-17 18:22:24.135 28059 28078 E PermissionHelper: GVRTransition2DActivity.getActivity() failed. Trying to get GameActivity.
06-17 18:22:24.136 28059 28078 D PermissionHelper: checkPermission: android.permission.CAMERA has granted
06-17 18:22:24.136 28059 28078 I native  : session_create.cc:71 ArSession_create with info: Entering
06-17 18:22:24.162  4906  6309 D CustomFrequencyManagerService: releaseDVFSLockLocked : Getting Lock type frm List : DVFS_MIN_LIMIT  frequency : 1248000  uid : 1000  pid : 4906  tag : KEYGUARD_FINGERPRINT_BOOST@1
06-17 18:22:24.170 28059 28078 W linker  : /data/app/com.google.ar.core-2/lib/arm/libversion_check.so: is missing DT_SONAME will use basename as a replacement: "libversion_check.so"
06-17 18:22:24.171 28059 28078 W native  : commandlineflags.cc:1511 Ignoring RegisterValidateFunction() for flag pointer 0xa80c4500: no flag found at that address
06-17 18:22:24.171 28059 28078 I native  : version_check.cc:23 ARCore Version: APK version:1.2.180425134
06-17 18:22:24.171 28059 28078 I native  : version_check.cc:24 ARCore Version: emulated SDK version:1.0.0
06-17 18:22:24.171 28059 28078 I native  : session_create.cc:37 LoadDynamite with info: Dynamite load ok.
06-17 18:22:24.174 28059 28078 W linker  : /data/app/com.google.ar.core-2/lib/arm/libarcore_c.so: is missing DT_SONAME will use basename as a replacement: "libarcore_c.so"
06-17 18:22:24.182 28059 28078 W native  : commandlineflags.cc:1511 Ignoring RegisterValidateFunction() for flag pointer 0xa5084b50: no flag found at that address
06-17 18:22:24.184 28059 28078 I native  : session_create_implementation.cc:57 Entering ArSession_createImplementation. ARCore SDK version: [1.0.0].
06-17 18:22:24.184 28059 28078 V third_party/redwood/base/jni_common/jni_helper.cc: ~JniHelper: did not need to detach thread. (Called from line 20.)
06-17 18:22:24.184 28059 28078 V third_party/redwood/base/jni_common/jni_helper.cc: ~JniHelper: did not need to detach thread. (Called from line 438.)
06-17 18:22:24.184 28059 28078 V third_party/redwood/base/jni_common/jni_helper.cc: JniHelper: about to attach thread. (Called from line 79.)
06-17 18:22:24.184 28059 28078 V third_party/redwood/base/jni_common/jni_helper.cc: JniHelper: thread already attached. (Called from line 79.)
06-17 18:22:24.185 28059 28078 V third_party/redwood/base/jni_common/jni_helper.cc: ~JniHelper: did not need to detach thread. (Called from line 79.)
06-17 18:22:24.191 15756 15930 W native  : helpers.cc:1142 Defaulting to persistent calibration file.
06-17 18:22:24.191 15756 15930 W native  : helpers.cc:1119 Property calibration_cad is not defined.
06-17 18:22:24.196 15756 15930 I native  : calibration_provider.cc:611 Instantiating calibration provider with sources:
06-17 18:22:24.196 15756 15930 I native  : 	CAD: /data/user/0/com.google.ar.core/files/device_profile_database/device_profile_hero2lte_colon_7.textproto
06-17 18:22:24.196 15756 15930 I native  : 	Factory: 
06-17 18:22:24.196 15756 15930 I native  : 	Online: /data/data/com.google.ar.core/files/config/online-calibration.xml
06-17 18:22:24.196 15756 15930 I native  : 	ActiveFile: kOnlineCalibrationFile
06-17 18:22:24.196 15756 15930 I native  : 	Hardcoded CAD model fallback: Disabled
06-17 18:22:24.196 15756 15930 I native  : 	Device type: kHero2lte
06-17 18:22:24.197 15756 15930 W native  : device_profile_proto_io.h:200 Camera id 0 camera timebase trust level not set.
06-17 18:22:24.197 15756 15930 W native  : device_profile_proto_io.h:200 Camera id 1 camera timebase trust level not set.
06-17 18:22:24.197 15756 15930 W native  : calibration_provider.cc:404 Requested parsing of Online calibration, but fell back to CAD calibration: /data/user/0/com.google.ar.core/files/device_profile_database/device_profile_hero2lte_colon_7.textproto.
06-17 18:22:24.197 15756 15930 W native  : Attempted fallbacks:
06-17 18:22:24.197 15756 15930 W native  : - Online calibration: File does not exist: /data/data/com.google.ar.core/files/config/online-calibration.xml.
06-17 18:22:24.197 15756 15930 W native  : - Factory calibration: File not set.
06-17 18:22:24.197 15756 15930 W native  : 
06-17 18:22:24.197 15756 15930 W native  : device_profile_proto_io.h:200 Camera id 0 camera timebase trust level not set.
06-17 18:22:24.197 15756 15930 W native  : device_profile_proto_io.h:200 Camera id 1 camera timebase trust level not set.
06-17 18:22:24.197 15756 15930 I native  : calibration_provider.cc:393 Successfully parsed requested CAD calibration: /data/user/0/com.google.ar.core/files/device_profile_database/device_profile_hero2lte_colon_7.textproto.
06-17 18:22:24.200 28059 28078 V third_party/redwood/base/jni_common/jni_helper.cc: ~JniHelper: did not need to detach thread. (Called from line 284.)
06-17 18:22:24.202 28059 28078 V third_party/redwood/base/jni_common/jni_helper.cc: JniHelper: about to attach thread. (Called from line 68.)
06-17 18:22:24.202 28059 28078 V third_party/redwood/base/jni_common/jni_helper.cc: JniHelper: thread already attached. (Called from line 68.)
06-17 18:22:24.202 28059 28439 V third_party/redwood/base/jni_common/jni_helper.cc: JniHelper: about to attach thread. (Called from line 188.)
06-17 18:22:24.202 28059 28078 V third_party/redwood/base/jni_common/jni_helper.cc: ~JniHelper: did not need to detach thread. (Called from line 68.)
06-17 18:22:24.202 28059 28439 V third_party/redwood/base/jni_common/jni_helper.cc: JniHelper: attached thread. (Called from line 188.)
06-17 18:22:24.202 28059 28078 I native  : performance_manager.cc:22 Processor data: Num processors 8
06-17 18:22:24.202 28059 28078 I native  : Processor type: LittleBig
06-17 18:22:24.202 28059 28078 I native  : Num small cores 4
06-17 18:22:24.202 28059 28078 I native  : Max frequency 1586000
06-17 18:22:24.202 28059 28078 I native  : Min frequency 442000
06-17 18:22:24.202 28059 28078 I native  : Small cores 0 1 2 3
06-17 18:22:24.202 28059 28078 I native  : Num big cores 4
06-17 18:22:24.202 28059 28078 I native  : Max frequency 2600000
06-17 18:22:24.202 28059 28078 I native  : Min frequency 728000
06-17 18:22:24.202 28059 28078 I native  : Big cores 4 5 6 7
06-17 18:22:24.202 28059 28078 I native  : 
06-17 18:22:24.203 28059 28078 I native  : device_provider.cc:878 Identified device type: kHero2lte
06-17 18:22:24.240 28059 28078 I native  : feature_combo_node.cc:150 Created feature-track-extender for klt-stitching.
06-17 18:22:24.240 28059 28078 I native  : vio_helper.cc:48 Use calibrated IMU scale factors.
06-17 18:22:24.240 28059 28078 I native  : vio_helper.cc:60 Use calibrated IMU misalignment factors.
06-17 18:22:24.241 28059 28078 I native  : data_manager.cc:81 Mapping Config: 
06-17 18:22:24.241 28059 28078 I native  : ViwlsConfig: 
06-17 18:22:24.241 28059 28078 I native  : OnlineMappingConfig: 
06-17 18:22:24.241 28059 28078 I native  : enable_online_viwls: 1
06-17 18:22:24.241 28059 28078 I native  : load_online_map_in_vio: 1
06-17 18:22:24.241 28059 28078 I native  : enable_lite_com: 1
06-17 18:22:24.241 28059 28078 I native  : 
06-17 18:22:24.241 28059 28078 I native  : MapFormulationConfig: 
06-17 18:22:24.241 28059 28078 I native  : vio_drift_tolerance_rotation: 0.05
06-17 18:22:24.241 28059 28078 I native  : vio_drift_tolerance_translation: 0.2
06-17 18:22:24.241 28059 28078 I native  : enable_keypoint_pruning: 1
06-17 18:22:24.241 28059 28078 I native  : enable_local_map_tracking: 1
06-17 18:22:24.241 28059 28078 I native  : add_every_nth_keyframe: 3
06-17 18:22:24.241 28059 28078 I native  : 
06-17 18:22:24.241 28059 28078 I native  : WLS_options: 
06-17 18:22:24.241 28059 28078 I native  : estimate_camera_intrinsics: 0
06-17 18:22:24.241 28059 28078 I native  : estimate_imu_camera_extrinsics: 0
06-17 18:22:24.241 28059 28078 I native  : estimate_imu_intrinsics: 0
06-17 18:22:24.241 28059 28078 I native  : calculate_keyframe_covariance: 0
06-17 18:22:24.241 28059 28078 I native  : calculate_landmark_covariance: 0
06-17 18:22:24.241 28059 28078 I native  : calculate_calibration_parameters_covariance: 0
06-17 18:22:24.241 28059 28078 I native  : use_huber_loss_visual_cost_term: 1
06-17 18:22:24.241 28059 28078 I native  : nonlinear_optimization_type: NLWLS
06-17 18:22:24.241 28059 28078 I native  : num_outlier_rejection_loops: 1
06-17 18:22:24.241 28059 28078 I native  : log_viwls_state_estimates_to_file: 0
06-17 18:22:24.241 28059 28078 I native  : minimize_photometric_error: 0
06-17 18:22:24.241 28059 28078 I native  : fail_on_missing_inv_depth_base_keyframe: 1
06-17 18:22:24.241 28059 28078 I native  : enable_lite_com: 1
06-17 18:22:24.241 28059 28078 I native  : ViwlsProblemType: kMarginalizedViwls
06-17 18:22:24.241 28059 28078 I native  : 
06-17 18:22:24.241 28059 28078 I native  : MapSparsifierConfig: 
06-17 18:22:24.241 28059 28078 I native  : enable_debug_output: 0
06-17 18:22:24.241 28059 28078 I native  : marginalize_n_keyframes: 20
06-17 18:22:24.241 28059 28078 I native  : retain_n_keyframes: 5
06-17 18:22:24.241 28059 28078 I native  : enable_marginalization: 1
06-17 18:22:24.241 28059 28078 I native  : 
06-17 18:22:24.241 28059 28078 I native  : MapLandmarkConfig: 
06-17 18:22:24.241 28059 28078 I native  : min_landmark_observations: 5
06-17 18:22:24.241 28059 28078 I native  : LandmarkParam: k3DInverseDepth
06-17 18:22:24.241 28059 28078 I native  : min_depth_of_pointlandmark_from_image_plane: 0.05
06-17 18:22:24.241 28059 28078 I native  : max_depth_of_pointlandmark_from_image_plane: 15
06-17 18:22:24.241 28059 28078 I native  : landmark_covariance_use_approximation: 1
06-17 18:22:24.241 28059 28078 I native  : keypoint_pixel_sigma: 1
06-17 18:22:24.241 28059 28078 I native  : 
06-17 18:22:24.241 28059 28078 I native  : Debug_options: 
06-17 18:22:24.241 28059 28078 I native  : simulator_export_state_error_sigma_info: 0
06-17 18:22:24.241 28059 28078 I native  : log_visual_residuals: 0
06-17 18:22:24.241 28059 28078 I native  : evaluation_log_directory: 
06-17 18:22:24.241 28059 28078 I native  : 
06-17 18:22:24.241 28059 28078 I native  : 
06-17 18:22:24.241 28059 28078 I native  : DataManagerConfig: 
06-17 18:22:24.241 28059 28078 I native  : visualization_enabled: 0
06-17 18:22:24.241 28059 28078 I native  : enable_online_calibration: 0
06-17 18:22:24.241 28059 28078 I native  : log_maps_for_visualization: 0
06-17 18:22:24.241 28059 28078 I native  : fisheye_buffer_size: 7
06-17 18:22:24.241 28059 28078 I native  : save_map_with_uuid_as_filename: 0
06-17 18:22:24.241 28059 28078 I native  : save_map_filename: 
06-17 18:22:24.241 28059 28078 I native  : evaluation_log_directory: 
06-17 18:22:24.241 28059 28078 I native  : 
06-17 18:22:24.241 28059 28078 I native  : MapLifeCycleConfig: 
06-17 18:22:24.241 28059 28078 I native  : save_map_for_structure_relocalization: 0
06-17 18:22:24.241 28059 28078 I native  : enable_multi_map_merging: 1
06-17 18:22:24.241 28059 28078 I native  : max_solver_memory_for_map_split: 100
06-17 18:22:24.241 28059 28078 I native  : 
06-17 18:22:24.241 28059 28078 I native  : MultiMapManagerConfig: 
06-17 18:22:24.241 28059 28078 I native  : threshold_position_meters: 2
06-17 18:22:24.241 28059 28078 I native  : threshold_orientation_radians: 0.174
06-17 18:22:24.241 28059 28078 I native  : min_num_cross_adf_constraints: 9
06-17 18:22:24.241 28059 28078 I native  : perform_full_multimap_optimization: 0
06-17 18:22:24.241 28059 28078 I native  : merge_active_map_until_stable_coregistration: 1
06-17 18:22:24.241 28059 28078 I native  : min_number_of_keyframes_to_add_adf: 25
06-17 18:22:24.241 28059 28078 I native  : 
06-17 18:22:24.241 28059 28078 I native  : 
06-17 18:22:24.391 28059 28078 I native  : loop_detector_graph.cc:47 Initializing localizer with: projection_matrix_filename: ""
06-17 18:22:24.391 28059 28078 I native  : projected_quantizer_filename: ""
06-17 18:22:24.391 28059 28078 I native  : projected_product_quantizer_filename: ""
06-17 18:22:24.391 28059 28078 I native  : loop_detector_engine: "inverted_multi_index_pq"
06-17 18:22:24.391 28059 28078 I native  : feature_descriptor: "lens_invariant_ocvfreak"
06-17 18:22:24.391 28059 28078 I native  : verification_options {
06-17 18:22:24.391 28059 28078 I native  :   ransac_options_structure_matching {
06-17 18:22:24.391 28059 28078 I native  :     min_num_points: 8
06-17 18:22:24.391 28059 28078 I native  :     max_iterations: 50
06-17 18:22:24.391 28059 28078 I native  :     confidence: 0.99
06-17 18:22:24.391 28059 28078 I native  :     sampson_error_threshold: 0.0008
06-17 18:22:24.391 28059 28078 I native  :     use_upright_pose_estimation: true
06-17 18:22:24.391 28059 28078 I native  :   }
06-17 18:22:24.391 28059 28078 I native  :   ransac_options_image_to_image_matching {
06-17 18:22:24.391 28059 28078 I native  :     min_num_points: 8
06-17 18:22:24.391 28059 28078 I native  :     max_iterations: 50
06-17 18:22:24.391 28059 28078 I native  :     confidence: 0.99
06-17 18:22:24.391 28059 28078 I native  :     sampson_error_threshold: 0.0001
06-17 18:22:24.391 28059 28078 I native  :     use_upright_pose_estimation: true
06-17 18:22:24.391 28059 28078 I native  :   }
06-17 18:22:24.391 28059 28078 I native  :   skip_bad_landmarks: true
06-17 18:22:24.391 28059 28078 I native  :   overwrite_hamming_distance_threshold: -1
06-17 18:22:24.391 28059 28078 I native  :   max_num_covisibility_components: 5
06-17 18:22:24.391 28059 28078 I native  :   covisibility_graph_fraction_of_keyframes: 0.1
06-17 18:22:24.391 28059 28078 I native  :   min_verify_direct_matches_num: 8
06-17 18:22:24.391 28059 28078 I native  :   min_geom_inlier_ratio: 0.35
06-17 18:22:24.391 28059 28078 I native  :   compute_relative_pose_covariance: false
06-17 18:22:24.391 28059 28078 I native  :   max_num_points_covariance_calc: 60
06-17 18:22:24.391 28059 28078 I native  :   min_match_image_time_difference: 10
06-17 18:22:24.391 28059 28078 I native  :   gravity_direction_threshold_degrees: 5
06-17 18:22:24.391 28059 28078 I native  : }
06-17 18:22:24.391 28059 28078 I native  : matching_engine_options {
06-17 18:22:24.391 28059 28078 I native  :   projected_descriptor_dimensions: 16
06-17 18:22:24.391 28059 28078 I native  :   num_closest_words_for_nn_search: 30
06-17 18:22:24.391 28059 28078 I native  :   knn_search_epsilon: 2
06-17 18:22:24.391 28059 28078 I native  :   knn_max_radius: 100
06-17 18:22:24.391 28059 28078 I native  :   num_neighbors: -1
06-17 18:22:24.391 28059 28078 I native  :   vote_filter_type: kCovisibilityGraphBasedFilter
06-17 18:22:24.391 28059 28078 I native  :   min_orientation_cosine_similarity: 0.87
06-17 18:22:24.391 28059 28078 I native  :   inverted_file_block_storage_size: 800
06-17 18:22:24.391 28059 28078 I native  : }
06-17 18:22:24.391 28059 28078 I native  : max_num_of_image_to_image_matches: 1
06-17 18:22:24.391 28059 28078 I native  : use_augmentation_with_previous_matches: true
06-17 18:22:24.391 28059 28078 I native  : skip_latent_localization_queries: true
06-17 18:22:24.391 28059 28078 I native  : 
06-17 18:22:24.406 28059 28078 W AnchorServiceClientFactory: The API key for use with the Google AR service could not be obtained!
06-17 18:22:24.411 28059 28078 D NetworkSecurityConfig: No Network Security Config specified, using platform default
06-17 18:22:24.420 28059 28078 W art     : Before Android 4.1, method double java.util.concurrent.ThreadLocalRandom.internalNextDouble(double, double) would have incorrectly overridden the package-private method in java.util.Random
06-17 18:22:24.420 28059 28078 W art     : Before Android 4.1, method int java.util.concurrent.ThreadLocalRandom.internalNextInt(int, int) would have incorrectly overridden the package-private method in java.util.Random
06-17 18:22:24.420 28059 28078 W art     : Before Android 4.1, method long java.util.concurrent.ThreadLocalRandom.internalNextLong(long, long) would have incorrectly overridden the package-private method in java.util.Random
06-17 18:22:24.424 28059 28078 V third_party/redwood/base/jni_common/jni_helper.cc: ~JniHelper: did not need to detach thread. (Called from line 205.)
06-17 18:22:24.425 28059 28078 V third_party/redwood/base/jni_common/jni_helper.cc: ~JniHelper: did not need to detach thread. (Called from line 155.)
06-17 18:22:24.440 28059 28078 V third_party/redwood/base/jni_common/jni_helper.cc: JniHelper: about to attach thread. (Called from line 44.)
06-17 18:22:24.440 28059 28078 V third_party/redwood/base/jni_common/jni_helper.cc: JniHelper: thread already attached. (Called from line 44.)
06-17 18:22:24.444 28059 28078 V third_party/redwood/base/jni_common/jni_helper.cc: ~JniHelper: did not need to detach thread. (Called from line 44.)
06-17 18:22:24.444 28059 28078 I native  : session_create_implementation.cc:194 ArSession_createImplementation returning OK.
06-17 18:22:24.448 15756 15756 W ARCore.Analytics: Log Source: PJgQUl1CRhj8-rGlwtloKA==
06-17 18:22:24.465 28059 28078 I native  : session.cc:418 Entering Session::Resume.
06-17 18:22:24.465 28059 28078 V third_party/redwood/base/jni_common/jni_helper.cc: JniHelper: about to attach thread. (Called from line 44.)
06-17 18:22:24.465 28059 28078 V third_party/redwood/base/jni_common/jni_helper.cc: JniHelper: thread already attached. (Called from line 44.)
06-17 18:22:24.465 28059 28078 V third_party/redwood/base/jni_common/jni_helper.cc: ~JniHelper: did not need to detach thread. (Called from line 44.)
06-17 18:22:24.465 28059 28078 I native  : android_camera.cc:1079 Initializing camera manager.
06-17 18:22:24.470 28059 28078 I native  : android_camera.cc:1095 Camera manager initialized successfully with 2 cameras.
06-17 18:22:24.472  4906  5303 E SensorService: getSensorList a sensor (MAX86902) without holding its required permission: com.samsung.permission.SSENSOR
06-17 18:22:24.472  4906  5303 I SensorService: Skipped sensor MAX86902 because it requires permission com.samsung.permission.SSENSOR and app op -1
06-17 18:22:24.472  4906  5303 E SensorService: getSensorList a sensor (HRM Ambient Light Canceling) without holding its required permission: com.samsung.permission.HRM_EXT
06-17 18:22:24.472  4906  5303 I SensorService: Skipped sensor HRM Ambient Light Canceling because it requires permission com.samsung.permission.HRM_EXT and app op -1
06-17 18:22:24.472  4906  5303 W ServiceManager: Permission failure: android.permission.BODY_SENSORS from uid=10216 pid=28059
06-17 18:22:24.472  4906  5303 E SensorService: getSensorList a sensor (HRMLED IR) without holding its required permission: android.permission.BODY_SENSORS
06-17 18:22:24.472  4906  5303 I SensorService: Skipped sensor HRMLED IR because it requires permission android.permission.BODY_SENSORS and app op 56
06-17 18:22:24.472  4906  5303 W ServiceManager: Permission failure: android.permission.BODY_SENSORS from uid=10216 pid=28059
06-17 18:22:24.472  4906  5303 E SensorService: getSensorList a sensor (HRMLED RED) without holding its required permission: android.permission.BODY_SENSORS
06-17 18:22:24.472  4906  5303 I SensorService: Skipped sensor HRMLED RED because it requires permission android.permission.BODY_SENSORS and app op 56
06-17 18:22:24.472  4906  5303 E SensorService: getSensorList a sensor (HRM Proximity detecting) without holding its required permission: com.samsung.permission.HRM_EXT
06-17 18:22:24.472  4906  5303 I SensorService: Skipped sensor HRM Proximity detecting because it requires permission com.samsung.permission.HRM_EXT and app op -1
06-17 18:22:24.472  4906  5303 E SensorService: getSensorList a sensor (HRM Sensor) without holding its required permission: com.samsung.permission.SSENSOR
06-17 18:22:24.472  4906  5303 I SensorService: Skipped sensor HRM Sensor because it requires permission com.samsung.permission.SSENSOR and app op -1
06-17 18:22:24.473  4906  5303 W ServiceManager: Permission failure: android.permission.BODY_SENSORS from uid=10216 pid=28059
06-17 18:22:24.473  4906  5303 E SensorService: getSensorList a sensor (HeartRate Sensor) without holding its required permission: android.permission.BODY_SENSORS
06-17 18:22:24.473  4906  5303 I SensorService: Skipped sensor HeartRate Sensor because it requires permission android.permission.BODY_SENSORS and app op 56
06-17 18:22:24.473  4906  5303 E SensorService: getSensorList a sensor (Sensor Diagnostic Monitor) without holding its required permission: com.samsung.permission.SSENSOR
06-17 18:22:24.473  4906  5303 I SensorService: Skipped sensor Sensor Diagnostic Monitor because it requires permission com.samsung.permission.SSENSOR and app op -1
06-17 18:22:24.473 28059 28078 I native  : android_sensors.cc:58 Using calibrated accelerometer.
06-17 18:22:24.473 28059 28078 I native  : android_sensors.cc:81 Starting thread.
06-17 18:22:24.474 28059 28078 E NdkImageReader: AImageReader_getWindow
06-17 18:22:24.474 28059 28459 I native  : android_sensors.cc:121 Gyro min delay 2ms requesting 5ms
06-17 18:22:24.477  4704  4850 I CameraService: CameraService::connect call (PID -1 "", camera ID 0) for HAL version default and Camera API version 2
06-17 18:22:24.477 28059 28459 I sensor  : ASensorEventQueue_enableSensor: handle=3, name=K6DS3TR Gyroscope Sensor, ret=0
06-17 18:22:24.478  4906 26618 I EDMNativeHelperService: isCameraEnabled
06-17 18:22:24.479  4704  4850 I CameraService: wouldEvictLocked:getCurrentCostLocked()=0, cost=51, totalCost=51, MaxCost=100
06-17 18:22:24.479  4704  4850 I CameraService: wouldEvictLocked:highestPriorityOwner=28059, owner=28059
06-17 18:22:24.479  4704  4850 I CameraService: torch_mode_status_change: cameraId=0, TorchStatus=0
06-17 18:22:24.479  4704  4850 I CameraService: onTorchStatusChangedLocked: Torch status changed for cameraId=0, newTorchStatus=0
06-17 18:22:24.479  4704  4850 E CameraService: setCompanionDisableSysFs : cc.disable property set to 0
06-17 18:22:24.479  4906  5331 I CameraManagerGlobal: postSingleTorchUpdate : Camera id 0 has torch status changed to 0x0
06-17 18:22:24.479  5488  5892 I CameraManagerGlobal: postSingleTorchUpdate : Camera id 0 has torch status changed to 0x0
06-17 18:22:24.480  4906  5020 D SamsungPhoneWindowManager: onTorchModeUnavailable mCameraId = 0 cameraId = 0
06-17 18:22:24.480  5488  5755 D FlashlightController: dispatchAvailabilityChanged(false)
06-17 18:22:24.480  5488  5755 D Tile.FlashlightTile: cancelNotification!!!
06-17 18:22:24.480 28059 28459 I sensor  : ASensorEventQueue_setEventRate: handle=3, name=K6DS3TR Gyroscope Sensor, delay=5000, ret=0
06-17 18:22:24.480 28059 28459 I native  : android_sensors.cc:138 Accel min delay 2ms requesting 5ms
06-17 18:22:24.481  4704  4850 I Camera2ClientBase: Camera 0: Opened. Client:  (PID 28059, UID 10216)
06-17 18:22:24.481  4704  4850 I CameraDeviceClient: CameraDeviceClient 0: Opened
06-17 18:22:24.483  4704  4850 I ExynosCamera3Interface: INFO(HAL3_camera_device_open[64]):camera(0) in ======
