--------- beginning of system
06-17 18:21:06.875  6047  6047 D io_stats: !@   8,0 r 180104 10695160 w 41404 626036 d 4820 188820 f 14483 14483 iot 70230 58962 th 291648 0 0 pt 0 inp 0 0 5296.884
--------- beginning of main
06-17 18:21:07.487 28049 28049 I FIPS_bssl: FIPS (v1.1) approved mode (1) | 28049 | app_process
06-17 18:21:07.488 28049 28049 D SecurityManagerNative: SecurityManagerNative v2.7.2.6 On 64bit PLATFORM With BORINGSSL
06-17 18:21:07.498 28049 28049 E appproc : Enhanced Zygote ASLR: ro.knox.enhance.zygote.aslr != 1. Enhanced Zygote ASLR is DISABLED!
06-17 18:21:07.498 28049 28049 D AndroidRuntime: >>>>>> START com.android.internal.os.RuntimeInit uid 2000 <<<<<<
06-17 18:21:07.503 28049 28049 D AndroidRuntime: CheckJNI is OFF
06-17 18:21:07.504 28049 28049 D AndroidRuntime: addProductProperty: start
06-17 18:21:07.587 28049 28049 I [saiv 1.1]: saiv_OnLoadJNI.cpp(38): _init: Version 1.1 Build # 3532
06-17 18:21:07.587 28049 28049 I [saiv 1.1]: saiv_OnLoadJNI.cpp(43): _init: _init() was called
06-17 18:21:07.627 28049 28049 I MLDAP   :            libMLDAP/MLDAP.c:  53: ================================================
06-17 18:21:07.627 28049 28049 I MLDAP   :            libMLDAP/MLDAP.c:  53:  MLDAP_LIB v1.1.15
06-17 18:21:07.627 28049 28049 I MLDAP   :            libMLDAP/MLDAP.c:  53: ================================================
06-17 18:21:07.735 28049 28049 I TMSDISP : AcsAndroidVirtualDisplayIntfImpl
06-17 18:21:07.777 28049 28049 D ICU     : No timezone override file found: /data/misc/zoneinfo/current/icu/icu_tzdata.dat
06-17 18:21:07.810 28049 28049 I Enhanced Zygote ASLR: DISABLED!
06-17 18:21:07.811 28049 28049 I Radio-JNI: register_android_hardware_Radio DONE
06-17 18:21:07.818 28049 28049 D ReflectionHelper: loadKlass() : caller=android.app.Activity.<clinit>:7525 <bottom of call stack> 
06-17 18:21:07.818 28049 28049 D ReflectionHelper: Reflecting method.....  class <onScreenChanged>
06-17 18:21:07.819 28049 28049 E SemAffinityControl: SemAffinityControl: registerfunction enter
06-17 18:21:07.837 28049 28049 D AndroidRuntime: Calling main entry com.android.commands.am.Am
06-17 18:21:07.855  4906  5303 I ActivityManager: START u0 {act=null typ=null flg=0x10000000 cmp=ComponentInfo{com.YourCompany.PokeAR/com.epicgames.ue4.SplashActivity}} from uid 2000 on display 0
06-17 18:21:07.865  4906  5303 D ActivityManager: ActivityRecord() Constructor : multiScreenAttrs=MultiScreenAttrs{mDisplayId=0, mBaseDisplayId=0, mBaseActivity=false}
06-17 18:21:07.879  4906  5303 D ActivityManager: mActivityResumeBooster.acquire()
06-17 18:21:07.880  4906  5303 D ActivityManager: computeStackFocus: stackId=1
06-17 18:21:07.887  4906  5303 D MultiScreenManagerService: createStack: stackId=1 createOnTop=true caller=com.android.server.am.ActivityStackSupervisor.getStack:2407 com.android.server.am.ActivityStarter.computeStackFocus:2487 com.android.server.am.ActivityStarter.setTaskFromReuseOrCreateNewTask:2178 com.android.server.am.ActivityStarter.startActivityUnchecked:1449 
06-17 18:21:07.887  4906  5303 D ActivityManager: attachDisplay() : attach stack#1 to d0
06-17 18:21:07.888  4906  5303 D MultiScreenManagerService: createStack: stackId=1 displayId=0 createOnTop=true
06-17 18:21:07.888  4906  5303 D MultiScreenManagerService: createStack: stack=ActivityStack{424e918d0 stackId=1, 0 tasks}
06-17 18:21:07.888  4906  5303 D ActivityManager: computeStackFocus: New stack r=ActivityRecord{34cbf71d0 u0 com.YourCompany.PokeAR/com.epicgames.ue4.SplashActivity t-1} stackId=1
06-17 18:21:07.892  4906  5303 I MultiWindowManagerService: setTaskDimensions: Task=TaskRecord{c1ce1add0 #1511 A=com.YourCompany.PokeAR U=0 StackId=1 sz=1} minWidth=-1 minHeight=-1 maxWidth=-1 maxHeight=-1
06-17 18:21:07.892  4906  5303 D ActivityManager: moveToFront() : reason=startedActivity setFocusedActivity isAttached=true TaskRecord{c1ce1add0 #1511 A=com.YourCompany.PokeAR U=0 StackId=1 sz=1}
06-17 18:21:07.894  4906  5303 D ActivityManager: setFocusStackUnchecked: reason=startedActivity setFocusedActivity focusCandidate=ActivityStack{424e918d0 stackId=1, 1 tasks} caller=com.android.server.am.ActivityStack.moveToFront:875 com.android.server.am.ActivityStackSupervisor.moveActivityStackToFront:1995 
06-17 18:21:07.895  4906  5303 D InputDispatcher: Focused application set to: xxxx
06-17 18:21:07.897  4906  5303 D ActivityManager: resumeTopActivityInnerLocked() : #1 prevTask=TaskRecord{c1ce1add0 #1511 A=com.YourCompany.PokeAR U=0 StackId=1 sz=1} next=ActivityRecord{34cbf71d0 u0 com.YourCompany.PokeAR/com.epicgames.ue4.SplashActivity t1511} mFocusedStack=ActivityStack{424e918d0 stackId=1, 1 tasks}
06-17 18:21:07.900  4906  5303 D MountService: getExternalStorageMountMode : 3
06-17 18:21:07.900  4906  5303 D MountService: getExternalStorageMountMode : 3
06-17 18:21:07.900  4906  5303 D MountService: getExternalStorageMountMode : final mountMode=3, uid : 10216, packageName : com.YourCompany.PokeAR
06-17 18:21:07.930  4906  5303 I ActivityManager: Start proc 28059:com.YourCompany.PokeAR/u0a216 for activity com.YourCompany.PokeAR/com.epicgames.ue4.SplashActivity
06-17 18:21:07.930 28059 28059 E Zygote  : v2
06-17 18:21:07.930 28059 28059 I libpersona: KNOX_SDCARD checking this for 10216
06-17 18:21:07.930 28059 28059 I libpersona: KNOX_SDCARD not a persona
06-17 18:21:07.932 28059 28059 E Zygote  : accessInfo : 0
06-17 18:21:07.933 28059 28059 W SELinux : SELinux selinux_android_compute_policy_index : Policy Index[2],  Con:u:r:zygote:s0 RAM:SEPF_SECMOBILE_7.0_0009, [-1 -1 -1 -1 0 1]
06-17 18:21:07.935 28049 28049 D AndroidRuntime: Shutting down VM
06-17 18:21:07.936 28059 28059 I SELinux : SELinux: seapp_context_lookup: seinfo=untrusted, level=s0:c512,c768, pkgname=com.YourCompany.PokeAR 
06-17 18:21:07.942 28059 28059 I art     : Late-enabling -Xcheck:jni
06-17 18:21:07.971 28059 28059 D TimaKeyStoreProvider: TimaSignature is unavailable
06-17 18:21:07.972 28059 28059 D ActivityThread: Added TimaKeyStore provider
06-17 18:21:07.975  4906  6517 I ActivityManager: DSS on for com.YourCompany.PokeAR and scale is 1.0
06-17 18:21:07.988 28049 28049 I TMSDISP : AcsAndroidVirtualDisplayIntfImpl::~AcsAndroidVirtualDisplayIntfImpl - Enter
06-17 18:21:07.988 28049 28049 I TMSDISP : AcsAndroidVirtualDisplayIntfImpl::~AcsAndroidVirtualDisplayIntfImpl - Enter2
06-17 18:21:07.988 28049 28049 I TMSDISP : AcsAndroidVirtualDisplayIntfImpl::~AcsAndroidVirtualDisplayIntfImpl - mSource2
06-17 18:21:07.988 28049 28049 I TMSDISP : AcsAndroidVirtualDisplayIntfImpl::~AcsAndroidVirtualDisplayIntfImpl - Exit
06-17 18:21:07.991  4906  6517 D GameManagerService: sem_perfomance_mode: 0
06-17 18:21:07.992  4906  4906 D GameManagerService: NotifyRunnable. pkg: com.YourCompany.PokeAR, type: 4, isMinimized: false, isTunableApp: false
06-17 18:21:07.992  4906  4906 D GameManagerService: unexpected mPrevNotiType: -1
06-17 18:21:07.993  4906  6517 D MARsPolicyManager: handlePackageResumedFG pkgName = com.YourCompany.PokeAR, userId = 0
06-17 18:21:07.999  4906  6312 V WindowManager: Relayout Window{3ad8809d0 u0 com.sec.android.app.launcher/com.sec.android.app.launcher.activities.LauncherActivity}: viewVisibility=8 req=1080x1920 WM.LayoutParams{(0,0)(fillxfill) sim=#130 ty=1 fl=#81910d02 pfl=0x20000 fmt=-2 wanim=0x103038a vsysui=0x2600 needsMenuKey=2 dimDuration=0 naviIconColor=0 sfl=0x40}
06-17 18:21:07.999  4906  6517 D ActivityTrigger: ActivityTrigger activityPauseTrigger 
06-17 18:21:07.999  4906  6312 I WindowManager_SurfaceController: Destroying surface Surface(name=com.sec.android.app.launcher/com.sec.android.app.launcher.activities.LauncherActivity) called by com.android.server.wm.WindowStateAnimator.destroySurface:2840 com.android.server.wm.WindowStateAnimator.destroySurfaceLocked:1070 com.android.server.wm.WindowState.destroyOrSaveSurface:2561 com.android.server.wm.WindowManagerService.tryStartExitingAnimation:3522 com.android.server.wm.WindowManagerService.relayoutWindow:3378 com.android.server.wm.Session.relayoutEx:254 android.view.IWindowSession$Stub.onTransact:407 com.android.server.wm.Session.onTransact:161 
06-17 18:21:08.000  4906  6517 D GameManagerService: sem_perfomance_mode: 0
06-17 18:21:08.000  3184  6580 I SurfaceFlinger: id=419 Removed MauncherAct (1/5)
06-17 18:21:08.000  3184  3190 I SurfaceFlinger: id=419 Removed MauncherAct (-2/5)
06-17 18:21:08.004  6267  6279 D ForegroundUtils: could not check pending caller
06-17 18:21:08.005  6267  6279 D ForegroundUtils: could not check pending caller
06-17 18:21:08.006  4906  4906 D GameManagerService: onDisplayChanged. displyId: 0
06-17 18:21:08.006  4906  4906 D GameManagerService: dpi: 420, longPixel: 1920, shortPixel: 1080
06-17 18:21:08.015 26330 26341 I SAMSUNGPAY: [Hint_ProcessStatusChange] fg Change, pid : 28059 , isNotify : true , isForeground : true , fg list : [28059, 6382]
06-17 18:21:08.015  4906  8377 D GameManagerService: identifyGamePackage. com.YourCompany.PokeAR
06-17 18:21:08.015  4906  8377 D GameManagerService: identifyGamePackage. com.YourCompany.PokeAR
06-17 18:21:08.017 26330 26341 I SAMSUNGPAY: [Hint_ProcessStatusChange] fg Change, pid : 6382 , isNotify : true , isForeground : false , fg list : [28059]
06-17 18:21:08.020 26330 26330 I SAMSUNGPAY: [ServiceTypeTable] isSupportOperator : ZTO, BR
06-17 18:21:08.021  6382  6382 D Launcher: onTrimMemory. Level: 20
06-17 18:21:08.027  5488  5488 D KeyguardServiceBoxContainer: onDisplayChanged() id = 0, density = 420, current density = 420
06-17 18:21:08.029 26330 26330 D SAMSUNGPAY: [ServiceTypeTable] Upgrade - ServiceTypeTable - entryFromCountryIso - index is : 9, iso : BR
06-17 18:21:08.031  4906  8144 D PowerManagerService: [api] acquire WakeLock flags=0x80 tag=Window:com.samsung.android.spay.simple.SimpleIntroHintService uid=1000 pid=4906 ws=WorkSource{10061 com.samsung.android.spay} pkg=android
06-17 18:21:08.031  4906  8144 D PowerManagerService: mDisplayReady: false
06-17 18:21:08.031  4906  8144 I libsuspend: !@autosuspend_wakeup_count_disable
06-17 18:21:08.031  4906  8144 I libsuspend: !@autosuspend_wakeup_count_disable done
06-17 18:21:08.032  4906  8144 D PowerManagerService: [PWL] sb acquire: PowerManagerService.Display
06-17 18:21:08.032  4906  5055 D DisplayPowerController: animateScreenStateChange[0]: target=3
06-17 18:21:08.032  4906  5055 D DisplayPowerController: [Dual Screen Compatible] state[0] :3
06-17 18:21:08.032  4906  5055 D DisplayPowerController: getFinalBrightness : Summary is 1 -> 1
06-17 18:21:08.032  4906  5055 D DisplayPowerController: Animating brightness: target=1, rate=2000 (PSM:false, AB limit:(-1 ~ -1) MB Limit:(-1 ~ -1))
06-17 18:21:08.032  4906  5061 D DisplayManagerService: !@display_state: DOZE_SUSPEND -> DOZE brightness: 1 -> 1
06-17 18:21:08.033  3184  3184 D SurfaceFlinger: Set power mode=1, type=0 flinger=0x77af888200
06-17 18:21:08.033  3184  3184 I hwcomposer: int exynos_setPowerMode(struct hwc_composer_device_1 *, int, int):: disp(0), mode(1)
06-17 18:21:08.035 26330 26330 D SAMSUNGPAY: [Hint_SimpleIntroService] Hint Status - HIDE : [1] - 1
06-17 18:21:08.035 26330 26330 I Sally Service: getAttributes()
06-17 18:21:08.036 26330 26330 I SAMSUNGPAY: [ServiceTypeTable] isSupportOperator : ZTO, BR
06-17 18:21:08.037 26330 26330 D SAMSUNGPAY: [ServiceTypeTable] Upgrade - ServiceTypeTable - entryFromCountryIso - index is : 9, iso : BR
06-17 18:21:08.037  4906  5055 D DisplayPowerController: animateScreenStateChange[0]: target=3
06-17 18:21:08.037  4906  5055 D DisplayPowerController: [Dual Screen Compatible] state[0] :3
06-17 18:21:08.037  4906  5055 D DisplayPowerController: getFinalBrightness : Summary is 1 -> 1
06-17 18:21:08.037  4906  5055 D DisplayPowerController: Animating brightness: target=1, rate=2000 (PSM:false, AB limit:(-1 ~ -1) MB Limit:(-1 ~ -1))
06-17 18:21:08.038  4906  5055 D DisplayPowerController: animateScreenStateChange[0]: target=3
06-17 18:21:08.038  4906  5055 D DisplayPowerController: [Dual Screen Compatible] state[0] :3
06-17 18:21:08.038  4906  5055 D DisplayPowerController: getFinalBrightness : Summary is 1 -> 1
06-17 18:21:08.038  4906  5055 D DisplayPowerController: Animating brightness: target=1, rate=2000 (PSM:false, AB limit:(-1 ~ -1) MB Limit:(-1 ~ -1))
06-17 18:21:08.038  4906  5055 D PowerManagerService: [s] DisplayPowerCallbacks : onStateChanged()
06-17 18:21:08.038  4906  5055 D PowerManagerService: mDisplayReady: true
06-17 18:21:08.038  4906  5055 I libsuspend: !@autosuspend_wakeup_count_enable
06-17 18:21:08.038 26330 26330 D SAMSUNGPAY: [Hint_SimpleIntroService] Hint Status - already invisible, skip hide : [1] - 1
06-17 18:21:08.038  4906  5055 I libsuspend: !@autosuspend_wakeup_count_enable done
06-17 18:21:08.038  4906  5055 D PowerManagerService: [PWL] sb release: PowerManagerService.Display
06-17 18:21:08.042  4906  8377 D GameManagerService: identifyGamePackage. com.YourCompany.PokeAR
06-17 18:21:08.043  4906  5050 I DisplayManagerService: Display device changed state: "Tela integrada", DOZE
06-17 18:21:08.045  4906  4906 D GameManagerService: onDisplayChanged. displyId: 0
06-17 18:21:08.045  4906  4906 D GameManagerService: dpi: 420, longPixel: 1920, shortPixel: 1080
06-17 18:21:08.047  5488  5488 D KeyguardServiceBoxContainer: onDisplayChanged() id = 0, density = 420, current density = 420
06-17 18:21:08.056  4906  6309 V WindowManager: Relayout Window{b13f264d0 u0 com.samsung.android.spay.simple.SimpleIntroHintService}: viewVisibility=8 req=480x60 WM.LayoutParams{(0,0)(480x60) gr=#51 sim=#20 ty=2024 fl=#1800308 fmt=-3 vsysui=0x2000 naviIconColor=0}
06-17 18:21:08.056  4906  8377 D GameManagerService: identifyGamePackage. com.YourCompany.PokeAR
06-17 18:21:08.056  4906  6309 I WindowManager_SurfaceController: Destroying surface Surface(name=com.samsung.android.spay.simple.SimpleIntroHintService) called by com.android.server.wm.WindowStateAnimator.destroySurface:2840 com.android.server.wm.WindowStateAnimator.destroySurfaceLocked:1070 com.android.server.wm.WindowState.destroyOrSaveSurface:2561 com.android.server.wm.WindowManagerService.tryStartExitingAnimation:3522 com.android.server.wm.WindowManagerService.relayoutWindow:3378 com.android.server.wm.Session.relayoutEx:254 android.view.IWindowSession$Stub.onTransact:407 com.android.server.wm.Session.onTransact:161 
06-17 18:21:08.057  3184  3876 I SurfaceFlinger: id=418 Removed TimpleIntro (2/4)
06-17 18:21:08.057  3184  3192 I SurfaceFlinger: id=418 Removed TimpleIntro (-2/4)
06-17 18:21:08.061 28059 28059 D ContextRelationMgrBrdg: loadKlass() : caller=com.samsung.android.bridge.multiscreen.common.ContextRelationManagerBridge.<clinit>:28 android.app.LoadedApk.makeApplication:840 
06-17 18:21:08.098  4906  6561 I ActivityManager: START u0 {act=null typ=null flg=0x10000 cmp=ComponentInfo{com.YourCompany.PokeAR/com.epicgames.ue4.GameActivity}} from uid 10216 on display 0
06-17 18:21:08.100  4906  6561 D ActivityManager: ActivityRecord() Constructor : multiScreenAttrs=MultiScreenAttrs{mDisplayId=0, mBaseDisplayId=0, mBaseActivity=false}
06-17 18:21:08.104  4906  6561 D ActivityManager: mActivityResumeBooster.acquire()
06-17 18:21:08.104  4906  6561 D ActivityManager: moveToFront() : reason=intentActivityFound isAttached=true null
06-17 18:21:08.105  4906  6561 D ActivityManager: moveToFront() : reason=sourceStackToFront isAttached=true null
06-17 18:21:08.107  4906  6561 I MultiWindowManagerService: setTaskDimensions: Task=TaskRecord{c1ce1add0 #1511 A=com.YourCompany.PokeAR U=0 StackId=1 sz=1} minWidth=-1 minHeight=-1 maxWidth=-1 maxHeight=-1
06-17 18:21:08.107  4906  6561 I MultiWindowManagerService: setTaskDimensions: Task=TaskRecord{c1ce1add0 #1511 A=com.YourCompany.PokeAR U=0 StackId=1 sz=1} minWidth=-1 minHeight=-1 maxWidth=-1 maxHeight=-1
06-17 18:21:08.108  4906  6561 D ActivityManager: moveToFront() : reason=startedActivity setFocusedActivity isAttached=true TaskRecord{c1ce1add0 #1511 A=com.YourCompany.PokeAR U=0 StackId=1 sz=2}
06-17 18:21:08.108  4906  6561 D InputDispatcher: Focused application set to: xxxx
06-17 18:21:08.109  4906  6561 D ActivityManager: resumeTopActivityInnerLocked() : #1 prevTask=TaskRecord{c1ce1add0 #1511 A=com.YourCompany.PokeAR U=0 StackId=1 sz=2} next=ActivityRecord{ddcfce2d0 u0 com.YourCompany.PokeAR/com.epicgames.ue4.GameActivity t1511} mFocusedStack=ActivityStack{424e918d0 stackId=1, 1 tasks}
06-17 18:21:08.112  4906  6518 W MultiScreenManagerService: moveTaskBackToDisplayIfNeeded(): The task has more than one activity
06-17 18:21:08.113 28075 28075 I FIPS_bssl: FIPS (v1.1) approved mode (1) | 28075 | ps
06-17 18:21:08.136  4906  5374 D MdnieScenarioControlService:  packageName : com.YourCompany.PokeAR    className : com.epicgames.ue4.GameActivity
06-17 18:21:08.163  4906  5563 D ActivityManager: resumeTopActivityInnerLocked() : #1 prevTask=null next=ActivityRecord{ddcfce2d0 u0 com.YourCompany.PokeAR/com.epicgames.ue4.GameActivity t1511} mFocusedStack=ActivityStack{424e918d0 stackId=1, 1 tasks}
06-17 18:21:08.171  4906  5563 D GameManagerService: sem_perfomance_mode: 0
06-17 18:21:08.171  4906  4906 D GameManagerService: NotifyRunnable. pkg: com.YourCompany.PokeAR, type: 4, isMinimized: false, isTunableApp: false
06-17 18:21:08.171  4906  4906 D GameManagerService: unexpected mPrevNotiType: -1
06-17 18:21:08.173  4906  5563 D MARsPolicyManager: handlePackageResumedFG pkgName = com.YourCompany.PokeAR, userId = 0
06-17 18:21:08.178  4906  5563 D ActivityTrigger: ActivityTrigger activityPauseTrigger 
06-17 18:21:08.179  4906  5563 D GameManagerService: sem_perfomance_mode: 0
06-17 18:21:08.182  4906  4906 D PowerManagerService: [api] release WakeLock DRAW_WAKE_LOCK                 'Window:com.samsung.android.spay.simple.SimpleIntroHintService' (uid=1000, pid=4906, ws=WorkSource{10061 com.samsung.android.spay}) (uid=1000, pid=4906, ws=WorkSource{10061 com.samsung.android.spay}, pkg=android, elapsedTime=151) (0x0)
06-17 18:21:08.182  4906  4906 D PowerManagerService: mDisplayReady: false
06-17 18:21:08.182  4906  4906 I libsuspend: !@autosuspend_wakeup_count_disable
06-17 18:21:08.182  4906  5055 D DisplayPowerController: animateScreenStateChange[0]: target=4
06-17 18:21:08.182  4906  4906 I libsuspend: !@autosuspend_wakeup_count_disable done
06-17 18:21:08.182  4906  5055 D DisplayPowerController: [Dual Screen Compatible] state[0] :4
06-17 18:21:08.182  4906  5055 D DisplayPowerController: Animating brightness: target=1, rate=0 (PSM:false, AB limit:(-1 ~ -1) MB Limit:(-1 ~ -1))
06-17 18:21:08.183  4906  5055 D PowerManagerService: [PWL] sb acquire: PowerManagerService.Display
06-17 18:21:08.183  4906  5061 D DisplayManagerService: !@display_state: DOZE -> DOZE_SUSPEND brightness: 1 -> 1
06-17 18:21:08.183  3184  3184 D SurfaceFlinger: Set power mode=3, type=0 flinger=0x77af888200
06-17 18:21:08.183  3184  3184 I hwcomposer: int exynos_setPowerMode(struct hwc_composer_device_1 *, int, int):: disp(0), mode(3)
06-17 18:21:08.185  4906  5055 D DisplayPowerController: animateScreenStateChange[0]: target=4
06-17 18:21:08.186  4906  5055 D DisplayPowerController: [Dual Screen Compatible] state[0] :4
06-17 18:21:08.186  4906  5055 D DisplayPowerController: Animating brightness: target=1, rate=0 (PSM:false, AB limit:(-1 ~ -1) MB Limit:(-1 ~ -1))
06-17 18:21:08.186  4906  5055 D DisplayPowerController: animateScreenStateChange[0]: target=4
06-17 18:21:08.186  4906  5055 D DisplayPowerController: [Dual Screen Compatible] state[0] :4
06-17 18:21:08.186  4906  5055 D DisplayPowerController: Animating brightness: target=1, rate=0 (PSM:false, AB limit:(-1 ~ -1) MB Limit:(-1 ~ -1))
06-17 18:21:08.186  4906  5055 D PowerManagerService: [s] DisplayPowerCallbacks : onStateChanged()
06-17 18:21:08.186  4906  5055 D PowerManagerService: mDisplayReady: true
06-17 18:21:08.186  4906  5055 I libsuspend: !@autosuspend_wakeup_count_enable
06-17 18:21:08.186  4906  5055 I libsuspend: !@autosuspend_wakeup_count_enable done
06-17 18:21:08.186  4906  5055 D PowerManagerService: [PWL] sb release: PowerManagerService.Display
06-17 18:21:08.188  4906  4906 D GameManagerService: onDisplayChanged. displyId: 0
06-17 18:21:08.188  4906  4906 D GameManagerService: dpi: 420, longPixel: 1920, shortPixel: 1080
06-17 18:21:08.201  5488  5488 D KeyguardServiceBoxContainer: onDisplayChanged() id = 0, density = 420, current density = 420
06-17 18:21:08.204  4906  5050 I DisplayManagerService: Display device changed state: "Tela integrada", DOZE_SUSPEND
06-17 18:21:08.205 28059 28059 W linker  : /data/app/com.YourCompany.PokeAR-1/lib/arm/libOVRPlugin.so: is missing DT_SONAME will use basename as a replacement: "libOVRPlugin.so"
06-17 18:21:08.208 28059 28059 D OVRPlugin: JNI_OnLoad
06-17 18:21:08.209  4906  4906 D GameManagerService: onDisplayChanged. displyId: 0
06-17 18:21:08.209  4906  4906 D GameManagerService: dpi: 420, longPixel: 1920, shortPixel: 1080
06-17 18:21:08.211  5488  5488 D KeyguardServiceBoxContainer: onDisplayChanged() id = 0, density = 420, current density = 420
06-17 18:21:08.287  4906  4906 I Telecom : TelecomFeature: getContactsPackageName: com.samsung.android.contacts: TSI.gDDP@AW8
06-17 18:21:08.287  4906  4906 I Telecom : com.android.server.telecom.TelecomServiceImpl$1: getSystemDialerPackage: com.samsung.android.contacts: TSI.gDDP@AW8
06-17 18:21:08.288  4906  4906 I Telecom : TelecomFeature: getContactsPackageName: com.samsung.android.contacts
06-17 18:21:08.500 28059 28059 D UE4     : In the JNI_OnLoad function
06-17 18:21:08.500 28059 28059 D UE4     : [JNI] - Failed to determine if app purchasing is enabled!
06-17 18:21:08.504 28059 28059 D UE4     : Path found as '/storage/emulated/0'
06-17 18:21:08.504 28059 28059 D UE4     : Font Path found as '/system/fonts/'
06-17 18:21:08.504 28059 28059 D UE4     : In the JNI_OnLoad function 5
06-17 18:21:08.527 28059 28078 D UE4     : Entering native app glue main function
06-17 18:21:08.527 28059 28078 D UE4     : Created event thread
06-17 18:21:08.527 28059 28078 D UE4     : Entered AndroidMain()
06-17 18:21:08.528 28059 28079 D UE4     : Entering event processing thread engine entry point
06-17 18:21:08.528 28059 28079 D UE4     : Prepared looper for event thread
06-17 18:21:08.528 28059 28079 D UE4     : Passed callback initialization
06-17 18:21:08.528 28059 28079 D UE4     : Passed sensor initialization
06-17 18:21:08.529 28059 28078 D UE4     : Controller interface supported
06-17 18:21:08.531  4906 26617 E SensorService: getSensorList a sensor (MAX86902) without holding its required permission: com.samsung.permission.SSENSOR
06-17 18:21:08.531  4906 26617 I SensorService: Skipped sensor MAX86902 because it requires permission com.samsung.permission.SSENSOR and app op -1
06-17 18:21:08.531  4906 26617 E SensorService: getSensorList a sensor (HRM Ambient Light Canceling) without holding its required permission: com.samsung.permission.HRM_EXT
06-17 18:21:08.531  4906 26617 I SensorService: Skipped sensor HRM Ambient Light Canceling because it requires permission com.samsung.permission.HRM_EXT and app op -1
06-17 18:21:08.531  4906 26617 W ServiceManager: Permission failure: android.permission.BODY_SENSORS from uid=10216 pid=28059
06-17 18:21:08.531  4906 26617 E SensorService: getSensorList a sensor (HRMLED IR) without holding its required permission: android.permission.BODY_SENSORS
06-17 18:21:08.531  4906 26617 I SensorService: Skipped sensor HRMLED IR because it requires permission android.permission.BODY_SENSORS and app op 56
06-17 18:21:08.532  4906 26617 W ServiceManager: Permission failure: android.permission.BODY_SENSORS from uid=10216 pid=28059
06-17 18:21:08.532  4906 26617 E SensorService: getSensorList a sensor (HRMLED RED) without holding its required permission: android.permission.BODY_SENSORS
06-17 18:21:08.532  4906 26617 I SensorService: Skipped sensor HRMLED RED because it requires permission android.permission.BODY_SENSORS and app op 56
06-17 18:21:08.532  4906 26617 E SensorService: getSensorList a sensor (HRM Proximity detecting) without holding its required permission: com.samsung.permission.HRM_EXT
06-17 18:21:08.532  4906 26617 I SensorService: Skipped sensor HRM Proximity detecting because it requires permission com.samsung.permission.HRM_EXT and app op -1
06-17 18:21:08.532  4906 26617 E SensorService: getSensorList a sensor (HRM Sensor) without holding its required permission: com.samsung.permission.SSENSOR
06-17 18:21:08.532  4906 26617 I SensorService: Skipped sensor HRM Sensor because it requires permission com.samsung.permission.SSENSOR and app op -1
06-17 18:21:08.532  4906 26617 W ServiceManager: Permission failure: android.permission.BODY_SENSORS from uid=10216 pid=28059
06-17 18:21:08.532  4906 26617 E SensorService: getSensorList a sensor (HeartRate Sensor) without holding its required permission: android.permission.BODY_SENSORS
06-17 18:21:08.533  4906 26617 I SensorService: Skipped sensor HeartRate Sensor because it requires permission android.permission.BODY_SENSORS and app op 56
06-17 18:21:08.533  4906 26617 E SensorService: getSensorList a sensor (Sensor Diagnostic Monitor) without holding its required permission: com.samsung.permission.SSENSOR
06-17 18:21:08.533  4906 26617 I SensorService: Skipped sensor Sensor Diagnostic Monitor because it requires permission com.samsung.permission.SSENSOR and app op -1
06-17 18:21:08.572  4906  5007 W WindowManager: Failed looking up window
06-17 18:21:08.572  4906  5007 W WindowManager: java.lang.IllegalArgumentException: Requested window android.os.BinderProxy@39e25c does not exist
06-17 18:21:08.572  4906  5007 W WindowManager: 	at com.android.server.wm.WindowManagerService.windowForClientLocked(WindowManagerService.java:10347)
06-17 18:21:08.572  4906  5007 W WindowManager: 	at com.android.server.wm.WindowManagerService.pokeDrawLock(WindowManagerService.java:3135)
06-17 18:21:08.572  4906  5007 W WindowManager: 	at com.android.server.wm.Session.pokeDrawLock(Session.java:608)
06-17 18:21:08.572  4906  5007 W WindowManager: 	at android.view.IWindowSession$Stub.onTransact(IWindowSession.java:864)
06-17 18:21:08.572  4906  5007 W WindowManager: 	at com.android.server.wm.Session.onTransact(Session.java:161)
06-17 18:21:08.572  4906  5007 W WindowManager: 	at android.os.Binder.execTransact(Binder.java:573)
06-17 18:21:08.573  4906  6312 D WindowManager: addWindow: android.view.IWindow$Stub$Proxy@3fd463a displayId=0
06-17 18:21:08.574  4906  6312 D InputTransport: Input channel constructed: fd=493
06-17 18:21:08.574  4906  6312 D InputTransport: Input channel constructed: fd=495
06-17 18:21:08.575  4906  6312 D InputTransport: Input channel destroyed: fd=495
06-17 18:21:08.576 28059 28059 D InputTransport: Input channel constructed: fd=68
06-17 18:21:08.576 28059 28059 D ViewRootImpl@8cf41b8[GameActivity]: setView = DecorView@4d6baf6[] touchMode=true
06-17 18:21:08.583 28059 28059 D PermissionFragment: Creating PlayGamesFragment
06-17 18:21:08.597  4906 26619 I ActivityManager: START u0 {act=android.content.pm.action.REQUEST_PERMISSIONS typ=null flg=0x0 cmp=ComponentInfo{com.google.android.packageinstaller/com.android.packageinstaller.permission.ui.GrantPermissionsActivity}} from uid 10216 on display 0
06-17 18:21:08.597  4906 26619 W ActivityManager: REQUEST_PERMISSIONS Action.
06-17 18:21:08.597  4906 26619 W ActivityManager: REQUEST_PERMISSIONS Action.
06-17 18:21:08.607  4906 26619 D ActivityManager: ActivityRecord() Constructor : multiScreenAttrs=MultiScreenAttrs{mDisplayId=0, mBaseDisplayId=0, mBaseActivity=false}
06-17 18:21:08.612  4906 26619 D ActivityManager: mActivityResumeBooster.acquire()
06-17 18:21:08.613  4906 26619 D ActivityManager: moveToFront() : reason=sourceStackToFront isAttached=true null
06-17 18:21:08.614  4906 26619 I MultiWindowManagerService: setTaskDimensions: Task=TaskRecord{c1ce1add0 #1511 A=com.YourCompany.PokeAR U=0 StackId=1 sz=2} minWidth=-1 minHeight=-1 maxWidth=-1 maxHeight=-1
06-17 18:21:08.615  4906 26619 D ActivityManager: moveToFront() : reason=startedActivity setFocusedActivity isAttached=true TaskRecord{c1ce1add0 #1511 A=com.YourCompany.PokeAR U=0 StackId=1 sz=3}
06-17 18:21:08.616  4906 26619 D InputDispatcher: Focused application set to: xxxx
06-17 18:21:08.617  4906 26619 D ActivityManager: resumeTopActivityInnerLocked() : #1 prevTask=TaskRecord{c1ce1add0 #1511 A=com.YourCompany.PokeAR U=0 StackId=1 sz=3} next=ActivityRecord{7b0c848d0 u0 com.google.android.packageinstaller/com.android.packageinstaller.permission.ui.GrantPermissionsActivity t1511} mFocusedStack=ActivityStack{424e918d0 stackId=1, 1 tasks}
06-17 18:21:08.628 28059 28059 D UE4     : Vulkan version: 1.0.3
06-17 18:21:08.628 28059 28059 D UE4     : Vulkan level: 0
06-17 18:21:08.631 28059 28059 D UE4     : Found DepthBufferPreference = 0
06-17 18:21:08.631 28059 28059 D UE4     : Found bPackageDataInsideApk = 0
06-17 18:21:08.632 28059 28059 D UE4     : Found ProjectName = PokeAR
06-17 18:21:08.632 28059 28059 D UE4     : Found bHasOBBFiles = 0
06-17 18:21:08.632 28059 28059 D UE4     : Found bVerifyOBBOnStartUp = false
06-17 18:21:08.632 28059 28059 D UE4     : UI hiding set to false
06-17 18:21:08.632 28059 28059 D UE4     : BuildConfiguration set to Development
06-17 18:21:08.632 28059 28059 D UE4     : UseExternalFilesDir set to false
06-17 18:21:08.633 28059 28059 D UE4     : No GearVR mode detected.
06-17 18:21:08.633 28059 28059 D UE4     : APK path: /data/app/com.YourCompany.PokeAR-1/base.apk
06-17 18:21:08.633 28059 28059 D UE4     : OBB in APK: false
06-17 18:21:08.637 28059 28059 D UE4     : ExternalFilePath found as '/storage/emulated/0/Android/data/com.YourCompany.PokeAR/files'
06-17 18:21:08.639 28059 28059 D UE4     : App is running in Portrait
06-17 18:21:08.639 28059 28059 D UE4     : Android version is 7.0
06-17 18:21:08.639 28059 28059 D UE4     : Android manufacturer is samsung
06-17 18:21:08.640 28059 28059 D UE4     : Android model is SM-G935F
06-17 18:21:08.640 28059 28059 D UE4     : OS language is set to pt_BR
06-17 18:21:08.683  4906  5019 W ActivityManager: Activity pause timeout for ActivityRecord{ddcfce2d0 u0 com.YourCompany.PokeAR/com.epicgames.ue4.GameActivity t1511}
06-17 18:21:08.683  4906  5019 D ActivityManager: resumeTopActivityInnerLocked() : #1 prevTask=null next=ActivityRecord{7b0c848d0 u0 com.google.android.packageinstaller/com.android.packageinstaller.permission.ui.GrantPermissionsActivity t1511} mFocusedStack=ActivityStack{424e918d0 stackId=1, 1 tasks}
06-17 18:21:08.696  4906  5019 D GameManagerService: sem_perfomance_mode: 0
06-17 18:21:08.696  4906  4906 D GameManagerService: NotifyRunnable. pkg: com.google.android.packageinstaller, type: 4, isMinimized: false, isTunableApp: false
06-17 18:21:08.696  4906  4906 D GameManagerService: unexpected mPrevNotiType: -1
06-17 18:21:08.697  4906  5019 D MARsPolicyManager: handlePackageResumedFG pkgName = com.google.android.packageinstaller, userId = 0
06-17 18:21:08.703  4906  5019 D ActivityTrigger: ActivityTrigger activityPauseTrigger 
06-17 18:21:08.704  4906  5019 D GameManagerService: sem_perfomance_mode: 0
06-17 18:21:08.707  6267  6278 D ForegroundUtils: could not check pending caller
06-17 18:21:08.708  4906  4906 D GameManagerService: onDisplayChanged. displyId: 0
06-17 18:21:08.708  4906  4906 D GameManagerService: dpi: 420, longPixel: 1920, shortPixel: 1080
06-17 18:21:08.710 26330 26340 I SAMSUNGPAY: [Hint_ProcessStatusChange] fg Change, pid : 25978 , isNotify : true , isForeground : true , fg list : [28059, 25978]
06-17 18:21:08.713  4906  5019 D ActivityTrigger: ActivityTrigger activityStopTrigger 
06-17 18:21:08.713  4906  8377 D GameManagerService: identifyGamePackage. com.google.android.packageinstaller
06-17 18:21:08.715 26330 26330 I SAMSUNGPAY: [ServiceTypeTable] isSupportOperator : ZTO, BR
06-17 18:21:08.716  5488  5488 D KeyguardServiceBoxContainer: onDisplayChanged() id = 0, density = 420, current density = 420
06-17 18:21:08.716 26330 26330 D SAMSUNGPAY: [ServiceTypeTable] Upgrade - ServiceTypeTable - entryFromCountryIso - index is : 9, iso : BR
06-17 18:21:08.717 26330 26330 D SAMSUNGPAY: [Hint_SimpleIntroService] Hint Status - already invisible, skip hide : [1] - 1
06-17 18:21:08.720  4906  8377 D GameManagerService: identifyGamePackage. com.google.android.packageinstaller
06-17 18:21:08.720  4906  8377 D GameManagerService: identifyGamePackage. com.google.android.packageinstaller
06-17 18:21:08.726 28059 28059 W PopupManager: You have not specified a View to use as content view for popups. Falling back to the Activity content view. Note that this may not work as expected in multi-screen environments
06-17 18:21:08.734  4906  6494 W MultiScreenManagerService: moveTaskBackToDisplayIfNeeded(): The task has more than one activity
06-17 18:21:08.735  4906  6494 D ActivityManager: moveToFront() : reason=finishActivity adjustFocus setFocusedActivity isAttached=true TaskRecord{c1ce1add0 #1511 A=com.YourCompany.PokeAR U=0 StackId=1 sz=3}
06-17 18:21:08.736 28059 28059 D UE4     : ==============> GameActive.onCreate complete!
06-17 18:21:08.738  4906  6494 D InputDispatcher: Focused application set to: xxxx
06-17 18:21:08.740 28059 28059 D UE4     : Creating console command broadcast listener
06-17 18:21:08.740 28059 28079 D UE4     : LogAndroidEvents: EnqueueAppEvent : 9, 0, tid = 28079
06-17 18:21:08.742 28059 28059 D UE4     : ==================================> Inside onStart function in GameActivity
06-17 18:21:08.746 28059 28079 D UE4     : Case APP_CMD_RESUME
06-17 18:21:08.746 28059 28079 D UE4     : LogAndroidEvents: EnqueueAppEvent : 7, 0, tid = 28079
06-17 18:21:08.748  4906  5563 I Sensors : Acc old sensor_state 16896, new sensor_state : 16897 en : 1
06-17 18:21:08.751 28059 28059 D SensorManager: registerListener :: 0, K6DS3TR Acceleration Sensor, 20000, 0,  
06-17 18:21:08.751  4906  5006 I Sensors : Mag old sensor_state 16897, new sensor_state : 16913 en : 1
06-17 18:21:08.754  4906 26616 D ActivityManager: resumeTopActivityInnerLocked() : #1 prevTask=null next=ActivityRecord{ddcfce2d0 u0 com.YourCompany.PokeAR/com.epicgames.ue4.GameActivity t1511} mFocusedStack=ActivityStack{424e918d0 stackId=1, 1 tasks}
06-17 18:21:08.755 28059 28059 D SensorManager: registerListener :: 1, YAS537 Magnetic Sensor, 20000, 0,  
06-17 18:21:08.755  4906  6376 I Sensors : Gyro old sensor_state 16913, new sensor_state : 16915 en : 1
06-17 18:21:08.761  4906 26616 D ActivityTrigger: ActivityTrigger activityPauseTrigger 
06-17 18:21:08.762  4906 26616 D GameManagerService: sem_perfomance_mode: 0
06-17 18:21:08.763 28059 28059 D SensorManager: registerListener :: 3, K6DS3TR Gyroscope Sensor, 20000, 0,  
06-17 18:21:08.763 28059 28059 D UE4     : App is running in Portrait
06-17 18:21:08.763 28059 28059 D UE4     : ==============> Resuming main init
06-17 18:21:08.763  4906 26616 D GameManagerService: sem_perfomance_mode: 0
06-17 18:21:08.764  4906  4906 D GameManagerService: NotifyRunnable. pkg: com.YourCompany.PokeAR, type: 4, isMinimized: false, isTunableApp: false
06-17 18:21:08.764  4906  4906 D GameManagerService: unexpected mPrevNotiType: -1
06-17 18:21:08.764  4906 26616 D MARsPolicyManager: handlePackageResumedFG pkgName = com.YourCompany.PokeAR, userId = 0
06-17 18:21:08.774 28059 28078 D UE4     : Final commandline: ../../../PokeAR/PokeAR.uproject  /Game/HandheldARBP/Maps/HandheldARBlankMap -Messaging -SessionId=A4315BA243D1D6D6B3EC1C80E00FD17B -SessionOwner="diama" -SessionName="Launch On Device" -iterative
06-17 18:21:08.775 28059 28078 D UE4     : Created sync event
06-17 18:21:08.776  6267  6278 D ForegroundUtils: could not check pending caller
06-17 18:21:08.777 26330 26340 I SAMSUNGPAY: [Hint_ProcessStatusChange] fg Change, pid : 25978 , isNotify : true , isForeground : false , fg list : [28059]
06-17 18:21:08.777  4906 26615 I MultiWindowManagerService: setTaskDimensions: Task=TaskRecord{c1ce1add0 #1511 A=com.YourCompany.PokeAR U=0 StackId=1 sz=2} minWidth=-1 minHeight=-1 maxWidth=-1 maxHeight=-1
06-17 18:21:08.777  4906 26615 D ActivityManager: resumeTopActivityInnerLocked() : #1 prevTask=null next=ActivityRecord{ddcfce2d0 u0 com.YourCompany.PokeAR/com.epicgames.ue4.GameActivity t1511} mFocusedStack=ActivityStack{424e918d0 stackId=1, 1 tasks}
06-17 18:21:08.778 26330 26330 I SAMSUNGPAY: [ServiceTypeTable] isSupportOperator : ZTO, BR
06-17 18:21:08.778 28059 28064 I art     : Compiler allocated 4MB to compile void com.epicgames.ue4.GameActivity.onCreate(android.os.Bundle)
06-17 18:21:08.779 26330 26330 D SAMSUNGPAY: [ServiceTypeTable] Upgrade - ServiceTypeTable - entryFromCountryIso - index is : 9, iso : BR
06-17 18:21:08.780 26330 26330 D SAMSUNGPAY: [Hint_SimpleIntroService] Hint Status - already invisible, skip hide : [1] - 1
06-17 18:21:08.785 28059 28059 D UE4     : ==============> GameActive.onResume complete!
06-17 18:21:08.792  4906  5321 W WindowManager: Failed looking up window
06-17 18:21:08.792  4906  5321 W WindowManager: java.lang.IllegalArgumentException: Requested window android.os.BinderProxy@7026292 does not exist
06-17 18:21:08.792  4906  5321 W WindowManager: 	at com.android.server.wm.WindowManagerService.windowForClientLocked(WindowManagerService.java:10347)
06-17 18:21:08.792  4906  5321 W WindowManager: 	at com.android.server.wm.WindowManagerService.pokeDrawLock(WindowManagerService.java:3135)
06-17 18:21:08.792  4906  5321 W WindowManager: 	at com.android.server.wm.Session.pokeDrawLock(Session.java:608)
06-17 18:21:08.792  4906  5321 W WindowManager: 	at android.view.IWindowSession$Stub.onTransact(IWindowSession.java:864)
06-17 18:21:08.792  4906  5321 W WindowManager: 	at com.android.server.wm.Session.onTransact(Session.java:161)
06-17 18:21:08.792  4906  5321 W WindowManager: 	at android.os.Binder.execTransact(Binder.java:573)
06-17 18:21:08.793  4906  5007 D WindowManager: addWindow: android.view.IWindow$Stub$Proxy@7865860 displayId=0
06-17 18:21:08.793  4906  5007 D InputTransport: Input channel constructed: fd=499
06-17 18:21:08.794  4906  5007 D InputTransport: Input channel constructed: fd=501
06-17 18:21:08.795  4906  5007 D InputTransport: Input channel destroyed: fd=501
06-17 18:21:08.795 28059 28059 D InputTransport: Input channel constructed: fd=70
06-17 18:21:08.796 28059 28059 D ViewRootImpl@891b7cf[GameActivity]: setView = DecorView@526855c[GameActivity] touchMode=true
06-17 18:21:08.797  4906  6561 D ActivityManager: post active user change for 0 fullscreen true isHomeActivity() false
06-17 18:21:08.797  4906  6561 D KnoxTimeoutHandler: postActiveUserChange [MsgParam] userId: 0 fullscreen is true showWhenlocked is false isMutiwindowRecord is false multiwindowstyle is 0
06-17 18:21:08.797  4906  4906 D KnoxTimeoutHandler: handleActiveUserChange [MsgParam] userId: 0 fullscreen is true showWhenlocked is false isMutiwindowRecord is false multiwindowstyle is 0
06-17 18:21:08.798  4906  4906 I KnoxTimeoutHandler: Shared devices show user statefalse
06-17 18:21:08.799 28059 28079 D UE4     : Case APP_CMD_PAUSE
06-17 18:21:08.799 28059 28079 D UE4     : LogAndroidEvents: EnqueueAppEvent : 6, 0, tid = 28079
06-17 18:21:08.800  4906  6312 I Sensors : Acc old sensor_state 16915, new sensor_state : 16914 en : 0
06-17 18:21:08.803  4906  5303 I Sensors : Mag old sensor_state 16914, new sensor_state : 16898 en : 0
06-17 18:21:08.808  4906  6509 I Sensors : Gyro old sensor_state 16898, new sensor_state : 16896 en : 0
06-17 18:21:08.809  4906  4906 I Telecom : TelecomFeature: getContactsPackageName: com.samsung.android.contacts: TSI.gDDP@AXA
06-17 18:21:08.809  4906  4906 I Telecom : com.android.server.telecom.TelecomServiceImpl$1: getSystemDialerPackage: com.samsung.android.contacts: TSI.gDDP@AXA
06-17 18:21:08.809  4906  4906 I Telecom : TelecomFeature: getContactsPackageName: com.samsung.android.contacts
06-17 18:21:08.813 28059 28059 D SensorManager: unregisterListener ::   
06-17 18:21:08.814 28059 28059 D UE4     : ==============> GameActive.onPause complete!
06-17 18:21:08.816  4906  5019 D ActivityTrigger: ActivityTrigger activityStopTrigger 
06-17 18:21:08.819  4906 26616 I MultiWindowManagerService: setTaskDimensions: Task=TaskRecord{c1ce1add0 #1511 A=com.YourCompany.PokeAR U=0 StackId=1 sz=1} minWidth=-1 minHeight=-1 maxWidth=-1 maxHeight=-1
06-17 18:21:08.819  4906 26616 D ActivityManager: resumeTopActivityInnerLocked() : #1 prevTask=null next=ActivityRecord{ddcfce2d0 u0 com.YourCompany.PokeAR/com.epicgames.ue4.GameActivity t1511} mFocusedStack=ActivityStack{424e918d0 stackId=1, 1 tasks}
06-17 18:21:08.819  4906  5314 V WindowManager: Relayout Window{918c2ebd0 u0 com.YourCompany.PokeAR/com.epicgames.ue4.GameActivity}: viewVisibility=0 req=1079x1856 WM.LayoutParams{(0,0)(fillxfill) gr=#11 sim=#120 ty=2 fl=#1810500 wanim=0x1030001 needsMenuKey=2 naviIconColor=0}
06-17 18:21:08.820  3184  3184 I SurfaceFlinger: id=422 createSurf (1080x1920),1 flag=404, HameActivit
06-17 18:21:08.850 28059 28080 I OpenGLRenderer: Initialized EGL, version 1.4
06-17 18:21:08.850 28059 28080 D OpenGLRenderer: Swap behavior 1
06-17 18:21:08.856 28059 28080 D libGLESv1: STS_GLApi : DTS is not allowed for Package : com.YourCompany.PokeAR
06-17 18:21:08.858 28059 28080 D mali_winsys: EGLint new_window_surface(egl_winsys_display*, void*, EGLSurface, EGLConfig, egl_winsys_surface**, egl_color_buffer_format*, EGLBoolean) returns 0x3000,  [1080x1920]-format:1
06-17 18:21:08.859  4906  6561 V WindowManager: Relayout Window{d611119d0 u0 com.YourCompany.PokeAR/com.epicgames.ue4.GameActivity}: viewVisibility=0 req=1079x1856 WM.LayoutParams{(0,0)(fillxfill) sim=#10 ty=1 fl=#1810500 fmt=1 wanim=0x1030001 needsMenuKey=2 naviIconColor=0}
06-17 18:21:08.860  3184  3184 I SurfaceFlinger: id=423 createSurf (1080x1920),1 flag=4, HameActivit
06-17 18:21:08.867 28059 28080 D mali_winsys: EGLint new_window_surface(egl_winsys_display*, void*, EGLSurface, EGLConfig, egl_winsys_surface**, egl_color_buffer_format*, EGLBoolean) returns 0x3000,  [1080x1920]-format:1
06-17 18:21:08.870  4906  6312 D WindowManager: addWindow: android.view.IWindow$Stub$Proxy@7e015de displayId=0
06-17 18:21:08.873  4906  6491 V WindowManager: Relayout Window{e689a8cd0 u0 SurfaceView - com.YourCompany.PokeAR/com.epicgames.ue4.GameActivity}: viewVisibility=0 req=1080x1920 WM.LayoutParams{(0,0)(1080x1920) gr=#800033 ty=1001 fl=#4218 pfl=0x10040 fmt=4 naviIconColor=0}
06-17 18:21:08.873  3184  3184 I SurfaceFlinger: id=424 createSurf (1080x1920),4 flag=404, HameActivit
06-17 18:21:08.875  3184  3184 I SurfaceFlinger: id=425 createSurf (1080x1920),-1 flag=20404, HameActivit
06-17 18:21:08.881 28059 28079 D UE4     : Case APP_CMD_INIT_WINDOW
06-17 18:21:08.881 28059 28079 D UE4     : LogAndroidEvents: EnqueueAppEvent : 0, 3832264712, tid = 28079
06-17 18:21:08.882  4906  6518 D WindowManager: finishDrawingWindow: Window{e689a8cd0 u0 SurfaceView - com.YourCompany.PokeAR/com.epicgames.ue4.GameActivity} mDrawState=DRAW_PENDING
06-17 18:21:08.888  4906  5050 V WindowManager: Now policy hidden: Window{e689a8cd0 u0 SurfaceView - com.YourCompany.PokeAR/com.epicgames.ue4.GameActivity}
06-17 18:21:08.890 28059 28079 D UE4     : LogAndroidEvents: EnqueueAppEvent : 12, 0, tid = 28079
06-17 18:21:08.891 28059 28079 D UE4     : LogAndroidEvents: EnqueueAppEvent : 8, 0, tid = 28079
06-17 18:21:08.893 28059 28059 D UE4     : ==============> GameActive.onStop complete!
06-17 18:21:08.895 28059 28059 D UE4     : Creating console command broadcast listener
06-17 18:21:08.895 28059 28079 D UE4     : LogAndroidEvents: EnqueueAppEvent : 9, 0, tid = 28079
06-17 18:21:08.897 28059 28059 D UE4     : ==================================> Inside onStart function in GameActivity
06-17 18:21:08.897 28059 28079 D UE4     : Case APP_CMD_RESUME
06-17 18:21:08.898 28059 28079 D UE4     : LogAndroidEvents: EnqueueAppEvent : 7, 0, tid = 28079
06-17 18:21:08.899  4906  6509 I Sensors : Acc old sensor_state 16896, new sensor_state : 16897 en : 1
06-17 18:21:08.902 28059 28059 D SensorManager: registerListener :: 0, K6DS3TR Acceleration Sensor, 20000, 0,  
06-17 18:21:08.903  4906  5563 I Sensors : Mag old sensor_state 16897, new sensor_state : 16913 en : 1
06-17 18:21:08.906 28059 28059 D SensorManager: registerListener :: 1, YAS537 Magnetic Sensor, 20000, 0,  
06-17 18:21:08.907  4906  5374 D MdnieScenarioControlService:  packageName : com.YourCompany.PokeAR    className : com.epicgames.ue4.GameActivity
06-17 18:21:08.907  4906 18594 I Sensors : Gyro old sensor_state 16913, new sensor_state : 16915 en : 1
06-17 18:21:08.913 28059 28059 D SensorManager: registerListener :: 3, K6DS3TR Gyroscope Sensor, 20000, 0,  
06-17 18:21:08.914 28059 28059 D UE4     : App is running in Portrait
06-17 18:21:08.914 28059 28059 D UE4     : ==============> Resuming main init
06-17 18:21:08.914 28059 28059 D UE4     : ==============> GameActive.onResume complete!
06-17 18:21:08.915  4906  5006 D ActivityManager: post active user change for 0 fullscreen true isHomeActivity() false
06-17 18:21:08.915  4906  5006 D KnoxTimeoutHandler: postActiveUserChange [MsgParam] userId: 0 fullscreen is true showWhenlocked is false isMutiwindowRecord is false multiwindowstyle is 0
06-17 18:21:08.915  4906  4906 D KnoxTimeoutHandler: handleActiveUserChange [MsgParam] userId: 0 fullscreen is true showWhenlocked is false isMutiwindowRecord is false multiwindowstyle is 0
06-17 18:21:08.916 28059 28079 D UE4     : Case APP_CMD_PAUSE
06-17 18:21:08.916 28059 28079 D UE4     : LogAndroidEvents: EnqueueAppEvent : 6, 0, tid = 28079
06-17 18:21:08.916  4906  6377 I Sensors : Acc old sensor_state 16915, new sensor_state : 16914 en : 0
06-17 18:21:08.917  4906  4906 I KnoxTimeoutHandler: Shared devices show user statefalse
06-17 18:21:08.922  4906  6376 I Sensors : Mag old sensor_state 16914, new sensor_state : 16898 en : 0
06-17 18:21:08.926  4906 26616 I Sensors : Gyro old sensor_state 16898, new sensor_state : 16896 en : 0
06-17 18:21:08.935 28059 28059 D SensorManager: unregisterListener ::   
06-17 18:21:08.935 28059 28059 D UE4     : ==============> GameActive.onPause complete!
06-17 18:21:08.937 28059 28079 D UE4     : LogAndroidEvents: EnqueueAppEvent : 12, 0, tid = 28079
06-17 18:21:08.938 28059 28079 D UE4     : LogAndroidEvents: EnqueueAppEvent : 8, 0, tid = 28079
06-17 18:21:08.938 28059 28059 D UE4     : ==============> GameActive.onStop complete!
06-17 18:21:08.939 28059 28059 D ViewRootImpl@8cf41b8[GameActivity]: MSG_RESIZED_REPORT: ci=Rect(0, 0 - 0, 0) vi=Rect(0, 0 - 0, 0) or=1
06-17 18:21:09.002 28059 28078 D UE4     : LogICUInternationalization: Display: ICU TimeZone Detection - Raw Offset: -3:00, Platform Override: ''
06-17 18:21:09.002 28059 28078 D UE4     : 
06-17 18:21:09.004  4906 26618 D WindowManager: finishDrawingWindow: Window{918c2ebd0 u0 com.YourCompany.PokeAR/com.epicgames.ue4.GameActivity} mDrawState=DRAW_PENDING
06-17 18:21:09.006 28059 28078 D UE4     : Testing for Vulkan availability:
06-17 18:21:09.007 28059 28078 D UE4     : Vulkan library detected, checking for available driver
06-17 18:21:09.009  4906  5007 V WindowManager: Relayout Window{d611119d0 u0 com.YourCompany.PokeAR/com.epicgames.ue4.GameActivity}: viewVisibility=0 req=1080x1920 WM.LayoutParams{(0,0)(fillxfill) sim=#110 ty=1 fl=#1810500 fmt=1 wanim=0x1030001 needsMenuKey=2 naviIconColor=0}
06-17 18:21:09.010 28059 28078 D vulkan  : searching for layers in '/data/app/com.YourCompany.PokeAR-1/lib/arm'
06-17 18:21:09.010 28059 28078 D vulkan  : searching for layers in '/system/fake-libs'
06-17 18:21:09.011 28059 28078 D vulkan  : searching for layers in '/data/app/com.YourCompany.PokeAR-1/base.apk!/lib/armeabi-v7a'
06-17 18:21:09.012 28059 28078 D vulkan  : vulkan api version_1_0 1.0.0
06-17 18:21:09.012 28059 28078 D vulkan  : vulkan header version 13
06-17 18:21:09.015  4906  6494 V WindowManager: Relayout Window{e689a8cd0 u0 SurfaceView - com.YourCompany.PokeAR/com.epicgames.ue4.GameActivity}: viewVisibility=0 req=1080x1920 WM.LayoutParams{(0,0)(1080x1920) gr=#800033 ty=1001 fl=#4218 pfl=0x10040 fmt=4 naviIconColor=0}
06-17 18:21:09.019  4906  6312 D WindowManager: finishDrawingWindow: Window{e689a8cd0 u0 SurfaceView - com.YourCompany.PokeAR/com.epicgames.ue4.GameActivity} mDrawState=READY_TO_SHOW
06-17 18:21:09.081  4906  8377 D GameManagerService: identifyGamePackage. com.YourCompany.PokeAR
06-17 18:21:09.081  4906  8377 D GameManagerService: identifyGamePackage. com.YourCompany.PokeAR
06-17 18:21:09.082 28059 28078 D UE4     : VulkanRHI is available, Vulkan capable device detected.
06-17 18:21:09.082 28059 28078 D UE4     : EGL Extensions: 
06-17 18:21:09.082 28059 28078 D UE4     : EGL_KHR_get_all_proc_addresses EGL_ANDROID_presentation_time EGL_KHR_swap_buffers_with_damage EGL_ANDROID_create_native_client_buffer EGL_ANDROID_front_buffer_auto_refresh EGL_KHR_image EGL_KHR_image_base EGL_KHR_gl_texture_2D_image EGL_KHR_gl_texture_cubemap_image EGL_KHR_gl_renderbuffer_image EGL_KHR_fence_sync EGL_KHR_create_context EGL_KHR_config_attribs EGL_KHR_surfaceless_context EGL_EXT_create_context_robustness EGL_ANDROID_image_native_buffer EGL_KHR_wait_sync EGL_ANDROID_recordable EGL_KHR_partial_update EGL_KHR_mutable_render_buffer EGL_EXT_protected_content 
06-17 18:21:09.098  4906  8377 D GameManagerService: identifyGamePackage. com.YourCompany.PokeAR
06-17 18:21:09.099  4906  8377 D GameManagerService: identifyGamePackage. com.YourCompany.PokeAR
06-17 18:21:09.110  4906  9932 D WindowManager: finishDrawingWindow: Window{d611119d0 u0 com.YourCompany.PokeAR/com.epicgames.ue4.GameActivity} mDrawState=DRAW_PENDING
06-17 18:21:09.110 28059 28059 D ViewRootImpl@891b7cf[GameActivity]: MSG_RESIZED_REPORT: ci=Rect(0, 0 - 0, 0) vi=Rect(0, 0 - 0, 0) or=1
06-17 18:21:09.123  4906  5050 D KnoxTimeoutHandler: notifyActivityDrawn [MsgParam] userId: 0 fullscreen is true showWhenlocked is false isMutiwindowRecord is false multiwindowstyle is 1
06-17 18:21:09.123  4906  5888 D WindowManager: finishDrawingWindow: Window{d611119d0 u0 com.YourCompany.PokeAR/com.epicgames.ue4.GameActivity} mDrawState=HAS_DRAWN
