06-17 18:21:13.196 28059 28078 D UE4     : [2018.06.17-21.21.13:196][  0]LogAndroidEvents: Display: DequeueAppEvent : 0, 3832264712
06-17 18:21:13.196 28059 28078 D UE4     : APP_EVENT_STATE_WINDOW_CREATED, 0, 0, 0
06-17 18:21:13.196 28059 28078 D UE4     : LogAndroidEvents: Display: ExecWindowCreated
06-17 18:21:13.196 28059 28078 D UE4     : 
06-17 18:21:13.196  3184  5289 I SurfaceFlinger: id=422 Removed HameActivit (-2/7)
06-17 18:21:13.196 28059 28078 D UE4     : [2018.06.17-21.21.13:196][  0]LogRenderer: Reallocating scene render targets to support 720x1280 Format 10 NumSamples 1 (Frame:1).
06-17 18:21:13.196 28059 28078 D UE4     : [2018.06.17-21.21.13:196][  0]LogAndroidEvents: Display: ExecWindowCreated
06-17 18:21:13.196 28059 28078 D UE4     : AndroidEGL::ReInitWindow()
06-17 18:21:13.196 28059 28078 D UE4     : AndroidEGL::ReInit()
06-17 18:21:13.196 28059 28078 D UE4     : AndroidEGL::ResetDisplay()
06-17 18:21:13.199 28059 28078 D UE4     : AndroidEGL::InitSurface 0, 1
06-17 18:21:13.199 28059 28078 D UE4     : AndroidEGL::CreateEGLSurface() Already initialized: 0xdbc11970
06-17 18:21:13.199 28059 28078 D UE4     : ExecWindowCreated, 0, 1, 0
06-17 18:21:13.199 28059 28078 D UE4     : LogAndroidEvents: Display: DequeueAppEvent : 12, 0
06-17 18:21:13.199 28059 28078 D UE4     : 
06-17 18:21:13.199 28059 28078 D UE4     : [2018.06.17-21.21.13:199][  0]LogAndroidEvents: Display: DequeueAppEvent : 12, 0
06-17 18:21:13.199 28059 28078 D UE4     : LogAndroidEvents: Display: DequeueAppEvent : 8, 0
06-17 18:21:13.199 28059 28078 D UE4     : 
06-17 18:21:13.199 28059 28078 D UE4     : [2018.06.17-21.21.13:199][  0]LogAndroidEvents: Display: DequeueAppEvent : 8, 0
06-17 18:21:13.199 28059 28078 D UE4     : LogAndroidEvents: Display: DequeueAppEvent : 9, 0
06-17 18:21:13.199 28059 28078 D UE4     : 
06-17 18:21:13.200  4906 26616 D InputTransport: Input channel destroyed: fd=493
06-17 18:21:13.200 28059 28078 D UE4     : [2018.06.17-21.21.13:200][  0]LogAndroidEvents: Display: DequeueAppEvent : 9, 0
06-17 18:21:13.200 28059 28078 D UE4     : LogAndroidEvents: Display: DequeueAppEvent : 7, 0
06-17 18:21:13.200 28059 28078 D UE4     : 
06-17 18:21:13.200 28059 28078 D UE4     : [2018.06.17-21.21.13:200][  0]LogAndroidEvents: Display: DequeueAppEvent : 7, 0
06-17 18:21:13.200 28059 28078 D UE4     : [2018.06.17-21.21.13:200][  0]LogTemp: Android resume audio
06-17 18:21:13.201 28059 28059 D InputTransport: Input channel destroyed: fd=68
06-17 18:21:13.207 28059 28078 D UE4     : Registering volume receiver
06-17 18:21:13.213  4906  6527 D AudioService: getStreamVolume 3 index 140
06-17 18:21:13.213 28059 28078 D UE4     : startVolumeReceiver: 14
06-17 18:21:13.213 28059 28078 D UE4     : nativeVolumeEvent(14)
06-17 18:21:13.213 28059 28078 D UE4     : Registering battery receiver
06-17 18:21:13.216 28059 28078 D UE4     : Registering headset receiver
06-17 18:21:13.217 28059 28059 D UE4     : Battery: status = 2, rawlevel = 97, scale = 100
06-17 18:21:13.217 28059 28059 D UE4     : nativeBatteryEvent(stat = 2, lvl = 97  temp = 23.60 C)
06-17 18:21:13.217 28059 28078 D UE4     : startHeadsetReceiver: 0
06-17 18:21:13.218 28059 28078 D UE4     : nativeHeadsetEvent(0)
06-17 18:21:13.282 28059 28138 D UE4     : *** JavaEnvDestructor: 28138
06-17 18:21:14.001 28157 28157 I FIPS_bssl: FIPS (v1.1) approved mode (1) | 28157 | ps
06-17 18:21:14.017  4906  8377 D GameManagerService: identifyGamePackage. com.YourCompany.PokeAR
06-17 18:21:14.082 28059 28135 D UE4     : *** JavaEnvDestructor: 28135
06-17 18:21:14.083 28059 28136 D UE4     : *** JavaEnvDestructor: 28136
06-17 18:21:14.083 28059 28134 D UE4     : *** JavaEnvDestructor: 28134
06-17 18:21:14.184 28059 28078 D UE4     : [2018.06.17-21.21.14:184][  0]LogUdpMessaging: Initializing bridge on interface 0.0.0.0:0 to multicast group 230.0.0.1:6666.
06-17 18:21:14.401  4906  5255 D SamsungAlarmManager: Expired : 4
06-17 18:21:14.405  4906  5255 D SamsungAlarmManager: setInexact Intent (T:1/F:0/AC:false) 20180617T182250 - CU:1000/CP:4906
06-17 18:21:14.405  4906  5255 I SamsungAlarmManager: setLocked to kernel - T:2 / 20180617T182200, SetElapsed=5807553, nowELAPSED=5761269
06-17 18:21:14.406  4906  5255 I SamsungAlarmManager: setLocked to kernel - T:3 / 20180617T182200, SetElapsed=5806864, nowELAPSED=5761269
06-17 18:21:14.407  4906  5255 V SamsungAlarmManager: Sending to uid : 5009 action=com.samsung.android.scloud.backup.autobackup.AUTO_BACKUP_START alarm=Alarm{cb4699a type 0 when 1529270458081 com.samsung.android.scloud}
06-17 18:21:14.408  4906  5255 V SamsungAlarmManager: Sending to uid : 1000 action=com.android.server.action.UPDATE_TWILIGHT_STATE alarm=Alarm{81a12cb type 1 when 600000 android}
06-17 18:21:14.411  4906  5255 V SamsungAlarmManager: Sending to uid : 1000 listener=android.app.AlarmManager$ListenerWrapper@2916ff6 alarm=Alarm{8d60aa8 type 2 when 5761204 android}
06-17 18:21:14.412  4906  5255 V SamsungAlarmManager: Sending to uid : 10025 action=com.google.android.location.reporting.collectors.ULR_BAROMETER_READ_ALARM alarm=Alarm{51e9c1 type 1 when 1529270450333 com.google.android.gms}
06-17 18:21:14.420  4906  5255 V SamsungAlarmManager: Sending to uid : 10025 action=null alarm=Alarm{45f8566 type 3 when 5761265 com.google.android.gms}
06-17 18:21:14.423  4906  4906 D SamsungAlarmManager: Cancel Alarm calling from uid:1000 pid :4906 / op:PendingIntent{a3510a7: PendingIntentRecord{5f9dcc2 android broadcastIntent}}
06-17 18:21:14.431  4906  6518 E Sensors : Pressure old sensor_state 16896, new sensor_state : 16928 en : 1
06-17 18:21:14.432  4906  4906 D SamsungAlarmManager: setExact Intent (T:1/F:9/AC:false) 19691231T211000 - CU:1000/CP:4906
06-17 18:21:14.432  4906  4906 I SamsungAlarmManager: setLocked to kernel - T:3 / 20180617T182115, SetElapsed=5762288, nowELAPSED=5761296
06-17 18:21:14.436  6205  6205 D SensorManager: registerListener :: 4, LPS25H Barometer Sensor, 0, 0,  
06-17 18:21:14.449  4906  4906 D SamsungAlarmManager: setInexact Listener (T:2/F:0/AC:false) 20180617T182439 - CU:1000/CP:4906
06-17 18:21:14.522 27477 27477 V FlowsenseSDK: Starting Periodic Location Request
06-17 18:21:14.522 27477 27477 V FlowsenseSDK: BackGroundLocationAlarm, checking Android version before starting
06-17 18:21:14.522 27477 27477 V FlowsenseSDK: Android Version is >= Lollipop
06-17 18:21:14.522 27477 27477 V FlowsenseSDK: Trying to start Periodic Location Request
06-17 18:21:14.531  4906  6494 I SamsungAlarmManager: setLocked to kernel - T:3 / 19691231T211000, SetElapsed=-1529264113136, nowELAPSED=5761395
06-17 18:21:14.531  4906  5255 D SamsungAlarmManager: Expired : 8
06-17 18:21:14.532  4906  6494 D SamsungAlarmManager: setInexact Listener (T:2/F:0/AC:false) 20180617T182214 - CU:1000/CP:4906
06-17 18:21:14.532  4906  5255 I SamsungAlarmManager: setLocked to kernel - T:3 / 20180617T182200, SetElapsed=5806864, nowELAPSED=5761396
06-17 18:21:14.553  6205 28164 I AsyncOpDispatcher: 35-GetDeviceDataUploadOptInStatusOperation
06-17 18:21:14.560  4906  5563 D BatteryService: !@BatteryListener : batteryPropertiesChanged!
06-17 18:21:14.561  4906  5563 D BatteryService: level:97, scale:100, status:2, health:2, present:true, voltage: 4299, temperature: 236, technology: Li-ion, AC powered:false, USB powered:true, POGO powered:false, Wireless powered:false, icon:17303682, invalid charger:0, maxChargingCurrent:0, maxChargingVoltage:0, chargeCounter:0
06-17 18:21:14.561  4906  5563 D BatteryService: online:4, current avg:273, charge type:1, power sharing:false, high voltage charger:false, capacity:280000, batterySWSelfDischarging:false, misc_event:0, current_now:232
06-17 18:21:14.561  4906  5563 D BatteryService: stay LED for charging
06-17 18:21:14.561  4906  4906 D BatteryService: Sending ACTION_BATTERY_CHANGED.
06-17 18:21:14.564  4906  8144 I SamsungAlarmManager: setLocked to kernel - T:2 / 20180617T182200, SetElapsed=5807552, nowELAPSED=5761428
06-17 18:21:14.565  4906  8144 D SamsungAlarmManager: setInexact Listener (T:2/F:0/AC:false) 20180617T182439 - CU:1000/CP:4906
06-17 18:21:14.565  4906  4906 V UiModeManager: updateLocked: null action, mDockState=0, category=null
06-17 18:21:14.565  4906  4906 D UiModeManager: updateConfigurationLocked: mDockState=0; mCarMode=false; mNightMode=1; uiMode=17
06-17 18:21:14.567  4906  4906 D GameManagerService: new battery level: 97
06-17 18:21:14.570  5488  5488 D KeyguardUpdateMonitor: received broadcast android.intent.action.BATTERY_CHANGED
06-17 18:21:14.570  5488  5488 D KeyguardUpdateMonitor: handleBatteryUpdate
06-17 18:21:14.577  5488  5488 D PowerUI : priorPlugType = 2 mPlugType =  2
06-17 18:21:14.579  5488  5488 D PowerUI.Notification: showChargingNotice oldChargingType : 1 currentChargingType : 1 oldChargingTime : 528000 mChargingTime : 528000
06-17 18:21:14.579  5488  5488 D PowerUI.Notification: There is no change about charging status, so return!
06-17 18:21:14.584  5488  5488 D BatteryMeterDrawable: isSomethingChanged - false
06-17 18:21:14.584  5488  5488 D BatteryMeterDrawable: isSomethingChanged - false
06-17 18:21:14.588  6466  6466 I AODDeviceStateBroadcastObserver: onUpdate: BR : android.intent.action.BATTERY_CHANGED
06-17 18:21:14.592  4906  8144 D SamsungAlarmManager: setInexact Listener (T:2/F:0/AC:false) 20180617T182944 - CU:1000/CP:4906
06-17 18:21:14.593  5488  5488 D Tile.FlashlightTile: ACTION_BATTERY_CHANGED - Level :: 97, emEnabled :: false
06-17 18:21:14.596  4906  8144 D SamsungAlarmManager: setInexact Listener (T:2/F:0/AC:false) 20180617T182214 - CU:1000/CP:4906
06-17 18:21:14.625 27477 28168 E FlowsenseSDK: Should call Intent { cmp=ws.hanzo.Vrrh/com.flowsense.flowsensesdk.LocationService.JobIntent launchParam=MultiScreenLaunchParams { mDisplayId=0 mFlags=0 } }
06-17 18:21:14.625 27477 28168 V FlowsenseSDK: Service onStartCommand
06-17 18:21:14.625 27477 28168 V FlowsenseSDK: PersonaUUID 96329f77427e4c71b9695ca55db900b2
06-17 18:21:14.626 27477 28168 V FlowsenseSDK: getLocation 96329f77427e4c71b9695ca55db900b2
06-17 18:21:14.626 27477 28168 V FlowsenseSDK: SO >= M
06-17 18:21:14.627 27477 28168 V FlowsenseSDK: Permission False
06-17 18:21:14.627 27477 28168 V FlowsenseSDK: GpsLocation + last_know_gps_location null
06-17 18:21:14.627 27477 28168 V FlowsenseSDK: SO >= M
06-17 18:21:14.627 27477 28168 V FlowsenseSDK: Permission False
06-17 18:21:14.627 27477 28168 V FlowsenseSDK: NetworkLocation + last_know_gps_location null
06-17 18:21:14.628 27477 28168 V FlowsenseSDK: NetworkLocation + last_know_gps_location time 21:00:00
06-17 18:21:14.628 27477 28168 V FlowsenseSDK: SO >= M
06-17 18:21:14.629 27477 28168 V FlowsenseSDK: SO >= M
06-17 18:21:14.630 27477 28168 V FlowsenseSDK: Localizacao null
06-17 18:21:14.630 27477 28168 V FlowsenseSDK: No foi encontrada nenhuma localizao
06-17 18:21:14.647  4906  6377 D SamsungAlarmManager: setInexact Intent (T:3/F:0/AC:false) 20180617T182214 - CU:10025/CP:6205
06-17 18:21:14.655  4906  6312 E Sensors : Pressure old sensor_state 16928, new sensor_state : 16896 en : 0
06-17 18:21:14.659  6205  6205 D SensorManager: unregisterListener ::   
06-17 18:21:14.870 28059 28133 D UE4     : *** JavaEnvDestructor: 28133
06-17 18:21:15.079 28059 28132 D UE4     : *** JavaEnvDestructor: 28132
06-17 18:21:15.082  4906  8377 D GameManagerService: identifyGamePackage. com.YourCompany.PokeAR
06-17 18:21:15.150 28170 28170 I FIPS_bssl: FIPS (v1.1) approved mode (1) | 28170 | ps
06-17 18:21:15.735 28059 28159 D UE4     : *** JavaEnvDestructor: 28159
06-17 18:21:15.837 28059 28078 D UE4     : [2018.06.17-21.21.15:837][  0]LogTcpMessaging: Initializing TcpMessaging bridge, listening on 127.0.0.1:6666
06-17 18:21:15.843 28059 28078 D UE4     : Execution has been resumed!
06-17 18:21:15.843 28059 28078 D UE4     : LogAndroidEvents: Display: DequeueAppEvent : 6, 0
06-17 18:21:15.843 28059 28078 D UE4     : 
06-17 18:21:15.844 28059 28078 D UE4     : [2018.06.17-21.21.15:843][  0]LogAndroidEvents: Display: DequeueAppEvent : 6, 0
06-17 18:21:15.891 28059 28163 D UE4     : *** JavaEnvDestructor: 28163
06-17 18:21:16.082  4906  5045 V WallpaperManagerService: Wallpaper file change: evt=128 path=package-restrictions-backup.xml sys=false lock=false imagePending=false whichPending=0x0 written=true index=0
06-17 18:21:16.113  4906  5045 V WallpaperManagerService: Wallpaper file change: evt=8 path=package-restrictions.xml sys=false lock=false imagePending=false whichPending=0x0 written=true index=0
06-17 18:21:16.113  4906  5045 V WallpaperManagerService: Wallpaper file change: evt=512 path=package-restrictions-backup.xml sys=false lock=false imagePending=false whichPending=0x0 written=false index=0
06-17 18:21:16.190 28059 28161 D UE4     : *** JavaEnvDestructor: 28161
06-17 18:21:16.192 28059 28162 D UE4     : *** JavaEnvDestructor: 28162
06-17 18:21:16.193 28059 28160 D UE4     : *** JavaEnvDestructor: 28160
06-17 18:21:16.305 28174 28174 I FIPS_bssl: FIPS (v1.1) approved mode (1) | 28174 | ps
06-17 18:21:16.840 28059 28172 D UE4     : *** JavaEnvDestructor: 28172
06-17 18:21:16.843 28059 28173 D UE4     : *** JavaEnvDestructor: 28173
06-17 18:21:16.885  6047  6047 D io_stats: !@   8,0 r 181309 10747684 w 41555 629340 d 4856 190400 f 14568 14568 iot 70650 59314 th 286416 0 0 pt 0 inp 0 0 5306.894
06-17 18:21:16.944 28059 28078 D UE4     : Unregistering volume receiver
06-17 18:21:16.946 28059 28078 D UE4     : Unregistering battery receiver
06-17 18:21:16.948 28059 28078 D UE4     : Unregistering headset receiver
06-17 18:21:16.956 28059 28154 D UE4     : *** JavaEnvDestructor: 28154
06-17 18:21:16.959 28059 28153 D UE4     : AndroidEGL::ResetDisplay()
06-17 18:21:16.967 28059 28153 D UE4     : *** JavaEnvDestructor: 28153
06-17 18:21:16.968 28059 28078 D UE4     : [2018.06.17-21.21.16:968][  0]LogTemp: Android pause audio
06-17 18:21:16.969 28059 28078 D UE4     : Execution has been paused...
06-17 18:21:16.969 28059 28078 D UE4     : LogAndroidEvents: Display: DequeueAppEvent : 12, 0
06-17 18:21:16.969 28059 28078 D UE4     : 
06-17 18:21:16.970 28059 28078 D UE4     : [2018.06.17-21.21.16:969][  0]LogAndroidEvents: Display: DequeueAppEvent : 12, 0
06-17 18:21:16.970 28059 28078 D UE4     : LogAndroidEvents: Display: DequeueAppEvent : 8, 0
06-17 18:21:16.970 28059 28078 D UE4     : 
06-17 18:21:16.970 28059 28078 D UE4     : [2018.06.17-21.21.16:970][  0]LogAndroidEvents: Display: DequeueAppEvent : 8, 0
06-17 18:21:16.975 28059 28085 D UE4     : LogStats: Warning: MetaData mismatch. Did you assign a stat to two groups? New //STATGROUP_Threads//FUdpMessageBeacon///Thread_6e01_0///####STATCAT_Advanced#### old //STATGROUP_Threads//FUdpMessageBeacon///Thread_6de7_0///####STATCAT_Advanced####
06-17 18:21:16.976 28059 28085 D UE4     : 
06-17 18:21:16.976 28059 28085 D UE4     : LogStats: Warning: MetaData mismatch. Did you assign a stat to two groups? New //STATGROUP_Threads//FUdpMessageProcessor.Sender///Thread_6e02_0///####STATCAT_Advanced#### old //STATGROUP_Threads//FUdpMessageProcessor.Sender///Thread_6de8_0///####STATCAT_Advanced####
06-17 18:21:16.976 28059 28085 D UE4     : 
06-17 18:21:16.976 28059 28085 D UE4     : LogStats: Warning: MetaData mismatch. Did you assign a stat to two groups? New //STATGROUP_Threads//FUdpMessageProcessor///Thread_6e00_0///####STATCAT_Advanced#### old //STATGROUP_Threads//FUdpMessageProcessor///Thread_6de6_0///####STATCAT_Advanced####
06-17 18:21:16.976 28059 28085 D UE4     : 
06-17 18:21:16.976 28059 28085 D UE4     : LogStats: Warning: MetaData mismatch. Did you assign a stat to two groups? New //STATGROUP_Threads//UdpMessageMulticastReceiver///Thread_6e03_0///####STATCAT_Advanced#### old //STATGROUP_Threads//UdpMessageMulticastReceiver///Thread_6dea_0///####STATCAT_Advanced####
06-17 18:21:16.976 28059 28085 D UE4     : 
06-17 18:21:16.976 28059 28085 D UE4     : LogStats: Warning: MetaData mismatch. Did you assign a stat to two groups? New //STATGROUP_Threads//FTcpMessageTransport///Thread_6e0c_0///####STATCAT_Advanced#### old //STATGROUP_Threads//FTcpMessageTransport///Thread_6de4_0///####STATCAT_Advanced####
06-17 18:21:16.976 28059 28085 D UE4     : 
06-17 18:21:16.977 28059 28085 D UE4     : LogStats: Warning: MetaData mismatch. Did you assign a stat to two groups? New //STATGROUP_Threads//FTcpListener///Thread_6e0d_0///####STATCAT_Advanced#### old //STATGROUP_Threads//FTcpListener///Thread_6de5_0///####STATCAT_Advanced####
06-17 18:21:16.977 28059 28085 D UE4     : 
06-17 18:21:17.446 28176 28176 I FIPS_bssl: FIPS (v1.1) approved mode (1) | 28176 | ps
06-17 18:21:18.587 28178 28178 I FIPS_bssl: FIPS (v1.1) approved mode (1) | 28178 | ps
06-17 18:21:19.726 28180 28180 I FIPS_bssl: FIPS (v1.1) approved mode (1) | 28180 | ps
06-17 18:21:20.875 28182 28182 I FIPS_bssl: FIPS (v1.1) approved mode (1) | 28182 | ps
06-17 18:21:21.890  6047  6047 D io_stats: !@   8,0 r 181309 10747684 w 41587 629592 d 4857 190532 f 14593 14593 iot 70670 59321 th 290636 0 0 pt 0 inp 0 0 5311.899
06-17 18:21:22.016 28184 28184 I FIPS_bssl: FIPS (v1.1) approved mode (1) | 28184 | ps
06-17 18:21:22.671  4906  8377 D SSRM:k  : SIOP:: AP = 290, PST = 275 (W:6), CP = 224, CUR = 312, LCD = 1
06-17 18:21:23.156 28190 28190 I FIPS_bssl: FIPS (v1.1) approved mode (1) | 28190 | ps
06-17 18:21:24.326 28192 28192 I FIPS_bssl: FIPS (v1.1) approved mode (1) | 28192 | ps
06-17 18:21:24.615  4906 26617 D BatteryService: !@BatteryListener : batteryPropertiesChanged!
06-17 18:21:24.616  4906 26617 D BatteryService: level:97, scale:100, status:2, health:2, present:true, voltage: 4308, temperature: 236, technology: Li-ion, AC powered:false, USB powered:true, POGO powered:false, Wireless powered:false, icon:17303682, invalid charger:0, maxChargingCurrent:0, maxChargingVoltage:0, chargeCounter:0
06-17 18:21:24.616  4906 26617 D BatteryService: online:4, current avg:320, charge type:1, power sharing:false, high voltage charger:false, capacity:280000, batterySWSelfDischarging:false, misc_event:0, current_now:366
06-17 18:21:24.616  4906 26617 D BatteryService: stay LED for charging
06-17 18:21:24.616  4906  4906 D BatteryService: Sending ACTION_BATTERY_CHANGED.
06-17 18:21:24.623  4906  4906 V UiModeManager: updateLocked: null action, mDockState=0, category=null
06-17 18:21:24.623  4906  4906 D UiModeManager: updateConfigurationLocked: mDockState=0; mCarMode=false; mNightMode=1; uiMode=17
06-17 18:21:24.625  4906  4906 D GameManagerService: new battery level: 97
06-17 18:21:24.628  5488  5488 D KeyguardUpdateMonitor: received broadcast android.intent.action.BATTERY_CHANGED
06-17 18:21:24.629  5488  5488 D KeyguardUpdateMonitor: handleBatteryUpdate
06-17 18:21:24.634  5488  5488 D PowerUI : priorPlugType = 2 mPlugType =  2
06-17 18:21:24.636  5488  5488 D PowerUI.Notification: showChargingNotice oldChargingType : 1 currentChargingType : 1 oldChargingTime : 528000 mChargingTime : 528000
06-17 18:21:24.636  5488  5488 D PowerUI.Notification: There is no change about charging status, so return!
06-17 18:21:24.639  5488  5488 D BatteryMeterDrawable: isSomethingChanged - false
06-17 18:21:24.640  5488  5488 D BatteryMeterDrawable: isSomethingChanged - false
06-17 18:21:24.651  6466  6466 I AODDeviceStateBroadcastObserver: onUpdate: BR : android.intent.action.BATTERY_CHANGED
06-17 18:21:24.664  5488  5488 D Tile.FlashlightTile: ACTION_BATTERY_CHANGED - Level :: 97, emEnabled :: false
06-17 18:21:25.477 28197 28197 I FIPS_bssl: FIPS (v1.1) approved mode (1) | 28197 | ps
06-17 18:21:26.631 28199 28199 I FIPS_bssl: FIPS (v1.1) approved mode (1) | 28199 | ps
06-17 18:21:26.894  6047  6047 D io_stats: !@   8,0 r 181309 10747684 w 41589 629692 d 4857 190532 f 14618 14618 iot 70690 59325 th 290632 0 0 pt 0 inp 0 0 5316.903
06-17 18:21:27.781 28201 28201 I FIPS_bssl: FIPS (v1.1) approved mode (1) | 28201 | ps
06-17 18:21:28.930 28203 28203 I FIPS_bssl: FIPS (v1.1) approved mode (1) | 28203 | ps
06-17 18:21:29.714  4906  4906 V DeviceStorageMonitorService: restatDataDir : /data= 772661/819200
06-17 18:21:29.715  4906  4906 V DeviceStorageMonitorService: freeMemory=17948672000
06-17 18:21:29.715  4906  4906 I DeviceStorageMonitorService: Posting Message again
06-17 18:21:30.072 28206 28206 I FIPS_bssl: FIPS (v1.1) approved mode (1) | 28206 | ps
06-17 18:21:30.929  4906  4906 D UsbMonitorService: readUsbState++
06-17 18:21:30.930  4906  4906 D UsbMonitorService: !@readUsbState 0 0 0 0 0 0 0 0 0 0 0 0 0 0 0 0 0 0 0 0 0 0 0 0 0 0 0 0 0
06-17 18:21:30.931  4906  4906 D UsbMonitorService: failed to write /efs/usb_hw_param/usb_hw_param.log , java.io.FileNotFoundException: /efs/usb_hw_param/usb_hw_param.log (No such file or directory)
06-17 18:21:30.931  4906  4906 D UsbMonitorService: Posting Message again
06-17 18:21:31.211 28208 28208 I FIPS_bssl: FIPS (v1.1) approved mode (1) | 28208 | ps
06-17 18:21:31.430  4722  5203 E NetlinkEvent: NetlinkEvent::FindParam(): Parameter 'LABEL' not found
06-17 18:21:31.433  5858  5870 D EPDG -- [NETMGMT]: Interface Data activity changed : label: 1 : active: false
06-17 18:21:31.899  6047  6047 D io_stats: !@   8,0 r 181309 10747684 w 41596 629724 d 4857 190532 f 14644 14644 iot 70720 59328 th 290624 0 0 pt 0 inp 0 0 5321.908
06-17 18:21:32.351 28211 28211 I FIPS_bssl: FIPS (v1.1) approved mode (1) | 28211 | ps
06-17 18:21:32.696  4906  8377 D SSRM:k  : SIOP:: AP = 280, PST = 276 (W:6), CP = 223, CUR = 338, LCD = 1
06-17 18:21:33.490 28214 28214 I FIPS_bssl: FIPS (v1.1) approved mode (1) | 28214 | ps
06-17 18:21:34.307  4906  5801 E Watchdog: !@Sync 176 [2018-06-17 18:21:34.306]
06-17 18:21:34.640 28217 28217 I FIPS_bssl: FIPS (v1.1) approved mode (1) | 28217 | ps
06-17 18:21:34.667  4906 18594 D BatteryService: !@BatteryListener : batteryPropertiesChanged!
06-17 18:21:34.668  4906 18594 D BatteryService: level:97, scale:100, status:2, health:2, present:true, voltage: 4309, temperature: 236, technology: Li-ion, AC powered:false, USB powered:true, POGO powered:false, Wireless powered:false, icon:17303682, invalid charger:0, maxChargingCurrent:0, maxChargingVoltage:0, chargeCounter:0
06-17 18:21:34.668  4906 18594 D BatteryService: online:4, current avg:343, charge type:1, power sharing:false, high voltage charger:false, capacity:280000, batterySWSelfDischarging:false, misc_event:0, current_now:388
06-17 18:21:34.668  4906 18594 D BatteryService: stay LED for charging
06-17 18:21:34.669  4906  4906 D BatteryService: Sending ACTION_BATTERY_CHANGED.
06-17 18:21:34.674  4906  4906 V UiModeManager: updateLocked: null action, mDockState=0, category=null
06-17 18:21:34.674  4906  4906 D UiModeManager: updateConfigurationLocked: mDockState=0; mCarMode=false; mNightMode=1; uiMode=17
06-17 18:21:34.677  4906  4906 D GameManagerService: new battery level: 97
06-17 18:21:34.681  5488  5488 D KeyguardUpdateMonitor: received broadcast android.intent.action.BATTERY_CHANGED
06-17 18:21:34.681  5488  5488 D KeyguardUpdateMonitor: handleBatteryUpdate
06-17 18:21:34.688  5488  5488 D PowerUI : priorPlugType = 2 mPlugType =  2
06-17 18:21:34.690  5488  5488 D PowerUI.Notification: showChargingNotice oldChargingType : 1 currentChargingType : 1 oldChargingTime : 528000 mChargingTime : 528000
06-17 18:21:34.690  5488  5488 D PowerUI.Notification: There is no change about charging status, so return!
06-17 18:21:34.693  5488  5488 D BatteryMeterDrawable: isSomethingChanged - false
06-17 18:21:34.694  5488  5488 D BatteryMeterDrawable: isSomethingChanged - false
06-17 18:21:34.708  6466  6466 I AODDeviceStateBroadcastObserver: onUpdate: BR : android.intent.action.BATTERY_CHANGED
06-17 18:21:34.713  5488  5488 D Tile.FlashlightTile: ACTION_BATTERY_CHANGED - Level :: 97, emEnabled :: false
06-17 18:21:35.780 28222 28222 I FIPS_bssl: FIPS (v1.1) approved mode (1) | 28222 | ps
06-17 18:21:36.904  6047  6047 D io_stats: !@   8,0 r 181309 10747684 w 41596 629724 d 4857 190532 f 14668 14668 iot 70740 59330 th 290624 0 0 pt 0 inp 0 0 5326.913
06-17 18:21:36.928 28228 28228 I FIPS_bssl: FIPS (v1.1) approved mode (1) | 28228 | ps
06-17 18:21:38.072 28230 28230 I FIPS_bssl: FIPS (v1.1) approved mode (1) | 28230 | ps
06-17 18:21:39.211 28232 28232 I FIPS_bssl: FIPS (v1.1) approved mode (1) | 28232 | ps
06-17 18:21:40.354 28235 28235 I FIPS_bssl: FIPS (v1.1) approved mode (1) | 28235 | ps
06-17 18:21:41.495 28237 28237 I FIPS_bssl: FIPS (v1.1) approved mode (1) | 28237 | ps
06-17 18:21:41.908  6047  6047 D io_stats: !@   8,0 r 181309 10747684 w 41596 629724 d 4857 190532 f 14692 14692 iot 70770 59332 th 290700 0 0 pt 0 inp 0 0 5331.917
06-17 18:21:42.646 28241 28241 I FIPS_bssl: FIPS (v1.1) approved mode (1) | 28241 | ps
06-17 18:21:42.718  4906  8377 D SSRM:k  : SIOP:: AP = 280, PST = 278 (W:6), CP = 222, CUR = 355, LCD = 1
06-17 18:21:43.786 28243 28243 I FIPS_bssl: FIPS (v1.1) approved mode (1) | 28243 | ps
06-17 18:21:44.718  4906  5321 D BatteryService: !@BatteryListener : batteryPropertiesChanged!
06-17 18:21:44.718  4906  5321 D BatteryService: level:97, scale:100, status:2, health:2, present:true, voltage: 4307, temperature: 236, technology: Li-ion, AC powered:false, USB powered:true, POGO powered:false, Wireless powered:false, icon:17303682, invalid charger:0, maxChargingCurrent:0, maxChargingVoltage:0, chargeCounter:0
06-17 18:21:44.719  4906  5321 D BatteryService: online:4, current avg:356, charge type:1, power sharing:false, high voltage charger:false, capacity:280000, batterySWSelfDischarging:false, misc_event:0, current_now:323
06-17 18:21:44.719  4906  5321 D BatteryService: stay LED for charging
06-17 18:21:44.719  4906  4906 D BatteryService: Sending ACTION_BATTERY_CHANGED.
06-17 18:21:44.725  4906  4906 V UiModeManager: updateLocked: null action, mDockState=0, category=null
06-17 18:21:44.725  4906  4906 D UiModeManager: updateConfigurationLocked: mDockState=0; mCarMode=false; mNightMode=1; uiMode=17
06-17 18:21:44.726  4906  4906 D GameManagerService: new battery level: 97
06-17 18:21:44.729  5488  5488 D KeyguardUpdateMonitor: received broadcast android.intent.action.BATTERY_CHANGED
06-17 18:21:44.730  5488  5488 D KeyguardUpdateMonitor: handleBatteryUpdate
06-17 18:21:44.736  5488  5488 D PowerUI : priorPlugType = 2 mPlugType =  2
06-17 18:21:44.738  5488  5488 D PowerUI.Notification: showChargingNotice oldChargingType : 1 currentChargingType : 1 oldChargingTime : 528000 mChargingTime : 499000
06-17 18:21:44.738  5488  5488 D PowerUI.Notification: showChargingNotification()
06-17 18:21:44.749  6466  6466 I AODDeviceStateBroadcastObserver: onUpdate: BR : android.intent.action.BATTERY_CHANGED
06-17 18:21:44.754  4906  9932 D ApplicationPolicy: isStatusBarNotificationAllowedAsUser: packageName = com.android.systemui,userId = -1
06-17 18:21:44.759  5488  5488 D BatteryMeterDrawable: isSomethingChanged - false
06-17 18:21:44.759  5488  5488 D BatteryMeterDrawable: isSomethingChanged - false
06-17 18:21:44.761  5488  5488 D Tile.FlashlightTile: ACTION_BATTERY_CHANGED - Level :: 97, emEnabled :: false
06-17 18:21:44.776  6432  6432 D CatchNotificationsService: onNotificationPosted
06-17 18:21:44.789 12992 13003 D BadgeProvider: query, [selection] : null
06-17 18:21:44.796  6432  6432 E CatchNotificationsService: Invalid notification data
06-17 18:21:44.819  6466  6466 D AlwaysOnDisplayService: updateNotificationKeys!
06-17 18:21:44.822  6466  6466 D AODService: updateNotificationKeys : 4
06-17 18:21:44.946 28247 28247 I FIPS_bssl: FIPS (v1.1) approved mode (1) | 28247 | ps
06-17 18:21:45.078  6466  6466 D AODNotiListenerService: updateMusicState : not found : com.spotify.music
06-17 18:21:45.078  6466  6466 D PlaybackStateMonitor: updateController: null
06-17 18:21:45.124  6466  6466 D AODNotiListenerService: [updateNotificationKeys - Update] (4/4/4) showingKeys [{0}|com.facebook.katana|c3Rvcnk6MTAwMDAyMDAyOTMwOTUyOjE1MjkyNjcxMjM1NjEzOTQ6NDUxNzYxNzExNTI2Njg3][{0}|com.google.android.gm|null][{0}|com.android.phone|null][{0}|com.android.phone|1]
06-17 18:21:45.127  4906 26618 D PowerManagerService: [api] acquire WakeLock flags=0x80 tag=Window:AOD uid=1000 pid=4906 ws=WorkSource{10007 com.samsung.android.app.aodservice} pkg=android
06-17 18:21:45.127  4906 26618 D PowerManagerService: mDisplayReady: false
06-17 18:21:45.128  4906 26618 I libsuspend: !@autosuspend_wakeup_count_disable
06-17 18:21:45.128  4906  5055 D DisplayPowerController: animateScreenStateChange[0]: target=3
06-17 18:21:45.128  4906 26618 I libsuspend: !@autosuspend_wakeup_count_disable done
06-17 18:21:45.128  4906  5055 D DisplayPowerController: [Dual Screen Compatible] state[0] :3
06-17 18:21:45.128  4906 26618 D PowerManagerService: [PWL] sb acquire: PowerManagerService.Display
06-17 18:21:45.128  4906  5055 D DisplayPowerController: getFinalBrightness : Summary is 1 -> 1
06-17 18:21:45.128  4906  5055 D DisplayPowerController: Animating brightness: target=1, rate=2000 (PSM:false, AB limit:(-1 ~ -1) MB Limit:(-1 ~ -1))
06-17 18:21:45.129  4906  5061 D DisplayManagerService: !@display_state: DOZE_SUSPEND -> DOZE brightness: 1 -> 1
06-17 18:21:45.130  4906  5050 I DisplayManagerService: Display device changed state: "Tela integrada", DOZE
06-17 18:21:45.132  4906  4906 D GameManagerService: onDisplayChanged. displyId: 0
06-17 18:21:45.133  4906  4906 D GameManagerService: dpi: 420, longPixel: 1920, shortPixel: 1080
06-17 18:21:45.133  3184  3184 D SurfaceFlinger: Set power mode=1, type=0 flinger=0x77af888200
06-17 18:21:45.133  3184  3184 I hwcomposer: int exynos_setPowerMode(struct hwc_composer_device_1 *, int, int):: disp(0), mode(1)
06-17 18:21:45.136  4906  5055 D DisplayPowerController: animateScreenStateChange[0]: target=3
06-17 18:21:45.137  4906  5055 D DisplayPowerController: [Dual Screen Compatible] state[0] :3
06-17 18:21:45.137  4906  5055 D DisplayPowerController: getFinalBrightness : Summary is 1 -> 1
06-17 18:21:45.137  4906  5055 D DisplayPowerController: Animating brightness: target=1, rate=2000 (PSM:false, AB limit:(-1 ~ -1) MB Limit:(-1 ~ -1))
06-17 18:21:45.137  4906  5055 D DisplayPowerController: animateScreenStateChange[0]: target=3
06-17 18:21:45.137  4906  5055 D DisplayPowerController: [Dual Screen Compatible] state[0] :3
06-17 18:21:45.137  4906  5055 D DisplayPowerController: getFinalBrightness : Summary is 1 -> 1
06-17 18:21:45.138  4906  5055 D DisplayPowerController: Animating brightness: target=1, rate=2000 (PSM:false, AB limit:(-1 ~ -1) MB Limit:(-1 ~ -1))
06-17 18:21:45.138  4906  5055 D PowerManagerService: [s] DisplayPowerCallbacks : onStateChanged()
06-17 18:21:45.138  4906  5055 D PowerManagerService: mDisplayReady: true
06-17 18:21:45.138  4906  5055 I libsuspend: !@autosuspend_wakeup_count_enable
06-17 18:21:45.138  4906  5055 I libsuspend: !@autosuspend_wakeup_count_enable done
06-17 18:21:45.138  4906  5055 D PowerManagerService: [PWL] sb release: PowerManagerService.Display
06-17 18:21:45.166  5488  5488 D KeyguardServiceBoxContainer: onDisplayChanged() id = 0, density = 420, current density = 420
06-17 18:21:45.186  4906  5873 D CoverManagerWhiteLists: isAllowedToUse : SIGNATURE_MATCH
06-17 18:21:45.279  4906  4906 D PowerManagerService: [api] release WakeLock DRAW_WAKE_LOCK                 'Window:AOD' (uid=1000, pid=4906, ws=WorkSource{10007 com.samsung.android.app.aodservice}) (uid=1000, pid=4906, ws=WorkSource{10007 com.samsung.android.app.aodservice}, pkg=android, elapsedTime=151) (0x0)
06-17 18:21:45.279  4906  4906 D PowerManagerService: mDisplayReady: false
06-17 18:21:45.279  4906  5055 D DisplayPowerController: animateScreenStateChange[0]: target=4
06-17 18:21:45.279  4906  4906 I libsuspend: !@autosuspend_wakeup_count_disable
06-17 18:21:45.279  4906  4906 I libsuspend: !@autosuspend_wakeup_count_disable done
06-17 18:21:45.279  4906  5055 D DisplayPowerController: [Dual Screen Compatible] state[0] :4
06-17 18:21:45.279  4906  5055 D DisplayPowerController: Animating brightness: target=1, rate=0 (PSM:false, AB limit:(-1 ~ -1) MB Limit:(-1 ~ -1))
06-17 18:21:45.280  4906  4906 D PowerManagerService: [PWL] sb acquire: PowerManagerService.Display
06-17 18:21:45.280  4906  5061 D DisplayManagerService: !@display_state: DOZE -> DOZE_SUSPEND brightness: 1 -> 1
06-17 18:21:45.280  4906  5050 I DisplayManagerService: Display device changed state: "Tela integrada", DOZE_SUSPEND
06-17 18:21:45.281  3184  3184 D SurfaceFlinger: Set power mode=3, type=0 flinger=0x77af888200
06-17 18:21:45.281  3184  3184 I hwcomposer: int exynos_setPowerMode(struct hwc_composer_device_1 *, int, int):: disp(0), mode(3)
06-17 18:21:45.285  4906  5055 D DisplayPowerController: animateScreenStateChange[0]: target=4
06-17 18:21:45.285  4906  5055 D DisplayPowerController: [Dual Screen Compatible] state[0] :4
06-17 18:21:45.285  4906  5055 D DisplayPowerController: Animating brightness: target=1, rate=0 (PSM:false, AB limit:(-1 ~ -1) MB Limit:(-1 ~ -1))
06-17 18:21:45.286  4906  5055 D DisplayPowerController: animateScreenStateChange[0]: target=4
06-17 18:21:45.286  4906  5055 D DisplayPowerController: [Dual Screen Compatible] state[0] :4
06-17 18:21:45.286  4906  5055 D DisplayPowerController: Animating brightness: target=1, rate=0 (PSM:false, AB limit:(-1 ~ -1) MB Limit:(-1 ~ -1))
06-17 18:21:45.286  4906  5055 D PowerManagerService: [s] DisplayPowerCallbacks : onStateChanged()
06-17 18:21:45.286  4906  5055 D PowerManagerService: mDisplayReady: true
06-17 18:21:45.286  4906  5055 I libsuspend: !@autosuspend_wakeup_count_enable
06-17 18:21:45.286  4906  5055 I libsuspend: !@autosuspend_wakeup_count_enable done
06-17 18:21:45.286  4906  5055 D PowerManagerService: [PWL] sb release: PowerManagerService.Display
06-17 18:21:45.288  5488  5488 D KeyguardServiceBoxContainer: onDisplayChanged() id = 0, density = 420, current density = 420
06-17 18:21:45.289  4906  4906 D GameManagerService: onDisplayChanged. displyId: 0
06-17 18:21:45.290  4906  4906 D GameManagerService: dpi: 420, longPixel: 1920, shortPixel: 1080
06-17 18:21:45.488  4906 26615 D PowerManagerService: [api] acquire WakeLock flags=0x80 tag=Window:AOD uid=1000 pid=4906 ws=WorkSource{10007 com.samsung.android.app.aodservice} pkg=android
06-17 18:21:45.489  4906 26615 D PowerManagerService: mDisplayReady: false
06-17 18:21:45.489  4906 26615 I libsuspend: !@autosuspend_wakeup_count_disable
06-17 18:21:45.489  4906  5055 D DisplayPowerController: animateScreenStateChange[0]: target=3
06-17 18:21:45.489  4906 26615 I libsuspend: !@autosuspend_wakeup_count_disable done
06-17 18:21:45.489  4906  5055 D DisplayPowerController: [Dual Screen Compatible] state[0] :3
06-17 18:21:45.490  4906 26615 D PowerManagerService: [PWL] sb acquire: PowerManagerService.Display
06-17 18:21:45.490  4906  5055 D DisplayPowerController: getFinalBrightness : Summary is 1 -> 1
06-17 18:21:45.490  4906  5055 D DisplayPowerController: Animating brightness: target=1, rate=2000 (PSM:false, AB limit:(-1 ~ -1) MB Limit:(-1 ~ -1))
06-17 18:21:45.490  4906  5061 D DisplayManagerService: !@display_state: DOZE_SUSPEND -> DOZE brightness: 1 -> 1
06-17 18:21:45.491  6466  6466 D DefaultClockView: [[updateNotifications]] updateAODTspRect : Rect(270, 968 - 776, 1107)
06-17 18:21:45.491  4906  5050 I DisplayManagerService: Display device changed state: "Tela integrada", DOZE
06-17 18:21:45.491  3184  3184 D SurfaceFlinger: Set power mode=1, type=0 flinger=0x77af888200
06-17 18:21:45.491  3184  3184 I hwcomposer: int exynos_setPowerMode(struct hwc_composer_device_1 *, int, int):: disp(0), mode(1)
06-17 18:21:45.492  4906  4906 D GameManagerService: onDisplayChanged. displyId: 0
06-17 18:21:45.493  4906  4906 D GameManagerService: dpi: 420, longPixel: 1920, shortPixel: 1080
06-17 18:21:45.498  6466  6466 D DefaultClockView: [[updateNotifications]] densityRate, change Rect > updateAODTspRect : Rect(360, 1290 - 1034, 1476)
06-17 18:21:45.500  5488  5488 D KeyguardServiceBoxContainer: onDisplayChanged() id = 0, density = 420, current density = 420
06-17 18:21:45.503  4906  5055 D DisplayPowerController: animateScreenStateChange[0]: target=3
06-17 18:21:45.503  4906  5055 D DisplayPowerController: [Dual Screen Compatible] state[0] :3
06-17 18:21:45.503  4906  5055 D DisplayPowerController: getFinalBrightness : Summary is 1 -> 1
06-17 18:21:45.503  4906  5055 D DisplayPowerController: Animating brightness: target=1, rate=2000 (PSM:false, AB limit:(-1 ~ -1) MB Limit:(-1 ~ -1))
06-17 18:21:45.504  4906  5055 D DisplayPowerController: animateScreenStateChange[0]: target=3
06-17 18:21:45.504  4906  5055 D DisplayPowerController: [Dual Screen Compatible] state[0] :3
06-17 18:21:45.504  4906  5055 D DisplayPowerController: getFinalBrightness : Summary is 1 -> 1
06-17 18:21:45.504  4906  5055 D DisplayPowerController: Animating brightness: target=1, rate=2000 (PSM:false, AB limit:(-1 ~ -1) MB Limit:(-1 ~ -1))
06-17 18:21:45.508  4906  5055 D PowerManagerService: [s] DisplayPowerCallbacks : onStateChanged()
06-17 18:21:45.508  4906  5055 D PowerManagerService: mDisplayReady: true
06-17 18:21:45.508  4906  5055 I libsuspend: !@autosuspend_wakeup_count_enable
06-17 18:21:45.509  4906  5055 I libsuspend: !@autosuspend_wakeup_count_enable done
06-17 18:21:45.509  4906  5055 D PowerManagerService: [PWL] sb release: PowerManagerService.Display
06-17 18:21:45.513  4906  6509 D PowerManagerService: [api] acquire WakeLock flags=0x80 tag=Window:AOD uid=1000 pid=4906 ws=WorkSource{10007 com.samsung.android.app.aodservice} pkg=android
06-17 18:21:45.664  4906  4906 D PowerManagerService: [api] release WakeLock DRAW_WAKE_LOCK                 'Window:AOD' (uid=1000, pid=4906, ws=WorkSource{10007 com.samsung.android.app.aodservice}) (uid=1000, pid=4906, ws=WorkSource{10007 com.samsung.android.app.aodservice}, pkg=android, elapsedTime=176) (0x0)
06-17 18:21:45.664  4906  4906 D PowerManagerService: mDisplayReady: false
06-17 18:21:45.665  4906  4906 I libsuspend: !@autosuspend_wakeup_count_disable
06-17 18:21:45.665  4906  5055 D DisplayPowerController: animateScreenStateChange[0]: target=4
06-17 18:21:45.665  4906  4906 I libsuspend: !@autosuspend_wakeup_count_disable done
06-17 18:21:45.665  4906  5055 D DisplayPowerController: [Dual Screen Compatible] state[0] :4
06-17 18:21:45.665  4906  4906 D PowerManagerService: [PWL] sb acquire: PowerManagerService.Display
06-17 18:21:45.665  4906  5055 D DisplayPowerController: Animating brightness: target=1, rate=0 (PSM:false, AB limit:(-1 ~ -1) MB Limit:(-1 ~ -1))
06-17 18:21:45.666  4906  5061 D DisplayManagerService: !@display_state: DOZE -> DOZE_SUSPEND brightness: 1 -> 1
06-17 18:21:45.666  4906  5050 I DisplayManagerService: Display device changed state: "Tela integrada", DOZE_SUSPEND
06-17 18:21:45.667  3184  3184 D SurfaceFlinger: Set power mode=3, type=0 flinger=0x77af888200
06-17 18:21:45.667  3184  3184 I hwcomposer: int exynos_setPowerMode(struct hwc_composer_device_1 *, int, int):: disp(0), mode(3)
06-17 18:21:45.668  4906  4906 D GameManagerService: onDisplayChanged. displyId: 0
06-17 18:21:45.669  4906  4906 D GameManagerService: dpi: 420, longPixel: 1920, shortPixel: 1080
06-17 18:21:45.673  5488  5488 D KeyguardServiceBoxContainer: onDisplayChanged() id = 0, density = 420, current density = 420
06-17 18:21:45.673  4906  5055 D DisplayPowerController: animateScreenStateChange[0]: target=4
06-17 18:21:45.673  4906  5055 D DisplayPowerController: [Dual Screen Compatible] state[0] :4
06-17 18:21:45.673  4906  5055 D DisplayPowerController: Animating brightness: target=1, rate=0 (PSM:false, AB limit:(-1 ~ -1) MB Limit:(-1 ~ -1))
06-17 18:21:45.674  4906  5055 D DisplayPowerController: animateScreenStateChange[0]: target=4
06-17 18:21:45.674  4906  5055 D DisplayPowerController: [Dual Screen Compatible] state[0] :4
06-17 18:21:45.674  4906  5055 D DisplayPowerController: Animating brightness: target=1, rate=0 (PSM:false, AB limit:(-1 ~ -1) MB Limit:(-1 ~ -1))
06-17 18:21:45.674  4906  5055 D PowerManagerService: [s] DisplayPowerCallbacks : onStateChanged()
06-17 18:21:45.674  4906  5055 D PowerManagerService: mDisplayReady: true
06-17 18:21:45.674  4906  5055 I libsuspend: !@autosuspend_wakeup_count_enable
06-17 18:21:45.674  4906  5055 I libsuspend: !@autosuspend_wakeup_count_enable done
06-17 18:21:45.675  4906  5055 D PowerManagerService: [PWL] sb release: PowerManagerService.Display
06-17 18:21:46.105 28250 28250 I FIPS_bssl: FIPS (v1.1) approved mode (1) | 28250 | ps
06-17 18:21:46.913  6047  6047 D io_stats: !@   8,0 r 181309 10747684 w 41604 629768 d 4857 190532 f 14721 14721 iot 70810 59337 th 290500 0 0 pt 0 inp 0 0 5336.922
06-17 18:21:47.245 28252 28252 I FIPS_bssl: FIPS (v1.1) approved mode (1) | 28252 | ps
06-17 18:21:48.388 28254 28254 I FIPS_bssl: FIPS (v1.1) approved mode (1) | 28254 | ps
06-17 18:21:49.529 28256 28256 I FIPS_bssl: FIPS (v1.1) approved mode (1) | 28256 | ps
06-17 18:21:49.939  6512  6568 D ContactsProvider_EventLog: contents_sample_state: [ contacts(63) data(371) accounts({vnd.sec.contact.phone (1)=51, vnd.sec.contact.sim (3)=12, com.whatsapp (6)=49}) accounts deleted({}) calls([logtype:100 cnt:14, logtype:200 cnt:1, logtype:300 cnt:24]) countryIso(BR) userId(0)  ]

06-17 18:21:49.939  6512  6568 D ContactsProvider_EventLog: contents_sample_state: [ agr({[1]=2, [1 ,6]=49, [3]=12})  ]

06-17 18:21:49.939  6512  6568 D ContactsProvider_EventLog: contents_sample_state: [ actCnt({android.process.acore=1})  ]
06-17 18:21:49.946  6512  6568 E ContactsProvider_EventLog: Flush buffer to file cnt : 1 size : 0Kb duration : 5ms lastUpdatedAfter : 60089 ms mFlush_time_threasold : 2000 mCurrentSize : 418
06-17 18:21:50.667 28258 28258 I FIPS_bssl: FIPS (v1.1) approved mode (1) | 28258 | ps
06-17 18:21:51.818 28260 28260 I FIPS_bssl: FIPS (v1.1) approved mode (1) | 28260 | ps
06-17 18:21:51.917  6047  6047 D io_stats: !@   8,0 r 181309 10747684 w 41610 629876 d 4858 190536 f 14748 14748 iot 70830 59344 th 290512 0 0 pt 0 inp 0 0 5341.927
06-17 18:21:52.742  4906  8377 D SSRM:k  : SIOP:: AP = 280, PST = 281 (W:10), CP = 222, CUR = 361, LCD = 1
06-17 18:21:52.960 28262 28262 I FIPS_bssl: FIPS (v1.1) approved mode (1) | 28262 | ps
06-17 18:21:54.110 28264 28264 I FIPS_bssl: FIPS (v1.1) approved mode (1) | 28264 | ps
06-17 18:21:54.772  4906  5563 D BatteryService: !@BatteryListener : batteryPropertiesChanged!
06-17 18:21:54.772  4906  5563 D BatteryService: level:97, scale:100, status:2, health:2, present:true, voltage: 4310, temperature: 236, technology: Li-ion, AC powered:false, USB powered:true, POGO powered:false, Wireless powered:false, icon:17303682, invalid charger:0, maxChargingCurrent:0, maxChargingVoltage:0, chargeCounter:0
06-17 18:21:54.773  4906  5563 D BatteryService: online:4, current avg:359, charge type:1, power sharing:false, high voltage charger:false, capacity:280000, batterySWSelfDischarging:false, misc_event:0, current_now:335
06-17 18:21:54.773  4906  5563 D BatteryService: stay LED for charging
06-17 18:21:54.773  4906  4906 D BatteryService: Sending ACTION_BATTERY_CHANGED.
06-17 18:21:54.778  4906  4906 V UiModeManager: updateLocked: null action, mDockState=0, category=null
06-17 18:21:54.779  4906  4906 D UiModeManager: updateConfigurationLocked: mDockState=0; mCarMode=false; mNightMode=1; uiMode=17
06-17 18:21:54.780  4906  4906 D GameManagerService: new battery level: 97
06-17 18:21:54.784  5488  5488 D KeyguardUpdateMonitor: received broadcast android.intent.action.BATTERY_CHANGED
06-17 18:21:54.784  5488  5488 D KeyguardUpdateMonitor: handleBatteryUpdate
06-17 18:21:54.791  5488  5488 D PowerUI : priorPlugType = 2 mPlugType =  2
06-17 18:21:54.792  5488  5488 D PowerUI.Notification: showChargingNotice oldChargingType : 1 currentChargingType : 1 oldChargingTime : 499000 mChargingTime : 499000
06-17 18:21:54.792  5488  5488 D PowerUI.Notification: There is no change about charging status, so return!
06-17 18:21:54.797  5488  5488 D BatteryMeterDrawable: isSomethingChanged - false
06-17 18:21:54.798  5488  5488 D BatteryMeterDrawable: isSomethingChanged - false
06-17 18:21:54.802  5488  5488 D Tile.FlashlightTile: ACTION_BATTERY_CHANGED - Level :: 97, emEnabled :: false
06-17 18:21:54.811  6466  6466 I AODDeviceStateBroadcastObserver: onUpdate: BR : android.intent.action.BATTERY_CHANGED
06-17 18:21:55.251 28269 28269 I FIPS_bssl: FIPS (v1.1) approved mode (1) | 28269 | ps
06-17 18:21:56.393 28271 28271 I FIPS_bssl: FIPS (v1.1) approved mode (1) | 28271 | ps
06-17 18:21:56.922  6047  6047 D io_stats: !@   8,0 r 181309 10747684 w 41615 629932 d 4859 190540 f 14774 14774 iot 70870 59348 th 290476 0 0 pt 0 inp 0 0 5346.931
06-17 18:21:57.532 28273 28273 I FIPS_bssl: FIPS (v1.1) approved mode (1) | 28273 | ps
06-17 18:21:58.686 28275 28275 I FIPS_bssl: FIPS (v1.1) approved mode (1) | 28275 | ps
06-17 18:21:59.826 28278 28278 I FIPS_bssl: FIPS (v1.1) approved mode (1) | 28278 | ps
06-17 18:22:00.000  4906  5255 D SamsungAlarmManager: Expired : 8
06-17 18:22:00.001  4906  5255 I SamsungAlarmManager: setLocked to kernel - T:3 / 20180617T184344, SetElapsed=7111395, nowELAPSED=5806865
06-17 18:22:00.688  4906  5255 D SamsungAlarmManager: Expired : 4
06-17 18:22:00.689  4906  5255 I SamsungAlarmManager: setLocked to kernel - T:2 / 20180617T182250, SetElapsed=5857196, nowELAPSED=5807552
06-17 18:22:00.689  4906  5255 V SamsungAlarmManager: Sending to uid : 1000 action=com.android.server.action.UPDATE_TWILIGHT_STATE alarm=Alarm{4c6fc8f type 1 when 600000 android}
06-17 18:22:00.692  4906  5255 V SamsungAlarmManager: Sending to uid : 1000 action=android.intent.action.TIME_TICK alarm=Alarm{f474b1c type 3 when 5806864 android}
06-17 18:22:00.699  4906  5255 V SamsungAlarmManager: Sending to uid : 10007 action=com.samsung.android.app.aodservice.ClockTimer.TICK alarm=Alarm{de5b325 type 0 when 1529270520689 com.samsung.android.app.aodservice}
06-17 18:22:00.699  4906  5255 D SamsungAlarmManager: Send whitelist package alarm: PendingIntent{146268a: PendingIntentRecord{45a0bcb com.samsung.android.app.aodservice broadcastIntent}}
06-17 18:22:00.700  4906  4906 D SamsungAlarmManager: Cancel Alarm calling from uid:1000 pid :4906 / op:PendingIntent{b00bcfa: PendingIntentRecord{5f9dcc2 android broadcastIntent}}
06-17 18:22:00.709  4906  4906 D SamsungAlarmManager: setExact Intent (T:1/F:9/AC:false) 19691231T211000 - CU:1000/CP:4906
06-17 18:22:00.709  4906  4906 I SamsungAlarmManager: setLocked to kernel - T:3 / 20180617T182201, SetElapsed=5808565, nowELAPSED=5807573
06-17 18:22:00.717  4906  4906 D SamsungAlarmManager: setExact Intent (T:3/F:1/AC:false) 20180617T182259 - CU:1000/CP:4906
06-17 18:22:00.719  5488  5488 D KeyguardUpdateMonitor: received broadcast android.intent.action.TIME_TICK
06-17 18:22:00.720  5488  5488 D KeyguardUpdateMonitor: handleTimeUpdate#start
06-17 18:22:00.720  5488  5488 I KeyguardClockPage: refreshTime(): DefaultSingle2016 hometime:America/Sao_Paulo locale:pt_BR hasBG?false, Roaming:false
06-17 18:22:00.734  5488  5488 D KeyguardUpdateMonitor: handleTimeUpdate#end
06-17 18:22:00.738  5488  5488 D SystemUI_Clock: Clock received ACTION_TIME_TICK : start
06-17 18:22:00.740  5488  5488 D SystemUI_Clock: Clock received ACTION_TIME_TICK : end
06-17 18:22:00.753  5488  5488 D TextClock: TextClock received ACTION_TIME_TICK : start
06-17 18:22:00.754  5488  5488 D TextClock: TextClock received ACTION_TIME_TICK : end
06-17 18:22:00.756  5488  5488 D TextClock: TextClock received ACTION_TIME_TICK : start
06-17 18:22:00.758  5488  5488 D TextClock: TextClock received ACTION_TIME_TICK : end
06-17 18:22:00.774  5488  5488 D TextClock: TextClock received ACTION_TIME_TICK : start
06-17 18:22:00.775  5488  5488 D TextClock: TextClock received ACTION_TIME_TICK : end
06-17 18:22:00.776  5488  5488 V hong    : mid yDiff = 382
06-17 18:22:00.777  5488  5488 V hong    : mid yDiff = 382
06-17 18:22:00.777  5488  5488 D SystemUI_DateView: DateView received ACTION_TIME_TICK : start
06-17 18:22:00.777  5488  5488 D SystemUI_DateView: DateView received ACTION_TIME_TICK : end
06-17 18:22:00.781  5488  5488 D DateTimeView: DateTimeView received ACTION_TIME_TICK : start
06-17 18:22:00.798  5488  5488 D DateTimeView: DateTimeView received ACTION_TIME_TICK : end
06-17 18:22:00.805  5488  5488 D TextClock: TextClock received ACTION_TIME_TICK : start
06-17 18:22:00.807  5488  5488 D TextClock: TextClock received ACTION_TIME_TICK : end
06-17 18:22:00.822  5488  5488 D TextClock: TextClock received ACTION_TIME_TICK : start
06-17 18:22:00.824  5488  5488 D TextClock: TextClock received ACTION_TIME_TICK : end
06-17 18:22:00.826  6466  6466 D AODService.ClockTimer: onReceive : com.samsung.android.app.aodservice.ClockTimer.TICK, mWakeUp = true
06-17 18:22:00.827  4906  6527 D SamsungAlarmManager: Add whitelist package alarm: PendingIntent{c40d2ab: PendingIntentRecord{45a0bcb com.samsung.android.app.aodservice broadcastIntent}}
06-17 18:22:00.836  4906  6527 D SamsungAlarmManager: setExact Intent (T:0/F:9/AC:false) 20180617T182300 - CU:10007/CP:6466
06-17 18:22:00.837  6466  6466 I AODService.ClockTimer: startAlarm : TICK, next alarm [1529270580827 ms], [06-17 18:23:00.827]
06-17 18:22:00.837  6466  6466 D AODService: onTick
06-17 18:22:00.838  6466  6466 V BatteryController: getBatteryLevel[97.0], batteryStatus[2]
06-17 18:22:00.838  4906  5007 D CoverManagerWhiteLists: isAllowedToUse : SIGNATURE_MATCH
06-17 18:22:00.842  6466  6466 D DefaultClockView: Window showed. Time views updating
06-17 18:22:00.844  6466  6466 W AODSettings: getString: aod_clock_style = null
06-17 18:22:00.847  4906  5873 D PowerManagerService: [api] acquire WakeLock flags=0x80 tag=Window:AOD uid=1000 pid=4906 ws=WorkSource{10007 com.samsung.android.app.aodservice} pkg=android
06-17 18:22:00.847  4906  5873 D PowerManagerService: mDisplayReady: false
06-17 18:22:00.847  4906  5055 D DisplayPowerController: animateScreenStateChange[0]: target=3
06-17 18:22:00.847  4906  5873 I libsuspend: !@autosuspend_wakeup_count_disable
06-17 18:22:00.847  4906  5873 I libsuspend: !@autosuspend_wakeup_count_disable done
06-17 18:22:00.847  4906  5055 D DisplayPowerController: [Dual Screen Compatible] state[0] :3
