05-24 20:52:02.404  2208  2208 D Resources: oneSpecialCase = falsequantityCode =one local = pt_BR
05-24 20:52:02.404  2208  2208 D Resources: oneSpecialCase = falsequantityCode =other local = pt_BR
05-24 20:52:02.404  2208  2208 D Resources: oneSpecialCase = falsequantityCode =one local = pt_BR
05-24 20:52:02.405  2208  2208 D Resources: oneSpecialCase = falsequantityCode =one local = pt_BR
05-24 20:52:02.405  2208  2208 D Resources: oneSpecialCase = falsequantityCode =one local = pt_BR
05-24 20:52:02.405  2208  2208 D Resources: oneSpecialCase = falsequantityCode =other local = pt_BR
05-24 20:52:02.405  2208  2208 D Resources: oneSpecialCase = falsequantityCode =one local = pt_BR
05-24 20:52:02.406  2208  2208 D Resources: oneSpecialCase = falsequantityCode =one local = pt_BR
05-24 20:52:02.406  2208  2208 D Resources: oneSpecialCase = falsequantityCode =one local = pt_BR
05-24 20:52:02.406  2208  2208 D Resources: oneSpecialCase = falsequantityCode =other local = pt_BR
05-24 20:52:02.406  2208  2208 D Resources: oneSpecialCase = falsequantityCode =one local = pt_BR
05-24 20:52:02.407  2208  2208 D Resources: oneSpecialCase = falsequantityCode =one local = pt_BR
05-24 20:52:02.407  2208  2208 D Resources: oneSpecialCase = falsequantityCode =one local = pt_BR
05-24 20:52:02.407  2208  2208 D Resources: oneSpecialCase = falsequantityCode =other local = pt_BR
05-24 20:52:02.407  2208  2208 D Resources: oneSpecialCase = falsequantityCode =one local = pt_BR
05-24 20:52:02.408  2208  2208 D Resources: oneSpecialCase = falsequantityCode =one local = pt_BR
05-24 20:52:02.408  2208  2208 D Resources: oneSpecialCase = falsequantityCode =one local = pt_BR
05-24 20:52:02.408  2208  2208 D Resources: oneSpecialCase = falsequantityCode =other local = pt_BR
05-24 20:52:02.408  2208  2208 D Resources: oneSpecialCase = falsequantityCode =one local = pt_BR
05-24 20:52:02.409  2208  2208 D Resources: oneSpecialCase = falsequantityCode =one local = pt_BR
05-24 20:52:02.409  2208  2208 D Resources: oneSpecialCase = falsequantityCode =one local = pt_BR
05-24 20:52:02.410  2208  2208 D Resources: oneSpecialCase = falsequantityCode =other local = pt_BR
05-24 20:52:02.410  2208  2208 D Resources: oneSpecialCase = falsequantityCode =one local = pt_BR
05-24 20:52:02.410  2208  2208 D Resources: oneSpecialCase = falsequantityCode =one local = pt_BR
05-24 20:52:02.410  2208  2208 D Resources: oneSpecialCase = falsequantityCode =one local = pt_BR
05-24 20:52:02.411  2208  2208 D Resources: oneSpecialCase = falsequantityCode =other local = pt_BR
05-24 20:52:02.411  2208  2208 D Resources: oneSpecialCase = falsequantityCode =other local = pt_BR
05-24 20:52:02.411  2208  2208 D Resources: oneSpecialCase = falsequantityCode =other local = pt_BR
05-24 20:52:02.411  2208  2208 D Resources: oneSpecialCase = falsequantityCode =other local = pt_BR
05-24 20:52:02.411  2208  2208 D Resources: oneSpecialCase = falsequantityCode =other local = pt_BR
05-24 20:52:02.412  2208  2208 D Resources: oneSpecialCase = falsequantityCode =other local = pt_BR
05-24 20:52:02.412  2208  2208 D Resources: oneSpecialCase = falsequantityCode =other local = pt_BR
05-24 20:52:02.412  2208  2208 D Resources: oneSpecialCase = falsequantityCode =other local = pt_BR
05-24 20:52:02.412  2208  2208 D Resources: oneSpecialCase = falsequantityCode =other local = pt_BR
05-24 20:52:02.412  2208  2208 D Resources: oneSpecialCase = falsequantityCode =other local = pt_BR
05-24 20:52:02.412  2208  2208 D Resources: oneSpecialCase = falsequantityCode =other local = pt_BR
05-24 20:52:02.412  2208  2208 D Resources: oneSpecialCase = falsequantityCode =other local = pt_BR
05-24 20:52:02.413  2208  2208 D Resources: oneSpecialCase = falsequantityCode =other local = pt_BR
05-24 20:52:02.413  2208  2208 D Resources: oneSpecialCase = falsequantityCode =other local = pt_BR
05-24 20:52:02.413  2208  2208 D Resources: oneSpecialCase = falsequantityCode =other local = pt_BR
05-24 20:52:02.413  2208  2208 D Resources: oneSpecialCase = falsequantityCode =other local = pt_BR
05-24 20:52:02.413  2208  2208 D Resources: oneSpecialCase = falsequantityCode =other local = pt_BR
05-24 20:52:02.413  2208  2208 D Resources: oneSpecialCase = falsequantityCode =other local = pt_BR
05-24 20:52:02.413  2208  2208 D Resources: oneSpecialCase = falsequantityCode =other local = pt_BR
05-24 20:52:02.414  2208  2208 D Resources: oneSpecialCase = falsequantityCode =other local = pt_BR
05-24 20:52:02.414  2208  2208 D Resources: oneSpecialCase = falsequantityCode =other local = pt_BR
05-24 20:52:02.414  2208  2208 D Resources: oneSpecialCase = falsequantityCode =other local = pt_BR
05-24 20:52:02.414  2208  2208 D Resources: oneSpecialCase = falsequantityCode =other local = pt_BR
05-24 20:52:02.414  2208  2208 D Resources: oneSpecialCase = falsequantityCode =other local = pt_BR
05-24 20:52:02.414  2208  2208 D Resources: oneSpecialCase = falsequantityCode =other local = pt_BR
05-24 20:52:02.414  2208  2208 D Resources: oneSpecialCase = falsequantityCode =other local = pt_BR
05-24 20:52:02.415  2208  2208 D Resources: oneSpecialCase = falsequantityCode =other local = pt_BR
05-24 20:52:02.415  2208  2208 D Resources: oneSpecialCase = falsequantityCode =other local = pt_BR
05-24 20:52:02.415  2208  2208 D Resources: oneSpecialCase = falsequantityCode =other local = pt_BR
05-24 20:52:02.415  2208  2208 D Resources: oneSpecialCase = falsequantityCode =other local = pt_BR
05-24 20:52:02.415  2208  2208 D Resources: oneSpecialCase = falsequantityCode =other local = pt_BR
05-24 20:52:02.415  2208  2208 D Resources: oneSpecialCase = falsequantityCode =other local = pt_BR
05-24 20:52:02.416  2208  2208 D Resources: oneSpecialCase = falsequantityCode =other local = pt_BR
05-24 20:52:02.416  2208  2208 D Resources: oneSpecialCase = falsequantityCode =other local = pt_BR
05-24 20:52:02.416  2208  2208 D Resources: oneSpecialCase = falsequantityCode =other local = pt_BR
05-24 20:52:02.416  2208  2208 D Resources: oneSpecialCase = falsequantityCode =other local = pt_BR
05-24 20:52:02.416  2208  2208 D Resources: oneSpecialCase = falsequantityCode =other local = pt_BR
05-24 20:52:02.416  2208  2208 D Resources: oneSpecialCase = falsequantityCode =other local = pt_BR
05-24 20:52:02.416  2208  2208 D Resources: oneSpecialCase = falsequantityCode =other local = pt_BR
05-24 20:52:02.417  2208  2208 D Resources: oneSpecialCase = falsequantityCode =other local = pt_BR
05-24 20:52:02.417  2208  2208 D Resources: oneSpecialCase = falsequantityCode =other local = pt_BR
05-24 20:52:02.427  1529  3785 V RestrictedPackageService: filterBroadcastReceiver for com.lenovo.weather.action.TIME_TICK
05-24 20:52:03.433  1529  1553 D DeviceIdleController: handleMessage(7)
05-24 20:52:03.738  1529  2560 I ActivityManager: Killing 13880:com.android.vending/u10a53 (adj 906): empty #17
05-24 20:52:03.763  1529  2756 D ConnectivityService: ConnectivityService NetworkRequestInfo binderDied(NetworkRequest [ id=23, legacyType=-1, [ Capabilities: INTERNET&NOT_RESTRICTED&TRUSTED] ], android.os.BinderProxy@4841436)
05-24 20:52:03.764  1529  2998 D ActivityManager: cleanUpApplicationRecord -- 13880
05-24 20:52:03.765  1529  2081 E ConnectivityService: RemoteException caught trying to send a callback msg for NetworkRequest [ id=23, legacyType=-1, [ Capabilities: INTERNET&NOT_RESTRICTED&TRUSTED] ]
05-24 20:52:10.247  1529  3001 I ActivityManager: Killing 14231:com.google.android.gms.ui/u0a11 (adj 906): empty #17
05-24 20:52:10.275  1529  3009 D ActivityManager: cleanUpApplicationRecord -- 14231
05-24 20:52:10.806  1529  3009 I ActivityManager: Start proc 15017:com.google.android.partnersetup/u0a15 for broadcast com.google.android.partnersetup/.RlzPingBroadcastReceiver
05-24 20:52:11.587  1529  2563 I ActivityManager: Killing 14336:com.google.android.keep/u0a125 (adj 906): empty #17
05-24 20:52:11.647  1529  3785 D ActivityManager: cleanUpApplicationRecord -- 14336
05-24 20:52:12.759  1529  2998 W ActivityManager: Permission Denial: Accessing service ComponentInfo{com.facebook.katana/com.facebook.graphql.executor.offlinemutations.OfflineMutationsRetryGCMTaskService} from pid=2793, uid=10011 that is not exported from uid 10105
05-24 20:52:13.263  1529  1832 V AlarmManager: sending alarm Alarm{4dd923d type 2 when 743233 com.google.android.gms}
05-24 20:52:14.229  1529  2362 I ActivityManager: Start proc 15056:com.facebook.katana:notification/u0a105 for service com.facebook.katana/com.facebook.rti.push.service.FbnsService
05-24 20:52:14.747  1529  1554 D DeviceIdleController: Adding AppId 10011 to temp whitelist. New entry: true
05-24 20:52:14.747  1529  1554 D DeviceIdleController: postTempActiveTimeoutMessage: uid=10011, delay=10000
05-24 20:52:14.747  1529  1554 D DeviceIdleController: Setting wakelock temp whitelist to [10011]
05-24 20:52:14.857  1529  1605 W NetworkIdentity: Active mobile network without subscriber!
05-24 20:52:18.560  1529  1554 W BroadcastQueue: Permission Denial: broadcasting Intent { act=android.net.wifi.WIFI_STATE_CHANGED flg=0x4000010 (has extras) } from null (pid=-1, uid=-1) requires com.facebook.permission.prod.FB_APP_COMMUNICATION due to registered receiver BroadcastFilter{d6cbc66 u0 ReceiverList{3059cc1 14858 com.facebook.katana/10105/u0 remote:a0ca9a8}}
05-24 20:52:18.980  1529  3013 V RestrictedPackageService: filterBroadcastReceiver for com.facebook.intent.action.prod.BACKGROUND_LOCATION_REPORTING_ACTION_LOCATION_UPDATE
05-24 20:52:18.980  1529  1584 D BluetoothManagerService: Message: 20
05-24 20:52:18.980  1529  1584 D BluetoothManagerService: Added callback: android.bluetooth.IBluetoothManagerCallback$Stub$Proxy@260bdec:true
05-24 20:52:19.006  1529  2998 V RestrictedPackageService: filterBroadcastReceiver for com.facebook.intent.action.prod.BACKGROUND_LOCATION_REPORTING_ACTION_LOCATION_UPDATE
05-24 20:52:19.406  1529  2560 V RestrictedPackageService: filterBroadcastReceiver for com.google.android.gms.gcm.ACTION_SCHEDULE
05-24 20:52:19.417  1529  1554 W BroadcastQueue: Permission Denial: broadcasting Intent { act=android.net.conn.CONNECTIVITY_CHANGE flg=0x4000010 (has extras) } from null (pid=-1, uid=-1) requires com.facebook.permission.prod.FB_APP_COMMUNICATION due to registered receiver BroadcastFilter{5dd266d u0 ReceiverList{9c2de84 14858 com.facebook.katana/10105/u0 remote:e009c97}}
05-24 20:52:19.417  1529  1554 W BroadcastQueue: Permission Denial: broadcasting Intent { act=android.net.conn.INET_CONDITION_ACTION flg=0x4000010 (has extras) } from null (pid=-1, uid=-1) requires com.facebook.permission.prod.FB_APP_COMMUNICATION due to registered receiver BroadcastFilter{5dd266d u0 ReceiverList{9c2de84 14858 com.facebook.katana/10105/u0 remote:e009c97}}
05-24 20:52:19.438  1529  1832 V AlarmManager: sending alarm Alarm{62cc2a2 type 2 when 738504 com.google.android.gms}
05-24 20:52:19.446  1529  1832 V AlarmManager: sending alarm Alarm{fa86b33 type 2 when 743566 com.google.android.gms}
05-24 20:52:19.448  1529  1832 V AlarmManager: sending alarm Alarm{7d15ef0 type 3 when 749408 com.google.android.gms}
05-24 20:52:19.450  1529  1832 V AlarmManager: sending alarm Alarm{cb2bc69 type 1 when 1527205936330 air.br.com.alelo.mobile.android}
05-24 20:52:19.452  1529  2563 D WifiService: acquireWifiLock, pid:2793, uid:10011
05-24 20:52:19.453  1529  2563 D WifiService: acquireWifiLockLocked: WifiLock{NlpWifiLock type=2 uid=10011}
05-24 20:52:19.488  1529  3785 D WifiService: releaseWifiLock, pid:2793, uid:10011
05-24 20:52:19.488  1529  3785 D WifiService: releaseWifiLockLocked: WifiLock{NlpWifiLock type=2 uid=10011}
05-24 20:52:19.499  1529  2755 D WifiService: acquireWifiLock, pid:2793, uid:10011
05-24 20:52:19.499  1529  2755 D WifiService: acquireWifiLockLocked: WifiLock{NlpWifiLock type=2 uid=10011}
05-24 20:52:19.506  1529  3198 D WifiService: acquireWifiLock, pid:2793, uid:10011
05-24 20:52:19.506  1529  3198 D WifiService: acquireWifiLockLocked: WifiLock{NlpWifiLock type=2 uid=10011}
05-24 20:52:19.519  1529  2754 D WifiService: releaseWifiLock, pid:2793, uid:10011
05-24 20:52:19.520  1529  2754 D WifiService: releaseWifiLockLocked: WifiLock{NlpWifiLock type=2 uid=10011}
05-24 20:52:19.575  1529  1604 D WifiService: acquireWifiLock, pid:2793, uid:10011
05-24 20:52:19.584  1529  1604 D WifiService: acquireWifiLockLocked: WifiLock{NlpWifiLock type=2 uid=10011}
05-24 20:52:19.590  1529  2998 D WifiService: acquireWifiLock, pid:2793, uid:10011
05-24 20:52:19.590  1529  2998 D WifiService: acquireWifiLockLocked: WifiLock{NlpWifiLock type=2 uid=10011}
05-24 20:52:19.608  1529  2359 D WifiService: releaseWifiLock, pid:2793, uid:10011
05-24 20:52:19.617  1529  2359 D WifiService: releaseWifiLockLocked: WifiLock{NlpWifiLock type=2 uid=10011}
05-24 20:52:19.618  1529  3784 D WifiService: acquireWifiLock, pid:2793, uid:10011
05-24 20:52:19.634  1529  3784 D WifiService: acquireWifiLockLocked: WifiLock{NlpWifiLock type=2 uid=10011}
05-24 20:52:19.653  1529  3011 D WifiService: releaseWifiLock, pid:2793, uid:10011
05-24 20:52:19.653  1529  3011 D WifiService: releaseWifiLockLocked: WifiLock{NlpWifiLock type=2 uid=10011}
05-24 20:52:19.677  1529  1554 W BroadcastQueue: Permission Denial: broadcasting Intent { act=android.net.conn.CONNECTIVITY_CHANGE flg=0x4000010 (has extras) } from null (pid=-1, uid=-1) requires com.facebook.permission.prod.FB_APP_COMMUNICATION due to registered receiver BroadcastFilter{5628723 u0 ReceiverList{af1852 14858 com.facebook.katana/10105/u0 remote:c2184dd}}
05-24 20:52:19.687  1529  1605 D WifiService: releaseWifiLock, pid:2793, uid:10011
05-24 20:52:19.695  1529  1605 D WifiService: releaseWifiLockLocked: WifiLock{NlpWifiLock type=2 uid=10011}
05-24 20:52:20.067  1529  2560 V RestrictedPackageService: filterBroadcastReceiver for android.intent.action.BADGE_COUNT_UPDATE
05-24 20:52:20.084  1529  1554 I ActivityManager: Start proc 15138:br.com.bb.android/u0a71 for broadcast br.com.bb.android/.widget.BadgeWidget
05-24 20:52:20.253  1529  3785 V RestrictedPackageService: filterBroadcastReceiver for com.google.android.gms.gcm.ACTION_SCHEDULE
05-24 20:52:20.275  1529  2957 V RestrictedPackageService: filterBroadcastReceiver for com.google.android.gms.gcm.ACTION_SCHEDULE
05-24 20:52:20.410  1529  3198 V RestrictedPackageService: filterBroadcastReceiver for com.google.android.gms.gcm.ACTION_SCHEDULE
05-24 20:52:20.495  1529  1545 D WifiService: acquireWifiLock, pid:2793, uid:10011
05-24 20:52:20.495  1529  1545 D WifiService: acquireWifiLockLocked: WifiLock{NlpWifiLock type=2 uid=10011}
05-24 20:52:20.500  1529  2756 D WifiService: releaseWifiLock, pid:2793, uid:10011
05-24 20:52:20.500  1529  2756 D WifiService: releaseWifiLockLocked: WifiLock{NlpWifiLock type=2 uid=10011}
05-24 20:52:20.507  1529  3011 D WifiService: acquireWifiLock, pid:2793, uid:10011
05-24 20:52:20.507  1529  3011 D WifiService: acquireWifiLockLocked: WifiLock{NlpWifiLock type=2 uid=10011}
05-24 20:52:20.512  1529  2998 D WifiService: releaseWifiLock, pid:2793, uid:10011
05-24 20:52:20.512  1529  2998 D WifiService: releaseWifiLockLocked: WifiLock{NlpWifiLock type=2 uid=10011}
05-24 20:52:20.591  1529  1604 D WifiService: releaseWifiLock, pid:2793, uid:10011
05-24 20:52:20.594  1529  1604 D WifiService: releaseWifiLockLocked: WifiLock{NlpWifiLock type=2 uid=10011}
05-24 20:52:20.618  1529  2359 D WifiService: acquireWifiLock, pid:2793, uid:10011
05-24 20:52:20.619  1529  2359 D WifiService: acquireWifiLockLocked: WifiLock{NlpWifiLock type=2 uid=10011}
05-24 20:52:20.627  1529  2957 D WifiService: releaseWifiLock, pid:2793, uid:10011
05-24 20:52:20.628  1529  2957 D WifiService: releaseWifiLockLocked: WifiLock{NlpWifiLock type=2 uid=10011}
05-24 20:52:20.632  1529  2560 D WifiService: acquireWifiLock, pid:2793, uid:10011
05-24 20:52:20.632  1529  2560 D WifiService: acquireWifiLockLocked: WifiLock{NlpWifiLock type=2 uid=10011}
05-24 20:52:20.642  1529  2756 D WifiService: releaseWifiLock, pid:2793, uid:10011
05-24 20:52:20.642  1529  2756 D WifiService: releaseWifiLockLocked: WifiLock{NlpWifiLock type=2 uid=10011}
05-24 20:52:20.972  1529  3013 V RestrictedPackageService: filterBroadcastReceiver for com.facebook.rti.fbns.intent.RECEIVE
05-24 20:52:21.270  1529  1604 V RestrictedPackageService: filterBroadcastReceiver for com.google.android.c2dm.intent.REGISTRATION
05-24 20:52:21.440 15138 15138 E ActivityThread: Failed to find provider info for br.com.bb.android.environment.environmentprovider
05-24 20:52:24.752  1529  1553 D DeviceIdleController: handleMessage(6)
05-24 20:52:24.752  1529  1553 D DeviceIdleController: checkTempAppWhitelistTimeout: uid=10011, timeNow=754723
05-24 20:52:24.752  1529  1553 D DeviceIdleController: Removing UID 10011 from temp whitelist
05-24 20:52:24.752  1529  1553 D DeviceIdleController: Setting wakelock temp whitelist to []
05-24 20:52:29.168  1529  1554 I ActivityManager: Waited long enough for: ServiceRecord{1b9cbf5 u0 com.facebook.katana/com.facebook.rti.orca.MainService}
05-24 20:52:35.181  1529  1832 V AlarmManager: sending alarm Alarm{60b4561 type 2 when 765151 com.whatsapp}
05-24 20:52:35.185  1529  1554 D DeviceIdleController: Adding AppId 10104 to temp whitelist. New entry: true
05-24 20:52:35.185  1529  1554 D DeviceIdleController: postTempActiveTimeoutMessage: uid=10104, delay=10000
05-24 20:52:35.185  1529  1554 D DeviceIdleController: Setting wakelock temp whitelist to [10104]
05-24 20:52:35.616  1529  3011 W NetworkIdentity: Active mobile network without subscriber!
05-24 20:52:35.617  1529  3011 W NetworkIdentity: Active mobile network without subscriber!
05-24 20:52:35.617  1529  3011 W NetworkIdentity: Active mobile network without subscriber!
05-24 20:52:35.618  1529  3011 W NetworkIdentity: Active mobile network without subscriber!
05-24 20:52:35.618  1529  3011 W NetworkIdentity: Active mobile network without subscriber!
05-24 20:52:35.619  1529  3011 W NetworkIdentity: Active mobile network without subscriber!
05-24 20:52:35.619  1529  3011 W NetworkIdentity: Active mobile network without subscriber!
05-24 20:52:35.619  1529  3011 W NetworkIdentity: Active mobile network without subscriber!
05-24 20:52:35.620  1529  3011 W NetworkIdentity: Active mobile network without subscriber!
05-24 20:52:35.669  1529  2999 I ActivityManager: Killing 3127:com.whatsapp/u0a104 (adj 906): empty #17
05-24 20:52:35.689  1529  2359 D ActivityManager: cleanUpApplicationRecord -- 3127
05-24 20:52:40.778  1529  1832 V AlarmManager: sending alarm Alarm{44c7174 type 2 when 770748 android}
05-24 20:52:40.847  1529  1553 D DeviceIdleController: handleMessage(7)
05-24 20:52:42.002  1529  1832 V AlarmManager: sending alarm Alarm{f4f9f0e type 2 when 771972 com.google.android.gms}
05-24 20:52:42.006  1529  1554 D DeviceIdleController: Adding AppId 10011 to temp whitelist. New entry: true
05-24 20:52:42.006  1529  1554 D DeviceIdleController: postTempActiveTimeoutMessage: uid=10011, delay=10000
05-24 20:52:42.006  1529  1554 D DeviceIdleController: Setting wakelock temp whitelist to [10011, 10104]
05-24 20:52:42.211  1529  1553 D DeviceIdleController: handleMessage(7)
05-24 20:52:45.187  1529  1553 D DeviceIdleController: handleMessage(6)
05-24 20:52:45.187  1529  1553 D DeviceIdleController: checkTempAppWhitelistTimeout: uid=10104, timeNow=775158
05-24 20:52:45.187  1529  1553 D DeviceIdleController: Removing UID 10104 from temp whitelist
05-24 20:52:45.187  1529  1553 D DeviceIdleController: Setting wakelock temp whitelist to [10011]
05-24 20:52:48.892  1529  2959 V RestrictedPackageService: filterBroadcastReceiver for com.piriform.ccleaner.actions.ACTION_ANDROID_CONTENT_CHANGED
05-24 20:52:48.902  1529  1544 V RestrictedPackageService: filterBroadcastReceiver for com.piriform.ccleaner.actions.ACTION_ANDROID_CONTENT_CHANGED
05-24 20:52:49.172  1529  3001 V RestrictedPackageService: filterBroadcastReceiver for com.piriform.ccleaner.actions.ACTION_GALLERY_BUILDER_NO_CHANGE
05-24 20:52:49.188  1529  3009 W ActivityManager: Unable to start service Intent { act=com.piriform.ccleaner.actions.ACTION_GALLERY_BUILDER_NO_CHANGE flg=0x10 cmp=com.piriform.ccleaner/com.avast.android.cleaner.photoCleanup.services.CVService (has extras) } U=0: not found
05-24 20:52:49.580  1529  2756 V RestrictedPackageService: filterBroadcastReceiver for com.piriform.ccleaner.actions.USER_INFO_FETCHED
05-24 20:52:49.600  1529  1604 V RestrictedPackageService: filterBroadcastReceiver for com.piriform.ccleaner.actions.ACTION_GALLERY_BUILDER_NO_CHANGE
05-24 20:52:49.633  1529  1605 W ActivityManager: Unable to start service Intent { act=com.piriform.ccleaner.actions.ACTION_GALLERY_BUILDER_NO_CHANGE flg=0x10 cmp=com.piriform.ccleaner/com.avast.android.cleaner.photoCleanup.services.CVService (has extras) } U=0: not found
05-24 20:52:49.662  1529  1592 V RestrictedPackageService: filterBroadcastReceiver for android.intent.action.PACKAGE_NEEDS_VERIFICATION
05-24 20:52:49.776  1529  3001 V RestrictedPackageService: filterBroadcastReceiver for com.piriform.ccleaner.actions.USER_INFO_FETCHED
05-24 20:52:52.007  1529  1553 D DeviceIdleController: handleMessage(6)
05-24 20:52:52.007  1529  1553 D DeviceIdleController: checkTempAppWhitelistTimeout: uid=10011, timeNow=781978
05-24 20:52:52.007  1529  1553 D DeviceIdleController: Removing UID 10011 from temp whitelist
05-24 20:52:52.007  1529  1553 D DeviceIdleController: Setting wakelock temp whitelist to []
05-24 20:52:55.206  1529  1554 I ActivityManager: Force stopping com.waze appid=10108 user=-1: installPackageLI
05-24 20:52:56.022  1529  1592 I PackageManager: Package com.waze codePath changed from /data/app/com.waze-1 to /data/app/com.waze-2; Retaining data and using new
05-24 20:52:56.024  1529  1592 W PackageManager: Code path for com.waze changing from /data/app/com.waze-1 to /data/app/com.waze-2
05-24 20:52:56.024  1529  1592 W PackageManager: Resource path for com.waze changing from /data/app/com.waze-1 to /data/app/com.waze-2
05-24 20:52:57.063  1529  1592 W PackageManager: Unknown permission pioneer.permission.appradio.AAM2 in package com.waze
05-24 20:52:57.063  1529  1592 W PackageManager: Unknown permission pioneer.permission.appradio.ADVANCED_APPMODE in package com.waze
05-24 20:52:57.063  1529  1592 W PackageManager: Unknown permission com.abaltatech.WEBLINK in package com.waze
05-24 20:52:58.788  1529  1592 I ActivityManager: Force stopping com.waze appid=10108 user=0: pkg removed
05-24 20:52:58.836  1529  1592 V RestrictedPackageService: filterBroadcastReceiver for android.intent.action.PACKAGE_REMOVED
05-24 20:52:58.850  1529  1592 V RestrictedPackageService: filterBroadcastReceiver for android.intent.action.PACKAGE_ADDED
05-24 20:52:58.877  1529  1592 V RestrictedPackageService: filterBroadcastReceiver for android.intent.action.PACKAGE_REPLACED
05-24 20:52:58.916 14759 14759 W ContextImpl: Calling a method in the system process without a qualified user: android.app.ContextImpl.startService:1385 android.content.ContextWrapper.startService:613 android.content.ContextWrapper.startService:613 com.android.keychain.KeyChainBroadcastReceiver.onReceive:12 android.app.ActivityThread.handleReceiver:3011 
05-24 20:52:58.958  1529  2755 W ActivityManager: Permission Denial: Accessing service ComponentInfo{com.google.android.music/com.google.android.music.dial.DialMediaRouteProviderService} from pid=3656, uid=10106 that is not exported from uid 10097
05-24 20:52:58.963  1529  3011 W ActivityManager: Permission Denial: Accessing service ComponentInfo{com.google.android.music/com.google.android.music.dial.DialMediaRouteProviderService} from pid=3656, uid=10106 that is not exported from uid 10097
05-24 20:52:58.998  1529  3009 W ActivityManager: Permission Denial: Accessing service ComponentInfo{com.google.android.music/com.google.android.music.dial.DialMediaRouteProviderService} from pid=3656, uid=10106 that is not exported from uid 10097
05-24 20:52:59.205  6625  6625 D Resources: oneSpecialCase = falsequantityCode =other local = pt_BR
05-24 20:53:01.299  1529  1529 D NotificationService: notification light: Missing Other!
05-24 20:53:01.784  1529  1553 D DeviceIdleController: handleMessage(7)
05-24 20:53:01.969  2208  2208 D Resources: oneSpecialCase = falsequantityCode =one local = pt_BR
05-24 20:53:01.973  2208  2208 D Resources: oneSpecialCase = falsequantityCode =one local = pt_BR
05-24 20:53:01.976  2208  2208 D Resources: oneSpecialCase = falsequantityCode =one local = pt_BR
05-24 20:53:01.978  2208  2208 D Resources: oneSpecialCase = falsequantityCode =one local = pt_BR
05-24 20:53:02.058  1529  1553 D DeviceIdleController: handleMessage(7)
--------- beginning of main
05-24 20:53:02.099  3054  3196 D LenovoAppIconTheme: ExtraResources;createIconBitmap;canvas.setBitmap(null); had removed
05-24 20:53:02.100  3054  3196 D LenovoAppIconTheme: ExtraResources;getShapeDrawable;db = android.graphics.drawable.BitmapDrawable@c37809
05-24 20:53:02.210  1529  3784 W BackupManagerService: dataChanged but no participant pkg='com.lenovo.olauncher' uid=10025
05-24 20:53:02.211  3054  3054 I Launcher3: Launcher, Deferring update until onResume
05-24 20:53:02.266  3054  3054 I Launcher3: Launcher, Deferring update until onResume
05-24 20:53:02.277  2793 14045 E NetworkScheduler: Unrecognised action provided: android.intent.action.PACKAGE_REPLACED
05-24 20:53:02.314  2793  9866 I AsyncOpDispatcher: 51-RegisterSyncOperationCall
05-24 20:53:02.657  6625  6625 I Finsky  : [1] com.google.android.finsky.installer.a.bl.onPostExecute(89): Downloading patch for com.google.android.apps.maps (adid: com.google.android.apps.maps , isid: Ax0_3sOKRTmwrmlPVFSyZQ)
05-24 20:53:02.662  6625  6625 I Finsky  : [1] com.google.android.finsky.download.e.b(61): Duplicate state set for 'com.google.android.apps.maps' (0). Already in that state
05-24 20:53:02.663  6625  6625 I Finsky  : [1] com.google.android.finsky.download.n.a(23): Download com.google.android.apps.maps added to DownloadQueue
05-24 20:53:02.666  6625  6625 I Finsky  : [1] com.google.android.finsky.download.e.b(64): com.google.android.apps.maps from 0 to 1.
05-24 20:53:02.826  4035  4035 D ContactListFilterController: checkFilterValidity enter mFilter is all_accounts
05-24 20:53:02.884  3054  3054 W Launcher: setApplicationContext called twice! old=com.android.launcher3.LauncherApplication@4f1b95a new=com.android.launcher3.LauncherApplication@4f1b95a
05-24 20:53:02.887   652   652 I         : free_cache(13629946) avail 12414115840
05-24 20:53:02.914  3174  3890 I Icing   : Indexing 8D3989C750A7D970E159716C9BB6B790044E729A from com.google.android.gms
05-24 20:53:02.932  6625  6625 I Finsky  : [1] com.google.android.finsky.download.w.a(25): Download com.google.android.apps.maps starting
05-24 20:53:02.936  4035  4035 D ContactListFilterController: checkFilterValidity enter mFilter is all_accounts
05-24 20:53:02.981  3174  4235 I Icing   : IndexChimeraService.getServiceInterface callingPackage=com.google.android.gms componentName=AppsCorpus serviceId=36
05-24 20:53:02.982  3174  4217 I Icing   : IndexChimeraService.getServiceInterface callingPackage=com.google.android.gms componentName=AppsCorpus serviceId=32
05-24 20:53:03.138  2793  2806 I art     : Background sticky concurrent mark sweep GC freed 128607(7MB) AllocSpace objects, 16(576KB) LOS objects, 31% free, 17MB/26MB, paused 2.052ms total 101.757ms
05-24 20:53:03.526 14791 14791 E IBM.MCE 3.6.6.2 : BaseAlarmReceiver: listenerName is null
05-24 20:53:04.157  6625  6625 I Finsky  : [1] com.google.android.finsky.download.u.onPostExecute(11): Enqueued com.google.android.apps.maps as content://downloads/my_downloads/5180
05-24 20:53:04.158  6625  6625 I Finsky  : [1] com.google.android.finsky.download.e.b(64): com.google.android.apps.maps from 1 to 2.
05-24 20:53:04.158  6625  6625 I Finsky  : [1] com.google.android.finsky.download.n.h(133): com.google.android.apps.maps: onStart
05-24 20:53:04.179  9248  9312 D LenovoAppIconTheme: ApplicationPackageManager;getLenovoDrawable;calling from :: com.piriform.ccleaner, packageName = com.waze
05-24 20:53:04.182  9248  9312 D LenovoAppIconTheme: ExtraResources;getIconOriginalName;<2130838671>com.waze:drawable/launch_icon
05-24 20:53:04.183  1529  1544 I chatty  : uid=1000(system) Binder:1529_1 expire 2 lines
05-24 20:53:04.184  9248  9312 D LenovoAppIconTheme: ExtraResources;getDrawableFromLenovoTheme;inResourcePath = drawable/launch_icon.png,result = null
05-24 20:53:04.188  9248  9312 D LenovoAppIconTheme: ExtraResources;createIconBitmap;icon=android.graphics.drawable.BitmapDrawable@ad6220d
05-24 20:53:04.191  9248  9312 D LenovoAppIconTheme: ExtraResources;createIconBitmap;bm=android.graphics.Bitmap@e9aa5c2
05-24 20:53:04.191  9248  9312 D LenovoAppIconTheme: ExtraResources;createIconBitmap;bm.getHeight=156
05-24 20:53:04.191  9248  9312 D LenovoAppIconTheme: ExtraResources;createIconBitmap;bm.getWidth=156
05-24 20:53:04.192  9248  9312 D LenovoAppIconTheme: ExtraResources;createIconBitmap;bg != null bg = android.graphics.Bitmap@8745689
05-24 20:53:04.194  9248  9312 D LenovoAppIconTheme: ExtraResources;createIconBitmap;fg != null fg = android.graphics.Bitmap@2dcc68e
05-24 20:53:04.197  9248  9312 D LenovoAppIconTheme: ExtraResources;createIconBitmap;canvas.setBitmap(null); had removed
05-24 20:53:04.197  9248  9312 D LenovoAppIconTheme: ExtraResources;getShapeDrawable;db = android.graphics.drawable.BitmapDrawable@c65dfd3
05-24 20:53:04.242  2793  2808 I AsyncOpDispatcher: 19-GetFileDescriptorAndDelete
05-24 20:53:04.245  9013 15308 D DownloadManager: [5180] Starting
05-24 20:53:04.267  3174  3890 I Icing   : Usage reports ok 0, Failed Usage reports 0, indexed 0, rejected 0, imm upload false
05-24 20:53:04.277  2793  3476 I AsyncOpDispatcher: 19-GetFileDescriptorAndDelete
05-24 20:53:04.294  6625  6625 I Finsky  : [1] com.google.android.finsky.download.n.a(114): com.google.android.apps.maps: onProgress 0/-1 Status: 192 ID: 5180.
05-24 20:53:04.310  3174  3890 I Icing   : Usage reports ok 0, Failed Usage reports 0, indexed 0, rejected 0, imm upload false
05-24 20:53:04.321  3174  3890 I Icing   : Indexing done 8D3989C750A7D970E159716C9BB6B790044E729A
05-24 20:53:04.350  9013 15308 D NetworkSecurityConfig: No Network Security Config specified, using platform default
05-24 20:53:04.360  9013 15308 I DpmTcmClient: RegisterTcmMonitor from: com.android.okhttp.TcmIdleTimerMonitor
05-24 20:53:04.537  1529  1529 V RestrictedPackageService: filterBroadcastReceiver for android.intent.action.DROPBOX_ENTRY_ADDED
05-24 20:53:04.665   661   661 I cnss-daemon: RTM_NEWROUTE Indication
05-24 20:53:04.665   661   661 I cnss-daemon: ip type is ipv6
05-24 20:53:04.667   661   661 E cnss-daemon: gateway ipv6 address: fe80::7e26:64ff:fe7f:e801
05-24 20:53:04.667   661   661 E cnss-daemon: gateway mac address: %02x:%02x:%02x:%02x:%02x:%02x
05-24 20:53:04.667   661   661 E cnss-daemon: : 00:00:00:00:00:00
05-24 20:53:04.667   661   661 E cnss-daemon: Invalid mac address: 0x7f55ee6cM
05-24 20:53:05.167  2876  2889 I QtiTetherService: limitReached Alert received limitName: globalAlert on Interface: wlan0
05-24 20:53:05.196  1529  2066 I chatty  : uid=1000(system) NetworkStats expire 14 lines
05-24 20:53:05.196  2876  2888 D QtiTetherService/IpaWrapper: getStats(false)
05-24 20:53:05.251  1529  2068 V NetworkPolicy: setNetworkTemplateEnable other template = 4
05-24 20:53:05.260  1529  2068 V NetworkPolicy: setPolicyDataEnableForSubscriber:subId(1),true
05-24 20:53:05.326  3174  3890 I Icing   : Indexing 8D3989C750A7D970E159716C9BB6B790044E729A from com.google.android.gms
05-24 20:53:05.333  3174  3890 I Icing   : Indexing done 8D3989C750A7D970E159716C9BB6B790044E729A
05-24 20:53:05.353  2146  2146 I IcingNotification: Received intent: Intent { act=com.google.android.gms.icing.IME_NOTIFICATION flg=0x10 pkg=com.google.android.inputmethod.latin (has extras) }
05-24 20:53:05.654  2793  2793 I WearableService: Wearable Services stopping
05-24 20:53:06.383  2876  2889 I QtiTetherService: limitReached Alert received limitName: globalAlert on Interface: wlan0
05-24 20:53:06.404  2876  2888 D QtiTetherService/IpaWrapper: getStats(false)
05-24 20:53:06.444  1529  2068 V NetworkPolicy: setNetworkTemplateEnable other template = 4
05-24 20:53:06.447  1529  2068 V NetworkPolicy: setPolicyDataEnableForSubscriber:subId(1),true
05-24 20:53:07.002  9013  9067 D Resources: oneSpecialCase = falsequantityCode =other local = pt_BR
05-24 20:53:07.029   661   661 I cnss-daemon: RTM_NEWNEIGH message received: 28
05-24 20:53:07.029   661   661 E cnss-daemon: Stale or unreachable neighbors, ndm state: 16
05-24 20:53:07.032   661   661 I cnss-daemon: RTM_NEWNEIGH message received: 28
05-24 20:53:07.032   661   661 I cnss-daemon: NDA_DST received: 192.168.0.1 ul: 16820416
05-24 20:53:07.032   661   661 I cnss-daemon: NDA_LLADDR received
05-24 20:53:07.832  1529  1539 I chatty  : uid=1000(system) HeapTaskDaemon expire 13 lines
05-24 20:53:08.053  2876  2889 I QtiTetherService: limitReached Alert received limitName: globalAlert on Interface: wlan0
05-24 20:53:08.081  2876  2888 D QtiTetherService/IpaWrapper: getStats(false)
05-24 20:53:08.124  1529  2068 V NetworkPolicy: setNetworkTemplateEnable other template = 4
05-24 20:53:08.128  1529  2068 V NetworkPolicy: setPolicyDataEnableForSubscriber:subId(1),true
05-24 20:53:08.992  9013  9067 D Resources: oneSpecialCase = falsequantityCode =other local = pt_BR
05-24 20:53:09.379   661   661 I cnss-daemon: RTM_NEWNEIGH message received: 28
05-24 20:53:09.379   661   661 I cnss-daemon: NDA_DST received: fe80::7e26:64ff:fe7f:e801 ul: 33022
05-24 20:53:09.379   661   661 I cnss-daemon: NDA_LLADDR received
05-24 20:53:09.451  2876  2889 I QtiTetherService: limitReached Alert received limitName: globalAlert on Interface: wlan0
05-24 20:53:09.478  2876  2888 D QtiTetherService/IpaWrapper: getStats(false)
05-24 20:53:09.517  1529  2068 V NetworkPolicy: setNetworkTemplateEnable other template = 4
05-24 20:53:09.522  1529  2068 V NetworkPolicy: setPolicyDataEnableForSubscriber:subId(1),true
05-24 20:53:10.969  9013  9067 D Resources: oneSpecialCase = falsequantityCode =other local = pt_BR
05-24 20:53:11.132  2876  2889 I QtiTetherService: limitReached Alert received limitName: globalAlert on Interface: wlan0
05-24 20:53:11.162  2876  2888 D QtiTetherService/IpaWrapper: getStats(false)
05-24 20:53:11.200  1529  2068 V NetworkPolicy: setNetworkTemplateEnable other template = 4
05-24 20:53:11.205  1529  2068 V NetworkPolicy: setPolicyDataEnableForSubscriber:subId(1),true
05-24 20:53:12.794  2876  2889 I QtiTetherService: limitReached Alert received limitName: globalAlert on Interface: wlan0
05-24 20:53:12.816  2876  2888 D QtiTetherService/IpaWrapper: getStats(false)
05-24 20:53:12.859  1529  2068 V NetworkPolicy: setNetworkTemplateEnable other template = 4
05-24 20:53:12.863  1529  2068 V NetworkPolicy: setPolicyDataEnableForSubscriber:subId(1),true
05-24 20:53:13.010  9013  9067 D Resources: oneSpecialCase = falsequantityCode =other local = pt_BR
05-24 20:53:13.044  2208  2208 I chatty  : uid=10046(com.android.systemui) expire 24 lines
05-24 20:53:14.121  2876  2889 I QtiTetherService: limitReached Alert received limitName: globalAlert on Interface: wlan0
05-24 20:53:14.144  2876  2888 D QtiTetherService/IpaWrapper: getStats(false)
05-24 20:53:14.173  1529  1832 V AlarmManager: sending alarm Alarm{aad99ac type 3 when 789971 android}
05-24 20:53:14.176  1529  1832 V AlarmManager: sending alarm Alarm{7c50675 type 2 when 804143 android}
05-24 20:53:14.177  1529  1832 V AlarmManager: sending alarm Alarm{a59960a type 1 when 1527205980239 com.lenovo.lewea}
05-24 20:53:14.183  1529  2068 V NetworkPolicy: setNetworkTemplateEnable other template = 4
05-24 20:53:14.189  1529  2068 V NetworkPolicy: setPolicyDataEnableForSubscriber:subId(1),true
05-24 20:53:14.190  4378  4378 D LenovoWeatherApp: TimeTickService onCreate
05-24 20:53:14.191  1529  1832 V AlarmManager: sending alarm Alarm{d30a498 type 1 when 1527205980267 com.lenovo.lewea}
05-24 20:53:14.191  4378  4378 D LenovoWeatherApp: TimeTickService onStartCommand
05-24 20:53:14.208 13532 13532 D LenovoWeatherApp: TimeTickService onCreate
05-24 20:53:14.209 13532 13532 D LenovoWeatherApp: TimeTickService onStartCommand
05-24 20:53:14.234  1529  2755 V RestrictedPackageService: filterBroadcastReceiver for com.lenovo.weather.action.TIME_TICK
05-24 20:53:14.249  4378  4378 D LenovoWeatherApp: CommonReceiver action=com.lenovo.weather.action.TIME_TICK
05-24 20:53:14.264  4378  4378 V LenovoWeatherApp: imeiNo=351882082838034
05-24 20:53:14.265  4378  4378 V LenovoWeatherApp: locationTime=54:00
05-24 20:53:14.265  4378  4378 D LenovoWeatherApp: TimeTickService onDestroy
05-24 20:53:14.279  1529  1544 V RestrictedPackageService: filterBroadcastReceiver for com.lenovo.weather.action.TIME_TICK
05-24 20:53:14.292  4378  4378 D LenovoWeatherApp: WeatherWidget action = com.lenovo.weather.action.TIME_TICK
05-24 20:53:14.298 13532 13532 D LenovoWeatherApp: TimeTickService onDestroy
05-24 20:53:14.337  4378  4378 D LenovoWeatherApp: UpdateAppWidgetService ids.length = 1
05-24 20:53:14.341  4378  4378 V LenovoWeatherApp: themeValue = 2334
05-24 20:53:14.350 13532 13532 D LenovoWeatherApp: CommonReceiver action=com.lenovo.weather.action.TIME_TICK
05-24 20:53:14.359 13532 13532 V LenovoWeatherApp: imeiNo=351882082838034
05-24 20:53:14.360  4378  4378 V LenovoWeatherApp: UpdateAppWidgetService:Criclelight theme update start.
05-24 20:53:14.360 13532 13532 V LenovoWeatherApp: locationTime=54:00
05-24 20:53:14.361  4378  4378 D LenovoWeatherAppTheme-circlelight: density: 3.0
05-24 20:53:14.361  4378  4378 V LenovoWeatherAppTheme-circlelight: layoutId = 2130903040
05-24 20:53:14.365  4378  4378 V LenovoWeatherAppTheme-circlelight: currentTime = 20:53date = 2018-05-24dayOfMonth = 24
05-24 20:53:14.380  1529  1553 D DeviceIdleController: handleMessage(7)
05-24 20:53:14.391 13532 13532 D LenovoWeatherApp: WeatherWidget action = com.lenovo.weather.action.TIME_TICK
05-24 20:53:14.398  6625  6625 I Finsky  : [1] com.google.android.finsky.scheduler.JobSchedulerEngine$PhoneskyJobSchedulerJobService.onStartJob(11): onJobSchedulerWakeup with jobId 9001
05-24 20:53:14.417 13532 13532 D LenovoWeatherApp: UpdateAppWidgetService ids.length = 0
05-24 20:53:14.419  2208  2208 D Resources: oneSpecialCase = falsequantityCode =other local = pt_BR
05-24 20:53:14.419  2208  2208 D Resources: oneSpecialCase = falsequantityCode =other local = pt_BR
05-24 20:53:14.419  2208  2208 D Resources: oneSpecialCase = falsequantityCode =other local = pt_BR
05-24 20:53:14.420  2208  2208 D Resources: oneSpecialCase = falsequantityCode =other local = pt_BR
05-24 20:53:14.420  2208  2208 D Resources: oneSpecialCase = falsequantityCode =other local = pt_BR
05-24 20:53:14.420  2208  2208 D Resources: oneSpecialCase = falsequantityCode =other local = pt_BR
05-24 20:53:14.420  2208  2208 D Resources: oneSpecialCase = falsequantityCode =other local = pt_BR
05-24 20:53:14.420  2208  2208 D Resources: oneSpecialCase = falsequantityCode =other local = pt_BR
05-24 20:53:14.420  2208  2208 D Resources: oneSpecialCase = falsequantityCode =other local = pt_BR
05-24 20:53:14.421  2208  2208 D Resources: oneSpecialCase = falsequantityCode =other local = pt_BR
05-24 20:53:14.421  2208  2208 D Resources: oneSpecialCase = falsequantityCode =other local = pt_BR
05-24 20:53:14.421  2208  2208 D Resources: oneSpecialCase = falsequantityCode =other local = pt_BR
05-24 20:53:14.421  2208  2208 D Resources: oneSpecialCase = falsequantityCode =other local = pt_BR
05-24 20:53:14.421  2208  2208 D Resources: oneSpecialCase = falsequantityCode =other local = pt_BR
05-24 20:53:14.421  2208  2208 D Resources: oneSpecialCase = falsequantityCode =other local = pt_BR
05-24 20:53:14.422  2208  2208 D Resources: oneSpecialCase = falsequantityCode =other local = pt_BR
05-24 20:53:14.422  2208  2208 D Resources: oneSpecialCase = falsequantityCode =other local = pt_BR
05-24 20:53:14.422  2208  2208 D Resources: oneSpecialCase = falsequantityCode =other local = pt_BR
05-24 20:53:14.422  2208  2208 D Resources: oneSpecialCase = falsequantityCode =other local = pt_BR
05-24 20:53:14.422  2208  2208 D Resources: oneSpecialCase = falsequantityCode =other local = pt_BR
05-24 20:53:14.422  2208  2208 D Resources: oneSpecialCase = falsequantityCode =other local = pt_BR
05-24 20:53:14.422  2208  2208 D Resources: oneSpecialCase = falsequantityCode =other local = pt_BR
05-24 20:53:14.423  2208  2208 D Resources: oneSpecialCase = falsequantityCode =other local = pt_BR
05-24 20:53:14.423  2208  2208 D Resources: oneSpecialCase = falsequantityCode =other local = pt_BR
05-24 20:53:14.423  2208  2208 D Resources: oneSpecialCase = falsequantityCode =other local = pt_BR
05-24 20:53:14.423  2208  2208 D Resources: oneSpecialCase = falsequantityCode =other local = pt_BR
05-24 20:53:14.423  2208  2208 D Resources: oneSpecialCase = falsequantityCode =other local = pt_BR
05-24 20:53:14.423  2208  2208 D Resources: oneSpecialCase = falsequantityCode =other local = pt_BR
05-24 20:53:14.424  2208  2208 D Resources: oneSpecialCase = falsequantityCode =other local = pt_BR
05-24 20:53:14.424  2208  2208 D Resources: oneSpecialCase = falsequantityCode =other local = pt_BR
05-24 20:53:14.424  2208  2208 D Resources: oneSpecialCase = falsequantityCode =other local = pt_BR
05-24 20:53:14.424  2208  2208 D Resources: oneSpecialCase = falsequantityCode =other local = pt_BR
05-24 20:53:14.424  2208  2208 D Resources: oneSpecialCase = falsequantityCode =other local = pt_BR
05-24 20:53:14.424  2208  2208 D Resources: oneSpecialCase = falsequantityCode =other local = pt_BR
05-24 20:53:14.424  2208  2208 D Resources: oneSpecialCase = falsequantityCode =other local = pt_BR
05-24 20:53:14.425  2208  2208 D Resources: oneSpecialCase = falsequantityCode =other local = pt_BR
05-24 20:53:14.425  2208  2208 D Resources: oneSpecialCase = falsequantityCode =other local = pt_BR
05-24 20:53:14.425  2208  2208 D Resources: oneSpecialCase = falsequantityCode =other local = pt_BR
05-24 20:53:14.425  2208  2208 D Resources: oneSpecialCase = falsequantityCode =other local = pt_BR
05-24 20:53:14.425  2208  2208 D Resources: oneSpecialCase = falsequantityCode =one local = pt_BR
05-24 20:53:14.425  2208  2208 D Resources: oneSpecialCase = falsequantityCode =one local = pt_BR
05-24 20:53:14.425  2208  2208 D Resources: oneSpecialCase = falsequantityCode =one local = pt_BR
05-24 20:53:14.426  2208  2208 D Resources: oneSpecialCase = falsequantityCode =other local = pt_BR
05-24 20:53:14.426  2208  2208 D Resources: oneSpecialCase = falsequantityCode =one local = pt_BR
05-24 20:53:14.426  2208  2208 D Resources: oneSpecialCase = falsequantityCode =other local = pt_BR
05-24 20:53:14.426  2208  2208 D Resources: oneSpecialCase = falsequantityCode =other local = pt_BR
05-24 20:53:14.426  2208  2208 D Resources: oneSpecialCase = falsequantityCode =other local = pt_BR
05-24 20:53:14.427  2208  2208 D Resources: oneSpecialCase = falsequantityCode =other local = pt_BR
05-24 20:53:14.427  2208  2208 D Resources: oneSpecialCase = falsequantityCode =one local = pt_BR
05-24 20:53:14.427  2208  2208 D Resources: oneSpecialCase = falsequantityCode =one local = pt_BR
05-24 20:53:14.428  2208  2208 D Resources: oneSpecialCase = falsequantityCode =one local = pt_BR
05-24 20:53:14.428  2208  2208 D Resources: oneSpecialCase = falsequantityCode =other local = pt_BR
05-24 20:53:14.428  2208  2208 D Resources: oneSpecialCase = falsequantityCode =other local = pt_BR
05-24 20:53:14.429  2208  2208 D Resources: oneSpecialCase = falsequantityCode =other local = pt_BR
05-24 20:53:14.430  2208  2208 D Resources: oneSpecialCase = falsequantityCode =other local = pt_BR
05-24 20:53:14.430  2208  2208 D Resources: oneSpecialCase = falsequantityCode =other local = pt_BR
05-24 20:53:14.430  2208  2208 D Resources: oneSpecialCase = falsequantityCode =other local = pt_BR
05-24 20:53:14.430  2208  2208 D Resources: oneSpecialCase = falsequantityCode =other local = pt_BR
05-24 20:53:14.431  2208  2208 D Resources: oneSpecialCase = falsequantityCode =other local = pt_BR
05-24 20:53:14.431  2208  2208 D Resources: oneSpecialCase = falsequantityCode =other local = pt_BR
05-24 20:53:14.431  2208  2208 D Resources: oneSpecialCase = falsequantityCode =other local = pt_BR
05-24 20:53:14.431  2208  2208 D Resources: oneSpecialCase = falsequantityCode =other local = pt_BR
05-24 20:53:14.431  2208  2208 D Resources: oneSpecialCase = falsequantityCode =other local = pt_BR
05-24 20:53:14.432  2208  2208 D Resources: oneSpecialCase = falsequantityCode =other local = pt_BR
05-24 20:53:14.432  2208  2208 D Resources: oneSpecialCase = falsequantityCode =other local = pt_BR
05-24 20:53:14.432  2208  2208 D Resources: oneSpecialCase = falsequantityCode =other local = pt_BR
05-24 20:53:14.432  2208  2208 D Resources: oneSpecialCase = falsequantityCode =other local = pt_BR
05-24 20:53:14.432  2208  2208 D Resources: oneSpecialCase = falsequantityCode =other local = pt_BR
05-24 20:53:14.433  2208  2208 D Resources: oneSpecialCase = falsequantityCode =other local = pt_BR
05-24 20:53:14.433  2208  2208 D Resources: oneSpecialCase = falsequantityCode =other local = pt_BR
05-24 20:53:14.433  2208  2208 D Resources: oneSpecialCase = falsequantityCode =other local = pt_BR
05-24 20:53:14.433  2208  2208 D Resources: oneSpecialCase = falsequantityCode =other local = pt_BR
05-24 20:53:14.434  2208  2208 D Resources: oneSpecialCase = falsequantityCode =one local = pt_BR
05-24 20:53:14.434  2208  2208 D Resources: oneSpecialCase = falsequantityCode =one local = pt_BR
05-24 20:53:14.434  2208  2208 D Resources: oneSpecialCase = falsequantityCode =one local = pt_BR
05-24 20:53:14.434  2208  2208 D Resources: oneSpecialCase = falsequantityCode =other local = pt_BR
05-24 20:53:14.435  2208  2208 D Resources: oneSpecialCase = falsequantityCode =other local = pt_BR
05-24 20:53:14.435  2208  2208 D Resources: oneSpecialCase = falsequantityCode =other local = pt_BR
05-24 20:53:14.435  2208  2208 D Resources: oneSpecialCase = falsequantityCode =other local = pt_BR
05-24 20:53:14.435  2208  2208 D Resources: oneSpecialCase = falsequantityCode =other local = pt_BR
05-24 20:53:14.437  6625  6625 I Finsky  : [1] com.google.android.finsky.scheduler.x.a(14): Scheduling fallback in 43199961 (absolute: 44004369)
05-24 20:53:14.439  2208  2208 D Resources: oneSpecialCase = falsequantityCode =other local = pt_BR
05-24 20:53:14.439  2208  2208 D Resources: oneSpecialCase = falsequantityCode =one local = pt_BR
05-24 20:53:14.440  2208  2208 D Resources: oneSpecialCase = falsequantityCode =one local = pt_BR
05-24 20:53:14.441  4378  4378 V kongql1 : getTemperatureUnitType(parentContext) = 1
05-24 20:53:14.441  2208  2208 D Resources: oneSpecialCase = falsequantityCode =one local = pt_BR
05-24 20:53:14.442  2208  2208 D Resources: oneSpecialCase = falsequantityCode =other local = pt_BR
05-24 20:53:14.443  2208  2208 D Resources: oneSpecialCase = falsequantityCode =one local = pt_BR
05-24 20:53:14.444  2208  2208 D Resources: oneSpecialCase = falsequantityCode =one local = pt_BR
05-24 20:53:14.445  2208  2208 D Resources: oneSpecialCase = falsequantityCode =one local = pt_BR
05-24 20:53:14.445  2208  2208 D Resources: oneSpecialCase = falsequantityCode =other local = pt_BR
05-24 20:53:14.446  2208  2208 D Resources: oneSpecialCase = falsequantityCode =one local = pt_BR
05-24 20:53:14.447  2208  2208 D Resources: oneSpecialCase = falsequantityCode =one local = pt_BR
05-24 20:53:14.448  2208  2208 D Resources: oneSpecialCase = falsequantityCode =one local = pt_BR
05-24 20:53:14.449  2208  2208 D Resources: oneSpecialCase = falsequantityCode =other local = pt_BR
05-24 20:53:14.450  2208  2208 D Resources: oneSpecialCase = falsequantityCode =one local = pt_BR
05-24 20:53:14.451  2208  2208 D Resources: oneSpecialCase = falsequantityCode =one local = pt_BR
05-24 20:53:14.452  2208  2208 D Resources: oneSpecialCase = falsequantityCode =one local = pt_BR
05-24 20:53:14.452  2208  2208 D Resources: oneSpecialCase = falsequantityCode =other local = pt_BR
05-24 20:53:14.453  2208  2208 D Resources: oneSpecialCase = falsequantityCode =one local = pt_BR
05-24 20:53:14.455  2208  2208 D Resources: oneSpecialCase = falsequantityCode =one local = pt_BR
05-24 20:53:14.455  2208  2208 D Resources: oneSpecialCase = falsequantityCode =one local = pt_BR
05-24 20:53:14.457  2208  2208 D Resources: oneSpecialCase = falsequantityCode =other local = pt_BR
05-24 20:53:14.458  2208  2208 D Resources: oneSpecialCase = falsequantityCode =one local = pt_BR
05-24 20:53:14.458  2208  2208 D Resources: oneSpecialCase = falsequantityCode =one local = pt_BR
05-24 20:53:14.459  2208  2208 D Resources: oneSpecialCase = falsequantityCode =one local = pt_BR
05-24 20:53:14.460  2208  2208 D Resources: oneSpecialCase = falsequantityCode =other local = pt_BR
05-24 20:53:14.460  2208  2208 D Resources: oneSpecialCase = falsequantityCode =one local = pt_BR
05-24 20:53:14.460  4378  4378 V LenovoWeatherApp: UpdateAppWidgetService:Criclelight theme update finished.
05-24 20:53:14.460  2208  2208 D Resources: oneSpecialCase = falsequantityCode =one local = pt_BR
05-24 20:53:14.461  2208  2208 D Resources: oneSpecialCase = falsequantityCode =one local = pt_BR
05-24 20:53:14.462  2208  2208 D Resources: oneSpecialCase = falsequantityCode =other local = pt_BR
05-24 20:53:14.462  4378  4378 D LenovoWeatherApp: UpdateAppWidgetService update end
05-24 20:53:14.462  2208  2208 D Resources: oneSpecialCase = falsequantityCode =one local = pt_BR
05-24 20:53:14.463  2208  2208 D Resources: oneSpecialCase = falsequantityCode =one local = pt_BR
05-24 20:53:14.464  2208  2208 D Resources: oneSpecialCase = falsequantityCode =one local = pt_BR
05-24 20:53:14.466  2208  2208 D Resources: oneSpecialCase = falsequantityCode =other local = pt_BR
