--------- beginning of main
05-27 22:03:41.995  7076 25795 E WakeLock: release without a matched acquire!
05-27 22:03:42.006  7076 25795 E WakeLock: release without a matched acquire!
--------- beginning of system
05-27 22:03:42.170  5220  5246 D MountService: getExternalStorageMountMode : 1
05-27 22:03:42.170  5220  5246 D MountService: getExternalStorageMountMode : 3
05-27 22:03:42.171  5220  5246 D MountService: getExternalStorageMountMode : final mountMode=1, uid : 1000, packageName : com.samsung.android.authservice
05-27 22:03:42.200  7446  7446 E Zygote  : v2
05-27 22:03:42.200  7446  7446 I libpersona: KNOX_SDCARD checking this for 1000
05-27 22:03:42.200  7446  7446 I libpersona: KNOX_SDCARD not a persona
05-27 22:03:42.200  7446  7446 E Zygote  : accessInfo : 0
05-27 22:03:42.201  7446  7446 W SELinux : SELinux selinux_android_compute_policy_index : Policy Index[2],  Con:u:r:zygote:s0 RAM:SEPF_SECMOBILE_7.0_0009, [-1 -1 -1 -1 0 1]
05-27 22:03:42.202  7446  7446 I SELinux : SELinux: seapp_context_lookup: seinfo=platform, pkgname=com.samsung.android.authservice 
05-27 22:03:42.213  5220  5246 I ActivityManager: Start proc 7446:com.samsung.android.authservice/1000 for service com.samsung.android.authservice/.AuthService
05-27 22:03:42.217  7446  7446 D TimaKeyStoreProvider: TimaSignature is unavailable
05-27 22:03:42.218  7446  7446 D ActivityThread: Added TimaKeyStore provider
05-27 22:03:42.219  5220  7552 I ActivityManager: DSS on for com.samsung.android.authservice and scale is 1.0
05-27 22:03:42.238  7446  7446 W System  : ClassLoader referenced unknown path: /system/priv-app/AuthService_v2/lib/arm64
05-27 22:03:42.252  7446  7446 D ContextRelationMgrBrdg: loadKlass() : caller=com.samsung.android.bridge.multiscreen.common.ContextRelationManagerBridge.<clinit>:28 android.app.LoadedApk.makeApplication:840 
05-27 22:03:42.256  7446  7446 I AuthService_MAIN: create
05-27 22:03:42.259  7444  7444 I FIPS_bssl: FIPS (v1.1) approved mode (1) | 7444 | app_process
05-27 22:03:42.259  7444  7444 D SecurityManagerNative: SecurityManagerNative v2.7.2.6 On 64bit PLATFORM With BORINGSSL
05-27 22:03:42.265  7444  7444 E appproc : Enhanced Zygote ASLR: ro.knox.enhance.zygote.aslr != 1. Enhanced Zygote ASLR is DISABLED!
05-27 22:03:42.265  7444  7444 D AndroidRuntime: >>>>>> START com.android.internal.os.RuntimeInit uid 2000 <<<<<<
05-27 22:03:42.267  7444  7444 D AndroidRuntime: CheckJNI is OFF
05-27 22:03:42.268  7444  7444 D AndroidRuntime: addProductProperty: start
05-27 22:03:42.281  6472  6472 D io_stats: !@   8,0 r 766681 37901536 w 906829 28002768 d 94607 31169232 f 303746 303675 iot 887910 689260 th 250808 0 0 pt 0 inp 0 0 71413.804
05-27 22:03:42.314  7444  7444 I [saiv 1.1]: saiv_OnLoadJNI.cpp(38): _init: Version 1.1 Build # 3532
05-27 22:03:42.314  7444  7444 I [saiv 1.1]: saiv_OnLoadJNI.cpp(43): _init: _init() was called
05-27 22:03:42.329  7444  7444 I MLDAP   :            libMLDAP/MLDAP.c:  53: ================================================
05-27 22:03:42.329  7444  7444 I MLDAP   :            libMLDAP/MLDAP.c:  53:  MLDAP_LIB v1.1.15
05-27 22:03:42.329  7444  7444 I MLDAP   :            libMLDAP/MLDAP.c:  53: ================================================
05-27 22:03:42.373  7444  7444 I TMSDISP : AcsAndroidVirtualDisplayIntfImpl
05-27 22:03:42.390  7444  7444 D ICU     : No timezone override file found: /data/misc/zoneinfo/current/icu/icu_tzdata.dat
05-27 22:03:42.405  7444  7444 I Enhanced Zygote ASLR: DISABLED!
05-27 22:03:42.406  7444  7444 I Radio-JNI: register_android_hardware_Radio DONE
05-27 22:03:42.409  7444  7444 D ReflectionHelper: loadKlass() : caller=android.app.Activity.<clinit>:7525 <bottom of call stack> 
05-27 22:03:42.409  7444  7444 D ReflectionHelper: Reflecting method.....  class <onScreenChanged>
05-27 22:03:42.410  7444  7444 E SemAffinityControl: SemAffinityControl: registerfunction enter
05-27 22:03:42.417  7444  7444 D AndroidRuntime: Calling main entry com.android.commands.am.Am
05-27 22:03:42.433  5220  2756 I ActivityManager: START u0 {act=null typ=null flg=0x10000000 cmp=ComponentInfo{com.YourCompany.PokeAR/com.epicgames.ue4.SplashActivity}} from uid 2000 on display 0
05-27 22:03:42.444  5220  2756 D ActivityManager: ActivityRecord() Constructor : multiScreenAttrs=MultiScreenAttrs{mDisplayId=0, mBaseDisplayId=0, mBaseActivity=false}
05-27 22:03:42.446  5220  2756 D CustomFrequencyManagerService: acquireDVFSLockLocked : type : DVFS_MIN_LIMIT  frequency : 1560000  uid : 1000  pid : 5220  pkgName : AMS_RESUME@CPU_MIN@8
05-27 22:03:42.448  5220  2756 D ActivityManager: mActivityResumeBooster.acquire()
05-27 22:03:42.448  5220  2756 D ActivityManager: computeStackFocus: stackId=1
05-27 22:03:42.448  5220  2756 D ActivityManager: computeStackFocus: New stack r=ActivityRecord{356a504d0 u0 com.YourCompany.PokeAR/com.epicgames.ue4.SplashActivity t-1} stackId=1
05-27 22:03:42.449  5220  2756 I MultiWindowManagerService: setTaskDimensions: Task=TaskRecord{11b0d70d0 #208 A=com.YourCompany.PokeAR U=0 StackId=1 sz=1} minWidth=-1 minHeight=-1 maxWidth=-1 maxHeight=-1
05-27 22:03:42.449  5220  2756 D ActivityManager: moveToFront() : reason=startedActivity setFocusedActivity isAttached=true TaskRecord{11b0d70d0 #208 A=com.YourCompany.PokeAR U=0 StackId=1 sz=1}
05-27 22:03:42.449  5220  2756 D ActivityManager: setFocusStackUnchecked: reason=startedActivity setFocusedActivity focusCandidate=ActivityStack{77afc23d0 stackId=1, 3 tasks} caller=com.android.server.am.ActivityStack.moveToFront:875 com.android.server.am.ActivityStackSupervisor.moveActivityStackToFront:1995 
05-27 22:03:42.450  5220  2756 D InputDispatcher: Focused application set to: xxxx
05-27 22:03:42.450  5220  2756 D InputDispatcher: Focus left window: 6801
05-27 22:03:42.451  5220  2756 D ActivityManager: resumeTopActivityInnerLocked() : #1 prevTask=TaskRecord{11b0d70d0 #208 A=com.YourCompany.PokeAR U=0 StackId=1 sz=1} next=ActivityRecord{356a504d0 u0 com.YourCompany.PokeAR/com.epicgames.ue4.SplashActivity t208} mFocusedStack=ActivityStack{77afc23d0 stackId=1, 3 tasks}
05-27 22:03:42.451  5220  2756 D ActivityTrigger: ActivityTrigger activityPauseTrigger 
05-27 22:03:42.451  5220  2756 D GameManagerService: sem_perfomance_mode: 0
05-27 22:03:42.453  7444  7444 D AndroidRuntime: Shutting down VM
05-27 22:03:42.453  6801  6801 D Launcher: onPause, Launcher: 231267781
05-27 22:03:42.454  6801  6801 D Launcher.HomeView: onPause
05-27 22:03:42.454  6801  6801 D Launcher.Workspace: exitWidgetResizeMode. isClearResizeFrame is false
05-27 22:03:42.454  5220  7169 D ActivityManager: resumeTopActivityInnerLocked() : #1 prevTask=TaskRecord{12133d7d0 #3 A=com.sec.android.app.launcher U=0 StackId=0 sz=1} next=ActivityRecord{356a504d0 u0 com.YourCompany.PokeAR/com.epicgames.ue4.SplashActivity t208} mFocusedStack=ActivityStack{77afc23d0 stackId=1, 3 tasks}
05-27 22:03:42.455  5220  7169 D MountService: getExternalStorageMountMode : 3
05-27 22:03:42.455  5220  7169 D MountService: getExternalStorageMountMode : 3
05-27 22:03:42.455  5220  7169 D MountService: getExternalStorageMountMode : final mountMode=3, uid : 10210, packageName : com.YourCompany.PokeAR
05-27 22:03:42.475  7470  7470 E Zygote  : v2
05-27 22:03:42.475  7470  7470 I libpersona: KNOX_SDCARD checking this for 10210
05-27 22:03:42.475  7470  7470 I libpersona: KNOX_SDCARD not a persona
05-27 22:03:42.475  5220  7169 I ActivityManager: Start proc 7470:com.YourCompany.PokeAR/u0a210 for activity com.YourCompany.PokeAR/com.epicgames.ue4.SplashActivity
05-27 22:03:42.475  7444  7444 I TMSDISP : AcsAndroidVirtualDisplayIntfImpl::~AcsAndroidVirtualDisplayIntfImpl - Enter
05-27 22:03:42.476  7444  7444 I TMSDISP : AcsAndroidVirtualDisplayIntfImpl::~AcsAndroidVirtualDisplayIntfImpl - Enter2
05-27 22:03:42.476  7444  7444 I TMSDISP : AcsAndroidVirtualDisplayIntfImpl::~AcsAndroidVirtualDisplayIntfImpl - mSource2
05-27 22:03:42.476  7444  7444 I TMSDISP : AcsAndroidVirtualDisplayIntfImpl::~AcsAndroidVirtualDisplayIntfImpl - Exit
05-27 22:03:42.476  7470  7470 E Zygote  : accessInfo : 0
05-27 22:03:42.476  7470  7470 W SELinux : SELinux selinux_android_compute_policy_index : Policy Index[2],  Con:u:r:zygote:s0 RAM:SEPF_SECMOBILE_7.0_0009, [-1 -1 -1 -1 0 1]
05-27 22:03:42.477  7470  7470 I SELinux : SELinux: seapp_context_lookup: seinfo=untrusted, level=s0:c512,c768, pkgname=com.YourCompany.PokeAR 
05-27 22:03:42.480  7470  7470 I art     : Late-enabling -Xcheck:jni
05-27 22:03:42.481  5220  5272 D WindowManager: addWindow: android.view.ViewRootImpl$W@3403e7a displayId=0
05-27 22:03:42.481  5220  5272 D InputTransport: Input channel constructed: fd=583
05-27 22:03:42.481  5220  5272 D InputTransport: Input channel constructed: fd=584
05-27 22:03:42.482  5220  5272 V WindowOrientationListener: OrientationSensorJudge.getProposedRotation, Rotation: -1
05-27 22:03:42.482  5220  5272 V WindowOrientationListener: OrientationSensorJudge.getProposedRotation, Rotation: -1
05-27 22:03:42.482  5220  5272 V WindowManager: rotationForOrientationLw(orient=4, last=0); user=0  sensorRotation=-1 mLidState=-1 mDockMode=0 mHdmiPlugged=false
05-27 22:03:42.482  5220  5272 D ViewRootImpl@544aa5[PokeAR]: setView = DecorView@bff1a88[PokeAR] touchMode=true
05-27 22:03:42.482  6801  6801 D ViewRootImpl@aa81fbb[LauncherActivity]: MSG_WINDOW_FOCUS_CHANGED 0
05-27 22:03:42.496  5220  5272 V WindowManager: Relayout Window{1bff62bd0 u0 Starting com.YourCompany.PokeAR}: viewVisibility=0 req=1079x1856 WM.LayoutParams{(0,0)(fillxfill) sim=#20 ty=3 fl=#1830518 pfl=0x11 wanim=0x1030001 needsMenuKey=2 naviIconColor=0}
05-27 22:03:42.497  3186  3186 I SurfaceFlinger: id=4408 createSurf (1x1),1 flag=404, QokeAR
05-27 22:03:42.539  7470  7470 D TimaKeyStoreProvider: TimaSignature is unavailable
05-27 22:03:42.541  7470  7470 D ActivityThread: Added TimaKeyStore provider
05-27 22:03:42.543  5220  5272 D WindowManager: finishDrawingWindow: Window{1bff62bd0 u0 Starting com.YourCompany.PokeAR} mDrawState=DRAW_PENDING
05-27 22:03:42.543  5220  5272 D ViewRootImpl@544aa5[PokeAR]: MSG_RESIZED_REPORT: ci=Rect(0, 0 - 0, 0) vi=Rect(0, 63 - 0, 0) or=1
05-27 22:03:42.544  5220  5237 I ActivityManager: DSS on for com.YourCompany.PokeAR and scale is 1.0
05-27 22:03:42.545  5220  5272 D WindowManager: finishDrawingWindow: Window{1bff62bd0 u0 Starting com.YourCompany.PokeAR} mDrawState=COMMIT_DRAW_PENDING
05-27 22:03:42.553  5220  5237 D GameManagerService: sem_perfomance_mode: 0
05-27 22:03:42.553  5220  5220 D GameManagerService: NotifyRunnable. pkg: com.YourCompany.PokeAR, type: 4, isMinimized: false, isTunableApp: false
05-27 22:03:42.553  5220  5220 D GameManagerService: unexpected mPrevNotiType: -1
05-27 22:03:42.554  5220  5237 D MARsPolicyManager: handlePackageResumedFG pkgName = com.YourCompany.PokeAR, userId = 0
05-27 22:03:42.561  5998 10130 D WallpaperService: resized:[frame]Rect(0, 0 - 1080, 1920) [newConfig] is null
05-27 22:03:42.561  5998  5998 D WallpaperService: MSG_WINDOW_RESIZED
05-27 22:03:42.561  5998  5998 D WallpaperService: updateSurface forceRelayout=true redrawNeeded=false myWidth=1080 myHeight=1920 fixedSize=true mWidth=1080 mHeight=1920
05-27 22:03:42.561  5998  5998 V WallpaperService: Changes: creating=false format=false size=false
05-27 22:03:42.562  5220  5848 V WindowManager: Relayout Window{c90b339d0 u0 com.android.systemui.ImageWallpaper}: viewVisibility=0 req=1080x1920 WM.LayoutParams{(0,0)(1080x1920) gr=#800033 ty=2013 fl=#318 fmt=2 wanim=0x10302f2 naviIconColor=0}
05-27 22:03:42.564  5220  9498 D GameManagerService: identifyGamePackage. com.YourCompany.PokeAR
05-27 22:03:42.564  6580  6596 D ForegroundUtils: could not check pending caller
05-27 22:03:42.565  5220  9498 D GameManagerService: identifyGamePackage. com.YourCompany.PokeAR
05-27 22:03:42.565  5220  5247 D WindowManager: set systemUiVisibility of statusbar : vis= 0x0
05-27 22:03:42.566  5998  5998 V WallpaperService: New surface=Surface(name=null)/@0x12c2765, frame=Rect(0, 0 - 1080, 1920),relayoutResult=1, mConfiguration={0 1.0 themeSeq = 0 showBtnBg = -1 ?mcc?mnc ?localeList ?layoutDir ?swdp ?wdp ?hdp ?density ?lsize ?long ?orien ?uimode ?night ?touch ?keyb/?/? ?nav/? mkbd/?}
05-27 22:03:42.567  5998  5998 V WallpaperService: Wallpaper size has changed: (1080, 1920
05-27 22:03:42.567  5998  5998 V WallpaperService: Layout: x=0 y=0 w=1080 h=1920
05-27 22:03:42.567  5998  5998 V WallpaperService: Offsets change in com.android.systemui.ImageWallpaper$DrawableEngine@a51b2e: 0.0,0.0
05-27 22:03:42.567  5998  5998 D ImageWallpaper: onOffsetsChanged: xOffset=0.0, yOffset=0.0, xOffsetStep=0.0, yOffsetStep=0.0, xPixels=0, yPixels=0
05-27 22:03:42.567  5998  5998 D ImageWallpaper: drawFrame=false rotation=0 mLastRotation=0
05-27 22:03:42.567  5998  5998 D ImageWallpaper: drawFrame:[frame.width()]1080[frame.height()]1920
05-27 22:03:42.567  5998  5998 D ImageWallpaper: surfaceDimensionsChanged=false mLastSurfaceRotation=0 mDisplayWidth=1080 mDisplayHeight=1920
05-27 22:03:42.567  5998  5998 D ImageWallpaper: mNewKeyboard : 0 mLastKeyboard : 0 mForceDraw : false
05-27 22:03:42.567  5998  5998 D ImageWallpaper: redrawNeeded = false, mOffsetsChanged = false
05-27 22:03:42.567  5998  5998 D ImageWallpaper: Suppressed drawFrame since redraw is not needed and offsets have not changed.
05-27 22:03:42.569  5220  8378 D WindowManager: adjustSystemUiVisibilityLw : vis= 0x0
05-27 22:03:42.570  5220  5272 D ViewRootImpl@544aa5[PokeAR]: MSG_RESIZED: ci=Rect(0, 0 - 0, 0) vi=Rect(0, 0 - 0, 0) or=1
05-27 22:03:42.577  5220 27808 V WindowManager: Relayout Window{51f5081d0 u0 com.sec.android.app.launcher/com.sec.android.app.launcher.activities.LauncherActivity}: viewVisibility=8 req=1080x1920 WM.LayoutParams{(0,0)(fillxfill) sim=#130 ty=1 fl=#81910d02 pfl=0x20000 fmt=-2 wanim=0x103038a vsysui=0x2600 needsMenuKey=2 dimDuration=0 naviIconColor=0 sfl=0x40}
05-27 22:03:42.577  7485  7485 I FIPS_bssl: FIPS (v1.1) approved mode (1) | 7485 | ps
05-27 22:03:42.582  5998  5998 D SwipeDoorsillDetector: reset()com.android.systemui.statusbar.phone.NotificationPanelView.resetViews:812 com.android.systemui.statusbar.phone.PanelBar.collapsePanel:173 com.android.systemui.statusbar.phone.PhoneStatusBar.setWindowState:4069 com.android.systemui.statusbar.CommandQueue$H.handleMessage:680 
05-27 22:03:42.583  6801  6801 D capture : captureMainHomeScreen
05-27 22:03:42.583  6801  6801 D capture : canCapture isWorkspaceLocked() = false isVisible : false
05-27 22:03:42.583  6801  6801 D capture : canCapture mWorkspace.getState()() = NORMAL isTouchActive : false isPageMoving : false
05-27 22:03:42.593  5220  9498 D GameManagerService: identifyGamePackage. com.YourCompany.PokeAR
05-27 22:03:42.593  5220  9498 D GameManagerService: identifyGamePackage. com.YourCompany.PokeAR
05-27 22:03:42.639  7470  7470 D ContextRelationMgrBrdg: loadKlass() : caller=com.samsung.android.bridge.multiscreen.common.ContextRelationManagerBridge.<clinit>:28 android.app.LoadedApk.makeApplication:840 
05-27 22:03:42.684  5220  6251 I ActivityManager: START u0 {act=null typ=null flg=0x10000 cmp=ComponentInfo{com.YourCompany.PokeAR/com.epicgames.ue4.GameActivity}} from uid 10210 on display 0
05-27 22:03:42.685  5220  6251 D ActivityManager: ActivityRecord() Constructor : multiScreenAttrs=MultiScreenAttrs{mDisplayId=0, mBaseDisplayId=0, mBaseActivity=false}
05-27 22:03:42.686  5220  6251 D CustomFrequencyManagerService: releaseDVFSLockLocked : Getting Lock type frm List : DVFS_MIN_LIMIT  frequency : 1560000  uid : 1000  pid : 5220  tag : AMS_RESUME@CPU_MIN@8
05-27 22:03:42.687  5220  6251 D CustomFrequencyManagerService: acquireDVFSLockLocked : type : DVFS_MIN_LIMIT  frequency : 1560000  uid : 1000  pid : 5220  pkgName : AMS_RESUME@CPU_MIN@8
05-27 22:03:42.687  5220  6251 D ActivityManager: mActivityResumeBooster.acquire()
05-27 22:03:42.687  5220  6251 D ActivityManager: moveToFront() : reason=intentActivityFound isAttached=true null
05-27 22:03:42.688  5220  6251 D ActivityManager: moveToFront() : reason=sourceStackToFront isAttached=true null
05-27 22:03:42.689  5220  6251 I MultiWindowManagerService: setTaskDimensions: Task=TaskRecord{11b0d70d0 #208 A=com.YourCompany.PokeAR U=0 StackId=1 sz=1} minWidth=-1 minHeight=-1 maxWidth=-1 maxHeight=-1
05-27 22:03:42.689  5220  6251 I MultiWindowManagerService: setTaskDimensions: Task=TaskRecord{11b0d70d0 #208 A=com.YourCompany.PokeAR U=0 StackId=1 sz=1} minWidth=-1 minHeight=-1 maxWidth=-1 maxHeight=-1
05-27 22:03:42.690  5220  6251 D ActivityManager: moveToFront() : reason=startedActivity setFocusedActivity isAttached=true TaskRecord{11b0d70d0 #208 A=com.YourCompany.PokeAR U=0 StackId=1 sz=2}
05-27 22:03:42.690  5220  6251 D InputDispatcher: Focused application set to: xxxx
05-27 22:03:42.691  5220  6251 D ActivityManager: resumeTopActivityInnerLocked() : #1 prevTask=TaskRecord{11b0d70d0 #208 A=com.YourCompany.PokeAR U=0 StackId=1 sz=2} next=ActivityRecord{72295dd0 u0 com.YourCompany.PokeAR/com.epicgames.ue4.GameActivity t208} mFocusedStack=ActivityStack{77afc23d0 stackId=1, 3 tasks}
05-27 22:03:42.691  5220  6251 D ActivityTrigger: ActivityTrigger activityPauseTrigger 
05-27 22:03:42.691  5220  6251 D GameManagerService: sem_perfomance_mode: 0
05-27 22:03:42.693  5220  5247 D WindowManager: set systemUiVisibility of statusbar : vis= 0x0
05-27 22:03:42.696  5220  5919 D MdnieScenarioControlService:  packageName : com.YourCompany.PokeAR    className : com.epicgames.ue4.SplashActivity
05-27 22:03:42.696  5220  5237 W MultiScreenManagerService: moveTaskBackToDisplayIfNeeded(): The task has more than one activity
05-27 22:03:42.753  5220  9719 D ActivityManager: resumeTopActivityInnerLocked() : #1 prevTask=TaskRecord{11b0d70d0 #208 A=com.YourCompany.PokeAR U=0 StackId=1 sz=2} next=ActivityRecord{72295dd0 u0 com.YourCompany.PokeAR/com.epicgames.ue4.GameActivity t208} mFocusedStack=ActivityStack{77afc23d0 stackId=1, 3 tasks}
05-27 22:03:42.758  5220  9719 D GameManagerService: sem_perfomance_mode: 0
05-27 22:03:42.758  5220  5220 D GameManagerService: NotifyRunnable. pkg: com.YourCompany.PokeAR, type: 4, isMinimized: false, isTunableApp: false
05-27 22:03:42.758  5220  5220 D GameManagerService: unexpected mPrevNotiType: -1
05-27 22:03:42.759  5220  9719 D MARsPolicyManager: handlePackageResumedFG pkgName = com.YourCompany.PokeAR, userId = 0
05-27 22:03:42.776  7470  7470 W linker  : /data/app/com.YourCompany.PokeAR-1/lib/arm/libOVRPlugin.so: is missing DT_SONAME will use basename as a replacement: "libOVRPlugin.so"
05-27 22:03:42.780  7470  7470 D OVRPlugin: JNI_OnLoad
05-27 22:03:42.868  5220  5220 I Telecom : TelecomFeature: getContactsPackageName: com.samsung.android.contacts: TSI.gDDP@GKM
05-27 22:03:42.868  5220  5220 I Telecom : com.android.server.telecom.TelecomServiceImpl$1: getSystemDialerPackage: com.samsung.android.contacts: TSI.gDDP@GKM
05-27 22:03:42.868  5220  5220 I Telecom : TelecomFeature: getContactsPackageName: com.samsung.android.contacts
05-27 22:03:43.001  7470  7470 D UE4     : In the JNI_OnLoad function
05-27 22:03:43.002  7470  7470 D UE4     : [JNI] - Failed to determine if app purchasing is enabled!
05-27 22:03:43.005  7470  7470 D UE4     : Path found as '/storage/emulated/0'
05-27 22:03:43.005  7470  7470 D UE4     : Font Path found as '/system/fonts/'
05-27 22:03:43.005  7470  7470 D UE4     : In the JNI_OnLoad function 5
05-27 22:03:43.023  7470  7490 D UE4     : Entering native app glue main function
05-27 22:03:43.023  7470  7490 D UE4     : Created event thread
05-27 22:03:43.023  7470  7490 D UE4     : Entered AndroidMain()
05-27 22:03:43.024  7470  7491 D UE4     : Entering event processing thread engine entry point
05-27 22:03:43.024  7470  7491 D UE4     : Prepared looper for event thread
05-27 22:03:43.024  7470  7491 D UE4     : Passed callback initialization
05-27 22:03:43.024  7470  7491 D UE4     : Passed sensor initialization
05-27 22:03:43.025  7470  7490 D UE4     : Controller interface supported
05-27 22:03:43.025  5220  7529 E SensorService: getSensorList a sensor (MAX86902) without holding its required permission: com.samsung.permission.SSENSOR
05-27 22:03:43.025  5220  7529 I SensorService: Skipped sensor MAX86902 because it requires permission com.samsung.permission.SSENSOR and app op -1
05-27 22:03:43.025  5220  7529 E SensorService: getSensorList a sensor (HRM Ambient Light Canceling) without holding its required permission: com.samsung.permission.HRM_EXT
05-27 22:03:43.025  5220  7529 I SensorService: Skipped sensor HRM Ambient Light Canceling because it requires permission com.samsung.permission.HRM_EXT and app op -1
05-27 22:03:43.025  5220  7529 W ServiceManager: Permission failure: android.permission.BODY_SENSORS from uid=10210 pid=7470
05-27 22:03:43.025  5220  7529 E SensorService: getSensorList a sensor (HRMLED IR) without holding its required permission: android.permission.BODY_SENSORS
05-27 22:03:43.026  5220  7529 I SensorService: Skipped sensor HRMLED IR because it requires permission android.permission.BODY_SENSORS and app op 56
05-27 22:03:43.026  5220  7529 W ServiceManager: Permission failure: android.permission.BODY_SENSORS from uid=10210 pid=7470
05-27 22:03:43.026  5220  7529 E SensorService: getSensorList a sensor (HRMLED RED) without holding its required permission: android.permission.BODY_SENSORS
05-27 22:03:43.026  5220  7529 I SensorService: Skipped sensor HRMLED RED because it requires permission android.permission.BODY_SENSORS and app op 56
05-27 22:03:43.026  5220  7529 E SensorService: getSensorList a sensor (HRM Proximity detecting) without holding its required permission: com.samsung.permission.HRM_EXT
05-27 22:03:43.026  5220  7529 I SensorService: Skipped sensor HRM Proximity detecting because it requires permission com.samsung.permission.HRM_EXT and app op -1
05-27 22:03:43.026  5220  7529 E SensorService: getSensorList a sensor (HRM Sensor) without holding its required permission: com.samsung.permission.SSENSOR
05-27 22:03:43.026  5220  7529 I SensorService: Skipped sensor HRM Sensor because it requires permission com.samsung.permission.SSENSOR and app op -1
05-27 22:03:43.026  5220  7529 W ServiceManager: Permission failure: android.permission.BODY_SENSORS from uid=10210 pid=7470
05-27 22:03:43.026  5220  7529 E SensorService: getSensorList a sensor (HeartRate Sensor) without holding its required permission: android.permission.BODY_SENSORS
05-27 22:03:43.026  5220  7529 I SensorService: Skipped sensor HeartRate Sensor because it requires permission android.permission.BODY_SENSORS and app op 56
05-27 22:03:43.026  5220  7529 E SensorService: getSensorList a sensor (Sensor Diagnostic Monitor) without holding its required permission: com.samsung.permission.SSENSOR
05-27 22:03:43.026  5220  7529 I SensorService: Skipped sensor Sensor Diagnostic Monitor because it requires permission com.samsung.permission.SSENSOR and app op -1
05-27 22:03:43.034  5998  5998 V WallpaperService: Visibility change in com.android.systemui.ImageWallpaper$DrawableEngine@a51b2e: 0
05-27 22:03:43.035  5998  5998 V WallpaperService: onVisibilityChanged(false): com.android.systemui.ImageWallpaper$DrawableEngine@a51b2e
05-27 22:03:43.035  5998  5998 D ImageWallpaper: onVisibilityChanged: mVisible, visible=true, false
05-27 22:03:43.036  5998  5998 D ImageWallpaper: Visibility changed to visible=false
05-27 22:03:43.059  5220  5857 D WindowManager: addWindow: android.view.IWindow$Stub$Proxy@23f2ff displayId=0
05-27 22:03:43.059  5220  5857 D InputTransport: Input channel constructed: fd=582
05-27 22:03:43.059  5220  5857 D InputTransport: Input channel constructed: fd=585
05-27 22:03:43.061  5220  7493 D TspStateManagerInternal: update cmd=set_grip_data,1,40,10,10,0
05-27 22:03:43.063  5220  5857 D InputDispatcher: Focus entered window: 7470
05-27 22:03:43.064  5220  5857 D InputTransport: Input channel destroyed: fd=585
05-27 22:03:43.064  7470  7470 D InputTransport: Input channel constructed: fd=68
05-27 22:03:43.064  7470  7470 D ViewRootImpl@6c98193[GameActivity]: setView = DecorView@3f925d0[] touchMode=true
05-27 22:03:43.070  7470  7470 D PermissionFragment: Creating PlayGamesFragment
05-27 22:03:43.080  5220  6262 I ActivityManager: START u0 {act=android.content.pm.action.REQUEST_PERMISSIONS typ=null flg=0x0 cmp=ComponentInfo{com.google.android.packageinstaller/com.android.packageinstaller.permission.ui.GrantPermissionsActivity}} from uid 10210 on display 0
05-27 22:03:43.080  5220  6262 W ActivityManager: REQUEST_PERMISSIONS Action.
05-27 22:03:43.080  5220  6262 W ActivityManager: REQUEST_PERMISSIONS Action.
05-27 22:03:43.088  5220  6262 D ActivityManager: ActivityRecord() Constructor : multiScreenAttrs=MultiScreenAttrs{mDisplayId=0, mBaseDisplayId=0, mBaseActivity=false}
05-27 22:03:43.089  5220  6262 D CustomFrequencyManagerService: releaseDVFSLockLocked : Getting Lock type frm List : DVFS_MIN_LIMIT  frequency : 1560000  uid : 1000  pid : 5220  tag : AMS_RESUME@CPU_MIN@8
05-27 22:03:43.089  5220  6262 D CustomFrequencyManagerService: acquireDVFSLockLocked : type : DVFS_MIN_LIMIT  frequency : 1560000  uid : 1000  pid : 5220  pkgName : AMS_RESUME@CPU_MIN@8
05-27 22:03:43.089  5220  6262 D ActivityManager: mActivityResumeBooster.acquire()
05-27 22:03:43.089  5220  6262 D ActivityManager: moveToFront() : reason=sourceStackToFront isAttached=true null
05-27 22:03:43.091  5220  6262 I MultiWindowManagerService: setTaskDimensions: Task=TaskRecord{11b0d70d0 #208 A=com.YourCompany.PokeAR U=0 StackId=1 sz=2} minWidth=-1 minHeight=-1 maxWidth=-1 maxHeight=-1
05-27 22:03:43.091  5220  6262 D ActivityManager: moveToFront() : reason=startedActivity setFocusedActivity isAttached=true TaskRecord{11b0d70d0 #208 A=com.YourCompany.PokeAR U=0 StackId=1 sz=3}
05-27 22:03:43.092  5220  6262 D InputDispatcher: Focused application set to: xxxx
05-27 22:03:43.092  5220  6262 D InputDispatcher: Focus left window: 7470
05-27 22:03:43.093  5220  6262 D ActivityManager: resumeTopActivityInnerLocked() : #1 prevTask=TaskRecord{11b0d70d0 #208 A=com.YourCompany.PokeAR U=0 StackId=1 sz=3} next=ActivityRecord{d653a2ad0 u0 com.google.android.packageinstaller/com.android.packageinstaller.permission.ui.GrantPermissionsActivity t208} mFocusedStack=ActivityStack{77afc23d0 stackId=1, 3 tasks}
05-27 22:03:43.093  5220  6262 D ActivityTrigger: ActivityTrigger activityPauseTrigger 
05-27 22:03:43.094  5220  6262 D GameManagerService: sem_perfomance_mode: 0
05-27 22:03:43.102  7470  7470 D UE4     : Vulkan version: 1.0.3
05-27 22:03:43.102  7470  7470 D UE4     : Vulkan level: 0
05-27 22:03:43.105  7470  7470 D UE4     : Found DepthBufferPreference = 0
05-27 22:03:43.105  7470  7470 D UE4     : Found bPackageDataInsideApk = 0
05-27 22:03:43.105  7470  7470 D UE4     : Found ProjectName = PokeAR
05-27 22:03:43.105  7470  7470 D UE4     : Found bHasOBBFiles = 0
05-27 22:03:43.105  7470  7470 D UE4     : Found bVerifyOBBOnStartUp = false
05-27 22:03:43.105  7470  7470 D UE4     : UI hiding set to false
05-27 22:03:43.105  7470  7470 D UE4     : BuildConfiguration set to Development
05-27 22:03:43.105  7470  7470 D UE4     : UseExternalFilesDir set to false
05-27 22:03:43.105  7470  7470 D UE4     : No GearVR mode detected.
05-27 22:03:43.105  7470  7470 D UE4     : APK path: /data/app/com.YourCompany.PokeAR-1/base.apk
05-27 22:03:43.105  7470  7470 D UE4     : OBB in APK: false
05-27 22:03:43.111  7470  7470 D UE4     : ExternalFilePath found as '/storage/emulated/0/Android/data/com.YourCompany.PokeAR/files'
05-27 22:03:43.112  7470  7470 D UE4     : App is running in Portrait
05-27 22:03:43.112  7470  7470 D UE4     : Android version is 7.0
05-27 22:03:43.112  7470  7470 D UE4     : Android manufacturer is samsung
05-27 22:03:43.112  7470  7470 D UE4     : Android model is SM-G935F
05-27 22:03:43.112  7470  7470 D UE4     : OS language is set to pt_BR
05-27 22:03:43.176  7470  7470 W PopupManager: You have not specified a View to use as content view for popups. Falling back to the Activity content view. Note that this may not work as expected in multi-screen environments
05-27 22:03:43.184  7470  7470 D UE4     : ==============> GameActive.onCreate complete!
05-27 22:03:43.184  7470  7470 D UE4     : Creating console command broadcast listener
05-27 22:03:43.184  7470  7491 D UE4     : LogAndroidEvents: EnqueueAppEvent : 9, 0, tid = 7491
05-27 22:03:43.186  7470  7470 D UE4     : ==================================> Inside onStart function in GameActivity
05-27 22:03:43.188  7470  7491 D UE4     : Case APP_CMD_RESUME
05-27 22:03:43.188  7470  7491 D UE4     : LogAndroidEvents: EnqueueAppEvent : 7, 0, tid = 7491
05-27 22:03:43.190  7470  7475 I art     : Compiler allocated 4MB to compile void com.epicgames.ue4.GameActivity.onCreate(android.os.Bundle)
05-27 22:03:43.200  7470  7470 D SensorManager: registerListener :: 0, K6DS3TR Acceleration Sensor, 20000, 0,  
05-27 22:03:43.200  5220  5857 I Sensors : Mag old sensor_state 16385, new sensor_state : 16401 en : 1
05-27 22:03:43.203  7470  7470 D SensorManager: registerListener :: 1, YAS537 Magnetic Sensor, 20000, 0,  
05-27 22:03:43.203  5220  7320 I Sensors : Gyro old sensor_state 16401, new sensor_state : 16403 en : 1
05-27 22:03:43.210  7470  7470 D SensorManager: registerListener :: 3, K6DS3TR Gyroscope Sensor, 20000, 0,  
05-27 22:03:43.210  7470  7470 D UE4     : App is running in Portrait
05-27 22:03:43.210  7470  7470 D UE4     : ==============> Resuming main init
05-27 22:03:43.218  7470  7490 D UE4     : Final commandline: ../../../PokeAR/PokeAR.uproject  /Game/HandheldARBP/Maps/HandheldARBlankMap -Messaging -SessionId=F764E6E34D1FA74A54DB8CBD158EFA2B -SessionOwner="diama" -SessionName="Launch On Device" -iterative
05-27 22:03:43.218  7470  7490 D UE4     : Created sync event
05-27 22:03:43.222  7470  7470 D UE4     : ==============> GameActive.onResume complete!
05-27 22:03:43.227  5220  5620 E Sensors : Sensor : Meta event
05-27 22:03:43.228  5220  8378 D WindowManager: addWindow: android.view.IWindow$Stub$Proxy@a70f564 displayId=0
05-27 22:03:43.229  5220  8378 D InputTransport: Input channel constructed: fd=587
05-27 22:03:43.229  5220  8378 D InputTransport: Input channel constructed: fd=589
05-27 22:03:43.230  5220  8378 D InputTransport: Input channel destroyed: fd=589
05-27 22:03:43.231  7470  7470 D InputTransport: Input channel constructed: fd=70
05-27 22:03:43.232  7470  7470 D ViewRootImpl@2cadbe1[GameActivity]: setView = DecorView@7b79fc7[GameActivity] touchMode=true
05-27 22:03:43.232  5220  6263 D ActivityManager: post active user change for 0 fullscreen true isHomeActivity() false
05-27 22:03:43.232  5220  6263 D KnoxTimeoutHandler: postActiveUserChange [MsgParam] userId: 0 fullscreen is true showWhenlocked is false isMutiwindowRecord is false multiwindowstyle is 0
05-27 22:03:43.233  5220  5220 D KnoxTimeoutHandler: handleActiveUserChange [MsgParam] userId: 0 fullscreen is true showWhenlocked is false isMutiwindowRecord is false multiwindowstyle is 0
05-27 22:03:43.234  5220  5220 I KnoxTimeoutHandler: Shared devices show user statefalse
05-27 22:03:43.235  5220 27808 V WindowManager: Relayout Window{6262715d0 u0 com.YourCompany.PokeAR/com.epicgames.ue4.GameActivity}: viewVisibility=0 req=1079x1856 WM.LayoutParams{(0,0)(fillxfill) gr=#11 sim=#120 ty=2 fl=#1810500 wanim=0x1030001 needsMenuKey=2 naviIconColor=0}
05-27 22:03:43.236  3186  3186 I SurfaceFlinger: id=4409 createSurf (1x1),1 flag=404, HameActivit
05-27 22:03:43.264  7470  7492 I OpenGLRenderer: Initialized EGL, version 1.4
05-27 22:03:43.264  7470  7492 D OpenGLRenderer: Swap behavior 1
05-27 22:03:43.270  7470  7492 D libGLESv1: STS_GLApi : DTS is not allowed for Package : com.YourCompany.PokeAR
05-27 22:03:43.272  7470  7492 D mali_winsys: EGLint new_window_surface(egl_winsys_display*, void*, EGLSurface, EGLConfig, egl_winsys_surface**, egl_color_buffer_format*, EGLBoolean) returns 0x3000,  [1080x1920]-format:1
05-27 22:03:43.276  6990  7004 D SKBD SamsungIMESpellCheckerService: [SamsungIMESpellCheckerService-createSession] mSession : com.sec.android.inputmethod.base.spellcheckservice.SamsungIMESpellCheckerSession@f04688b
05-27 22:03:43.276  5220  9719 V WindowManager: Relayout Window{116e482d0 u0 com.YourCompany.PokeAR/com.epicgames.ue4.GameActivity}: viewVisibility=0 req=1079x1856 WM.LayoutParams{(0,0)(fillxfill) sim=#10 ty=1 fl=#1810500 fmt=1 wanim=0x1030001 needsMenuKey=2 naviIconColor=0}
05-27 22:03:43.277  3186  3186 I SurfaceFlinger: id=4410 createSurf (1080x1920),1 flag=4, HameActivit
05-27 22:03:43.281  7470  7492 D mali_winsys: EGLint new_window_surface(egl_winsys_display*, void*, EGLSurface, EGLConfig, egl_winsys_surface**, egl_color_buffer_format*, EGLBoolean) returns 0x3000,  [1080x1920]-format:1
05-27 22:03:43.282  5220  6280 D WindowManager: addWindow: android.view.IWindow$Stub$Proxy@b52c6ce displayId=0
05-27 22:03:43.284  5220  2756 V WindowManager: Relayout Window{ec38cfcd0 u0 SurfaceView - com.YourCompany.PokeAR/com.epicgames.ue4.GameActivity}: viewVisibility=0 req=1080x1920 WM.LayoutParams{(0,0)(1080x1920) gr=#800033 ty=1001 fl=#4218 pfl=0x10040 fmt=4 naviIconColor=0}
05-27 22:03:43.284  3186  3186 I SurfaceFlinger: id=4411 createSurf (1080x1920),4 flag=404, HameActivit
05-27 22:03:43.285  3186  3186 I SurfaceFlinger: id=4412 createSurf (1080x1920),-1 flag=20404, HameActivit
05-27 22:03:43.296  7470  7491 D UE4     : Case APP_CMD_INIT_WINDOW
05-27 22:03:43.297  7470  7491 D UE4     : LogAndroidEvents: EnqueueAppEvent : 0, 4043593736, tid = 7491
05-27 22:03:43.297  5220  7169 D WindowManager: finishDrawingWindow: Window{ec38cfcd0 u0 SurfaceView - com.YourCompany.PokeAR/com.epicgames.ue4.GameActivity} mDrawState=DRAW_PENDING
05-27 22:03:43.307  7470  7470 D ViewRootImpl@6c98193[GameActivity]: MSG_WINDOW_FOCUS_CHANGED 1
05-27 22:03:43.308  7470  7470 V InputMethodManager: Starting input: tba=android.view.inputmethod.EditorInfo@68413b6 nm : com.YourCompany.PokeAR ic=null
05-27 22:03:43.308  7470  7470 I InputMethodManager: [IMM] startInputInner - mService.startInputOrWindowGainedFocus
05-27 22:03:43.308  5220  7320 D InputMethodManagerService: windowGainedFocus mCurrentFocusedUserId - 0 and mSecureKeypadEnabled-false
05-27 22:03:43.308  5220  7320 D InputMethodManagerService: mDesktopModeManager null!
05-27 22:03:43.309  5220  7320 V InputMethodManagerService: Creating new session for client ClientState{45881da uid 10210 pid 7470}
05-27 22:03:43.309  5220  7320 D InputTransport: Input channel constructed: fd=589
05-27 22:03:43.309  5220  7320 D InputTransport: Input channel constructed: fd=590
05-27 22:03:43.309  6801  6801 D InputTransport: Input channel destroyed: fd=83
05-27 22:03:43.309  5220  7320 D InputTransport: Input channel destroyed: fd=590
05-27 22:03:43.309  7470  7470 D ViewRootImpl@6c98193[GameActivity]: MSG_WINDOW_FOCUS_CHANGED 0
05-27 22:03:43.310   945  1004 D InputTransport: Input channel constructed: fd=91
05-27 22:03:43.310  7470  7491 D UE4     : Case APP_CMD_PAUSE
05-27 22:03:43.310  7470  7491 D UE4     : LogAndroidEvents: EnqueueAppEvent : 6, 0, tid = 7491
05-27 22:03:43.311  5220  6251 D InputTransport: Input channel constructed: fd=591
05-27 22:03:43.311  5220  6251 D InputTransport: Input channel destroyed: fd=591
05-27 22:03:43.311  7470  7484 D InputTransport: Input channel constructed: fd=79
05-27 22:03:43.312   945   945 D SamsungIME: onFinishInput
05-27 22:03:43.312   945   945 D SamsungIME: IMPL finishInput
05-27 22:03:43.313   945   945 I SamsungIME: [IMI] onStartInput - caller packageName : com.YourCompany.PokeAR
05-27 22:03:43.313   945   945 D SamsungIME: onStartInput: No inputType, No imeOption, isInputViewShown = false, isExtractViewShown = false, isShowInputRequested = false, isConfigChanged = false, mIsFirstStartInput = false
05-27 22:03:43.313  5220  5237 I Sensors : Mag old sensor_state 16403, new sensor_state : 16387 en : 0
05-27 22:03:43.317  5220  6262 I Sensors : Gyro old sensor_state 16387, new sensor_state : 16385 en : 0
05-27 22:03:43.319  7470  7470 D SensorManager: unregisterListener ::   
05-27 22:03:43.320  7470  7470 D UE4     : ==============> GameActive.onPause complete!
05-27 22:03:43.320  5220  5848 D ActivityManager: resumeTopActivityInnerLocked() : #1 prevTask=TaskRecord{11b0d70d0 #208 A=com.YourCompany.PokeAR U=0 StackId=1 sz=3} next=ActivityRecord{d653a2ad0 u0 com.google.android.packageinstaller/com.android.packageinstaller.permission.ui.GrantPermissionsActivity t208} mFocusedStack=ActivityStack{77afc23d0 stackId=1, 3 tasks}
05-27 22:03:43.327  5220  5848 D GameManagerService: sem_perfomance_mode: 0
05-27 22:03:43.327  5220  5220 D GameManagerService: NotifyRunnable. pkg: com.google.android.packageinstaller, type: 4, isMinimized: false, isTunableApp: false
05-27 22:03:43.327  5220  5220 D GameManagerService: unexpected mPrevNotiType: -1
05-27 22:03:43.328  5220  5848 D MARsPolicyManager: handlePackageResumedFG pkgName = com.google.android.packageinstaller, userId = 0
05-27 22:03:43.332  7470  7470 D ViewRootImpl@6c98193[GameActivity]: MSG_RESIZED_REPORT: ci=Rect(0, 0 - 0, 0) vi=Rect(0, 0 - 0, 0) or=1
05-27 22:03:43.332  5220  9498 D GameManagerService: identifyGamePackage. com.google.android.packageinstaller
05-27 22:03:43.333  6580 19069 D ForegroundUtils: could not check pending caller
05-27 22:03:43.347  5220  9498 D GameManagerService: identifyGamePackage. com.google.android.packageinstaller
05-27 22:03:43.347  5220  5880 W MultiScreenManagerService: moveTaskBackToDisplayIfNeeded(): The task has more than one activity
05-27 22:03:43.347  5220  9498 D GameManagerService: identifyGamePackage. com.google.android.packageinstaller
05-27 22:03:43.348  5220  5880 D ActivityManager: moveToFront() : reason=finishActivity adjustFocus setFocusedActivity isAttached=true TaskRecord{11b0d70d0 #208 A=com.YourCompany.PokeAR U=0 StackId=1 sz=3}
05-27 22:03:43.349  5220  5880 D InputDispatcher: Focused application set to: xxxx
05-27 22:03:43.350  5220  5880 D InputDispatcher: Focus entered window: 7470
05-27 22:03:43.351  5220  5880 D ActivityTrigger: ActivityTrigger activityPauseTrigger 
05-27 22:03:43.352  5220  5880 D GameManagerService: sem_perfomance_mode: 0
05-27 22:03:43.364  5220  5857 D WindowManager: finishDrawingWindow: Window{6262715d0 u0 com.YourCompany.PokeAR/com.epicgames.ue4.GameActivity} mDrawState=DRAW_PENDING
05-27 22:03:43.367  5220  7320 D ActivityManager: resumeTopActivityInnerLocked() : #1 prevTask=TaskRecord{11b0d70d0 #208 A=com.YourCompany.PokeAR U=0 StackId=1 sz=3} next=ActivityRecord{72295dd0 u0 com.YourCompany.PokeAR/com.epicgames.ue4.GameActivity t208} mFocusedStack=ActivityStack{77afc23d0 stackId=1, 3 tasks}
05-27 22:03:43.367  5220  6251 V WindowManager: Relayout Window{116e482d0 u0 com.YourCompany.PokeAR/com.epicgames.ue4.GameActivity}: viewVisibility=0 req=1080x1920 WM.LayoutParams{(0,0)(fillxfill) sim=#10 ty=1 fl=#1810500 fmt=1 wanim=0x1030001 needsMenuKey=2 naviIconColor=0}
05-27 22:03:43.370  5220  8270 V WindowManager: Relayout Window{ec38cfcd0 u0 SurfaceView - com.YourCompany.PokeAR/com.epicgames.ue4.GameActivity}: viewVisibility=0 req=1080x1920 WM.LayoutParams{(0,0)(1080x1920) gr=#800033 ty=1001 fl=#4218 pfl=0x10040 fmt=4 naviIconColor=0}
05-27 22:03:43.372  7470  7490 D UE4     : LogICUInternationalization: Display: ICU TimeZone Detection - Raw Offset: -3:00, Platform Override: ''
05-27 22:03:43.372  7470  7490 D UE4     : 
05-27 22:03:43.374  7470  7490 D UE4     : Testing for Vulkan availability:
05-27 22:03:43.375  7470  7490 D UE4     : Vulkan library detected, checking for available driver
05-27 22:03:43.377  5220  5237 D WindowManager: finishDrawingWindow: Window{ec38cfcd0 u0 SurfaceView - com.YourCompany.PokeAR/com.epicgames.ue4.GameActivity} mDrawState=READY_TO_SHOW
05-27 22:03:43.378  7470  7490 D vulkan  : searching for layers in '/data/app/com.YourCompany.PokeAR-1/lib/arm'
05-27 22:03:43.378  7470  7490 D vulkan  : searching for layers in '/system/fake-libs'
05-27 22:03:43.378  7470  7490 D vulkan  : searching for layers in '/data/app/com.YourCompany.PokeAR-1/base.apk!/lib/armeabi-v7a'
05-27 22:03:43.379  7470  7490 D vulkan  : vulkan api version_1_0 1.0.0
05-27 22:03:43.379  7470  7490 D vulkan  : vulkan header version 13
05-27 22:03:43.380  5220  7320 D GameManagerService: sem_perfomance_mode: 0
05-27 22:03:43.380  5220  5220 D GameManagerService: NotifyRunnable. pkg: com.YourCompany.PokeAR, type: 4, isMinimized: false, isTunableApp: false
05-27 22:03:43.380  5220  5220 D GameManagerService: unexpected mPrevNotiType: -1
05-27 22:03:43.380  5220  7320 D MARsPolicyManager: handlePackageResumedFG pkgName = com.YourCompany.PokeAR, userId = 0
05-27 22:03:43.389  5220  5272 D ViewRootImpl@544aa5[PokeAR]: dispatchDetachedFromWindow
05-27 22:03:43.391  5220  5272 D InputTransport: Input channel destroyed: fd=583
05-27 22:03:43.391  5220  5272 D InputTransport: Input channel destroyed: fd=584
05-27 22:03:43.433  5220  5220 I Telecom : TelecomFeature: getContactsPackageName: com.samsung.android.contacts: TSI.gDDP@GKQ
05-27 22:03:43.433  5220  5220 I Telecom : com.android.server.telecom.TelecomServiceImpl$1: getSystemDialerPackage: com.samsung.android.contacts: TSI.gDDP@GKQ
05-27 22:03:43.433  5220  5220 I Telecom : TelecomFeature: getContactsPackageName: com.samsung.android.contacts
05-27 22:03:43.437  7470  7490 D UE4     : VulkanRHI is available, Vulkan capable device detected.
05-27 22:03:43.437  7470  7490 D UE4     : EGL Extensions: 
05-27 22:03:43.437  7470  7490 D UE4     : EGL_KHR_get_all_proc_addresses EGL_ANDROID_presentation_time EGL_KHR_swap_buffers_with_damage EGL_ANDROID_create_native_client_buffer EGL_ANDROID_front_buffer_auto_refresh EGL_KHR_image EGL_KHR_image_base EGL_KHR_gl_texture_2D_image EGL_KHR_gl_texture_cubemap_image EGL_KHR_gl_renderbuffer_image EGL_KHR_fence_sync EGL_KHR_create_context EGL_KHR_config_attribs EGL_KHR_surfaceless_context EGL_EXT_create_context_robustness EGL_ANDROID_image_native_buffer EGL_KHR_wait_sync EGL_ANDROID_recordable EGL_KHR_partial_update EGL_KHR_mutable_render_buffer EGL_EXT_protected_content 
05-27 22:03:43.442  5220  5880 D WindowManager: finishDrawingWindow: Window{116e482d0 u0 com.YourCompany.PokeAR/com.epicgames.ue4.GameActivity} mDrawState=DRAW_PENDING
05-27 22:03:43.443  7470  7470 D ViewRootImpl@2cadbe1[GameActivity]: MSG_RESIZED_REPORT: ci=Rect(0, 0 - 0, 0) vi=Rect(0, 0 - 0, 0) or=1
05-27 22:03:43.443  7470  7470 V InputMethodManager: Starting input: tba=android.view.inputmethod.EditorInfo@90208b7 nm : com.YourCompany.PokeAR ic=null
05-27 22:03:43.444  7470  7470 D ViewRootImpl@6c98193[GameActivity]: MSG_WINDOW_FOCUS_CHANGED 1
05-27 22:03:43.445  5220  7529 D InputMethodManagerService: windowGainedFocus mCurrentFocusedUserId - 0 and mSecureKeypadEnabled-false
05-27 22:03:43.446  5220  5272 D KnoxTimeoutHandler: notifyActivityDrawn [MsgParam] userId: 0 fullscreen is true showWhenlocked is false isMutiwindowRecord is false multiwindowstyle is 1
05-27 22:03:43.446  5220  5220 D KnoxTimeoutHandler: activityDrawn [MsgParam] userId: 0 fullscreen is true showWhenlocked is false isMutiwindowRecord is false multiwindowstyle is 1
05-27 22:03:43.447  5220  5246 D ActivityManager: mActivityResumeBoosterTail.acquire()
05-27 22:03:43.447  5220  5220 I KnoxTimeoutHandler: SD activityfalse
05-27 22:03:43.447  5220  5220 I KnoxTimeoutHandler: Fullscreen and mCurrent is not KNOX user. Hence hide keyguard
05-27 22:03:43.447  7470  7491 D UE4     : Case APP_CMD_RESUME
05-27 22:03:43.447  7470  7491 D UE4     : LogAndroidEvents: EnqueueAppEvent : 7, 0, tid = 7491
05-27 22:03:43.447  5220  5272 D CustomFrequencyManagerService: releaseDVFSLockLocked : Getting Lock type frm List : DVFS_MIN_LIMIT  frequency : 1560000  uid : 1000  pid : 5220  tag : AMS_RESUME@CPU_MIN@8
05-27 22:03:43.447  5220  5272 D ActivityManager: mActivityResumeBooster.release()
05-27 22:03:43.449  5220  5246 D CustomFrequencyManagerService: acquireDVFSLockLocked : type : DVFS_MIN_LIMIT  frequency : 1560000  uid : 1000  pid : 5220  pkgName : AMS_RESUME_TAIL@CPU_MIN@14
05-27 22:03:43.459  7470  7470 D SensorManager: registerListener :: 0, K6DS3TR Acceleration Sensor, 20000, 0,  
05-27 22:03:43.459  5220  5236 I Sensors : Mag old sensor_state 16385, new sensor_state : 16401 en : 1
05-27 22:03:43.461  5220  5919 D MdnieScenarioControlService:  packageName : com.YourCompany.PokeAR    className : com.epicgames.ue4.GameActivity
05-27 22:03:43.462  7470  7470 D SensorManager: registerListener :: 1, YAS537 Magnetic Sensor, 20000, 0,  
05-27 22:03:43.462  5220  6251 I Sensors : Gyro old sensor_state 16401, new sensor_state : 16403 en : 1
05-27 22:03:43.468  7470  7470 D SensorManager: registerListener :: 3, K6DS3TR Gyroscope Sensor, 20000, 0,  
05-27 22:03:43.468  7470  7470 D UE4     : App is running in Portrait
05-27 22:03:43.468  7470  7470 D UE4     : ==============> Resuming main init
05-27 22:03:43.470  7470  7470 D UE4     : LogAndroid: Display: Android Version Make Model Language: 7.0 samsung SM-G935F pt_BR
05-27 22:03:43.470  7470  7470 D UE4     : LogAndroid: Case APP_CMD_START
05-27 22:03:43.470  7470  7470 D UE4     : LogAndroid: Case APP_CMD_RESUME
05-27 22:03:43.470  7470  7470 D UE4     : LogInit: Display: Running engine for game: PokeAR
05-27 22:03:43.470  7470  7470 D UE4     : LogGoogleARCore: OnResume Called: 0
05-27 22:03:43.470  7470  7470 D UE4     : LogInit: Display: RandInit(-1335861160) SRandInit(-1335861159).
05-27 22:03:43.470  7470  7470 D UE4     : LogTaskGraph: Started task graph with 5 named threads and 9 total threads with 1 sets of task threads.
05-27 22:03:43.470  7470  7470 D UE4     : LogAndroid: Case APP_CMD_INPUT_CHANGED
05-27 22:03:43.470  7470  7470 D UE4     : LogStats: Stats thread started at 0.391109
05-27 22:03:43.470  7470  7470 D UE4     : LogAndroid: Case APP_CMD_INIT_WINDOW
05-27 22:03:43.471  7470  7470 D UE4     : LogAndroid: Case APP_CMD_PAUSE
05-27 22:03:43.471  7470  7470 D UE4     : LogGoogleARCore: OnPause Called: 0
05-27 22:03:43.471  7470  7470 D UE4     : LogICUInternationalization: Display: ICU TimeZone Detection - Raw Offset: -3:00, Platform Override: ''
05-27 22:03:43.471  7470  7470 D UE4     : LogAndroid: Case APP_CMD_RESUME
05-27 22:03:43.471  7470  7470 D UE4     : LogGoogleARCore: OnResume Called: 0
05-27 22:03:43.471  7470  7470 D UE4     : ==============> GameActive.onResume complete!
05-27 22:03:43.471  5220  8270 D ActivityManager: post active user change for 0 fullscreen true isHomeActivity() false
05-27 22:03:43.471  5220  8270 D KnoxTimeoutHandler: postActiveUserChange [MsgParam] userId: 0 fullscreen is true showWhenlocked is false isMutiwindowRecord is false multiwindowstyle is 0
05-27 22:03:43.471  5220  5220 D KnoxTimeoutHandler: handleActiveUserChange [MsgParam] userId: 0 fullscreen is true showWhenlocked is false isMutiwindowRecord is false multiwindowstyle is 0
05-27 22:03:43.472  5220  5220 I KnoxTimeoutHandler: Shared devices show user statefalse
05-27 22:03:43.472  5220  5237 V WindowManager: Relayout Window{116e482d0 u0 com.YourCompany.PokeAR/com.epicgames.ue4.GameActivity}: viewVisibility=0 req=1080x1920 WM.LayoutParams{(0,0)(fillxfill) sim=#110 ty=1 fl=#1810500 fmt=1 wanim=0x1030001 needsMenuKey=2 naviIconColor=0}
05-27 22:03:43.474  5220  6262 D WindowManager: finishDrawingWindow: Window{116e482d0 u0 com.YourCompany.PokeAR/com.epicgames.ue4.GameActivity} mDrawState=HAS_DRAWN
05-27 22:03:43.477  5220  7320 D ActivityTrigger: ActivityTrigger activityStopTrigger 
05-27 22:03:43.480  6580 13259 D ForegroundUtils: could not check pending caller
05-27 22:03:43.481  6801  6801 D MenuAppsGridFragment: onStop
05-27 22:03:43.481  6801  6801 D Launcher.HomeView: onStop
05-27 22:03:43.481  6801  6801 D capture : ----destroy
05-27 22:03:43.481  5220  7320 I MultiWindowManagerService: setTaskDimensions: Task=TaskRecord{11b0d70d0 #208 A=com.YourCompany.PokeAR U=0 StackId=1 sz=2} minWidth=-1 minHeight=-1 maxWidth=-1 maxHeight=-1
05-27 22:03:43.481  5220  7320 I MultiWindowManagerService: setTaskDimensions: Task=TaskRecord{11b0d70d0 #208 A=com.YourCompany.PokeAR U=0 StackId=1 sz=1} minWidth=-1 minHeight=-1 maxWidth=-1 maxHeight=-1
05-27 22:03:43.482  6801  6801 D Launcher: onTrimMemory. Level: 20
05-27 22:03:43.485  5220  5620 E Sensors : Sensor : Meta event
05-27 22:03:43.497  5220  7552 I WindowManager_SurfaceController: Destroying surface Surface(name=com.sec.android.app.launcher/com.sec.android.app.launcher.activities.LauncherActivity) called by com.android.server.wm.WindowStateAnimator.destroySurface:2840 com.android.server.wm.WindowStateAnimator.destroySurfaceLocked:1070 com.android.server.wm.WindowState.destroyOrSaveSurface:2561 com.android.server.wm.AppWindowToken.destroySurfaces:412 com.android.server.wm.AppWindowToken.destroySurfaces:376 com.android.server.wm.AppWindowToken.notifyAppStopped:456 com.android.server.wm.WindowManagerService.notifyAppStopped:5203 com.android.server.am.ActivityStack.activityStoppedLocked:1578 
05-27 22:03:43.497  3186  3882 I SurfaceFlinger: id=4407 Removed MauncherAct (2/11)
05-27 22:03:43.497  3186  7654 I SurfaceFlinger: id=4407 Removed MauncherAct (-2/11)
05-27 22:03:43.499  6580  6597 D ForegroundUtils: could not check pending caller
05-27 22:03:43.580  5220  5272 I WindowManager_SurfaceController: Destroying surface Surface(name=Starting com.YourCompany.PokeAR) called by com.android.server.wm.WindowStateAnimator.destroySurface:2840 com.android.server.wm.WindowStateAnimator.destroySurfaceLocked:1070 com.android.server.wm.WindowState.destroyOrSaveSurface:2561 com.android.server.wm.AppWindowToken.destroySurfaces:412 com.android.server.wm.AppWindowToken.destroySurfaces:376 com.android.server.wm.WindowStateAnimator.finishExit:654 com.android.server.wm.WindowStateAnimator.stepAnimationLocked:564 com.android.server.wm.WindowAnimator.updateWindowsLocked:439 
05-27 22:03:43.581  3186  7654 I SurfaceFlinger: id=4408 Removed QokeAR (7/10)
05-27 22:03:43.583  3186  7654 I SurfaceFlinger: id=4408 Removed QokeAR (-2/10)
