06-20 21:21:32.309  4897  4897 D KnoxTimeoutHandler: handleActiveUserChange [MsgParam] userId: 0 fullscreen is true showWhenlocked is false isMutiwindowRecord is false multiwindowstyle is 0
06-20 21:21:32.309 21304 21329 D UE4     : VulkanRHI is available, Vulkan capable device detected.
06-20 21:21:32.309 21304 21329 D UE4     : EGL Extensions: 
06-20 21:21:32.309 21304 21329 D UE4     : EGL_KHR_get_all_proc_addresses EGL_ANDROID_presentation_time EGL_KHR_swap_buffers_with_damage EGL_ANDROID_create_native_client_buffer EGL_ANDROID_front_buffer_auto_refresh EGL_KHR_image EGL_KHR_image_base EGL_KHR_gl_texture_2D_image EGL_KHR_gl_texture_cubemap_image EGL_KHR_gl_renderbuffer_image EGL_KHR_fence_sync EGL_KHR_create_context EGL_KHR_config_attribs EGL_KHR_surfaceless_context EGL_EXT_create_context_robustness EGL_ANDROID_image_native_buffer EGL_KHR_wait_sync EGL_ANDROID_recordable EGL_KHR_partial_update EGL_KHR_mutable_render_buffer EGL_EXT_protected_content 
06-20 21:21:32.310  4897  4897 I KnoxTimeoutHandler: Shared devices show user statefalse
06-20 21:21:32.310 21304 21330 D UE4     : Case APP_CMD_PAUSE
06-20 21:21:32.310 21304 21330 D UE4     : LogAndroidEvents: EnqueueAppEvent : 6, 0, tid = 21330
06-20 21:21:32.311  4897  6344 I Sensors : Acc old sensor_state 16915, new sensor_state : 16914 en : 0
06-20 21:21:32.315  4897  6361 I Sensors : Mag old sensor_state 16914, new sensor_state : 16898 en : 0
06-20 21:21:32.320  4897  6306 I Sensors : Gyro old sensor_state 16898, new sensor_state : 16896 en : 0
06-20 21:21:32.324 21304 21304 D SensorManager: unregisterListener ::   
06-20 21:21:32.328 21304 21304 D UE4     : LogAndroid: Display: Android Version Make Model Language: 7.0 samsung SM-G935F pt_BR
06-20 21:21:32.328 21304 21304 D UE4     : LogAndroid: Case APP_CMD_START
06-20 21:21:32.328 21304 21304 D UE4     : LogAndroid: Case APP_CMD_RESUME
06-20 21:21:32.328 21304 21304 D UE4     : LogInit: Display: Running engine for game: PokeAR
06-20 21:21:32.328 21304 21304 D UE4     : LogGoogleARCore: OnResume Called: 0
06-20 21:21:32.328 21304 21304 D UE4     : LogInit: Display: RandInit(-441453879) SRandInit(-441453874).
06-20 21:21:32.328 21304 21304 D UE4     : LogTaskGraph: Started task graph with 5 named threads and 9 total threads with 1 sets of task threads.
06-20 21:21:32.328 21304 21304 D UE4     : LogAndroid: Case APP_CMD_INPUT_CHANGED
06-20 21:21:32.328 21304 21304 D UE4     : LogAndroid: Case APP_CMD_PAUSE
06-20 21:21:32.328 21304 21304 D UE4     : LogStats: Stats thread started at 0.904465
06-20 21:21:32.328 21304 21304 D UE4     : LogGoogleARCore: OnPause Called: 0
06-20 21:21:32.328 21304 21304 D UE4     : LogAndroid: Case APP_CMD_SAVE_STATE
06-20 21:21:32.328 21304 21304 D UE4     : LogAndroid: Case APP_CMD_STOP
06-20 21:21:32.328 21304 21304 D UE4     : LogAndroid: Case APP_CMD_INIT_WINDOW
06-20 21:21:32.328 21304 21304 D UE4     : LogICUInternationalization: Display: ICU TimeZone Detection - Raw Offset: -3:00, Platform Override: ''
06-20 21:21:32.328 21304 21304 D UE4     : LogAndroid: Case APP_CMD_START
06-20 21:21:32.328 21304 21304 D UE4     : LogAndroid: Case APP_CMD_RESUME
06-20 21:21:32.328 21304 21304 D UE4     : LogGoogleARCore: OnResume Called: 0
06-20 21:21:32.328 21304 21304 D UE4     : LogAndroid: Case APP_CMD_PAUSE
06-20 21:21:32.328 21304 21304 D UE4     : LogGoogleARCore: OnPause Called: 0
06-20 21:21:32.328 21304 21304 D UE4     : ==============> GameActive.onPause complete!
06-20 21:21:32.330  4897  4945 D ActivityTrigger: ActivityTrigger activityStopTrigger 
06-20 21:21:32.334 21304 21304 D ViewRootImpl@e8994a8[GameActivity]: MSG_RESIZED_REPORT: ci=Rect(0, 0 - 0, 0) vi=Rect(0, 0 - 0, 0) or=1
06-20 21:21:32.338  4897  4927 V WindowManager: Relayout Window{293f31cd0 u0 SurfaceView - com.YourCompany.PokeAR/com.epicgames.ue4.GameActivity}: viewVisibility=0 req=1080x1920 WM.LayoutParams{(0,0)(1080x1920) gr=#800033 ty=1001 fl=#4218 pfl=0x10040 fmt=4 naviIconColor=0}
06-20 21:21:32.343  4897  6217 D WindowManager: finishDrawingWindow: Window{293f31cd0 u0 SurfaceView - com.YourCompany.PokeAR/com.epicgames.ue4.GameActivity} mDrawState=HAS_DRAWN
06-20 21:21:32.345  4897  6363 V WindowManager: Relayout Window{f3a47f0d0 u0 com.YourCompany.PokeAR/com.epicgames.ue4.GameActivity}: viewVisibility=0 req=1080x1920 WM.LayoutParams{(0,0)(fillxfill) sim=#110 ty=1 fl=#1810500 fmt=1 wanim=0x1030001 needsMenuKey=2 naviIconColor=0}
06-20 21:21:32.348  4897  7671 D GameManagerService: identifyGamePackage. com.YourCompany.PokeAR
06-20 21:21:32.348  4897  7671 D GameManagerService: identifyGamePackage. com.YourCompany.PokeAR
06-20 21:21:32.351  4897  6486 D WindowManager: finishDrawingWindow: Window{f3a47f0d0 u0 com.YourCompany.PokeAR/com.epicgames.ue4.GameActivity} mDrawState=HAS_DRAWN
06-20 21:21:32.352 21304 21330 D UE4     : LogAndroidEvents: EnqueueAppEvent : 12, 0, tid = 21330
06-20 21:21:32.353 21304 21330 D UE4     : LogAndroidEvents: EnqueueAppEvent : 8, 0, tid = 21330
06-20 21:21:32.354 21304 21304 D UE4     : ==============> GameActive.onStop complete!
06-20 21:21:32.359  4897  7671 D GameManagerService: identifyGamePackage. com.YourCompany.PokeAR
06-20 21:21:32.360  4897  7671 D GameManagerService: identifyGamePackage. com.YourCompany.PokeAR
06-20 21:21:32.654 21304 21329 D UE4     : LogStreaming: Display: Took  0.110s to configure plugins.
06-20 21:21:32.655 21304 21329 D UE4     : 
06-20 21:21:32.701 21377 21377 I FIPS_bssl: FIPS (v1.1) approved mode (1) | 21377 | ps
06-20 21:21:32.778 21304 21329 D UE4     : LogOnline: Display: OnlineSubsystemGooglePlayModule::StartupModule()
06-20 21:21:32.778 21304 21329 D UE4     : 
06-20 21:21:32.778 21304 21329 D UE4     : LogOnline: Warning: FOnlineSubsystemGooglePlayModule was disabled
06-20 21:21:32.778 21304 21329 D UE4     : 
06-20 21:21:32.797 21304 21329 D UE4     : LogOnline: Warning: FOnlineSubsystemGooglePlayModule was disabled
06-20 21:21:32.797 21304 21329 D UE4     : 
06-20 21:21:32.799 21304 21329 D UE4     : LogStreaming: Display: Took  0.000s to delete old logs.
06-20 21:21:32.799 21304 21329 D UE4     : 
06-20 21:21:32.902 21304 21329 D UE4     : LogStreaming: Display: Async Loading initialized: Event Driven Loader: true, Async Loading Thread: false
06-20 21:21:32.902 21304 21329 D UE4     : 
06-20 21:21:32.973 21304 21329 D UE4     : FAndroidGPUInfo
06-20 21:21:32.973 21304 21329 D UE4     : AndroidEGL::InitSurface 1, 1
06-20 21:21:32.975 21304 21329 D mali_winsys: EGLint new_window_surface(egl_winsys_display*, void*, EGLSurface, EGLConfig, egl_winsys_surface**, egl_color_buffer_format*, EGLBoolean) returns 0x3000,  [8x8]-format:1
06-20 21:21:32.975 21304 21329 D UE4     : AndroidEGL::CreateEGLSurface() 0xe9e92b28
06-20 21:21:32.975 21304 21329 D UE4     : AndroidEGL::CreateEGLSurface(1), auxSurface = eglCreatePbufferSurface(), 8x8
06-20 21:21:32.977 21304 21329 D UE4     : ***** RequestedContentScaleFactor different 1.000000 != -1.000000, not using res cache
06-20 21:21:32.977 21304 21329 D UE4     : ***** Window different, not using res cache
06-20 21:21:32.977 21304 21329 D UE4     : ***** WindowWidth is -1, not using res cache
06-20 21:21:33.007  7144  7144 I Utils   : isCurrentUser current = 0, ownerId = 0
06-20 21:21:33.007  7144  7144 I TrayVisibilityController: getComputedTrayVisible : keyguardState = 3
06-20 21:21:33.007  7144  7144 I TrayVisibilityController: updateTrayVisible : State : 3 visible = 2 mCurrentVisible = 2
06-20 21:21:33.007  7144  7144 D TrayStateController: setUiState 2 :  already 2
06-20 21:21:33.359 21304 21329 D UE4     : LogStreaming: Display: Took  0.259s to EndInitTextLocalization.
06-20 21:21:33.359 21304 21329 D UE4     : 
06-20 21:21:33.418 21304 21329 D UE4     : VulkanRHI will NOT be used:
06-20 21:21:33.418 21304 21329 D UE4     :  ** Vulkan support is disabled in config.
06-20 21:21:33.418 21304 21329 D UE4     : OpenGL ES will be used.
06-20 21:21:33.419 21304 21329 D UE4     : FPlatformOpenGLDevice:Init
06-20 21:21:33.419 21304 21329 D UE4     : AndroidEGL::InitSurface 0, 1
06-20 21:21:33.419 21304 21329 D UE4     : [JAVA] - SetDesiredViewSize width=720 and height=1280
06-20 21:21:33.419 21304 21329 D UE4     : AndroidEGL::CreateEGLSurface() Already initialized: 0xe9e92b28
06-20 21:21:33.428 21304 21329 D libGLESv2: STS_GLApi : DTS is not allowed for Package : com.YourCompany.PokeAR
06-20 21:21:33.453 21304 21329 D UE4     : LogRHI: Display: Testing for shader compiler compatibility
06-20 21:21:33.454 21304 21329 D UE4     : 
06-20 21:21:33.461 21304 21329 D UE4     : LogRHI: Display: Shaders compile fine no need to enable hacks
06-20 21:21:33.461 21304 21329 D UE4     : 
06-20 21:21:33.461 21304 21329 D UE4     : LogRHI: Display: Testing for round() function availability
06-20 21:21:33.461 21304 21329 D UE4     : 
06-20 21:21:33.462 21304 21329 D UE4     : LogRHI: Warning: Disabling the need for the round() function hack
06-20 21:21:33.462 21304 21329 D UE4     : 
06-20 21:21:33.892 21386 21386 I FIPS_bssl: FIPS (v1.1) approved mode (1) | 21386 | ps
06-20 21:21:34.010  7144  7144 I Utils   : isCurrentUser current = 0, ownerId = 0
06-20 21:21:34.010  7144  7144 I TrayVisibilityController: getComputedTrayVisible : keyguardState = 3
06-20 21:21:34.011  7144  7144 I TrayVisibilityController: updateTrayVisible : State : 3 visible = 2 mCurrentVisible = 2
06-20 21:21:34.011  7144  7144 D TrayStateController: setUiState 2 :  already 2
06-20 21:21:35.252 21388 21388 I FIPS_bssl: FIPS (v1.1) approved mode (1) | 21388 | ps
06-20 21:21:35.619 21304 21329 I MediaPlayer: Need to enable context aware info
06-20 21:21:35.619 21304 21329 V MediaPlayer-JNI: native_setup
06-20 21:21:35.620 21304 21329 V MediaPlayer: constructor
06-20 21:21:35.624 21304 21329 V MediaPlayer: setListener
06-20 21:21:35.635 21304 21329 D UE4     : [2018.06.21-00.21.35:635][  0]LogAndroid: Case APP_CMD_SAVE_STATE
06-20 21:21:35.635 21304 21329 D UE4     : [2018.06.21-00.21.35:635][  0]LogAndroid: Case APP_CMD_STOP
06-20 21:21:35.635 21304 21329 D UE4     : [2018.06.21-00.21.35:635][  0]LogPluginManager: Mounting plugin Paper2D
06-20 21:21:35.636 21304 21329 D UE4     : [2018.06.21-00.21.35:635][  0]LogPluginManager: Mounting plugin LiveLink
06-20 21:21:35.636 21304 21329 D UE4     : [2018.06.21-00.21.35:636][  0]LogPluginManager: Mounting plugin LightPropagationVolume
06-20 21:21:35.636 21304 21329 D UE4     : [2018.06.21-00.21.35:636][  0]LogPluginManager: Mounting plugin CryptoKeys
06-20 21:21:35.636 21304 21329 D UE4     : [2018.06.21-00.21.35:636][  0]LogPluginManager: Mounting plugin FacialAnimation
06-20 21:21:35.636 21304 21329 D UE4     : [2018.06.21-00.21.35:636][  0]LogPluginManager: Mounting plugin DatasmithContent
06-20 21:21:35.636 21304 21329 D UE4     : [2018.06.21-00.21.35:636][  0]LogPluginManager: Mounting plugin CharacterAI
06-20 21:21:35.636 21304 21329 D UE4     : [2018.06.21-00.21.35:636][  0]LogPluginManager: Mounting plugin AndroidMedia
06-20 21:21:35.636 21304 21329 D UE4     : [2018.06.21-00.21.35:636][  0]LogPluginManager: Mounting plugin ImgMedia
06-20 21:21:35.637 21304 21329 D UE4     : [2018.06.21-00.21.35:637][  0]LogPluginManager: Mounting plugin LinearTimecode
06-20 21:21:35.637 21304 21329 D UE4     : [2018.06.21-00.21.35:637][  0]LogPluginManager: Mounting plugin MediaCompositing
06-20 21:21:35.637 21304 21329 D UE4     : [2018.06.21-00.21.35:637][  0]LogPluginManager: Mounting plugin TcpMessaging
06-20 21:21:35.637 21304 21329 D UE4     : [2018.06.21-00.21.35:637][  0]LogPluginManager: Mounting plugin UdpMessaging
06-20 21:21:35.637 21304 21329 D UE4     : [2018.06.21-00.21.35:637][  0]LogPluginManager: Mounting plugin ActorSequence
06-20 21:21:35.647 21304 21329 D UE4     : [2018.06.21-00.21.35:647][  0]LogPluginManager: Mounting plugin OnlineSubsystemGooglePlay
06-20 21:21:35.647 21304 21329 D UE4     : [2018.06.21-00.21.35:647][  0]LogPluginManager: Mounting plugin OnlineSubsystem
06-20 21:21:35.648 21304 21329 D UE4     : [2018.06.21-00.21.35:647][  0]LogPluginManager: Mounting plugin OnlineSubsystemNull
06-20 21:21:35.648 21304 21329 D UE4     : [2018.06.21-00.21.35:648][  0]LogPluginManager: Mounting plugin OnlineSubsystemUtils
06-20 21:21:35.648 21304 21329 D UE4     : [2018.06.21-00.21.35:648][  0]LogPluginManager: Mounting plugin AndroidDeviceProfileSelector
06-20 21:21:35.648 21304 21329 D UE4     : [2018.06.21-00.21.35:648][  0]LogPluginManager: Mounting plugin AndroidMoviePlayer
06-20 21:21:35.648 21304 21329 D UE4     : [2018.06.21-00.21.35:648][  0]LogPluginManager: Mounting plugin AndroidPermission
06-20 21:21:35.648 21304 21329 D UE4     : [2018.06.21-00.21.35:648][  0]LogPluginManager: Mounting plugin AppleARKit
06-20 21:21:35.648 21304 21329 D UE4     : [2018.06.21-00.21.35:648][  0]LogPluginManager: Mounting plugin ArchVisCharacter
06-20 21:21:35.649 21304 21329 D UE4     : [2018.06.21-00.21.35:648][  0]LogPluginManager: Mounting plugin CableComponent
06-20 21:21:35.649 21304 21329 D UE4     : [2018.06.21-00.21.35:649][  0]LogPluginManager: Mounting plugin CustomMeshComponent
06-20 21:21:35.649 21304 21329 D UE4     : [2018.06.21-00.21.35:649][  0]LogPluginManager: Mounting plugin ExampleDeviceProfileSelector
06-20 21:21:35.649 21304 21329 D UE4     : [2018.06.21-00.21.35:649][  0]LogPluginManager: Mounting plugin GoogleARCore
06-20 21:21:35.649 21304 21329 D UE4     : [2018.06.21-00.21.35:649][  0]LogPluginManager: Mounting plugin GoogleCloudMessaging
06-20 21:21:35.649 21304 21329 D UE4     : [2018.06.21-00.21.35:649][  0]LogPluginManager: Mounting plugin ImmediatePhysics
06-20 21:21:35.649 21304 21329 D UE4     : [2018.06.21-00.21.35:649][  0]LogPluginManager: Mounting plugin LocationServicesBPLibrary
06-20 21:21:35.649 21304 21329 D UE4     : [2018.06.21-00.21.35:649][  0]LogPluginManager: Mounting plugin MobilePatchingUtils
06-20 21:21:35.650 21304 21329 D UE4     : [2018.06.21-00.21.35:650][  0]LogPluginManager: Mounting plugin OculusVR
06-20 21:21:35.650 21304 21329 D UE4     : [2018.06.21-00.21.35:650][  0]LogPluginManager: Mounting plugin PhysXVehicles
06-20 21:21:35.650 21304 21329 D UE4     : [2018.06.21-00.21.35:650][  0]LogPluginManager: Mounting plugin ProceduralMeshComponent
06-20 21:21:35.650 21304 21329 D UE4     : [2018.06.21-00.21.35:650][  0]LogPluginManager: Mounting plugin RuntimePhysXCooking
06-20 21:21:35.650 21304 21329 D UE4     : [2018.06.21-00.21.35:650][  0]LogPluginManager: Mounting plugin SteamVR
06-20 21:21:35.650 21304 21329 D UE4     : [2018.06.21-00.21.35:650][  0]LogStreaming: Display: Took  0.110s to configure plugins.
06-20 21:21:35.650 21304 21329 D UE4     : [2018.06.21-00.21.35:650][  0]LogInit: Using libcurl 7.46.0
06-20 21:21:35.651 21304 21329 D UE4     : [2018.06.21-00.21.35:650][  0]LogInit:  - built for arm-unknown-linux-androideabi
06-20 21:21:35.651 21304 21329 D UE4     : [2018.06.21-00.21.35:651][  0]LogInit:  - supports SSL with OpenSSL/1.0.1s
06-20 21:21:35.651 21304 21329 D UE4     : [2018.06.21-00.21.35:651][  0]LogInit:  - supports HTTP deflate (compression) using libz 1.2.8
06-20 21:21:35.651 21304 21329 D UE4     : [2018.06.21-00.21.35:651][  0]LogInit:  - other features:
06-20 21:21:35.651 21304 21329 D UE4     : [2018.06.21-00.21.35:651][  0]LogInit:      CURL_VERSION_SSL
06-20 21:21:35.651 21304 21329 D UE4     : [2018.06.21-00.21.35:651][  0]LogInit:      CURL_VERSION_LIBZ
06-20 21:21:35.651 21304 21329 D UE4     : [2018.06.21-00.21.35:651][  0]LogInit:      CURL_VERSION_IPV6
06-20 21:21:35.651 21304 21329 D UE4     : [2018.06.21-00.21.35:651][  0]LogInit:      CURL_VERSION_ASYNCHDNS
06-20 21:21:35.652 21304 21329 D UE4     : [2018.06.21-00.21.35:652][  0]LogInit:      CURL_VERSION_TLSAUTH_SRP
06-20 21:21:35.652 21304 21329 D UE4     : [2018.06.21-00.21.35:652][  0]LogInit:  Libcurl: using existing PEM file: '/storage/emulated/0/Android/data/com.YourCompany.PokeAR/files/ca-bundle.pem'
06-20 21:21:35.652 21304 21329 D UE4     : [2018.06.21-00.21.35:652][  0]LogInit:  CurlRequestOptions (configurable via config and command line):
06-20 21:21:35.652 21304 21329 D UE4     : [2018.06.21-00.21.35:652][  0]LogInit:  - bVerifyPeer = true  - Libcurl will verify peer certificate
06-20 21:21:35.652 21304 21329 D UE4     : [2018.06.21-00.21.35:652][  0]LogInit:  - bUseHttpProxy = false  - Libcurl will NOT use HTTP proxy
06-20 21:21:35.656 21304 21329 D UE4     : [2018.06.21-00.21.35:656][  0]LogInit:  - bDontReuseConnections = false  - Libcurl will reuse connections
06-20 21:21:35.656 21304 21329 D UE4     : [2018.06.21-00.21.35:656][  0]LogInit:  - CertBundlePath = /storage/emulated/0/Android/data/com.YourCompany.PokeAR/files/ca-bundle.pem  - Libcurl will set CURLOPT_CAINFO to it
06-20 21:21:35.656 21304 21329 D UE4     : [2018.06.21-00.21.35:656][  0]LogInit:  - MaxHostConnections = 16  - Libcurl will limit the number of connections to a host
06-20 21:21:35.656 21304 21329 D UE4     : [2018.06.21-00.21.35:656][  0]LogInit:  - LocalHostAddr = Default
06-20 21:21:35.657 21304 21329 D UE4     : [2018.06.21-00.21.35:657][  0]LogOnline: Display: OnlineSubsystemGooglePlayModule::StartupModule()
06-20 21:21:35.657 21304 21329 D UE4     : [2018.06.21-00.21.35:657][  0]LogOnline: Warning: FOnlineSubsystemGooglePlayModule was disabled
06-20 21:21:35.657 21304 21329 D UE4     : [2018.06.21-00.21.35:657][  0]LogOnline: Warning: FOnlineSubsystemGooglePlayModule was disabled
06-20 21:21:35.657 21304 21329 D UE4     : [2018.06.21-00.21.35:657][  0]LogHMD: App is not packaged for Gear VR
06-20 21:21:35.657 21304 21329 D UE4     : [2018.06.21-00.21.35:657][  0]LogInit: Build: ++UE4+Release-4.19-CL-4033788
06-20 21:21:35.657 21304 21329 D UE4     : [2018.06.21-00.21.35:657][  0]LogInit: Engine Version: 4.19.2-4033788+++UE4+Release-4.19
06-20 21:21:35.658 21304 21329 D UE4     : [2018.06.21-00.21.35:658][  0]LogInit: Compatible Engine Version: 4.19.0-3944462+++UE4+Release-4.19
06-20 21:21:35.658 21304 21329 D UE4     : [2018.06.21-00.21.35:658][  0]LogInit: Net CL: 3944462
06-20 21:21:35.658 21304 21329 D UE4     : [2018.06.21-00.21.35:658][  0]LogDevObjectVersion: Number of dev versions registered: 18
06-20 21:21:35.658 21304 21329 D UE4     : [2018.06.21-00.21.35:658][  0]LogDevObjectVersion:   Dev-Blueprints (B0D832E4-1F89-4F0D-ACCF-7EB736FD4AA2): 10
06-20 21:21:35.658 21304 21329 D UE4     : [2018.06.21-00.21.35:658][  0]LogDevObjectVersion:   Dev-Build (E1C64328-A22C-4D53-A36C-8E866417BD8C): 0
06-20 21:21:35.658 21304 21329 D UE4     : [2018.06.21-00.21.35:658][  0]LogDevObjectVersion:   Dev-Core (375EC13C-06E4-48FB-B500-84F0262A717E): 2
06-20 21:21:35.658 21304 21329 D UE4     : [2018.06.21-00.21.35:658][  0]LogDevObjectVersion:   Dev-Editor (E4B068ED-F494-42E9-A231-DA0B2E46BB41): 23
06-20 21:21:35.659 21304 21329 D UE4     : [2018.06.21-00.21.35:658][  0]LogDevObjectVersion:   Dev-Framework (CFFC743F-43B0-4480-9391-14DF171D2073): 33
06-20 21:21:35.659 21304 21329 D UE4     : [2018.06.21-00.21.35:659][  0]LogDevObjectVersion:   Dev-Mobile (B02B49B5-BB20-44E9-A304-32B752E40360): 2
06-20 21:21:35.659 21304 21329 D UE4     : [2018.06.21-00.21.35:659][  0]LogDevObjectVersion:   Dev-Networking (A4E4105C-59A1-49B5-A7C5-40C4547EDFEE): 0
06-20 21:21:35.659 21304 21329 D UE4     : [2018.06.21-00.21.35:659][  0]LogDevObjectVersion:   Dev-Online (39C831C9-5AE6-47DC-9A44-9C173E1C8E7C): 0
06-20 21:21:35.659 21304 21329 D UE4     : [2018.06.21-00.21.35:659][  0]LogDevObjectVersion:   Dev-Physics (78F01B33-EBEA-4F98-B9B4-84EACCB95AA2): 0
06-20 21:21:35.659 21304 21329 D UE4     : [2018.06.21-00.21.35:659][  0]LogDevObjectVersion:   Dev-Platform (6631380F-2D4D-43E0-8009-CF276956A95A): 0
06-20 21:21:35.659 21304 21329 D UE4     : [2018.06.21-00.21.35:659][  0]LogDevObjectVersion:   Dev-Rendering (12F88B9F-8875-4AFC-A67C-D90C383ABD29): 25
06-20 21:21:35.660 21304 21329 D UE4     : [2018.06.21-00.21.35:659][  0]LogDevObjectVersion:   Dev-Sequencer (7B5AE74C-D270-4C10-A958-57980B212A5A): 6
06-20 21:21:35.660 21304 21329 D UE4     : [2018.06.21-00.21.35:660][  0]LogDevObjectVersion:   Dev-VR (D7296918-1DD6-4BDD-9DE2-64A83CC13884): 1
06-20 21:21:35.660 21304 21329 D UE4     : [2018.06.21-00.21.35:660][  0]LogDevObjectVersion:   Dev-LoadTimes (C2A15278-BFE7-4AFE-6C17-90FF531DF755): 1
06-20 21:21:35.660 21304 21329 D UE4     : [2018.06.21-00.21.35:660][  0]LogDevObjectVersion:   Private-Geometry (6EACA3D4-40EC-4CC1-B786-8BED09428FC5): 2
06-20 21:21:35.660 21304 21329 D UE4     : [2018.06.21-00.21.35:660][  0]LogDevObjectVersion:   Dev-AnimPhys (29E575DD-E0A3-4627-9D10-D276232CDCEA): 16
06-20 21:21:35.660 21304 21329 D UE4     : [2018.06.21-00.21.35:660][  0]LogDevObjectVersion:   Dev-ReflectionCapture (6B266CEC-1EC7-4B8F-A30B-E4D90942FC07): 1
06-20 21:21:35.660 21304 21329 D UE4     : [2018.06.21-00.21.35:660][  0]LogDevObjectVersion:   Dev-Automation (0DF73D61-A23F-47EA-B727-89E90C41499A): 1
06-20 21:21:35.661 21304 21329 D UE4     : [2018.06.21-00.21.35:660][  0]LogInit: Compiled (32-bit): Apr 27 2018 02:36:18
06-20 21:21:35.661 21304 21329 D UE4     : [2018.06.21-00.21.35:661][  0]LogInit: Compiled with Clang: 3.8.256229 
06-20 21:21:35.661 21304 21329 D UE4     : [2018.06.21-00.21.35:661][  0]LogInit: Build Configuration: Development
06-20 21:21:35.661 21304 21329 D UE4     : [2018.06.21-00.21.35:661][  0]LogInit: Branch Name: ++UE4+Release-4.19
06-20 21:21:35.661 21304 21329 D UE4     : [2018.06.21-00.21.35:661][  0]LogInit: Command Line:   /Game/HandheldARBP/Maps/HandheldARBlankMap -Messaging -SessionId=06433A0746FC175769EF959BDC6407E0 -SessionOwner="diama" -SessionName="Launch On Device" -iterative
06-20 21:21:35.661 21304 21329 D UE4     : [2018.06.21-00.21.35:661][  0]LogInit: Base Directory: 
06-20 21:21:35.661 21304 21329 D UE4     : [2018.06.21-00.21.35:661][  0]LogInit: Installed Engine Build: 0
06-20 21:21:35.661 21304 21329 D UE4     : [2018.06.21-00.21.35:661][  0]LogStreaming: Display: Took  0.000s to delete old logs.
06-20 21:21:35.662 21304 21329 D UE4     : [2018.06.21-00.21.35:662][  0]LogInit: Presizing for max 2097152 objects, including 0 objects not considered by GC, pre-allocating 0 bytes for permanent pool.
06-20 21:21:35.662 21304 21329 D UE4     : [2018.06.21-00.21.35:662][  0]LogStreaming: Display: Async Loading initialized: Event Driven Loader: true, Async Loading Thread: false
06-20 21:21:35.662 21304 21329 D UE4     : [2018.06.21-00.21.35:662][  0]LogInit: Object subsystem initialized
06-20 21:21:35.662 21304 21329 D UE4     : [2018.06.21-00.21.35:662][  0]LogAndroid: Mobile HDR: no
06-20 21:21:35.662 21304 21329 D UE4     : [2018.06.21-00.21.35:662][  0]LogAndroid: Setting Width=720 and Height=1280 (requested scale = 1.000000)
06-20 21:21:35.662 21304 21329 D UE4     : [2018.06.21-00.21.35:662][  0]LogAndroid: Checking 26 rules from DeviceProfile ini file.
06-20 21:21:35.662 21304 21329 D UE4     : [2018.06.21-00.21.35:662][  0]LogAndroid:   Default profile: Android_Default
06-20 21:21:35.663 21304 21329 D UE4     : [2018.06.21-00.21.35:663][  0]LogAndroid:   GpuFamily: Mali-T880
06-20 21:21:35.663 21304 21329 D UE4     : [2018.06.21-00.21.35:663][  0]LogAndroid:   GlVersion: OpenGL ES 3.2 v1.r12p1-03dev0.228ab63cced004f840e7dd47b762a1d0
06-20 21:21:35.663 21304 21329 D UE4     : [2018.06.21-00.21.35:663][  0]LogAndroid:   VulkanVersion: 1.0.11
06-20 21:21:35.663 21304 21329 D UE4     : [2018.06.21-00.21.35:663][  0]LogAndroid:   AndroidVersion: 7.0
06-20 21:21:35.663 21304 21329 D UE4     : [2018.06.21-00.21.35:663][  0]LogAndroid:   DeviceMake: samsung
06-20 21:21:35.663 21304 21329 D UE4     : [2018.06.21-00.21.35:663][  0]LogAndroid:   DeviceModel: SM-G935F
06-20 21:21:35.663 21304 21329 D UE4     : [2018.06.21-00.21.35:663][  0]LogAndroid:   UsingHoudini: false
06-20 21:21:35.664 21304 21329 D UE4     : [2018.06.21-00.21.35:663][  0]LogAndroid: Selected Device Profile: [Android_Mali_T8xx]
06-20 21:21:35.664 21304 21329 D UE4     : [2018.06.21-00.21.35:664][  0]LogInit: Applying CVar settings loaded from the selected device profile: [Android_Mali_T8xx]
06-20 21:21:35.664 21304 21329 D UE4     : [2018.06.21-00.21.35:664][  0]LogInit: Setting Device Profile CVar: [[r.BloomQuality:1]]
06-20 21:21:35.664 21304 21329 D UE4     : [2018.06.21-00.21.35:664][  0]LogInit: Setting Device Profile CVar: [[r.DepthOfFieldQuality:1]]
06-20 21:21:35.664 21304 21329 D UE4     : [2018.06.21-00.21.35:664][  0]LogInit: Setting Device Profile CVar: [[r.LightShaftQuality:1]]
06-20 21:21:35.664 21304 21329 D UE4     : [2018.06.21-00.21.35:664][  0]LogInit: Setting Device Profile CVar: [[r.RefractionQuality:1]]
06-20 21:21:35.664 21304 21329 D UE4     : [2018.06.21-00.21.35:664][  0]LogInit: Setting Device Profile CVar: [[r.MobileContentScaleFactor:1.0]]
06-20 21:21:35.664 21304 21329 D UE4     : [2018.06.21-00.21.35:664][  0]LogInit: Setting Device Profile CVar: [[r.ShadowQuality:2]]
06-20 21:21:35.665 21304 21329 D UE4     : [2018.06.21-00.21.35:665][  0]LogInit: Setting Device Profile CVar: [[slate.AbsoluteIndices:1]]
06-20 21:21:35.665 21304 21329 D UE4     : [2018.06.21-00.21.35:665][  0]LogInit: Memory total: Physical=3533.41MB (4GB approx) Available=1433.38MB PageSize=4.0KB
06-20 21:21:35.665 21304 21329 D UE4     : [2018.06.21-00.21.35:665][  0]LogInit: Using OS detected language (pt-BR).
06-20 21:21:35.665 21304 21329 D UE4     : [2018.06.21-00.21.35:665][  0]LogInit: Using OS detected locale (pt-BR).
06-20 21:21:35.665 21304 21329 D UE4     : [2018.06.21-00.21.35:665][  0]LogTextLocalizationManager: No localization for 'pt-BR' exists, so 'en' will be used for the language.
06-20 21:21:35.665 21304 21329 D UE4     : [2018.06.21-00.21.35:665][  0]LogTextLocalizationManager: No localization for 'pt-BR' exists, so 'en' will be used for the locale.
06-20 21:21:35.665 21304 21329 D UE4     : [2018.06.21-00.21.35:665][  0]LogStreaming: Display: Took  0.259s to EndInitTextLocalization.
06-20 21:21:35.666 21304 21329 D UE4     : [2018.06.21-00.21.35:666][  0]LogSlate: New Slate User Created.  User Index 0, Is Virtual User: 0
06-20 21:21:35.666 21304 21329 D UE4     : [2018.06.21-00.21.35:666][  0]LogSlate: Slate User Registered.  User Index 0, Is Virtual User: 0
06-20 21:21:35.666 21304 21329 D UE4     : [2018.06.21-00.21.35:666][  0]LogRHI: Initializing OpenGL RHI
06-20 21:21:35.666 21304 21329 D UE4     : [2018.06.21-00.21.35:666][  0]LogRHI:   GL_VENDOR: ARM
06-20 21:21:35.666 21304 21329 D UE4     : [2018.06.21-00.21.35:666][  0]LogRHI:   GL_RENDERER: Mali-T880
06-20 21:21:35.666 21304 21329 D UE4     : [2018.06.21-00.21.35:666][  0]LogRHI:   GL_VERSION: OpenGL ES 3.2 v1.r12p1-03dev0.228ab63cced004f840e7dd47b762a1d0
06-20 21:21:35.666 21304 21329 D UE4     : [2018.06.21-00.21.35:666][  0]LogRHI:   GL_SHADING_LANGUAGE_VERSION: OpenGL ES GLSL ES 3.20
06-20 21:21:35.667 21304 21329 D UE4     : [2018.06.21-00.21.35:667][  0]LogRHI: OpenGL Extensions:
06-20 21:21:35.667 21304 21329 D UE4     : [2018.06.21-00.21.35:667][  0]LogRHI:   GL_EXT_debug_marker
06-20 21:21:35.667 21304 21329 D UE4     : [2018.06.21-00.21.35:667][  0]LogRHI:   GL_ARM_rgba8
06-20 21:21:35.667 21304 21329 D UE4     : [2018.06.21-00.21.35:667][  0]LogRHI:   GL_ARM_mali_shader_binary
06-20 21:21:35.667 21304 21329 D UE4     : [2018.06.21-00.21.35:667][  0]LogRHI:   GL_OES_depth24
06-20 21:21:35.667 21304 21329 D UE4     : [2018.06.21-00.21.35:667][  0]LogRHI:   GL_OES_depth_texture
06-20 21:21:35.667 21304 21329 D UE4     : [2018.06.21-00.21.35:667][  0]LogRHI:   GL_OES_depth_texture_cube_map
06-20 21:21:35.668 21304 21329 D UE4     : [2018.06.21-00.21.35:668][  0]LogRHI:   GL_OES_packed_depth_stencil
06-20 21:21:35.668 21304 21329 D UE4     : [2018.06.21-00.21.35:668][  0]LogRHI:   GL_OES_rgb8_rgba8
06-20 21:21:35.668 21304 21329 D UE4     : [2018.06.21-00.21.35:668][  0]LogRHI:   GL_EXT_read_format_bgra
06-20 21:21:35.668 21304 21329 D UE4     : [2018.06.21-00.21.35:668][  0]LogRHI:   GL_OES_compressed_paletted_texture
06-20 21:21:35.668 21304 21329 D UE4     : [2018.06.21-00.21.35:668][  0]LogRHI:   GL_OES_compressed_ETC1_RGB8_texture
06-20 21:21:35.668 21304 21329 D UE4     : [2018.06.21-00.21.35:668][  0]LogRHI:   GL_OES_standard_derivatives
06-20 21:21:35.668 21304 21329 D UE4     : [2018.06.21-00.21.35:668][  0]LogRHI:   GL_OES_EGL_image
06-20 21:21:35.668 21304 21329 D UE4     : [2018.06.21-00.21.35:668][  0]LogRHI:   GL_OES_EGL_image_external
06-20 21:21:35.669 21304 21329 D UE4     : [2018.06.21-00.21.35:669][  0]LogRHI:   GL_OES_EGL_image_external_essl3
06-20 21:21:35.669 21304 21329 D UE4     : [2018.06.21-00.21.35:669][  0]LogRHI:   GL_OES_EGL_sync
06-20 21:21:35.669 21304 21329 D UE4     : [2018.06.21-00.21.35:669][  0]LogRHI:   GL_OES_texture_npot
06-20 21:21:35.669 21304 21329 D UE4     : [2018.06.21-00.21.35:669][  0]LogRHI:   GL_OES_vertex_half_float
06-20 21:21:35.669 21304 21329 D UE4     : [2018.06.21-00.21.35:669][  0]LogRHI:   GL_OES_required_internalformat
06-20 21:21:35.669 21304 21329 D UE4     : [2018.06.21-00.21.35:669][  0]LogRHI:   GL_OES_vertex_array_object
06-20 21:21:35.669 21304 21329 D UE4     : [2018.06.21-00.21.35:669][  0]LogRHI:   GL_OES_mapbuffer
06-20 21:21:35.670 21304 21329 D UE4     : [2018.06.21-00.21.35:669][  0]LogRHI:   GL_EXT_texture_format_BGRA8888
06-20 21:21:35.670 21304 21329 D UE4     : [2018.06.21-00.21.35:670][  0]LogRHI:   GL_EXT_texture_rg
06-20 21:21:35.670 21304 21329 D UE4     : [2018.06.21-00.21.35:670][  0]LogRHI:   GL_EXT_texture_type_2_10_10_10_REV
06-20 21:21:35.670 21304 21329 D UE4     : [2018.06.21-00.21.35:670][  0]LogRHI:   GL_OES_fbo_render_mipmap
06-20 21:21:35.670 21304 21329 D UE4     : [2018.06.21-00.21.35:670][  0]LogRHI:   GL_OES_element_index_uint
06-20 21:21:35.670 21304 21329 D UE4     : [2018.06.21-00.21.35:670][  0]LogRHI:   GL_EXT_shadow_samplers
06-20 21:21:35.670 21304 21329 D UE4     : [2018.06.21-00.21.35:670][  0]LogRHI:   GL_OES_texture_compression_astc
06-20 21:21:35.670 21304 21329 D UE4     : [2018.06.21-00.21.35:670][  0]LogRHI:   GL_KHR_texture_compression_astc_ldr
06-20 21:21:35.670 21304 21329 D UE4     : [2018.06.21-00.21.35:670][  0]LogRHI:   GL_KHR_texture_compression_astc_hdr
06-20 21:21:35.671 21304 21329 D UE4     : [2018.06.21-00.21.35:671][  0]LogRHI:   GL_KHR_texture_compression_astc_sliced_3d
06-20 21:21:35.671 21304 21329 D UE4     : [2018.06.21-00.21.35:671][  0]LogRHI:   GL_KHR_debug
06-20 21:21:35.671 21304 21329 D UE4     : [2018.06.21-00.21.35:671][  0]LogRHI:   GL_EXT_occlusion_query_boolean
06-20 21:21:35.671 21304 21329 D UE4     : [2018.06.21-00.21.35:671][  0]LogRHI:   GL_EXT_disjoint_timer_query
06-20 21:21:35.671 21304 21329 D UE4     : [2018.06.21-00.21.35:671][  0]LogRHI:   GL_EXT_blend_minmax
06-20 21:21:35.671 21304 21329 D UE4     : [2018.06.21-00.21.35:671][  0]LogRHI:   GL_EXT_discard_framebuffer
06-20 21:21:35.671 21304 21329 D UE4     : [2018.06.21-00.21.35:671][  0]LogRHI:   GL_OES_get_program_binary
06-20 21:21:35.672 21304 21329 D UE4     : [2018.06.21-00.21.35:671][  0]LogRHI:   GL_OES_texture_3D
06-20 21:21:35.672 21304 21329 D UE4     : [2018.06.21-00.21.35:672][  0]LogRHI:   GL_EXT_texture_storage
06-20 21:21:35.672 21304 21329 D UE4     : [2018.06.21-00.21.35:672][  0]LogRHI:   GL_EXT_multisampled_render_to_texture
06-20 21:21:35.672 21304 21329 D UE4     : [2018.06.21-00.21.35:672][  0]LogRHI:   GL_OES_surfaceless_context
06-20 21:21:35.672 21304 21329 D UE4     : [2018.06.21-00.21.35:672][  0]LogRHI:   GL_OES_texture_stencil8
06-20 21:21:35.672 21304 21329 D UE4     : [2018.06.21-00.21.35:672][  0]LogRHI:   GL_EXT_shader_pixel_local_storage
06-20 21:21:35.672 21304 21329 D UE4     : [2018.06.21-00.21.35:672][  0]LogRHI:   GL_ARM_shader_framebuffer_fetch
06-20 21:21:35.672 21304 21329 D UE4     : [2018.06.21-00.21.35:672][  0]LogRHI:   GL_ARM_shader_framebuffer_fetch_depth_stencil
06-20 21:21:35.673 21304 21329 D UE4     : [2018.06.21-00.21.35:673][  0]LogRHI:   GL_ARM_mali_program_binary
06-20 21:21:35.673 21304 21329 D UE4     : [2018.06.21-00.21.35:673][  0]LogRHI:   GL_EXT_sRGB
06-20 21:21:35.673 21304 21329 D UE4     : [2018.06.21-00.21.35:673][  0]LogRHI:   GL_EXT_sRGB_write_control
06-20 21:21:35.673 21304 21329 D UE4     : [2018.06.21-00.21.35:673][  0]LogRHI:   GL_EXT_texture_sRGB_decode
06-20 21:21:35.673 21304 21329 D UE4     : [2018.06.21-00.21.35:673][  0]LogRHI:   GL_KHR_blend_equation_advanced
06-20 21:21:35.673 21304 21329 D UE4     : [2018.06.21-00.21.35:673][  0]LogRHI:   GL_KHR_blend_equation_advanced_coherent
06-20 21:21:35.673 21304 21329 D UE4     : [2018.06.21-00.21.35:673][  0]LogRHI:   GL_OES_texture_storage_multisample_2d_array
06-20 21:21:35.674 21304 21329 D UE4     : [2018.06.21-00.21.35:673][  0]LogRHI:   GL_OES_shader_image_atomic
06-20 21:21:35.674 21304 21329 D UE4     : [2018.06.21-00.21.35:674][  0]LogRHI:   GL_EXT_robustness
06-20 21:21:35.674 21304 21329 D UE4     : [2018.06.21-00.21.35:674][  0]LogRHI:   GL_EXT_draw_buffers_indexed
06-20 21:21:35.674 21304 21329 D UE4     : [2018.06.21-00.21.35:674][  0]LogRHI:   GL_OES_draw_buffers_indexed
06-20 21:21:35.674 21304 21329 D UE4     : [2018.06.21-00.21.35:674][  0]LogRHI:   GL_EXT_texture_border_clamp
06-20 21:21:35.674 21304 21329 D UE4     : [2018.06.21-00.21.35:674][  0]LogRHI:   GL_OES_texture_border_clamp
06-20 21:21:35.674 21304 21329 D UE4     : [2018.06.21-00.21.35:674][  0]LogRHI:   GL_EXT_texture_cube_map_array
06-20 21:21:35.674 21304 21329 D UE4     : [2018.06.21-00.21.35:674][  0]LogRHI:   GL_OES_texture_cube_map_array
06-20 21:21:35.675 21304 21329 D UE4     : [2018.06.21-00.21.35:675][  0]LogRHI:   GL_OES_sample_variables
06-20 21:21:35.675 21304 21329 D UE4     : [2018.06.21-00.21.35:675][  0]LogRHI:   GL_OES_sample_shading
06-20 21:21:35.675 21304 21329 D UE4     : [2018.06.21-00.21.35:675][  0]LogRHI:   GL_OES_shader_multisample_interpolation
06-20 21:21:35.675 21304 21329 D UE4     : [2018.06.21-00.21.35:675][  0]LogRHI:   GL_EXT_shader_io_blocks
06-20 21:21:35.675 21304 21329 D UE4     : [2018.06.21-00.21.35:675][  0]LogRHI:   GL_OES_shader_io_blocks
06-20 21:21:35.675 21304 21329 D UE4     : [2018.06.21-00.21.35:675][  0]LogRHI:   GL_EXT_tessellation_shader
06-20 21:21:35.675 21304 21329 D UE4     : [2018.06.21-00.21.35:675][  0]LogRHI:   GL_OES_tessellation_shader
06-20 21:21:35.676 21304 21329 D UE4     : [2018.06.21-00.21.35:675][  0]LogRHI:   GL_EXT_primitive_bounding_box
06-20 21:21:35.676 21304 21329 D UE4     : [2018.06.21-00.21.35:676][  0]LogRHI:   GL_OES_primitive_bounding_box
06-20 21:21:35.676 21304 21329 D UE4     : [2018.06.21-00.21.35:676][  0]LogRHI:   GL_EXT_geometry_shader
06-20 21:21:35.676 21304 21329 D UE4     : [2018.06.21-00.21.35:676][  0]LogRHI:   GL_OES_geometry_shader
06-20 21:21:35.676 21304 21329 D UE4     : [2018.06.21-00.21.35:676][  0]LogRHI:   GL_ANDROID_extension_pack_es31a
06-20 21:21:35.676 21304 21329 D UE4     : [2018.06.21-00.21.35:676][  0]LogRHI:   GL_EXT_gpu_shader5
06-20 21:21:35.676 21304 21329 D UE4     : [2018.06.21-00.21.35:676][  0]LogRHI:   GL_OES_gpu_shader5
06-20 21:21:35.676 21304 21329 D UE4     : [2018.06.21-00.21.35:676][  0]LogRHI:   GL_EXT_texture_buffer
06-20 21:21:35.677 21304 21329 D UE4     : [2018.06.21-00.21.35:677][  0]LogRHI:   GL_OES_texture_buffer
06-20 21:21:35.677 21304 21329 D UE4     : [2018.06.21-00.21.35:677][  0]LogRHI:   GL_EXT_copy_image
06-20 21:21:35.677 21304 21329 D UE4     : [2018.06.21-00.21.35:677][  0]LogRHI:   GL_OES_copy_image
06-20 21:21:35.677 21304 21329 D UE4     : [2018.06.21-00.21.35:677][  0]LogRHI:   GL_EXT_color_buffer_half_float
06-20 21:21:35.677 21304 21329 D UE4     : [2018.06.21-00.21.35:677][  0]LogRHI:   GL_EXT_color_buffer_float
06-20 21:21:35.677 21304 21329 D UE4     : [2018.06.21-00.21.35:677][  0]LogRHI:   GL_EXT_YUV_target
06-20 21:21:35.677 21304 21329 D UE4     : [2018.06.21-00.21.35:677][  0]LogRHI:   GL_OVR_multiview
06-20 21:21:35.678 21304 21329 D UE4     : [2018.06.21-00.21.35:678][  0]LogRHI:   GL_OVR_multiview2
06-20 21:21:35.678 21304 21329 D UE4     : [2018.06.21-00.21.35:678][  0]LogRHI:   GL_OVR_multiview_multisampled_render_to_texture
06-20 21:21:35.678 21304 21329 D UE4     : [2018.06.21-00.21.35:678][  0]LogRHI:   GL_KHR_robustness
06-20 21:21:35.678 21304 21329 D UE4     : [2018.06.21-00.21.35:678][  0]LogRHI:   GL_KHR_robust_buffer_access_behavior
06-20 21:21:35.678 21304 21329 D UE4     : [2018.06.21-00.21.35:678][  0]LogRHI:   GL_EXT_draw_elements_base_vertex
06-20 21:21:35.678 21304 21329 D UE4     : [2018.06.21-00.21.35:678][  0]LogRHI:   GL_OES_draw_elements_base_vertex
06-20 21:21:35.678 21304 21329 D UE4     : [2018.06.21-00.21.35:678][  0]LogRHI:   GL_EXT_protected_textures
06-20 21:21:35.679 21304 21329 D UE4     : [2018.06.21-00.21.35:678][  0]LogRHI:   GL_MAX_VERTEX_ATTRIBS: 16
06-20 21:21:35.679 21304 21329 D UE4     : [2018.06.21-00.21.35:679][  0]LogRHI:   GL_MAX_VARYING_VECTORS: 15
06-20 21:21:35.679 21304 21329 D UE4     : [2018.06.21-00.21.35:679][  0]LogRHI:   GL_MAX_VERTEX_UNIFORM_VECTORS: 1024
06-20 21:21:35.679 21304 21329 D UE4     : [2018.06.21-00.21.35:679][  0]LogRHI:   GL_MAX_FRAGMENT_UNIFORM_VECTORS: 1024
06-20 21:21:35.679 21304 21329 D UE4     : [2018.06.21-00.21.35:679][  0]LogRHI: Fragment shader lowp precision: 10
06-20 21:21:35.679 21304 21329 D UE4     : [2018.06.21-00.21.35:679][  0]LogRHI: Fragment shader mediump precision: 10
06-20 21:21:35.679 21304 21329 D UE4     : [2018.06.21-00.21.35:679][  0]LogRHI: Fragment shader highp precision: 23
06-20 21:21:35.679 21304 21329 D UE4     : [2018.06.21-00.21.35:679][  0]LogRHI: Support for 16x MSAA detected
06-20 21:21:35.680 21304 21329 D UE4     : [2018.06.21-00.21.35:680][  0]LogRHI: Image external enabled: ImageExternalESSL300
06-20 21:21:35.680 21304 21329 D UE4     : [2018.06.21-00.21.35:680][  0]LogRHI: Device supports mobile multi-view.
06-20 21:21:35.680 21304 21329 D UE4     : [2018.06.21-00.21.35:680][  0]LogRHI:   GL_MAX_TEXTURE_SIZE: 16384
06-20 21:21:35.680 21304 21329 D UE4     : [2018.06.21-00.21.35:680][  0]LogRHI:   GL_MAX_CUBE_MAP_TEXTURE_SIZE: 4096
06-20 21:21:35.680 21304 21329 D UE4     : [2018.06.21-00.21.35:680][  0]LogRHI:   GL_MAX_ARRAY_TEXTURE_LAYERS: 256
06-20 21:21:35.680 21304 21329 D UE4     : [2018.06.21-00.21.35:680][  0]LogRHI:   GL_MAX_RENDERBUFFER_SIZE: 16384
06-20 21:21:35.680 21304 21329 D UE4     : [2018.06.21-00.21.35:680][  0]LogRHI:   GL_MAX_TEXTURE_IMAGE_UNITS: 16
06-20 21:21:35.681 21304 21329 D UE4     : [2018.06.21-00.21.35:680][  0]LogRHI:   GL_MAX_DRAW_BUFFERS: 4
06-20 21:21:35.681 21304 21329 D UE4     : [2018.06.21-00.21.35:681][  0]LogRHI:   GL_MAX_COLOR_ATTACHMENTS: 1
06-20 21:21:35.681 21304 21329 D UE4     : [2018.06.21-00.21.35:681][  0]LogRHI:   GL_MAX_SAMPLES: 1
06-20 21:21:35.681 21304 21329 D UE4     : [2018.06.21-00.21.35:681][  0]LogRHI:   GL_MAX_COLOR_TEXTURE_SAMPLES: 1
06-20 21:21:35.681 21304 21329 D UE4     : [2018.06.21-00.21.35:681][  0]LogRHI:   GL_MAX_DEPTH_TEXTURE_SAMPLES: 1
06-20 21:21:35.681 21304 21329 D UE4     : [2018.06.21-00.21.35:681][  0]LogRHI:   GL_MAX_INTEGER_SAMPLES: 1
06-20 21:21:35.681 21304 21329 D UE4     : [2018.06.21-00.21.35:681][  0]LogRHI:   GL_MAX_COMBINED_TEXTURE_IMAGE_UNITS: 96
06-20 21:21:35.681 21304 21329 D UE4     : [2018.06.21-00.21.35:681][  0]LogRHI:   GL_MAX_VERTEX_ATTRIBS: 16
06-20 21:21:35.682 21304 21329 D UE4     : [2018.06.21-00.21.35:682][  0]LogRHI: OpenGL MajorVersion = 2, MinorVersion = 0, ShaderPlatform = GLSL_ES2, FeatureLevel = ES2
06-20 21:21:35.682 21304 21329 D UE4     : [2018.06.21-00.21.35:682][  0]LogRHI: PLATFORM_ANDROID
06-20 21:21:35.682 21304 21329 D UE4     : [2018.06.21-00.21.35:682][  0]LogRHI: Display: Testing for shader compiler compatibility
06-20 21:21:35.682 21304 21329 D UE4     : [2018.06.21-00.21.35:682][  0]LogRHI: Display: Shaders compile fine no need to enable hacks
06-20 21:21:35.682 21304 21329 D UE4     : [2018.06.21-00.21.35:682][  0]LogRHI: Display: Testing for round() function availability
06-20 21:21:35.682 21304 21329 D UE4     : [2018.06.21-00.21.35:682][  0]LogRHI: Warning: Disabling the need for the round() function hack
06-20 21:21:35.682 21304 21329 D UE4     : [2018.06.21-00.21.35:682][  0]LogMaterial: Verifying Global Shaders for GLSL_ES2
06-20 21:21:35.683 21304 21329 D UE4     : [2018.06.21-00.21.35:682][  0]LogSlate: Using Freetype 2.4.12
06-20 21:21:35.683 21304 21329 D UE4     : [2018.06.21-00.21.35:683][  0]LogSlate: SlateFontCache - WITH_FREETYPE: 1, WITH_HARFBUZZ: 1
06-20 21:21:35.683 21304 21329 D UE4     : [2018.06.21-00.21.35:683][  0]LogSlate: SlateFontCache - WITH_FREETYPE: 1, WITH_HARFBUZZ: 1
06-20 21:21:35.683 21304 21329 D UE4     : [2018.06.21-00.21.35:683][  0]LogAssetRegistry: FAssetRegistry took 0.1456 seconds to start up
06-20 21:21:35.683 21304 21329 D UE4     : [2018.06.21-00.21.35:683][  0]LogPackageLocalizationCache: Processed 10 localized package path(s) for 1 prioritized culture(s) in 0.036198 seconds
06-20 21:21:35.683 21304 21329 D UE4     : [2018.06.21-00.21.35:683][  0]LogNetVersion: PokeAR , NetCL: 3944462, EngineNetVer: 2, GameNetVer: 0 (Checksum: 4008714031)
06-20 21:21:35.683 21304 21329 D UE4     : [2018.06.21-00.21.35:683][  0]LogMoviePlayer: Initializing movie player
06-20 21:21:35.745  4697  5198 E NetlinkEvent: NetlinkEvent::FindParam(): Parameter 'LABEL' not found
06-20 21:21:35.750  5855  5866 D EPDG -- [NETMGMT]: Interface Data activity changed : label: 1 : active: true
06-20 21:21:35.813 21304 21329 D UE4     : LogAndroid: Display: Passed PreInit()
06-20 21:21:35.813 21304 21329 D UE4     : 
06-20 21:21:35.813 21304 21329 D UE4     : [2018.06.21-00.21.35:813][  0]LogTcpMessaging: Initializing TcpMessaging bridge, listening on 127.0.0.1:6666
06-20 21:21:35.813 21304 21329 D UE4     : [2018.06.21-00.21.35:813][  0]LogUdpMessaging: Initializing bridge on interface 0.0.0.0:0 to multicast group 230.0.0.1:6666.
06-20 21:21:35.813 21304 21329 D UE4     : [2018.06.21-00.21.35:813][  0]LogAndroidPermission: UAndroidPermissionCallbackProxy::GetInstance
06-20 21:21:35.814 21304 21329 D UE4     : [2018.06.21-00.21.35:813][  0]LogOcInput: OculusInput pre-init called
06-20 21:21:35.814 21304 21329 D UE4     : [2018.06.21-00.21.35:814][  0]LogUObjectArray: 32164 objects as part of root set at end of initial load.
06-20 21:21:35.814 21304 21329 D UE4     : [2018.06.21-00.21.35:814][  0]LogUObjectAllocator: 4301112 out of 0 bytes used by permanent object pool.
06-20 21:21:35.814 21304 21329 D UE4     : [2018.06.21-00.21.35:814][  0]LogUObjectArray: CloseDisregardForGC: 0/0 objects in disregard for GC pool
06-20 21:21:35.814 21304 21329 D UE4     : [2018.06.21-00.21.35:814][  0]LogAndroid: Display: Passed PreInit()
06-20 21:21:35.815 21304 21329 D UE4     : [2018.06.21-00.21.35:815][  0]LogEngine: Initializing Engine...
06-20 21:21:35.816 21304 21329 D UE4     : [2018.06.21-00.21.35:815][  0]LogGoogleARCoreTrackingSystem: Creating GoogleARCore Tracking System.
06-20 21:21:35.826 21304 21329 D UE4     : [2018.06.21-00.21.35:826][  0]LogStats: UGameplayTagsManager::ConstructGameplayTagTree: Construct from data asset -  0.000 s
06-20 21:21:35.827 21304 21329 D UE4     : [2018.06.21-00.21.35:827][  0]LogStats: UGameplayTagsManager::ConstructGameplayTagTree: GameplayTagTreeChangedEvent.Broadcast -  0.000 s
06-20 21:21:35.912 21304 21329 D UE4     : LogAndroidAudio: Warning: SL Entered Init HW
06-20 21:21:35.912 21304 21329 D UE4     : 
06-20 21:21:35.912 21304 21329 D UE4     : [2018.06.21-00.21.35:912][  0]LogAndroidAudio: Warning: SL Entered Init HW
06-20 21:21:35.912 21304 21329 D UE4     : LogAndroidAudio: Warning: OpenSLES Initializing HW
06-20 21:21:35.912 21304 21329 D UE4     : 
06-20 21:21:35.912 21304 21329 D UE4     : [2018.06.21-00.21.35:912][  0]LogAndroidAudio: Warning: OpenSLES Initializing HW
06-20 21:21:35.918 21304 21329 D UE4     : LogAndroidAudio: Warning: OpenSLES Initialized
06-20 21:21:35.918 21304 21329 D UE4     : 
06-20 21:21:35.918 21304 21329 D UE4     : [2018.06.21-00.21.35:918][  0]LogAndroidAudio: Warning: OpenSLES Initialized
06-20 21:21:35.918 21304 21329 D UE4     : LogAndroidAudio: Warning: OpenSLAudioDevice: Allocated 12 sources
06-20 21:21:35.918 21304 21329 D UE4     : 
06-20 21:21:35.918 21304 21329 D UE4     : [2018.06.21-00.21.35:918][  0]LogAndroidAudio: Warning: OpenSLAudioDevice: Allocated 12 sources
06-20 21:21:35.919 21304 21329 D UE4     : [2018.06.21-00.21.35:919][  0]LogInit: FAudioDevice initialized.
06-20 21:21:35.920 21304 21329 D UE4     : LogAudio: Warning: Can't increase channels past starting number!
06-20 21:21:35.920 21304 21329 D UE4     : 
06-20 21:21:35.920 21304 21329 D UE4     : [2018.06.21-00.21.35:920][  0]LogAudio: Warning: Can't increase channels past starting number!
06-20 21:21:35.922 21304 21329 D UE4     : [2018.06.21-00.21.35:922][  0]LogInit: Texture streaming: Enabled
06-20 21:21:35.922 21304 21329 D UE4     : LogOnline: Warning: FOnlineSubsystemGooglePlayModule was disabled
06-20 21:21:35.922 21304 21329 D UE4     : 
06-20 21:21:35.922 21304 21329 D UE4     : [2018.06.21-00.21.35:922][  0]LogOnline: Warning: FOnlineSubsystemGooglePlayModule was disabled
06-20 21:21:36.080  6039  6039 D io_stats: !@   8,0 r 2714225 139686756 w 1674135 35082408 d 183683 27120316 f 439253 439196 iot 1784570 1418989 th 342688 0 0 pt 0 inp 0 1 113949.682
06-20 21:21:36.101 21304 21329 D UE4     : LogAudio: Warning: Can't increase channels past starting number!
06-20 21:21:36.102 21304 21329 D UE4     : 
06-20 21:21:36.102 21304 21329 D UE4     : [2018.06.21-00.21.36:102][  0]LogAudio: Warning: Can't increase channels past starting number!
06-20 21:21:36.123 21304 21329 D UE4     : LogInit: Display: Game Engine Initialized.
06-20 21:21:36.123 21304 21329 D UE4     : 
06-20 21:21:36.123 21304 21329 D UE4     : [2018.06.21-00.21.36:123][  0]LogInit: Display: Game Engine Initialized.
06-20 21:21:36.123 21304 21329 D UE4     : LogGameplayTags: Display: UGameplayTagsManager::DoneAddingNativeTags. DelegateIsBound: 0
06-20 21:21:36.124 21304 21329 D UE4     : 
06-20 21:21:36.124 21304 21329 D UE4     : [2018.06.21-00.21.36:124][  0]LogGameplayTags: Display: UGameplayTagsManager::DoneAddingNativeTags. DelegateIsBound: 0
06-20 21:21:36.124 21304 21329 D UE4     : [2018.06.21-00.21.36:124][  0]LogStats: UGameplayTagsManager::ConstructGameplayTagTree: Construct from data asset -  0.000 s
06-20 21:21:36.125 21304 21329 D UE4     : [2018.06.21-00.21.36:125][  0]LogStats: UGameplayTagsManager::ConstructGameplayTagTree: GameplayTagTreeChangedEvent.Broadcast -  0.000 s
06-20 21:21:36.282 21304 21329 D UE4     : LogInit: Display: Starting Game.
06-20 21:21:36.283 21304 21329 D UE4     : 
06-20 21:21:36.283 21304 21329 D UE4     : [2018.06.21-00.21.36:283][  0]LogInit: Display: Starting Game.
06-20 21:21:36.283 21304 21329 D UE4     : [2018.06.21-00.21.36:283][  0]LogNet: Browse: /Game/HandheldARBP/Maps/HandheldARBlankMap?Name=Player
06-20 21:21:36.337  4897  7671 D GameManagerService: identifyGamePackage. com.YourCompany.PokeAR
06-20 21:21:36.398 21304 21329 D UE4     : [2018.06.21-00.21.36:398][  0]LogLoad: LoadMap: /Game/HandheldARBP/Maps/HandheldARBlankMap?Name=Player
06-20 21:21:36.466 21415 21415 I FIPS_bssl: FIPS (v1.1) approved mode (1) | 21415 | ps
06-20 21:21:36.880 21304 21394 D UE4     : LogRHI: Error: Unsupported EPixelFormat 28
06-20 21:21:36.881 21304 21394 D UE4     : 
06-20 21:21:36.962 21304 21329 D UE4     : [2018.06.21-00.21.36:961][  0]LogRHI: Error: Unsupported EPixelFormat 28
06-20 21:21:36.974 21304 21329 D UE4     : [2018.06.21-00.21.36:974][  0]LogAIModule: Creating AISystem for world HandheldARBlankMap
06-20 21:21:36.981 21304 21329 D UE4     : [2018.06.21-00.21.36:981][  0]LogLoad: Game class is 'BP_ARGameMode_C'
06-20 21:21:36.994 21304 21329 D UE4     : LogUMG: Display: Widget Class HealthBar_C - Loaded Fast Template.
06-20 21:21:36.994 21304 21329 D UE4     : 
06-20 21:21:36.994 21304 21329 D UE4     : [2018.06.21-00.21.36:994][  0]LogUMG: Display: Widget Class HealthBar_C - Loaded Fast Template.
06-20 21:21:36.999 21304 21329 D UE4     : [2018.06.21-00.21.36:999][  0]LogWorld: Bringing World /Game/HandheldARBP/Maps/HandheldARBlankMap.HandheldARBlankMap up for play (max tick rate 0) at 2018.06.20-21.21.36
06-20 21:21:37.039 21304 21329 D UE4     : [2018.06.21-00.21.37:039][  0]LogWorld: Bringing up level for play took: 0.054454
06-20 21:21:37.041 21304 21329 D UE4     : LogOnline: Warning: FOnlineSubsystemGooglePlayModule was disabled
06-20 21:21:37.041 21304 21329 D UE4     : 
06-20 21:21:37.041 21304 21329 D UE4     : [2018.06.21-00.21.37:041][  0]LogOnline: Warning: FOnlineSubsystemGooglePlayModule was disabled
06-20 21:21:37.043 21304 21329 D UE4     : [2018.06.21-00.21.37:043][  0]LogGameMode: FindPlayerStart: PATHS NOT DEFINED or NO PLAYERSTART with positive rating
06-20 21:21:37.046 21304 21329 D UE4     : LogUMG: Display: Widget Class BP_MainMenu_C - Loaded Fast Template.
06-20 21:21:37.046 21304 21329 D UE4     : 
06-20 21:21:37.046 21304 21329 D UE4     : [2018.06.21-00.21.37:046][  0]LogUMG: Display: Widget Class BP_MainMenu_C - Loaded Fast Template.
06-20 21:21:37.051 21304 21329 D UE4     : LogUMG: Display: Widget Class BP_DebugMenu_C - Loaded Fast Template.
06-20 21:21:37.051 21304 21329 D UE4     : 
06-20 21:21:37.051 21304 21329 D UE4     : [2018.06.21-00.21.37:051][  0]LogUMG: Display: Widget Class BP_DebugMenu_C - Loaded Fast Template.
06-20 21:21:37.057 21304 21329 D UE4     : PIE: Warning: The widget 'BP_DebugMenu_C' was already added to the screen.
06-20 21:21:37.057 21304 21329 D UE4     : 
06-20 21:21:37.057 21304 21329 D UE4     : [2018.06.21-00.21.37:057][  0]PIE: Warning: The widget 'BP_DebugMenu_C' was already added to the screen.
06-20 21:21:37.057 21304 21329 D UE4     : LogUMG: Display: Widget Class MainMenu_C - Loaded Fast Template.
06-20 21:21:37.057 21304 21329 D UE4     : 
06-20 21:21:37.058 21304 21329 D UE4     : [2018.06.21-00.21.37:057][  0]LogUMG: Display: Widget Class MainMenu_C - Loaded Fast Template.
