05-23 22:25:38.748 20757  9692 I TelephonySpam: SettingsChangedIntentOp - Action: com.google.android.gms.phenotype.COMMITTED

05-23 22:25:38.748 20757  9692 I TelephonySpam: SettingsChangedIntentOp - EXTRA_PACKAGE_NAME: com.google.android.gms.car

05-23 22:25:38.748  8606  9007 W ResourcesManager: getTopLevelResources: /system/priv-app/PayWithPaypal/PayWithPaypal.apk / 1.0 running in com.android.vending rsrc of package null

05-23 22:25:38.758   865  1874 D PackageManager: setEnabledSetting : userId = 0 packageName = com.google.android.gms cmp = com.google.android.gms.carsetup.DrivingModeSettingsActivity newState = 2 callingPackage = 10012

05-23 22:25:38.758   865  1586 D PackageManager: setEnabledSetting : userId = 0 packageName = com.google.android.gms cmp = com.google.android.gms.carsetup.DrivingModeFrxActivity newState = 2 callingPackage = 10012

05-23 22:25:38.758   865  2142 D PackageManager: setEnabledSetting : userId = 0 packageName = com.google.android.gms cmp = com.google.android.gms.carsetup.DrivingModeToggleActivity newState = 2 callingPackage = 10012

05-23 22:25:38.768 20757  9691 W ModuleInitIntentOp: Dropping unexpected action com.google.android.gms.phenotype.COMMITTED

05-23 22:25:38.768 20757  9848 I TelephonySpam: SettingsChangedIntentOp - SettingsChangedIntentOperation.run: Got intent Intent { act=com.google.android.gms.phenotype.COMMITTED flg=0x10 pkg=com.google.android.gms cmp=com.google.android.gms/.chimera.GmsIntentOperationService bqHint=4 (has extras) }

05-23 22:25:38.768 20757  9848 I TelephonySpam: SettingsChangedIntentOp - SettingsChangedIntentOperation.run Intent extra com.google.android.gms.phenotype.PACKAGE_NAME: com.google.android.gms.audit

05-23 22:25:38.768 20757  9848 I TelephonySpam: SettingsChangedIntentOp - Action: com.google.android.gms.phenotype.COMMITTED

05-23 22:25:38.768 20757  9848 I TelephonySpam: SettingsChangedIntentOp - EXTRA_PACKAGE_NAME: com.google.android.gms.audit

05-23 22:25:38.768   865  2216 D PackageManager: setEnabledSetting : userId = 0 packageName = com.google.android.gms cmp = com.google.android.gms.carsetup.DrivingModeSettingsActivity newState = 2 callingPackage = 10012

05-23 22:25:38.778   865   885 D PackageManager: setEnabledSetting : userId = 0 packageName = com.google.android.gms cmp = com.google.android.gms.matchstick.ui.BMMRegistrationActivity newState = 2 callingPackage = 10012

05-23 22:25:38.778   865  2255 D PackageManager: setEnabledSetting : userId = 0 packageName = com.google.android.gms cmp = com.google.android.gms.carsetup.DrivingModeFrxActivity newState = 2 callingPackage = 10012

05-23 22:25:38.778   865  1302 D PackageManager: setEnabledSetting : userId = 0 packageName = com.google.android.gms cmp = com.google.android.gms.carsetup.DrivingModeToggleActivity newState = 2 callingPackage = 10012

05-23 22:25:38.778  8606  9007 W ResourcesManager: getTopLevelResources: /system/priv-app/TrimApp_phone_light/TrimApp_phone_light.apk / 1.0 running in com.android.vending rsrc of package null

05-23 22:25:38.788 20757  9691 W ModuleInitIntentOp: Dropping unexpected action com.google.android.gms.phenotype.COMMITTED

05-23 22:25:38.788   865  2183 D PackageManager: setEnabledSetting : userId = 0 packageName = com.google.android.gms cmp = com.google.android.gms.carsetup.DrivingModeSettingsActivity newState = 2 callingPackage = 10012

05-23 22:25:38.788   865  1791 D PackageManager: setEnabledSetting : userId = 0 packageName = com.google.android.gms cmp = com.google.android.gms.matchstick.ui.BMMRegistrationActivity newState = 2 callingPackage = 10012

05-23 22:25:38.788   865  1873 D ActivityManager: cleanUpApplicationRecord -- 9228

05-23 22:25:38.788   865  1873 D ActivityManager: isAutoRunBlockedApp:: com.android.email, Auto Run ON

05-23 22:25:38.798 20757  9681 I TelephonySpam: SettingsChangedIntentOp - SettingsChangedIntentOperation.run: Got intent Intent { act=com.google.android.gms.phenotype.COMMITTED flg=0x10 pkg=com.google.android.gms cmp=com.google.android.gms/.chimera.GmsIntentOperationService bqHint=4 (has extras) }

05-23 22:25:38.798 20757  9681 I TelephonySpam: SettingsChangedIntentOp - SettingsChangedIntentOperation.run Intent extra com.google.android.gms.phenotype.PACKAGE_NAME: com.google.android.gms.romanesco

05-23 22:25:38.798 20757  9681 I TelephonySpam: SettingsChangedIntentOp - Action: com.google.android.gms.phenotype.COMMITTED

05-23 22:25:38.798 20757  9681 I TelephonySpam: SettingsChangedIntentOp - EXTRA_PACKAGE_NAME: com.google.android.gms.romanesco

05-23 22:25:38.808   865   887 D PackageManager: setEnabledSetting : userId = 0 packageName = com.google.android.gms cmp = com.google.android.gms.carsetup.DrivingModeFrxActivity newState = 2 callingPackage = 10012

05-23 22:25:38.818   865  2255 D PackageManager: setEnabledSetting : userId = 0 packageName = com.google.android.gms cmp = com.google.android.gms.carsetup.DrivingModeToggleActivity newState = 2 callingPackage = 10012

05-23 22:25:38.818 10002 10002 W System  : ClassLoader referenced unknown path: /system/app/SecKidsModeInstaller/lib/arm

05-23 22:25:38.828 20757  9847 W ModuleInitIntentOp: Dropping unexpected action com.google.android.gms.phenotype.COMMITTED

05-23 22:25:38.828   865  2202 D PackageManager: setEnabledSetting : userId = 0 packageName = com.google.android.gms cmp = com.google.android.gms.carsetup.DrivingModeSettingsActivity newState = 2 callingPackage = 10012

05-23 22:25:38.828   865  1304 D PackageManager: setEnabledSetting : userId = 0 packageName = com.google.android.gms cmp = com.google.android.gms.matchstick.ui.BMMRegistrationActivity newState = 2 callingPackage = 10012

05-23 22:25:38.828 20757  9661 I TelephonySpam: SettingsChangedIntentOp - SettingsChangedIntentOperation.run: Got intent Intent { act=com.google.android.gms.phenotype.COMMITTED flg=0x10 pkg=com.google.android.gms cmp=com.google.android.gms/.chimera.GmsIntentOperationService bqHint=4 (has extras) }

05-23 22:25:38.828   865  2216 D PackageManager: setEnabledSetting : userId = 0 packageName = com.google.android.gms cmp = com.google.android.gms.carsetup.DrivingModeFrxActivity newState = 2 callingPackage = 10012

05-23 22:25:38.828 20757  9661 I TelephonySpam: SettingsChangedIntentOp - SettingsChangedIntentOperation.run Intent extra com.google.android.gms.phenotype.PACKAGE_NAME: com.google.android.gms.security

05-23 22:25:38.828 20757  9661 I TelephonySpam: SettingsChangedIntentOp - Action: com.google.android.gms.phenotype.COMMITTED

05-23 22:25:38.828 20757  9661 I TelephonySpam: SettingsChangedIntentOp - EXTRA_PACKAGE_NAME: com.google.android.gms.security

05-23 22:25:38.838 10002 10002 D KidsModeInstallReceiver: onReceive intent data =  package:com.google.android.instantapps.supervisor

05-23 22:25:38.838   865  2183 D PackageManager: setEnabledSetting : userId = 0 packageName = com.google.android.gms cmp = com.google.android.gms.carsetup.DrivingModeToggleActivity newState = 2 callingPackage = 10012

05-23 22:25:38.838 10002 10002 D KidsModeInstallReceiver: Package not found : com.sec.android.app.kidshome

05-23 22:25:38.838 10002 10002 D KidsModeInstallReceiver: checkPackage() : kidsHomeVersion :  -1

05-23 22:25:38.848   865  2142 V BroadcastQueue: [background] Process cur broadcast BroadcastRecord{110f0b8 u0 android.intent.action.PACKAGE_REMOVED qIdx=4}, state= (APP_RECEIVE) DELIVERED for app ProcessRecord{3c86e5 10002:com.sec.kidsplat.installer/u0a170}

05-23 22:25:38.858 20757  9692 W ModuleInitIntentOp: Dropping unexpected action com.google.android.gms.phenotype.COMMITTED

05-23 22:25:38.858   865  2216 D PackageManager: setEnabledSetting : userId = 0 packageName = com.google.android.gms cmp = com.google.android.gms.carsetup.DrivingModeSettingsActivity newState = 2 callingPackage = 10012

05-23 22:25:38.858   865   885 D PackageManager: setEnabledSetting : userId = 0 packageName = com.google.android.gms cmp = com.google.android.gms.carsetup.DrivingModeFrxActivity newState = 2 callingPackage = 10012

05-23 22:25:38.868   865   887 D PackageManager: setEnabledSetting : userId = 0 packageName = com.google.android.gms cmp = com.google.android.gms.matchstick.ui.BMMRegistrationActivity newState = 2 callingPackage = 10012

05-23 22:25:38.868   865  1874 D PackageManager: setEnabledSetting : userId = 0 packageName = com.google.android.gms cmp = com.google.android.gms.carsetup.DrivingModeToggleActivity newState = 2 callingPackage = 10012

05-23 22:25:38.868 20757  9847 I TelephonySpam: SettingsChangedIntentOp - SettingsChangedIntentOperation.run: Got intent Intent { act=com.google.android.gms.phenotype.COMMITTED flg=0x10 pkg=com.google.android.gms cmp=com.google.android.gms/.chimera.GmsIntentOperationService bqHint=4 (has extras) }

05-23 22:25:38.868 20757  9847 I TelephonySpam: SettingsChangedIntentOp - SettingsChangedIntentOperation.run Intent extra com.google.android.gms.phenotype.PACKAGE_NAME: com.google.android.gms.ocr

05-23 22:25:38.868 20757  9847 I TelephonySpam: SettingsChangedIntentOp - Action: com.google.android.gms.phenotype.COMMITTED

05-23 22:25:38.868 20757  9847 I TelephonySpam: SettingsChangedIntentOp - EXTRA_PACKAGE_NAME: com.google.android.gms.ocr

05-23 22:25:38.888 10002 10002 D KidsPlatformStub: Package not found : com.sec.android.app.kidshome

05-23 22:25:38.908 10016 10016 E Zygote  : v2

05-23 22:25:38.908 10016 10016 W SELinux : Function: selinux_compare_spd_ram, index[1], priority [2], priority version is VE=SEPF_SECMOBILE_6.0.1_0034

05-23 22:25:38.908 10016 10016 I libpersona: KNOX_SDCARD checking this for 10182

05-23 22:25:38.908 10016 10016 I libpersona: KNOX_SDCARD not a persona

05-23 22:25:38.918 10016 10016 E Zygote  : accessInfo : 0

05-23 22:25:38.918 10016 10016 W SELinux : SELinux: seapp_context_lookup: seinfo=platform, level=s0:c512,c768, pkgname=com.sec.enterprise.knox.cloudmdm.smdms 

05-23 22:25:38.918   865  2167 I ActivityManager: Start proc 10016:com.sec.enterprise.knox.cloudmdm.smdms/u0a182 for broadcast-3 com.sec.enterprise.knox.cloudmdm.smdms/.core.CoreReceiver

05-23 22:25:38.918   865  2167 I ActivityManager: Killing 8868:com.sec.android.provider.badge/u0a80 (adj 15): DHA:empty #25

05-23 22:25:38.928  8606  9007 W ResourcesManager: getTopLevelResources: /system/app/PhotoTable/PhotoTable.apk / 1.0 running in com.android.vending rsrc of package null

05-23 22:25:38.938 20757 20768 I art     : Background partial concurrent mark sweep GC freed 291870(11MB) AllocSpace objects, 17(772KB) LOS objects, 31% free, 34MB/50MB, paused 1.812ms total 607.565ms

05-23 22:25:38.948   625 32492 W QCamera2Factory: getCameraInfo: E, camera_id = 0

05-23 22:25:38.948   625 32492 W QCamera2HWI: __dbg: info->orientation : 90 rc = 0

05-23 22:25:38.948   625 32492 W QCamera2Factory: getCameraInfo: X

05-23 22:25:38.958 20757  9999 I OcrModelUpStIntentOp: Updating ocr activity enabled=true (phenotypeFlag=true, lowRamDevice=false, prereqCheck=true)

05-23 22:25:38.958   865   887 D ActivityManager: cleanUpApplicationRecord -- 8868

05-23 22:25:38.958   865   887 D ActivityManager: isAutoRunBlockedApp:: com.sec.android.provider.badge, Auto Run ON

05-23 22:25:38.968 10016 10016 D TimaKeyStoreProvider: TimaSignature is unavailable

05-23 22:25:38.968 10016 10016 D ActivityThread: Added TimaKeyStore provider

05-23 22:25:38.968   865  1586 D PackageManager: setEnabledSetting : userId = 0 packageName = com.google.android.gms cmp = com.google.android.gms.ocr.SecuredCreditCardOcrActivity newState = 1 callingPackage = 10012

05-23 22:25:38.968   865  2255 D PackageManager: setEnabledSetting : userId = 0 packageName = com.google.android.gms cmp = com.google.android.gms.ocr.CardCaptureActivity newState = 1 callingPackage = 10012

05-23 22:25:38.968   865  1791 D PackageManager: setEnabledSetting : userId = 0 packageName = com.google.android.gms cmp = com.google.android.gms.ocr.GiftCardOcrActivity newState = 1 callingPackage = 10012

05-23 22:25:38.978   865  2202 V BroadcastQueue: [background] Process cur broadcast BroadcastRecord{110f0b8 u0 android.intent.action.PACKAGE_REMOVED qIdx=4}, state= (APP_RECEIVE) DELIVERED for app ProcessRecord{cbf2c6b 10016:com.sec.enterprise.knox.cloudmdm.smdms/u0a182}

05-23 22:25:38.978 10016 10016 W ResourcesManager: getTopLevelResources: /system/app/UniversalMDMClient/UniversalMDMClient.apk / 1.0 running in com.sec.enterprise.knox.cloudmdm.smdms rsrc of package null

05-23 22:25:38.998 20757  9999 I AsyncOpDispatcher: 43-RegisterDownload

05-23 22:25:39.008  8606  9007 W ResourcesManager: getTopLevelResources: /system/priv-app/HealthService/HealthService.apk / 1.0 running in com.android.vending rsrc of package null

05-23 22:25:39.078 10016 10016 W System  : ClassLoader referenced unknown path: /system/app/UniversalMDMClient/lib/arm

05-23 22:25:39.088 20757  9999 W ModuleInitIntentOp: Dropping unexpected action com.google.android.gms.phenotype.COMMITTED

05-23 22:25:39.088   865  2216 D PackageManager: setEnabledSetting : userId = 0 packageName = com.google.android.gms cmp = com.google.android.gms.carsetup.DrivingModeSettingsActivity newState = 2 callingPackage = 10012

05-23 22:25:39.088   865  1874 D PackageManager: setEnabledSetting : userId = 0 packageName = com.google.android.gms cmp = com.google.android.gms.carsetup.DrivingModeFrxActivity newState = 2 callingPackage = 10012

05-23 22:25:39.098   865   885 D PackageManager: setEnabledSetting : userId = 0 packageName = com.google.android.gms cmp = com.google.android.gms.matchstick.ui.BMMRegistrationActivity newState = 2 callingPackage = 10012

05-23 22:25:39.098   865  1791 D PackageManager: setEnabledSetting : userId = 0 packageName = com.google.android.gms cmp = com.google.android.gms.carsetup.DrivingModeToggleActivity newState = 2 callingPackage = 10012

05-23 22:25:39.098 20757  9661 I TelephonySpam: SettingsChangedIntentOp - SettingsChangedIntentOperation.run: Got intent Intent { act=com.google.android.gms.phenotype.COMMITTED flg=0x10 pkg=com.google.android.gms cmp=com.google.android.gms/.chimera.GmsIntentOperationService bqHint=4 (has extras) }

05-23 22:25:39.098 20757  9661 I TelephonySpam: SettingsChangedIntentOp - SettingsChangedIntentOperation.run Intent extra com.google.android.gms.phenotype.PACKAGE_NAME: com.google.android.gms.beacon

05-23 22:25:39.098 20757  9661 I TelephonySpam: SettingsChangedIntentOp - Action: com.google.android.gms.phenotype.COMMITTED

05-23 22:25:39.098 20757  9661 I TelephonySpam: SettingsChangedIntentOp - EXTRA_PACKAGE_NAME: com.google.android.gms.beacon

05-23 22:25:39.108 20757  9692 W ModuleInitIntentOp: Dropping unexpected action com.google.android.gms.phenotype.COMMITTED

05-23 22:25:39.108   865   885 D PackageManager: setEnabledSetting : userId = 0 packageName = com.google.android.gms cmp = com.google.android.gms.carsetup.DrivingModeSettingsActivity newState = 2 callingPackage = 10012

05-23 22:25:39.118   865  2183 D PackageManager: setEnabledSetting : userId = 0 packageName = com.google.android.gms cmp = com.google.android.gms.matchstick.ui.BMMRegistrationActivity newState = 2 callingPackage = 10012

05-23 22:25:39.118   865  2788 D PackageManager: setEnabledSetting : userId = 0 packageName = com.google.android.gms cmp = com.google.android.gms.carsetup.DrivingModeFrxActivity newState = 2 callingPackage = 10012

05-23 22:25:39.118 20757  9997 I TelephonySpam: SettingsChangedIntentOp - SettingsChangedIntentOperation.run: Got intent Intent { act=com.google.android.gms.phenotype.COMMITTED flg=0x10 pkg=com.google.android.gms cmp=com.google.android.gms/.chimera.GmsIntentOperationService bqHint=4 (has extras) }

05-23 22:25:39.118 20757  9997 I TelephonySpam: SettingsChangedIntentOp - SettingsChangedIntentOperation.run Intent extra com.google.android.gms.phenotype.PACKAGE_NAME: alt.com.google.android.gms.devicedoctor

05-23 22:25:39.118 20757  9997 I TelephonySpam: SettingsChangedIntentOp - Action: com.google.android.gms.phenotype.COMMITTED

05-23 22:25:39.118 20757  9997 I TelephonySpam: SettingsChangedIntentOp - EXTRA_PACKAGE_NAME: alt.com.google.android.gms.devicedoctor

05-23 22:25:39.118   865  2142 D PackageManager: setEnabledSetting : userId = 0 packageName = com.google.android.gms cmp = com.google.android.gms.carsetup.DrivingModeToggleActivity newState = 2 callingPackage = 10012

05-23 22:25:39.128 20757  9847 W ModuleInitIntentOp: Dropping unexpected action com.google.android.gms.phenotype.COMMITTED

05-23 22:25:39.128   865  1874 D PackageManager: setEnabledSetting : userId = 0 packageName = com.google.android.gms cmp = com.google.android.gms.carsetup.DrivingModeSettingsActivity newState = 2 callingPackage = 10012

05-23 22:25:39.128   865  1791 D PackageManager: setEnabledSetting : userId = 0 packageName = com.google.android.gms cmp = com.google.android.gms.carsetup.DrivingModeFrxActivity newState = 2 callingPackage = 10012

05-23 22:25:39.128 20757  9999 I TelephonySpam: SettingsChangedIntentOp - SettingsChangedIntentOperation.run: Got intent Intent { act=com.google.android.gms.phenotype.COMMITTED flg=0x10 pkg=com.google.android.gms cmp=com.google.android.gms/.chimera.GmsIntentOperationService bqHint=4 (has extras) }

05-23 22:25:39.128 20757  9999 I TelephonySpam: SettingsChangedIntentOp - SettingsChangedIntentOperation.run Intent extra com.google.android.gms.phenotype.PACKAGE_NAME: com.google.android.gms.tapandpay

05-23 22:25:39.128 20757  9999 I TelephonySpam: SettingsChangedIntentOp - Action: com.google.android.gms.phenotype.COMMITTED

05-23 22:25:39.128 20757  9999 I TelephonySpam: SettingsChangedIntentOp - EXTRA_PACKAGE_NAME: com.google.android.gms.tapandpay

05-23 22:25:39.128   865  2183 D PackageManager: setEnabledSetting : userId = 0 packageName = com.google.android.gms cmp = com.google.android.gms.carsetup.DrivingModeToggleActivity newState = 2 callingPackage = 10012

05-23 22:25:39.128   865  2142 D PackageManager: setEnabledSetting : userId = 0 packageName = com.google.android.gms cmp = com.google.android.gms.matchstick.ui.BMMRegistrationActivity newState = 2 callingPackage = 10012

05-23 22:25:39.128 20757  9847 W ModuleInitIntentOp: Dropping unexpected action com.google.android.gms.phenotype.COMMITTED

05-23 22:25:39.128  8606  9007 W ResourcesManager: getTopLevelResources: /system/app/SafetyInformation/SafetyInformation.apk / 1.0 running in com.android.vending rsrc of package null

05-23 22:25:39.138   865  2216 D PackageManager: setEnabledSetting : userId = 0 packageName = com.google.android.gms cmp = com.google.android.gms.carsetup.DrivingModeSettingsActivity newState = 2 callingPackage = 10012

05-23 22:25:39.138   865  2155 D PackageManager: setEnabledSetting : userId = 0 packageName = com.google.android.gms cmp = com.google.android.gms.matchstick.ui.BMMRegistrationActivity newState = 2 callingPackage = 10012

05-23 22:25:39.138   865  2202 D PackageManager: setEnabledSetting : userId = 0 packageName = com.google.android.gms cmp = com.google.android.gms.carsetup.DrivingModeFrxActivity newState = 2 callingPackage = 10012

05-23 22:25:39.138 20757  9692 I TelephonySpam: SettingsChangedIntentOp - SettingsChangedIntentOperation.run: Got intent Intent { act=com.google.android.gms.phenotype.COMMITTED flg=0x10 pkg=com.google.android.gms cmp=com.google.android.gms/.chimera.GmsIntentOperationService bqHint=4 (has extras) }

05-23 22:25:39.138 20757  9692 I TelephonySpam: SettingsChangedIntentOp - SettingsChangedIntentOperation.run Intent extra com.google.android.gms.phenotype.PACKAGE_NAME: com.google.android.gms.people.ui

05-23 22:25:39.138 20757  9692 I TelephonySpam: SettingsChangedIntentOp - Action: com.google.android.gms.phenotype.COMMITTED

05-23 22:25:39.138 20757  9692 I TelephonySpam: SettingsChangedIntentOp - EXTRA_PACKAGE_NAME: com.google.android.gms.people.ui

05-23 22:25:39.138   865  2255 D PackageManager: setEnabledSetting : userId = 0 packageName = com.google.android.gms cmp = com.google.android.gms.carsetup.DrivingModeToggleActivity newState = 2 callingPackage = 10012

05-23 22:25:39.148 20757  9998 W ModuleInitIntentOp: Dropping unexpected action com.google.android.gms.phenotype.COMMITTED

05-23 22:25:39.148   865  2142 D PackageManager: setEnabledSetting : userId = 0 packageName = com.google.android.gms cmp = com.google.android.gms.carsetup.DrivingModeSettingsActivity newState = 2 callingPackage = 10012

05-23 22:25:39.148 20757  9997 I TelephonySpam: SettingsChangedIntentOp - SettingsChangedIntentOperation.run: Got intent Intent { act=com.google.android.gms.phenotype.COMMITTED flg=0x10 pkg=com.google.android.gms cmp=com.google.android.gms/.chimera.GmsIntentOperationService bqHint=4 (has extras) }

05-23 22:25:39.148 20757  9997 I TelephonySpam: SettingsChangedIntentOp - SettingsChangedIntentOperation.run Intent extra com.google.android.gms.phenotype.PACKAGE_NAME: com.google.android.gms.auth_authzen

05-23 22:25:39.148 20757  9997 I TelephonySpam: SettingsChangedIntentOp - Action: com.google.android.gms.phenotype.COMMITTED

05-23 22:25:39.148 20757  9997 I TelephonySpam: SettingsChangedIntentOp - EXTRA_PACKAGE_NAME: com.google.android.gms.auth_authzen

05-23 22:25:39.148   865  2167 D PackageManager: setEnabledSetting : userId = 0 packageName = com.google.android.gms cmp = com.google.android.gms.matchstick.ui.BMMRegistrationActivity newState = 2 callingPackage = 10012

05-23 22:25:39.148   865  2202 D PackageManager: setEnabledSetting : userId = 0 packageName = com.google.android.gms cmp = com.google.android.gms.carsetup.DrivingModeFrxActivity newState = 2 callingPackage = 10012

05-23 22:25:39.158   865  2142 D PackageManager: setEnabledSetting : userId = 0 packageName = com.google.android.gms cmp = com.google.android.gms.carsetup.DrivingModeToggleActivity newState = 2 callingPackage = 10012

05-23 22:25:39.158 20757  9998 W ModuleInitIntentOp: Dropping unexpected action com.google.android.gms.phenotype.COMMITTED

05-23 22:25:39.158   865  2788 D PackageManager: setEnabledSetting : userId = 0 packageName = com.google.android.gms cmp = com.google.android.gms.carsetup.DrivingModeSettingsActivity newState = 2 callingPackage = 10012

05-23 22:25:39.158 10016 10016 D [0]UMC:UMCContentProvider: @onCreate

05-23 22:25:39.158   865   885 D PackageManager: setEnabledSetting : userId = 0 packageName = com.google.android.gms cmp = com.google.android.gms.matchstick.ui.BMMRegistrationActivity newState = 2 callingPackage = 10012

05-23 22:25:39.158   865  1791 D PackageManager: setEnabledSetting : userId = 0 packageName = com.google.android.gms cmp = com.google.android.gms.carsetup.DrivingModeFrxActivity newState = 2 callingPackage = 10012

05-23 22:25:39.158 20757  9696 I TelephonySpam: SettingsChangedIntentOp - SettingsChangedIntentOperation.run: Got intent Intent { act=com.google.android.gms.phenotype.COMMITTED flg=0x10 pkg=com.google.android.gms cmp=com.google.android.gms/.chimera.GmsIntentOperationService bqHint=4 (has extras) }

05-23 22:25:39.158 20757  9696 I TelephonySpam: SettingsChangedIntentOp - SettingsChangedIntentOperation.run Intent extra com.google.android.gms.phenotype.PACKAGE_NAME: com.google.android.gms.auth_folsom

05-23 22:25:39.158 20757  9696 I TelephonySpam: SettingsChangedIntentOp - Action: com.google.android.gms.phenotype.COMMITTED

05-23 22:25:39.158 20757  9696 I TelephonySpam: SettingsChangedIntentOp - EXTRA_PACKAGE_NAME: com.google.android.gms.auth_folsom

05-23 22:25:39.168   865  2167 D PackageManager: setEnabledSetting : userId = 0 packageName = com.google.android.gms cmp = com.google.android.gms.carsetup.DrivingModeToggleActivity newState = 2 callingPackage = 10012

05-23 22:25:39.168 20757  9692 W ModuleInitIntentOp: Dropping unexpected action com.google.android.gms.phenotype.COMMITTED

05-23 22:25:39.168   865  2255 D PackageManager: setEnabledSetting : userId = 0 packageName = com.google.android.gms cmp = com.google.android.gms.carsetup.DrivingModeSettingsActivity newState = 2 callingPackage = 10012

05-23 22:25:39.178   865  2183 D PackageManager: setEnabledSetting : userId = 0 packageName = com.google.android.gms cmp = com.google.android.gms.matchstick.ui.BMMRegistrationActivity newState = 2 callingPackage = 10012

05-23 22:25:39.178 20757  9696 I TelephonySpam: SettingsChangedIntentOp - SettingsChangedIntentOperation.run: Got intent Intent { act=com.google.android.gms.phenotype.COMMITTED flg=0x10 pkg=com.google.android.gms cmp=com.google.android.gms/.chimera.GmsIntentOperationService bqHint=4 (has extras) }

05-23 22:25:39.178 20757  9696 I TelephonySpam: SettingsChangedIntentOp - SettingsChangedIntentOperation.run Intent extra com.google.android.gms.phenotype.PACKAGE_NAME: com.google.android.gms.contextmanager

05-23 22:25:39.178 20757  9696 I TelephonySpam: SettingsChangedIntentOp - Action: com.google.android.gms.phenotype.COMMITTED

05-23 22:25:39.178 20757  9696 I TelephonySpam: SettingsChangedIntentOp - EXTRA_PACKAGE_NAME: com.google.android.gms.contextmanager

05-23 22:25:39.178 10016 10016 D [0]UMC:Core: onCreate(): 

05-23 22:25:39.178 10016 10016 D [0]UMC:Core: @isManagedProfileUser

05-23 22:25:39.178 10016 10016 D [0]UMC:Core: userInfo.isManagedProfile() : false

05-23 22:25:39.178   865  2202 D PackageManager: setEnabledSetting : userId = 0 packageName = com.google.android.gms cmp = com.google.android.gms.carsetup.DrivingModeFrxActivity newState = 2 callingPackage = 10012

05-23 22:25:39.178   865  1586 D PackageManager: setEnabledSetting : userId = 0 packageName = com.google.android.gms cmp = com.google.android.gms.carsetup.DrivingModeToggleActivity newState = 2 callingPackage = 10012

05-23 22:25:39.178 20757  9997 W ModuleInitIntentOp: Dropping unexpected action com.google.android.gms.phenotype.COMMITTED

05-23 22:25:39.178   865  1873 D PackageManager: setEnabledSetting : userId = 0 packageName = com.google.android.gms cmp = com.google.android.gms.carsetup.DrivingModeSettingsActivity newState = 2 callingPackage = 10012

05-23 22:25:39.188   865   887 D PackageManager: setEnabledSetting : userId = 0 packageName = com.google.android.gms cmp = com.google.android.gms.carsetup.DrivingModeFrxActivity newState = 2 callingPackage = 10012

05-23 22:25:39.188 20757  9997 I TelephonySpam: SettingsChangedIntentOp - SettingsChangedIntentOperation.run: Got intent Intent { act=com.google.android.gms.phenotype.COMMITTED flg=0x10 pkg=com.google.android.gms cmp=com.google.android.gms/.chimera.GmsIntentOperationService bqHint=4 (has extras) }

05-23 22:25:39.188 20757  9997 I TelephonySpam: SettingsChangedIntentOp - SettingsChangedIntentOperation.run Intent extra com.google.android.gms.phenotype.PACKAGE_NAME: com.google.android.gms.gconnect

05-23 22:25:39.188   865   885 D PackageManager: setEnabledSetting : userId = 0 packageName = com.google.android.gms cmp = com.google.android.gms.matchstick.ui.BMMRegistrationActivity newState = 2 callingPackage = 10012

05-23 22:25:39.188 20757  9997 I TelephonySpam: SettingsChangedIntentOp - Action: com.google.android.gms.phenotype.COMMITTED

05-23 22:25:39.188 20757  9997 I TelephonySpam: SettingsChangedIntentOp - EXTRA_PACKAGE_NAME: com.google.android.gms.gconnect

05-23 22:25:39.188   865  2202 D PackageManager: setEnabledSetting : userId = 0 packageName = com.google.android.gms cmp = com.google.android.gms.carsetup.DrivingModeToggleActivity newState = 2 callingPackage = 10012

05-23 22:25:39.198 20757  9998 W ModuleInitIntentOp: Dropping unexpected action com.google.android.gms.phenotype.COMMITTED

05-23 22:25:39.198   865  2788 D PackageManager: setEnabledSetting : userId = 0 packageName = com.google.android.gms cmp = com.google.android.gms.carsetup.DrivingModeSettingsActivity newState = 2 callingPackage = 10012

05-23 22:25:39.198   865  1791 D PackageManager: setEnabledSetting : userId = 0 packageName = com.google.android.gms cmp = com.google.android.gms.matchstick.ui.BMMRegistrationActivity newState = 2 callingPackage = 10012

05-23 22:25:39.198 20757  9998 I TelephonySpam: SettingsChangedIntentOp - SettingsChangedIntentOperation.run: Got intent Intent { act=com.google.android.gms.phenotype.COMMITTED flg=0x10 pkg=com.google.android.gms cmp=com.google.android.gms/.chimera.GmsIntentOperationService bqHint=4 (has extras) }

05-23 22:25:39.198 20757  9998 I TelephonySpam: SettingsChangedIntentOp - SettingsChangedIntentOperation.run Intent extra com.google.android.gms.phenotype.PACKAGE_NAME: com.google.android.gms.measurement

05-23 22:25:39.198 20757  9998 I TelephonySpam: SettingsChangedIntentOp - Action: com.google.android.gms.phenotype.COMMITTED

05-23 22:25:39.198 20757  9998 I TelephonySpam: SettingsChangedIntentOp - EXTRA_PACKAGE_NAME: com.google.android.gms.measurement

05-23 22:25:39.198   865   887 D PackageManager: setEnabledSetting : userId = 0 packageName = com.google.android.gms cmp = com.google.android.gms.carsetup.DrivingModeFrxActivity newState = 2 callingPackage = 10012

05-23 22:25:39.208   865  2142 D PackageManager: setEnabledSetting : userId = 0 packageName = com.google.android.gms cmp = com.google.android.gms.carsetup.DrivingModeToggleActivity newState = 2 callingPackage = 10012

05-23 22:25:39.208  8606  9007 W ResourcesManager: getTopLevelResources: /data/app/com.facebook.katana-1/base.apk / 1.0 running in com.android.vending rsrc of package null

05-23 22:25:39.268  8548  9527 I OpaEligibilityChecker: send OpaEligibilityChange broadcast to CommonBroadcastReceiver

05-23 22:25:39.318  8548  9527 E OpaEligibilityChecker: Updating xpromo flags, clock app not present.

05-23 22:25:39.328  8548  8557 W art     : Suspending all threads took: 5.784ms

05-23 22:25:39.358   865  4052 D SSRM:n  : SIOP:: AP = 480, PST = 413, CUR = 450, LCD = 35

05-23 22:25:39.368 14919 15067 I AsyncOpDispatcher: 51-CommitToConfigurationOperationCall

05-23 22:25:39.418 10016 10016 D [0]UMC:DeviceInfo: BRA==BR==br

05-23 22:25:39.428  8606  9007 W ResourcesManager: getTopLevelResources: /system/app/ringtoneBR/ringtoneBR.apk / 1.0 running in com.android.vending rsrc of package null

05-23 22:25:39.448  8606  9007 W ResourcesManager: getTopLevelResources: /system/priv-app/NoiseField/NoiseField.apk / 1.0 running in com.android.vending rsrc of package null

05-23 22:25:39.468 10016 10016 D USER_AGENT: UMC/1.7.6 (SM-G900MD) SAFE-5.6 KNOX-2.6 pt_BR

05-23 22:25:39.468 10016 10016 D [0]UMC:AdminManager: init - start

05-23 22:25:39.468  8606  9007 W ResourcesManager: getTopLevelResources: /system/app/KingdomsAndLords_FULL_Samsung_G900MD_IGP_LATAM_ML_IAP_121_KZ32/KingdomsAndLords_FULL_Samsung_G900MD_IGP_LATAM_ML_IAP_121_KZ32.apk / 1.0 running in com.android.vending rsrc of package null

05-23 22:25:39.478 10016 10016 D [0]UMC:AdminManager: loadAdmins

05-23 22:25:39.518 10016 10016 D [0]UMC:AdminManager: init - end

05-23 22:25:39.518 10016 10016 D GSLBManager: migrateStoredUrlFromOldPref

05-23 22:25:39.528  8606  9007 W ResourcesManager: getTopLevelResources: /system/app/LittlestPetShop_FULL_Samsung_G900MD_IGP_LATAM_ML_IAP_121_KZ33/LittlestPetShop_FULL_Samsung_G900MD_IGP_LATAM_ML_IAP_121_KZ33.apk / 1.0 running in com.android.vending rsrc of package null

05-23 22:25:39.548 10016 10016 D GSLBManager:  key : segd-api

05-23 22:25:39.548 10016 10016 D GSLBManager:  value : https://us-segd-api.secb2b.com:443/v2

05-23 22:25:39.558 14919  7749 I AsyncOpDispatcher: 51-GetExperimentTokensOperationCall

05-23 22:25:39.558 10016 10016 D GSLBManager:  key : umc-cdn

05-23 22:25:39.558 10016 10016 D GSLBManager:  value : 

05-23 22:25:39.568 10016 10016 D GSLBManager:  key : segp-api

05-23 22:25:39.568 10016 10016 D GSLBManager:  value : 

05-23 22:25:39.578 10016 10016 D GSLBManager:  key : myknoxapi

05-23 22:25:39.578 10016 10016 D GSLBManager:  value : 

05-23 22:25:39.598 10016 10016 D GSLBManager: migrateStoredUrlFromOldPref : Finished Migrating

05-23 22:25:39.598 10016 10016 D [0]UMC:CoreReceiver: Intent : android.intent.action.PACKAGE_REMOVED

05-23 22:25:39.598 10016 10016 D [0]UMC:CoreReceiver: PackageName : com.google.android.instantapps.supervisor

05-23 22:25:39.598 10016 10016 D [0]UMC:CoreReceiver: Intent Replacing : true

05-23 22:25:39.648 14919 15277 E aghj    : Phenotype API error. Event a <

05-23 22:25:39.648 14919 15277 E aghj    :   a: "LOCAL.com.google.android.agsa.QSB"

05-23 22:25:39.648 14919 15277 E aghj    :   b: 0

05-23 22:25:39.648 14919 15277 E aghj    :   e: ""

05-23 22:25:39.648 14919 15277 E aghj    :   f: ""

05-23 22:25:39.648 14919 15277 E aghj    :   g: 0

05-23 22:25:39.648 14919 15277 E aghj    :   h: 0

05-23 22:25:39.648 14919 15277 E aghj    :   i: ""

05-23 22:25:39.648 14919 15277 E aghj    :   j: 12

05-23 22:25:39.648 14919 15277 E aghj    : >

05-23 22:25:39.648 14919 15277 E aghj    : e: # bjyw@f5129a56

05-23 22:25:39.648 14919 15277 E aghj    : , EventCode: 7 -- metadata{ service_id: 51 }

05-23 22:25:39.648 14919 15277 E aghj    : aggc: 29505: No config packages for log source, or config package not registered

05-23 22:25:39.648 14919 15277 E aghj    : 	at aghv.b(:com.google.android.gms@12685022@12.6.85 (040308-197041431):4)

05-23 22:25:39.648 14919 15277 E aghj    : 	at aghj.a(:com.google.android.gms@12685022@12.6.85 (040308-197041431):40)

05-23 22:25:39.648 14919 15277 E aghj    : 	at aghj.a(:com.google.android.gms@12685022@12.6.85 (040308-197041431):108)

05-23 22:25:39.648 14919 15277 E aghj    : 	at oqt.run(:com.google.android.gms@12685022@12.6.85 (040308-197041431):40)

05-23 22:25:39.648 14919 15277 E aghj    : 	at azva.run(:com.google.android.gms@12685022@12.6.85 (040308-197041431):2)

05-23 22:25:39.648 14919 15277 E aghj    : 	at ovb.run(:com.google.android.gms@12685022@12.6.85 (040308-197041431):27)

05-23 22:25:39.648 14919 15277 E aghj    : 	at java.util.concurrent.ThreadPoolExecutor.runWorker(ThreadPoolExecutor.java:1113)

05-23 22:25:39.648 14919 15277 E aghj    : 	at java.util.concurrent.ThreadPoolExecutor$Worker.run(ThreadPoolExecutor.java:588)

05-23 22:25:39.648 14919 15277 E aghj    : 	at pbc.run(:com.google.android.gms@12685022@12.6.85 (040308-197041431))

05-23 22:25:39.648 14919 15277 E aghj    : 	at java.lang.Thread.run(Thread.java:818)

05-23 22:25:39.648 14919 15277 E AsyncOperation: serviceID=51, operation=GetExperimentTokensOperationCall

05-23 22:25:39.648 14919 15277 E AsyncOperation: OperationException[Status{statusCode=No config packages for log source, or config package not registered, resolution=null}]

05-23 22:25:39.648 14919 15277 E AsyncOperation: 	at aghj.a(:com.google.android.gms@12685022@12.6.85 (040308-197041431):53)

05-23 22:25:39.648 14919 15277 E AsyncOperation: 	at aghj.a(:com.google.android.gms@12685022@12.6.85 (040308-197041431):108)

05-23 22:25:39.648 14919 15277 E AsyncOperation: 	at oqt.run(:com.google.android.gms@12685022@12.6.85 (040308-197041431):40)

05-23 22:25:39.648 14919 15277 E AsyncOperation: 	at azva.run(:com.google.android.gms@12685022@12.6.85 (040308-197041431):2)

05-23 22:25:39.648 14919 15277 E AsyncOperation: 	at ovb.run(:com.google.android.gms@12685022@12.6.85 (040308-197041431):27)

05-23 22:25:39.648 14919 15277 E AsyncOperation: 	at java.util.concurrent.ThreadPoolExecutor.runWorker(ThreadPoolExecutor.java:1113)

05-23 22:25:39.648 14919 15277 E AsyncOperation: 	at java.util.concurrent.ThreadPoolExecutor$Worker.run(ThreadPoolExecutor.java:588)

05-23 22:25:39.648 14919 15277 E AsyncOperation: 	at pbc.run(:com.google.android.gms@12685022@12.6.85 (040308-197041431))

05-23 22:25:39.648 14919 15277 E AsyncOperation: 	at java.lang.Thread.run(Thread.java:818)

05-23 22:25:39.648 10016 10016 D [0]UMC:CoreReceiver: bulk enrolled package: null

05-23 22:25:39.658 10016 10016 D [0]UMC:CoreReceiver: do nothing for UMC Agent : com.google.android.instantapps.supervisor

05-23 22:25:39.658 10016 10016 D [0]UMC:CoreReceiver: handleAutoEnrollmentAndUMCAdminDeactivation

05-23 22:25:39.668 10034 10034 E Zygote  : v2

05-23 22:25:39.668 10034 10034 W SELinux : Function: selinux_compare_spd_ram, index[1], priority [2], priority version is VE=SEPF_SECMOBILE_6.0.1_0034

05-23 22:25:39.668 10034 10034 E Zygote  : accessInfo : 0

05-23 22:25:39.668   865  2788 I ActivityManager: Start proc 10034:com.sec.android.app.popupuireceiver/1000 for broadcast-3 com.sec.android.app.popupuireceiver/.PopupuiReceiver

05-23 22:25:39.668   865  2788 I ActivityManager: Killing 9143:com.sec.android.app.mt/1000 (adj 15): DHA:empty #25

05-23 22:25:39.668 10034 10034 I libpersona: KNOX_SDCARD checking this for 1000

05-23 22:25:39.668 10034 10034 I libpersona: KNOX_SDCARD not a persona

05-23 22:25:39.688  8606  9007 W ResourcesManager: getTopLevelResources: /system/priv-app/GoogleLoginService/GoogleLoginService.apk / 1.0 running in com.android.vending rsrc of package null

05-23 22:25:39.688   865  2167 D ActivityManager: cleanUpApplicationRecord -- 9143

05-23 22:25:39.688   865  2167 D ActivityManager: isAutoRunBlockedApp:: com.sec.android.app.mt, Auto Run ON

05-23 22:25:39.698  8548  8548 W SearchService: Abort, client detached.

05-23 22:25:39.748 10034 10034 D TimaKeyStoreProvider: TimaSignature is unavailable

05-23 22:25:39.748 10034 10034 D ActivityThread: Added TimaKeyStore provider

05-23 22:25:39.758   865  1791 V BroadcastQueue: [background] Process cur broadcast BroadcastRecord{110f0b8 u0 android.intent.action.PACKAGE_REMOVED qIdx=4}, state= (APP_RECEIVE) DELIVERED for app ProcessRecord{6d2bde3 10034:com.sec.android.app.popupuireceiver/1000}

05-23 22:25:39.758 10034 10034 W ResourcesManager: getTopLevelResources: /system/app/PopupuiReceiver_M/PopupuiReceiver_M.apk / 1.0 running in com.sec.android.app.popupuireceiver rsrc of package null

05-23 22:25:39.758  8606  9007 W ResourcesManager: getTopLevelResources: /system/priv-app/SmartManagerSDK/SmartManagerSDK.apk / 1.0 running in com.android.vending rsrc of package null

05-23 22:25:39.778 10034 10034 W System  : ClassLoader referenced unknown path: /system/app/PopupuiReceiver_M/lib/arm

05-23 22:25:39.788 10034 10034 D PR.PopupuiReceiver: >> onReceive() : android.intent.action.PACKAGE_REMOVED

05-23 22:25:39.798   865  2788 D SecContentProvider2: query(), uri = -1 selection = getSealedState

05-23 22:25:39.798   865  2183 D SecContentProvider2: query(), uri = 15 selection = getSealedHideNotificationMessages

05-23 22:25:39.798   865  2155 D SecContentProvider2: query(), uri = 15 selection = getCheckCoverPopupState

05-23 22:25:39.808 10034 10034 I PR.PopupuiReceiver_KNOX: knoxSealedHideNotiMsg : 0, knoxCheckCoverPopupState : true

05-23 22:25:39.808 10034 10034 D PR.PopupuiReceiver: actionPackageRemoved()

05-23 22:25:39.808 10034 10034 I PR.PopupuiReceiver: finish = true, dialog = false, toast = false

05-23 22:25:39.808 10034 10034 I PR.Utilities: finish from : null [0ms]

05-23 22:25:39.808 10034 10034 I Process : Sending signal. PID: 10034 SIG: 9

05-23 22:25:39.818 10048 10048 E Zygote  : v2

05-23 22:25:39.818 10048 10048 W SELinux : Function: selinux_compare_spd_ram, index[1], priority [2], priority version is VE=SEPF_SECMOBILE_6.0.1_0034

05-23 22:25:39.818 10048 10048 E Zygote  : accessInfo : 0

05-23 22:25:39.818 10048 10048 W SELinux : SELinux: seapp_context_lookup: seinfo=release, level=s0:c512,c768, pkgname=com.sec.android.app.shealth:remote 

05-23 22:25:39.818 10048 10048 I libpersona: KNOX_SDCARD checking this for 10035

05-23 22:25:39.818 10048 10048 I libpersona: KNOX_SDCARD not a persona

05-23 22:25:39.828   309   309 E lowmemorykiller: Error writing /proc/10034/oom_score_adj; errno=22

05-23 22:25:39.828   865  2142 I ActivityManager: Start proc 10048:com.sec.android.app.shealth:remote/u0a35 for broadcast-3 com.sec.android.app.shealth/com.samsung.android.service.health.status.PackageDelegateReceiver

05-23 22:25:39.828   865  2142 I ActivityManager: Killing 9542:com.google.android.partnersetup/u0a15 (adj 15): DHA:empty #25

05-23 22:25:39.838   865  2202 I ActivityManager: Process com.sec.android.app.popupuireceiver (pid 10034)(adj 9) has died(143,362)

05-23 22:25:39.838   865  2202 D ActivityManager: cleanUpApplicationRecord -- 10034

05-23 22:25:39.838   865  2202 D ActivityManager: isAutoRunBlockedApp:: com.sec.android.app.popupuireceiver, Auto Run ON

05-23 22:25:39.848   865  2202 W ContextImpl: Calling a method in the system process without a qualified user: android.app.ContextImpl.sendBroadcast:830 com.android.server.am.ActivityManagerService.updateOomAdjLocked:26721 com.android.server.am.ActivityManagerService.appDiedLocked:7572 com.android.server.am.ActivityManagerService$AppDeathRecipient.binderDied:1921 android.os.BinderProxy.sendDeathNotice:558 

05-23 22:25:39.858   865  1004 V MARsPolicyManager: executePolicy policy  spcmpolicy(1) reason Adj 14 BG Killed

05-23 22:25:39.868   865  1004 I ActivityManager: Force stopping com.google.android.apps.chromecast.app appid=10067 user=0: MARs-NonSticky-Kill-spcmpolicy(1)

05-23 22:25:39.868   865  1004 I ActivityManager: Killing 9433:com.google.android.apps.chromecast.app/u0a67 (adj 15): stop com.google.android.apps.chromecast.app cause MARs-NonSticky-Kill-spcmpolicy(1)

05-23 22:25:39.868   865  1004 D ActivityManager: cleanUpApplicationRecord -- 9433

05-23 22:25:39.868   865  1004 D ActivityManager: isAutoRunBlockedApp:: com.google.android.apps.chromecast.app, Auto Run ON

05-23 22:25:39.878   865  2183 D ActivityManager: cleanUpApplicationRecord -- 9542

05-23 22:25:39.878   865  2183 D ActivityManager: isAutoRunBlockedApp:: com.google.android.partnersetup, Auto Run ON

05-23 22:25:39.878  8606  9007 W ResourcesManager: getTopLevelResources: /system/priv-app/AccessControl_M/AccessControl_M.apk / 1.0 running in com.android.vending rsrc of package null

05-23 22:25:39.888 10048 10048 D TimaKeyStoreProvider: TimaSignature is unavailable

05-23 22:25:39.888 10048 10048 D ActivityThread: Added TimaKeyStore provider

05-23 22:25:39.888   865  1791 D ConnectivityService: ConnectivityService NetworkRequestInfo binderDied(NetworkRequest [ id=966, legacyType=-1, [ Capabilities: INTERNET&NOT_RESTRICTED&TRUSTED] ], android.os.BinderProxy@e2833e0)

05-23 22:25:39.888   865  1380 D ConnectivityService: releasing NetworkRequest NetworkRequest [ id=966, legacyType=-1, [ Capabilities: INTERNET&NOT_RESTRICTED&TRUSTED] ]

05-23 22:25:39.888   865  1380 D ConnectivityService: sending notification RELEASED for NetworkRequest [ id=966, legacyType=-1, [ Capabilities: INTERNET&NOT_RESTRICTED&TRUSTED] ]

05-23 22:25:39.888   865  1380 E ConnectivityService: RemoteException caught trying to send a callback msg for NetworkRequest [ id=966, legacyType=-1, [ Capabilities: INTERNET&NOT_RESTRICTED&TRUSTED] ]

05-23 22:25:39.898   865  2142 V BroadcastQueue: [background] Process cur broadcast BroadcastRecord{110f0b8 u0 android.intent.action.PACKAGE_REMOVED qIdx=4}, state= (APP_RECEIVE) DELIVERED for app ProcessRecord{62c8699 10048:com.sec.android.app.shealth:remote/u0a35}

05-23 22:25:39.908 10048 10048 W ResourcesManager: getTopLevelResources: /data/app/com.sec.android.app.shealth-1/base.apk / 1.0 running in com.sec.android.app.shealth rsrc of package null

05-23 22:25:39.918  8606  9007 W ResourcesManager: getTopLevelResources: /system/priv-app/SecLiveWallpapersPicker/SecLiveWallpapersPicker.apk / 1.0 running in com.android.vending rsrc of package null

05-23 22:25:39.938  8606  9007 W ResourcesManager: getTopLevelResources: /data/app/com.samsung.android.beaconmanager-1/base.apk / 1.0 running in com.android.vending rsrc of package null

05-23 22:25:39.988  8606  9007 W ResourcesManager: getTopLevelResources: /system/app/EdmSimPinService/EdmSimPinService.apk / 1.0 running in com.android.vending rsrc of package null

05-23 22:25:40.018  8606  9007 W ResourcesManager: getTopLevelResources: /system/priv-app/UcsPinpad/UcsPinpad.apk / 1.0 running in com.android.vending rsrc of package null

05-23 22:25:40.058   865  1755 E Watchdog: !@Sync 8118 [05-23 22:25:40.072]

05-23 22:25:40.158 10048 10048 I MultiDex: VM with version 2.1.0 has multidex support

05-23 22:25:40.158 10048 10048 I MultiDex: install

05-23 22:25:40.158 10048 10048 I MultiDex: VM has multidex support, MultiDex support library is disabled.

05-23 22:25:40.158 10048 10048 I MultiDex: install

05-23 22:25:40.158 10048 10048 I MultiDex: VM has multidex support, MultiDex support library is disabled.

05-23 22:25:40.178  8606  9007 W ResourcesManager: getTopLevelResources: /system/priv-app/Tag/Tag.apk / 1.0 running in com.android.vending rsrc of package null

