06-17 18:22:24.483  4704  4850 D ExynosCamera3Interface: DEBUG(check_camera_state):camera(0) state(1) checking...
06-17 18:22:24.483  4704  4850 D ExynosCamera3Interface: DEBUG(check_camera_state):camera(0) state(3:CLOSED->1:OPENED) is valid
06-17 18:22:24.483  4704  4850 E ExynosCamera3: Build Date is (__DATE__) (__TIME__)
06-17 18:22:24.483  4704  4850 I ExynosCamera3: [CAM_ID(0)][]-INFO(ExynosCamera3):cameraId(0), use_companion(1)
06-17 18:22:24.483  4704  4850 D ExynosCamera3: [CAM_ID(0)][]-DEBUG(ExynosCamera3): companionThread starts
06-17 18:22:24.483  4704 28463 I ExynosCamera3: [CAM_ID(0)][]-INFO(m_companionThreadFunc[7389]):
06-17 18:22:24.483  4704  4850 I ExynosCamera3SensorInfo: INFO(createExynosCamera3SensorInfo[52]):sensor ID 29
06-17 18:22:24.483  4704  4850 I ExynosCamera3Parameters: [CAM_ID(0)][ParametersBack]-DEBUG(m_setParamCropRegion):size0(4032, 3024, 4032, 3024)
06-17 18:22:24.483  4704  4850 I ExynosCamera3Parameters: [CAM_ID(0)][ParametersBack]-DEBUG(m_setParamCropRegion):size(0, 0, 4032, 3024), level(0)
06-17 18:22:24.484  4704  4850 I SecCameraUtil: INFO(checkBinningProperty[74]): set cam_binning property 0
06-17 18:22:24.484  4704  4850 I ExynosCamera3Parameters: [CAM_ID(0)][ParametersBack]-INFO(setDefaultCameraInfo[204])
06-17 18:22:24.484  4704  4850 D ExynosCamera3Parameters: [CAM_ID(0)][ParametersBack]-DEBUG(m_setBnsScaleRatio[1459]): update BNS ratio(0 -> 1000)
06-17 18:22:24.484  4704  4850 I ExynosCameraActivityControl: INFO(setHalVersion[906]): m_halVersion(1)
06-17 18:22:24.484  4704  4850 I ExynosCamera3Parameters: INFO(setHalVersion[6447]): m_halVersion(1)
06-17 18:22:24.484  4704 28463 D ExynosCameraNode: [CAM_ID(0)][companion]-DEBUG(open[262]): Node(109)(/dev/video109) opened. m_fd(17)
06-17 18:22:24.484  4704 28463 D ExynosCamera3: [CAM_ID(0)][]-DEBUG(m_companionThreadFunc):Companion Node(109) opened running)
06-17 18:22:24.484  4704  4850 D ExynosCameraRequestManager: [CAM_ID(0)][]-DEBUG(ExynosCameraRequestManager[1419])Create-ID(0)
06-17 18:22:24.484  4704  4850 D ExynosCameraStreamManager: DEBUG(ExynosCameraStreamManager[330]):ID(0)
06-17 18:22:24.484  4704  4850 D ExynosCameraStreamManager: DEBUG(m_init[343]):ID(0)
06-17 18:22:24.484  4704  4850 D ExynosCamera3: [CAM_ID(0)][]-DEBUG(m_createManagers):Stream Manager created
06-17 18:22:24.484  4704  4850 I ExynosCamera3: [CAM_ID(0)][]-INFO(m_createIonAllocator[4364]):try(1) to create IonAllocator
06-17 18:22:24.484  4704  4850 D ExynosCamera3: [CAM_ID(0)][]-DEBUG(m_createIonAllocator[4370]):m_createIonAllocator success (allocator=0xe5f83180)
06-17 18:22:24.484  4704  4850 D ExynosCamera3: [CAM_ID(0)][]-DEBUG(m_createBufferManager[4392]):m_createIonAllocator success
06-17 18:22:24.484  4704  4850 D ExynosCamera3: [CAM_ID(0)][]-DEBUG(m_createBufferManager):BufferManager(FLITE_BUF) created
06-17 18:22:24.484  4704  4850 D ExynosCamera3: [CAM_ID(0)][]-DEBUG(m_createBufferManager):BufferManager(3AA_BUF) created
06-17 18:22:24.484  4704  4850 D ExynosCamera3: [CAM_ID(0)][]-DEBUG(m_createBufferManager):BufferManager(ISP_BUF) created
06-17 18:22:24.484  4704  4850 D ExynosCamera3: [CAM_ID(0)][]-DEBUG(m_createBufferManager):BufferManager(MCSC_BUF) created
06-17 18:22:24.485  4704  4850 D ExynosCamera3: [CAM_ID(0)][]-DEBUG(m_createBufferManager):BufferManager(DEPTH_MAP_BUF) created
06-17 18:22:24.485  4704  4850 D ExynosCamera3: [CAM_ID(0)][]-DEBUG(m_createBufferManager):BufferManager(ISP_RE_BUF) created
06-17 18:22:24.485  4704  4850 D ExynosCamera3: [CAM_ID(0)][]-DEBUG(m_createBufferManager):BufferManager(YUV_CAPTURE_BUF) created
06-17 18:22:24.485  4704  4850 D ExynosCamera3: [CAM_ID(0)][]-DEBUG(m_createBufferManager):BufferManager(THUMBNAIL_BUF) created
06-17 18:22:24.485  4704  4850 D ExynosCamera3: [CAM_ID(0)][]-DEBUG(m_createThreads):Main thread created
06-17 18:22:24.485  4704  4850 D ExynosCamera3: [CAM_ID(0)][]-DEBUG(m_createThreads):Bayer Preview stream thread created
06-17 18:22:24.485  4704  4850 D ExynosCamera3: [CAM_ID(0)][]-DEBUG(m_createThreads):3AA Preview stream thread created
06-17 18:22:24.485  4704  4850 D ExynosCamera3: [CAM_ID(0)][]-DEBUG(m_createThreads):ISP Preview stream thread created
06-17 18:22:24.485  4704  4850 D ExynosCamera3: [CAM_ID(0)][]-DEBUG(m_createThreads):MCSC Preview stream thread created
06-17 18:22:24.485  4704  4850 D ExynosCamera3: [CAM_ID(0)][]-DEBUG(m_createThreads):SelectBayerThread created
06-17 18:22:24.485  4704  4850 D ExynosCamera3: [CAM_ID(0)][]-DEBUG(m_createThreads):CaptureThread created
06-17 18:22:24.485  4704  4850 D ExynosCamera3: [CAM_ID(0)][]-DEBUG(m_createThreads):Capture stream thread created
06-17 18:22:24.485  4704  4850 D ExynosCamera3: [CAM_ID(0)][]-DEBUG(m_createThreads):Buffer allocation thread created
06-17 18:22:24.485  4704  4850 D ExynosCamera3: [CAM_ID(0)][]-Duplicate buffer thread created
06-17 18:22:24.485  4704  4850 D ExynosCamera3: [CAM_ID(0)][]-DEBUG(m_createThreads):FrameFactoryCreateThread created
06-17 18:22:24.485  4704  4850 D ExynosCamera3: [CAM_ID(0)][]-DEBUG(m_createThreads):m_reprocessingFrameFactoryStartThread created
06-17 18:22:24.485  4704  4850 D ExynosCamera3: [CAM_ID(0)][]-DEBUG(m_createThreads):startPictureBufferThread created
06-17 18:22:24.485  4704  4850 D ExynosCamera3: [CAM_ID(0)][]-DEBUG(m_createThreads):FrameFactoryStartThread created
06-17 18:22:24.485  4704  4850 D ExynosCamera3: [CAM_ID(0)][]-DEBUG(m_createThreads):Internal Frame Handler Thread created
06-17 18:22:24.485  4704  4850 D ExynosCamera3: [CAM_ID(0)][]-DEBUG(m_createThreads):MonitorThread created
06-17 18:22:24.485  4704  4850 D ExynosCameraMetadataConverter: DEBUG(constructStaticInfo[401]):ID(0)
06-17 18:22:24.485  4704  4850 I ExynosCamera3SensorInfo: INFO(createExynosCamera3SensorInfo[52]):sensor ID 29
06-17 18:22:24.487 28059 28459 I sensor  : ASensorEventQueue_enableSensor: handle=0, name=K6DS3TR Acceleration Sensor, ret=0
06-17 18:22:24.487  4704  4850 D ExynosCameraFrameManager: DEBUG(ExynosCameraFrameManager): FrameManager CREATE(name(FRAME MANAGER) cameraid(0) mode(2)
06-17 18:22:24.487  4704  4850 D ExynosCameraFrameManager: [CAM_ID(0)][CREATE FRAME WORKER]-DEBUG(CreateWorker): Worker CREATE(name(CREATE FRAME WORKER) cameraid(0) mode(2) margin(40)  
06-17 18:22:24.488  4704  4850 D ExynosCameraFrameManager: [CAM_ID(0)][DELETE FRAME WORKER]-DEBUG(DeleteWorker): Worker CREATE(name(DELETE FRAME WORKER) cameraid(0) mode(2) 
06-17 18:22:24.488  4704  4850 I ExynosCamera3: [CAM_ID(0)][]-INFO(m_constructFrameFactory[3490]):-IN-
06-17 18:22:24.489 28059 28459 I sensor  : ASensorEventQueue_setEventRate: handle=0, name=K6DS3TR Acceleration Sensor, delay=5000, ret=0
06-17 18:22:24.503  4906  5247 E Sensors : Sensor : Meta event
06-17 18:22:24.509  4704 28463 D ExynosCamera3: [CAM_ID(0)][]-DEBUG(m_companionThreadFunc):Companion Node(109) s_input)
06-17 18:22:24.509  4704 28463 D ExynosCamera3: [CAM_ID(0)][]-DEBUG(m_companionThreadFunc):duration time(   26 msec)
06-17 18:22:24.509  4704  4850 I ExynosCamera3: [CAM_ID(0)][]-DEBUG(m_waitCompanionThreadEnd[7566]):companion waiting time : duration time(   20 msec)
06-17 18:22:24.509  4704  4850 I ExynosCamera3: [CAM_ID(0)][]-DEBUG(m_waitCompanionThreadEnd[7568]):companionThread join
06-17 18:22:24.509  4704  4850 I ExynosCamera3: [CAM_ID(0)][]-INFO(m_constructFrameFactory[3519]):-OUT-
06-17 18:22:24.509  4704  4850 D ExynosCamera3: DEBUG:duration time(   21 msec):(m_constructFrameFactory)
06-17 18:22:24.509  4704  4850 I ExynosCamera3Interface: INFO(HAL3_camera_device_open[111]):camera(0) out from new g_cam_device3[0]->priv()
06-17 18:22:24.509  4704  4850 I CameraService: torch_mode_status_change: cameraId=0, TorchStatus=0
06-17 18:22:24.509  4704  4850 I CameraService: onTorchStatusChangedLocked: Torch status changed for cameraId=0, newTorchStatus=0
06-17 18:22:24.509  4704  4850 I ExynosCamera3Interface: INFO(HAL3_camera_device_open[156]):camera(0) out =====
06-17 18:22:24.510  4704  4850 D ExynosCamera3Interface: DEBUG:duration time(   27 msec):(HAL3_camera_device_open)
06-17 18:22:24.510  4704  4850 I ExynosCamera3Interface: INFO(HAL3_camera_device_initialize[223]):in =====
06-17 18:22:24.510  4704  4850 E ExynosCamera3Interface: INFO(HAL3_camera_device_initialize[227]): dual cam_state[0](1)
06-17 18:22:24.510  4704  4850 D ExynosCamera3: [CAM_ID(0)][]-DEBUG(initilizeDevice[908])
06-17 18:22:24.510  4704  4850 D ExynosCamera3Parameters: [CAM_ID(0)][ParametersBack]-DEBUG(getUseDepthMap[5454]): m_flaguseDepthMap(1)
06-17 18:22:24.510  4704  4850 D ExynosCamera3Parameters: [CAM_ID(0)][ParametersBack]-DEBUG(checkUseDepthMap[5476]): depthMapW(504), depthMapH (282) getUseDepthMap(1)
06-17 18:22:24.510  4704 28464 D ExynosCamera3: [CAM_ID(0)][]-DEBUG(m_frameFactoryCreateThreadFunc[3347]):framefactory create
06-17 18:22:24.510  4704 28464 I ExynosCamera3FrameFactoryPreview: [CAM_ID(0)][FactoryBack]-INFO(create[37])
06-17 18:22:24.510  4704 28464 I ExynosCamera3FrameFactoryPreview: [CAM_ID(0)][FactoryBack]-INFO(m_setupConfig[1086])
06-17 18:22:24.510  4704 28464 D ExynosCamera3Parameters: [CAM_ID(0)][ParametersBack]-DEBUG(getUseDepthMap[5454]): m_flaguseDepthMap(1)
06-17 18:22:24.510  4704 28464 I ExynosCamera3FrameFactoryPreview: [CAM_ID(0)][FactoryBack]-INFO(m_setDeviceInfo[1215])
06-17 18:22:24.510  4704 28464 I ExynosCamera3FrameFactoryPreview: [CAM_ID(0)][FactoryBack]-INFO(m_constructMainPipes[1145])
06-17 18:22:24.510  4704 28467 E ExynosCamera3Parameters: [CAM_ID(0)][ParametersBack]-INFO(getHwPictureFormat):m_cameraInfo.pictureFormat(1448695129)
06-17 18:22:24.510  4704 28467 I ExynosCamera3: [CAM_ID(0)][]-(m_setReprocessingBuffer[7134]):Max Picture size 4032x3024 format 56595559
06-17 18:22:24.510  4704 28467 I ExynosCamera3: [CAM_ID(0)][]-(m_setReprocessingBuffer[7137]):MAX Thumbnail size 504x376
06-17 18:22:24.510  4704 28467 I ExynosCamera3: [CAM_ID(0)][]-INFO(m_allocBuffers[6619]):setInfo(planeCount=2, minBufCount=1, maxBufCount=32, type=4, allocMode=0)
06-17 18:22:24.510  4704 28467 D ExynosCameraBufferManager: [CAM_ID(0)][YUV_CAPTURE_BUF]-DEBUG(m_defaultAlloc[1188]):Duration time of buffer allocation(    0 msec)
06-17 18:22:24.510  4704 28467 D ExynosCameraBufferManager: DEBUG(m_defaultAlloc[1036]):SYNC_FORCE_CACHED
06-17 18:22:24.511  4704 28464 D ExynosCameraMCPipe: [CAM_ID(0)][]-DEBUG(setPipeId[1022]):nodeType(0), id(4)
06-17 18:22:24.511  4704 28464 D ExynosCameraMCPipe: [CAM_ID(0)][]-DEBUG(setPipeName[1045])
06-17 18:22:24.511  4704 28464 D ExynosCameraMCPipe: [CAM_ID(0)][]-DEBUG(setPipeId[1022]):nodeType(0), id(7)
06-17 18:22:24.511  4704 28464 D ExynosCameraMCPipe: [CAM_ID(0)][]-DEBUG(setPipeName[1045])
06-17 18:22:24.511  4704 28464 D ExynosCameraMCPipe: [CAM_ID(0)][]-DEBUG(setPipeId[1022]):nodeType(0), id(10)
06-17 18:22:24.511  4704 28464 D ExynosCameraMCPipe: [CAM_ID(0)][]-DEBUG(setPipeName[1045])
06-17 18:22:24.511  4704 28464 D ExynosCameraMCPipe: [CAM_ID(0)][]-DEBUG(setPipeId[1022]):nodeType(0), id(12)
06-17 18:22:24.511  4704 28464 D ExynosCameraMCPipe: [CAM_ID(0)][]-DEBUG(setPipeName[1045])
06-17 18:22:24.511  4704 28464 D exynos-libhwjpeg: CHWJpegV4L2Compressor Created: 0xd17ba80c, FD 35
06-17 18:22:24.511  4704 28464 D exynos-libhwjpeg: CHWJpegV4L2Compressor Created: 0xe655b700, FD 36
06-17 18:22:24.513  4704 28467 D ExynosCameraBufferManager: [CAM_ID(0)][YUV_CAPTURE_BUF]-DEBUG(m_defaultAlloc[1168]):duration time(    3 msec):(type=4, bufIndex=0, size=23.26)
06-17 18:22:24.513  4704 28464 D exynos-libhwjpeg: ExynosJpegEncoderForCamera Created: 0xd17ba808, ION 37
06-17 18:22:24.513  4704 28467 D ExynosCameraBufferManager: [CAM_ID(0)][YUV_CAPTURE_BUF]-DEBUG(m_defaultAlloc[1188]):Duration time of buffer allocation(    3 msec)
06-17 18:22:24.513  4704 28464 I ExynosCamera3FrameFactoryPreview: [CAM_ID(0)][FactoryBack]-INFO(m_constructMainPipes[1203]):pipe ids for preview
06-17 18:22:24.513  4704 28464 I ExynosCamera3FrameFactoryPreview: [CAM_ID(0)][FactoryBack]-INFO(m_constructMainPipes[1206]):-> m_pipes[0] : PipeId(0)
06-17 18:22:24.513  4704 28467 D ExynosCameraBufferManager: [CAM_ID(0)][YUV_CAPTURE_BUF]-DEBUG(alloc[240]):Allocate the buffer succeeded (m_allocatedBufCount=1, m_reqBufCount=1, m_allowedMaxBufCount=32) --- dumpBufferInfo ---
06-17 18:22:24.513  4704 28464 I ExynosCamera3FrameFactoryPreview: [CAM_ID(0)][FactoryBack]-INFO(m_constructMainPipes[1206]):-> m_pipes[4] : PipeId(4)
06-17 18:22:24.513  4704 28464 I ExynosCamera3FrameFactoryPreview: [CAM_ID(0)][FactoryBack]-INFO(m_constructMainPipes[1206]):-> m_pipes[7] : PipeId(7)
06-17 18:22:24.513  4704 28467 I ExynosCameraBufferManager: [CAM_ID(0)][YUV_CAPTURE_BUF]-INFO(dumpBufferInfo[1462]):[m_buffer[0].fd[0]=38] .addr=0x0 .size=24385536 .position=0 .permission=1]
06-17 18:22:24.513  4704 28464 I ExynosCamera3FrameFactoryPreview: [CAM_ID(0)][FactoryBack]-INFO(m_constructMainPipes[1206]):-> m_pipes[10] : PipeId(10)
06-17 18:22:24.513  4704 28467 I ExynosCameraBufferManager: [CAM_ID(0)][YUV_CAPTURE_BUF]-INFO(dumpBufferInfo[1462]):[m_buffer[0].fd[1]=20] .addr=0xecfbc000 .size=32768 .position=0 .permission=1]
06-17 18:22:24.513  4704 28464 I ExynosCamera3FrameFactoryPreview: [CAM_ID(0)][FactoryBack]-INFO(m_constructMainPipes[1206]):-> m_pipes[12] : PipeId(12)
06-17 18:22:24.513  4704 28467 D ExynosCameraBufferManager: [CAM_ID(0)][YUV_CAPTURE_BUF]-DEBUG(alloc[243]):------------------------------------------------------------------
06-17 18:22:24.513  4704 28464 I ExynosCamera3FrameFactoryPreview: [CAM_ID(0)][FactoryBack]-INFO(m_constructMainPipes[1206]):-> m_pipes[21] : PipeId(21)
06-17 18:22:24.513  4704 28467 D ExynosCameraBufferManager: DEBUG:duration time(    3 msec):(alloc)
06-17 18:22:24.513  4704 28464 I ExynosCamera3FrameFactoryPreview: [CAM_ID(0)][FactoryBack]-INFO(m_constructMainPipes[1206]):-> m_pipes[22] : PipeId(22)
06-17 18:22:24.513  4704 28464 I ExynosCamera3FrameFactoryPreview: [CAM_ID(0)][FactoryBack]-INFO(m_constructMainPipes[1206]):-> m_pipes[23] : PipeId(23)
06-17 18:22:24.513  4704 28467 I ExynosCamera3: [CAM_ID(0)][]-INFO(m_allocBuffers[6619]):setInfo(planeCount=2, minBufCount=1, maxBufCount=32, type=1, allocMode=0)
06-17 18:22:24.513  4704 28464 I ExynosCamera3FrameFactoryPreview: [CAM_ID(0)][FactoryBack]-INFO(m_constructMainPipes[1206]):-> m_pipes[24] : PipeId(24)
06-17 18:22:24.513  4704 28464 D ExynosCameraPipeFlite: [CAM_ID(0)][PIPE_FLITE]-DEBUG(create[43])
06-17 18:22:24.513  4704 28464 D ExynosCameraPipeFlite: [CAM_ID(0)]-DEBUG(m_createNode[132]): skip new g_nodeRefCount[1] : (1)
06-17 18:22:24.513  4704 28464 D ExynosCamera3Parameters: [CAM_ID(0)][ParametersBack]-DEBUG(getUseDepthMap[5454]): m_flaguseDepthMap(1)
06-17 18:22:24.513  4704 28467 D ExynosCameraBufferManager: [CAM_ID(0)][THUMBNAIL_BUF]-DEBUG(m_defaultAlloc[1188]):Duration time of buffer allocation(    0 msec)
06-17 18:22:24.513  4704 28464 D ExynosCameraPipeFlite: [CAM_ID(0)]-DEBUG(m_createVcNode[194]):Skip new g_vcNodeRefCount[2] : 1
06-17 18:22:24.513  4704 28464 I ExynosCameraPipeFlite: [CAM_ID(0)][PIPE_FLITE]-INFO(create[97]):create() is succeed (0) prepare (2)
06-17 18:22:24.513  4704 28464 D ExynosCamera3FrameFactoryPreview: [CAM_ID(0)][FactoryBack]-DEBUG(create[52]):PIPE_FLITE(0) created
06-17 18:22:24.513  4704 28464 D ExynosCameraMCPipe: [CAM_ID(0)][PIPE_3AA]-DEBUG(create[37])
06-17 18:22:24.513  4704 28467 D ExynosCameraBufferManager: [CAM_ID(0)][THUMBNAIL_BUF]-DEBUG(m_defaultAlloc[1168]):duration time(    0 msec):(type=1, bufIndex=0, size=0.36)
06-17 18:22:24.513  4704 28464 D ExynosCameraMCPipe: [CAM_ID(0)][PIPE_3AA]-DEBUG(m_preCreate[1304])
06-17 18:22:24.513  4704 28467 D ExynosCameraBufferManager: [CAM_ID(0)][THUMBNAIL_BUF]-DEBUG(m_defaultAlloc[1188]):Duration time of buffer allocation(    0 msec)
06-17 18:22:24.513  4704 28467 D ExynosCameraBufferManager: [CAM_ID(0)][THUMBNAIL_BUF]-DEBUG(alloc[240]):Allocate the buffer succeeded (m_allocatedBufCount=1, m_reqBufCount=1, m_allowedMaxBufCount=32) --- dumpBufferInfo ---
06-17 18:22:24.513  4704 28467 I ExynosCameraBufferManager: [CAM_ID(0)][THUMBNAIL_BUF]-INFO(dumpBufferInfo[1462]):[m_buffer[0].fd[0]=40] .addr=0x0 .size=379008 .position=0 .permission=1]
06-17 18:22:24.514  4704 28467 I ExynosCameraBufferManager: [CAM_ID(0)][THUMBNAIL_BUF]-INFO(dumpBufferInfo[1462]):[m_buffer[0].fd[1]=39] .addr=0xecf88000 .size=32768 .position=0 .permission=1]
06-17 18:22:24.514  4704 28467 D ExynosCameraBufferManager: [CAM_ID(0)][THUMBNAIL_BUF]-DEBUG(alloc[243]):------------------------------------------------------------------
06-17 18:22:24.514  4704 28464 D ExynosCameraNode: [CAM_ID(0)][3AA_OUTPUT]-DEBUG(open[262]): Node(110)(/dev/video110) opened. m_fd(41)
06-17 18:22:24.514  4704 28467 D ExynosCameraBufferManager: DEBUG:duration time(    1 msec):(alloc)
06-17 18:22:24.514  4704 28464 D ExynosCameraNode: [CAM_ID(0)][3AA_CAPTURE]-DEBUG(open[262]): Node(111)(/dev/video111) opened. m_fd(42)
06-17 18:22:24.514  4704 28464 D ExynosCameraNode: [CAM_ID(0)][3AA_PREVIEW]-DEBUG(open[262]): Node(112)(/dev/video112) opened. m_fd(43)
06-17 18:22:24.514  4704 28464 I ExynosCameraMCPipe: [CAM_ID(0)][PIPE_3AA]-INFO(m_preCreate[1446]):m_preCreate() is succeed, Pipe(4), prepare(0)
06-17 18:22:24.514  4704 28464 D ExynosCameraMCPipe: [CAM_ID(0)][PIPE_3AA]-DEBUG(m_postCreate[1453])
06-17 18:22:24.514  4704 28464 I ExynosCameraMCPipe: [CAM_ID(0)][PIPE_3AA]-INFO(m_postCreate[1477]):m_postCreate() is succeed, Pipe(4)
06-17 18:22:24.514  4704 28464 D ExynosCamera3FrameFactoryPreview: [CAM_ID(0)][FactoryBack]-DEBUG(create[62]):PIPE_3AA(4) created
06-17 18:22:24.514  4704 28464 D ExynosCameraMCPipe: [CAM_ID(0)][PIPE_ISP]-DEBUG(create[37])
06-17 18:22:24.514  4704 28464 D ExynosCameraMCPipe: [CAM_ID(0)][PIPE_ISP]-DEBUG(m_preCreate[1304])
06-17 18:22:24.514  4704 28464 D ExynosCameraNode: [CAM_ID(0)][ISP_OUTPUT]-DEBUG(open[262]): Node(130)(/dev/video130) opened. m_fd(44)
06-17 18:22:24.514  4704 28464 D ExynosCameraNode: [CAM_ID(0)][ISP_CAPTURE]-DEBUG(open[262]): Node(131)(/dev/video131) opened. m_fd(45)
06-17 18:22:24.514  4704 28464 D ExynosCameraNode: [CAM_ID(0)][MCSC_PREVIEW]-DEBUG(open[262]): Node(170)(/dev/video170) opened. m_fd(46)
06-17 18:22:24.514  4704 28464 D ExynosCameraNode: [CAM_ID(0)][MCSC_PREVIEW_CALLBACK]-DEBUG(open[262]): Node(171)(/dev/video171) opened. m_fd(47)
06-17 18:22:24.514  4704 28464 D ExynosCameraNode: [CAM_ID(0)][MCSC_RECORDING]-DEBUG(open[262]): Node(172)(/dev/video172) opened. m_fd(48)
06-17 18:22:24.514  4704 28464 D ExynosCameraNode: [CAM_ID(0)][ISP_PREVIEW]-DEBUG(open[262]): Node(132)(/dev/video132) opened. m_fd(49)
06-17 18:22:24.514  4704 28464 D ExynosCameraNode: [CAM_ID(0)][MCSC_OUTPUT]-DEBUG(open[262]): Node(160)(/dev/video160) opened. m_fd(50)
06-17 18:22:24.514  4704 28464 I ExynosCameraMCPipe: [CAM_ID(0)][PIPE_ISP]-INFO(m_preCreate[1446]):m_preCreate() is succeed, Pipe(7), prepare(0)
06-17 18:22:24.514  4704 28464 D ExynosCameraMCPipe: [CAM_ID(0)][PIPE_ISP]-DEBUG(m_postCreate[1453])
06-17 18:22:24.514  4704 28464 I ExynosCameraMCPipe: [CAM_ID(0)][PIPE_ISP]-INFO(m_postCreate[1477]):m_postCreate() is succeed, Pipe(7)
06-17 18:22:24.514  4704 28464 D ExynosCamera3FrameFactoryPreview: [CAM_ID(0)][FactoryBack]-DEBUG(create[72]):PIPE_ISP(7) created
06-17 18:22:24.514  4704 28464 D ExynosCameraMCPipe: [CAM_ID(0)][PIPE_TPU]-DEBUG(create[37])
06-17 18:22:24.514  4704 28464 D ExynosCameraMCPipe: [CAM_ID(0)][PIPE_TPU]-DEBUG(m_preCreate[1304])
06-17 18:22:24.514  4704 28464 I ExynosCameraMCPipe: [CAM_ID(0)][PIPE_TPU]-INFO(m_preCreate[1446]):m_preCreate() is succeed, Pipe(10), prepare(0)
06-17 18:22:24.514  4704 28464 D ExynosCameraMCPipe: [CAM_ID(0)][PIPE_TPU]-DEBUG(m_postCreate[1453])
06-17 18:22:24.514  4704 28464 I ExynosCameraMCPipe: [CAM_ID(0)][PIPE_TPU]-INFO(m_postCreate[1477]):m_postCreate() is succeed, Pipe(10)
06-17 18:22:24.514  4704 28464 D ExynosCamera3FrameFactoryPreview: [CAM_ID(0)][FactoryBack]-DEBUG(create[82]):PIPE_TPU(10) created
06-17 18:22:24.514  4704 28464 D ExynosCameraMCPipe: [CAM_ID(0)][PIPE_MCSC]-DEBUG(create[37])
06-17 18:22:24.514  4704 28464 D ExynosCameraMCPipe: [CAM_ID(0)][PIPE_MCSC]-DEBUG(m_preCreate[1304])
06-17 18:22:24.514  4704 28464 I ExynosCameraMCPipe: [CAM_ID(0)][PIPE_MCSC]-INFO(m_preCreate[1446]):m_preCreate() is succeed, Pipe(12), prepare(0)
06-17 18:22:24.514  4704 28464 D ExynosCameraMCPipe: [CAM_ID(0)][PIPE_MCSC]-DEBUG(m_postCreate[1453])
06-17 18:22:24.514  4704 28464 I ExynosCameraMCPipe: [CAM_ID(0)][PIPE_MCSC]-INFO(m_postCreate[1477]):m_postCreate() is succeed, Pipe(12)
06-17 18:22:24.514  4704 28464 D ExynosCamera3FrameFactoryPreview: [CAM_ID(0)][FactoryBack]-DEBUG(create[92]):PIPE_MCSC(12) created
06-17 18:22:24.514  4704 28464 I ExynosCameraPipeGSC: [CAM_ID(0)][PIPE_GSC]-INFO(create[47]):create() is succeed (21)
06-17 18:22:24.514  4704 28464 D ExynosCamera3FrameFactoryPreview: [CAM_ID(0)][FactoryBack]-DEBUG(create[102]):PIPE_GSC(21) created
06-17 18:22:24.514  4704 28464 I ExynosCameraPipeGSC: [CAM_ID(0)][PIPE_GSC_VIDEO]-INFO(create[47]):create() is succeed (22)
06-17 18:22:24.514  4704 28464 D ExynosCamera3FrameFactoryPreview: [CAM_ID(0)][FactoryBack]-DEBUG(create[111]):PIPE_GSC_VIDEO(22) created
06-17 18:22:24.514  4704 28464 D ExynosCameraMCPipe: [CAM_ID(0)][PIPE_3AA]-DEBUG(setControl[449])
06-17 18:22:24.514  4704 28464 I ExynosCameraMCPipe: [CAM_ID(0)][PIPE_3AA]-INFO(setControl[460]):setControl() is succeed, Pipe(4)
06-17 18:22:24.514  4704 28464 D ExynosCameraMCPipe: [CAM_ID(0)][PIPE_3AA]-DEBUG(setControl[449])
06-17 18:22:24.514  4704 28464 I ExynosCameraMCPipe: [CAM_ID(0)][PIPE_3AA]-INFO(setControl[460]):setControl() is succeed, Pipe(4)
06-17 18:22:24.514  4704 28464 D ExynosCamera3: [CAM_ID(0)][]-DEBUG(m_frameFactoryCreateThreadFunc[3350]):framefactory already create
06-17 18:22:24.514  4704 28464 D ExynosCamera3: [CAM_ID(0)][]-DEBUG(m_frameFactoryCreateThreadFunc[3350]):framefactory already create
06-17 18:22:24.514  4704 28464 D ExynosCamera3: [CAM_ID(0)][]-DEBUG(m_frameFactoryCreateThreadFunc[3347]):framefactory create
06-17 18:22:24.514  4704 28464 I ExynosCamera3FrameReprocessingFactory: [CAM_ID(0)][ReprocessingFactory]-INFO(create[37])
06-17 18:22:24.514  4704 28464 I ExynosCamera3FrameReprocessingFactory: [CAM_ID(0)][ReprocessingFactory]-INFO(m_setupConfig[799])
06-17 18:22:24.514  4704 28464 I ExynosCamera3FrameReprocessingFactory: [CAM_ID(0)][ReprocessingFactory]-INFO(m_constructReprocessingPipes[1011])
06-17 18:22:24.515  4704 28464 D ExynosCameraMCPipe: [CAM_ID(0)][]-DEBUG(setPipeId[1022]):nodeType(0), id(201)
06-17 18:22:24.515  4704 28464 D ExynosCameraMCPipe: [CAM_ID(0)][]-DEBUG(setPipeName[1045])
06-17 18:22:24.515  4704 28464 D ExynosCameraMCPipe: [CAM_ID(0)][]-DEBUG(setPipeId[1022]):nodeType(0), id(204)
06-17 18:22:24.515  4704 28464 D ExynosCameraMCPipe: [CAM_ID(0)][]-DEBUG(setPipeName[1045])
06-17 18:22:24.515  4704 28464 D ExynosCameraMCPipe: [CAM_ID(0)][]-DEBUG(setPipeId[1022]):nodeType(0), id(209)
06-17 18:22:24.515  4704 28464 D ExynosCameraMCPipe: [CAM_ID(0)][]-DEBUG(setPipeName[1045])
06-17 18:22:24.515  4704 28464 I ExynosCamera3FrameReprocessingFactory: [CAM_ID(0)][ReprocessingFactory]-INFO(m_constructReprocessingPipes[1047]):pipe ids for reprocessing
06-17 18:22:24.515  4704 28464 I ExynosCamera3FrameReprocessingFactory: [CAM_ID(0)][ReprocessingFactory]-INFO(m_constructReprocessingPipes[1050]):-> m_pipes[1] : PipeId(201)
06-17 18:22:24.515  4704 28464 I ExynosCamera3FrameReprocessingFactory: [CAM_ID(0)][ReprocessingFactory]-INFO(m_constructReprocessingPipes[1050]):-> m_pipes[4] : PipeId(204)
06-17 18:22:24.515  4704 28464 I ExynosCamera3FrameReprocessingFactory: [CAM_ID(0)][ReprocessingFactory]-INFO(m_constructReprocessingPipes[1050]):-> m_pipes[9] : PipeId(209)
06-17 18:22:24.515  4704 28464 I ExynosCamera3FrameReprocessingFactory: [CAM_ID(0)][ReprocessingFactory]-INFO(m_constructReprocessingPipes[1050]):-> m_pipes[17] : PipeId(217)
06-17 18:22:24.515  4704 28464 D ExynosCameraMCPipe: [CAM_ID(0)][PIPE_3AA_REPROCESSING]-DEBUG(create[37])
06-17 18:22:24.515  4704 28464 D ExynosCameraMCPipe: [CAM_ID(0)][PIPE_3AA_REPROCESSING]-DEBUG(m_preCreate[1304])
06-17 18:22:24.515  4704 28464 D ExynosCameraNode: [CAM_ID(0)][REPROCESSING_3AA_OUTPUT]-DEBUG(open[262]): Node(120)(/dev/video120) opened. m_fd(51)
06-17 18:22:24.515  4704 28464 D ExynosCameraNode: [CAM_ID(0)][REPROCESSING_ISP_CAPTURE_M2M]-DEBUG(open[262]): Node(141)(/dev/video141) opened. m_fd(52)
06-17 18:22:24.515  4704 28464 D ExynosCameraNode: [CAM_ID(0)][MCSC_CAPTURE_MAIN]-DEBUG(open[262]): Node(173)(/dev/video173) opened. m_fd(53)
06-17 18:22:24.515  4704 28464 D ExynosCameraNode: [CAM_ID(0)][MCSC_CAPTURE_THUMBNAIL]-DEBUG(open[262]): Node(174)(/dev/video174) opened. m_fd(54)
06-17 18:22:24.515  4704 28464 D ExynosCameraNodeJpegHAL: [CAM_ID(0)][HWFC_JPEG_DST]-DEBUG(open[193]):open
06-17 18:22:24.515  4704 28464 D exynos-libhwjpeg: CHWJpegV4L2Compressor Created: 0xd164b004, FD 55
06-17 18:22:24.515  4704 28464 D exynos-libhwjpeg: CHWJpegV4L2Compressor Created: 0xe655be00, FD 56
06-17 18:22:24.515  4704 28464 D exynos-libhwjpeg: ExynosJpegEncoderForCamera Created: 0xd164b000, ION 57
06-17 18:22:24.515  4704 28464 D ExynosCameraNodeJpegHAL: [CAM_ID(0)][HWFC_JPEG_DST]-DEBUG(open[233]):Node(200)(/dev/video200) opened.
06-17 18:22:24.515  4704 28464 D ExynosCameraNodeJpegHAL: [CAM_ID(0)][HWFC_JPEG_SRC]-DEBUG(open[193]):open
06-17 18:22:24.515  4704 28464 D ExynosCameraMCPipe: [CAM_ID(0)][PIPE_3AA_REPROCESSING]-DEBUG(m_preCreate[1346]):JpegHAL Node(200) opened
06-17 18:22:24.515  4704 28464 D ExynosCameraNodeJpegHAL: [CAM_ID(0)][HWFC_THUMBNAIL_SRC]-DEBUG(open[193]):open
06-17 18:22:24.516  4704 28464 D ExynosCameraMCPipe: [CAM_ID(0)][PIPE_3AA_REPROCESSING]-DEBUG(m_preCreate[1346]):JpegHAL Node(201) opened
06-17 18:22:24.516  4704 28464 D ExynosCameraNodeJpegHAL: [CAM_ID(0)][HWFC_THUMBNAIL_DST]-DEBUG(open[193]):open
06-17 18:22:24.516  4704 28464 D ExynosCameraMCPipe: [CAM_ID(0)][PIPE_3AA_REPROCESSING]-DEBUG(m_preCreate[1346]):JpegHAL Node(201) opened
06-17 18:22:24.516  4704 28464 D ExynosCameraNode: [CAM_ID(0)][REPROCESSING_3AA_CAPTURE_MAIN]-DEBUG(open[262]): Node(122)(/dev/video122) opened. m_fd(58)
06-17 18:22:24.516  4704 28464 D ExynosCameraNode: [CAM_ID(0)][REPROCESSING_ISP_OUTPUT]-DEBUG(open[262]): Node(140)(/dev/video140) opened. m_fd(59)
06-17 18:22:24.516  4704 28464 D ExynosCameraNode: [CAM_ID(0)][REPROCESSING_ISP_CAPTURE_OTF]-DEBUG(open[262]): Node(142)(/dev/video142) opened. m_fd(60)
06-17 18:22:24.516  4704 28464 D ExynosCameraNode: [CAM_ID(0)][MCSC_OUTPUT]-DEBUG(open[262]): Node(161)(/dev/video161) opened. m_fd(61)
06-17 18:22:24.516  4704 28464 I ExynosCameraMCPipe: [CAM_ID(0)][PIPE_3AA_REPROCESSING]-INFO(m_preCreate[1446]):m_preCreate() is succeed, Pipe(201), prepare(0)
06-17 18:22:24.516  4704 28464 D ExynosCameraMCPipe: [CAM_ID(0)][PIPE_3AA_REPROCESSING]-DEBUG(m_postCreate[1453])
06-17 18:22:24.516  4704 28464 I ExynosCameraMCPipe: [CAM_ID(0)][PIPE_3AA_REPROCESSING]-INFO(m_postCreate[1477]):m_postCreate() is succeed, Pipe(201)
06-17 18:22:24.516  4704 28464 D ExynosCamera3FrameReprocessingFactory: [CAM_ID(0)][ReprocessingFactory]-DEBUG(create[52]):PIPE_3AA_REPROCESSING(201) created
06-17 18:22:24.516  4704 28464 D ExynosCameraMCPipe: [CAM_ID(0)][PIPE_ISP_REPROCESSING]-DEBUG(create[37])
06-17 18:22:24.516  4704 28464 D ExynosCameraMCPipe: [CAM_ID(0)][PIPE_ISP_REPROCESSING]-DEBUG(m_preCreate[1304])
06-17 18:22:24.516  4704 28464 I ExynosCameraMCPipe: [CAM_ID(0)][PIPE_ISP_REPROCESSING]-INFO(m_preCreate[1446]):m_preCreate() is succeed, Pipe(204), prepare(0)
06-17 18:22:24.516  4704 28464 D ExynosCameraMCPipe: [CAM_ID(0)][PIPE_ISP_REPROCESSING]-DEBUG(m_postCreate[1453])
06-17 18:22:24.516  4704 28464 I ExynosCameraMCPipe: [CAM_ID(0)][PIPE_ISP_REPROCESSING]-INFO(m_postCreate[1477]):m_postCreate() is succeed, Pipe(204)
06-17 18:22:24.516  4704 28464 D ExynosCamera3FrameReprocessingFactory: [CAM_ID(0)][ReprocessingFactory]-DEBUG(create[62]):PIPE_ISP_REPROCESSING(204) created
06-17 18:22:24.516  4704 28464 D ExynosCameraMCPipe: [CAM_ID(0)][PIPE_MCSC_REPROCESSING]-DEBUG(create[37])
06-17 18:22:24.516  4704 28464 D ExynosCameraMCPipe: [CAM_ID(0)][PIPE_MCSC_REPROCESSING]-DEBUG(m_preCreate[1304])
06-17 18:22:24.516  4704 28464 I ExynosCameraMCPipe: [CAM_ID(0)][PIPE_MCSC_REPROCESSING]-INFO(m_preCreate[1446]):m_preCreate() is succeed, Pipe(209), prepare(0)
06-17 18:22:24.516  4704 28464 D ExynosCameraMCPipe: [CAM_ID(0)][PIPE_MCSC_REPROCESSING]-DEBUG(m_postCreate[1453])
06-17 18:22:24.516  4704 28464 I ExynosCameraMCPipe: [CAM_ID(0)][PIPE_MCSC_REPROCESSING]-INFO(m_postCreate[1477]):m_postCreate() is succeed, Pipe(209)
06-17 18:22:24.516  4704 28464 D ExynosCamera3FrameReprocessingFactory: [CAM_ID(0)][ReprocessingFactory]-DEBUG(create[72]):PIPE_MCSC_REPROCESSING(209) created
06-17 18:22:24.516  4704 28464 I ExynosCameraPipeGSC: [CAM_ID(0)][PIPE_GSC_REPROCESSING]-INFO(create[47]):create() is succeed (217)
06-17 18:22:24.516  4704 28464 D ExynosCamera3FrameReprocessingFactory: [CAM_ID(0)][ReprocessingFactory]-DEBUG(create[82]):PIPE_GSC_REPROCESSING(217) created
06-17 18:22:24.516  4704 28464 D ExynosCameraMCPipe: [CAM_ID(0)][PIPE_3AA_REPROCESSING]-DEBUG(setControl[449])
06-17 18:22:24.516  4704 28464 I ExynosCameraMCPipe: [CAM_ID(0)][PIPE_3AA_REPROCESSING]-INFO(setControl[460]):setControl() is succeed, Pipe(201)
06-17 18:22:24.516  4704  4850 I ExynosCamera3Interface: INFO(HAL3_camera_device_initialize[251]):out =====
06-17 18:22:24.516  4704  4850 D ExynosCamera3Interface: DEBUG:duration time(    6 msec):(HAL3_camera_device_initialize)
06-17 18:22:24.517  4704  4850 I CameraService: wouldEvictLocked:getCurrentCostLocked()=0, cost=51, totalCost=51, MaxCost=100
06-17 18:22:24.517  4704  4850 I CameraService: wouldEvictLocked:highestPriorityOwner=28059, owner=28059
06-17 18:22:24.518  4704  7621 I ExynosCamera3Interface: INFO(HAL3_camera_device_construct_default_request_settings[302]):in =====
06-17 18:22:24.518  4704  7621 D ExynosCamera3: [CAM_ID(0)][]-DEBUG(construct_default_request_settings[974]):Type 3
06-17 18:22:24.518  4704  7621 D ExynosCameraRequestManager: [CAM_ID(0)][]-DEBUG(constructDefaultRequestSettings[1590]):Type = 3
06-17 18:22:24.518  4704  7621 D ExynosCameraMetadataConverter: DEBUG(constructDefaultRequestSettings[69]):Type(3), cameraId(0)
06-17 18:22:24.518  4704  7621 D ExynosCameraMetadataConverter: DEBUG(constructDefaultRequestSettings[107]):type is CAMERA3_TEMPLATE_VIDEO_RECORD
06-17 18:22:24.518  4704  7621 D ExynosCameraMetadataConverter: DEBUG(constructDefaultRequestSettings[393]):Registered default request template(3)
06-17 18:22:24.518  4704  7621 D ExynosCameraRequestManager: [CAM_ID(0)][]-DEBUG(constructDefaultRequestSettings[1607]):Registered default request template(3)
06-17 18:22:24.518  4704  7621 I ExynosCamera3: [CAM_ID(0)][]-INFO(construct_default_request_settings[982]):out
06-17 18:22:24.518  4704  7621 I ExynosCamera3Interface: INFO(HAL3_camera_device_construct_default_request_settings[311]):out =====
06-17 18:22:24.518  4704  7621 D ExynosCamera3Interface: DEBUG:duration time(    0 msec):(HAL3_camera_device_construct_default_request_settings)
06-17 18:22:24.518  4704  7621 W CameraDeviceClient: createStream: Camera 0: Forcing asynchronous mode for stream
06-17 18:22:24.518  4704  7621 W CameraDeviceClient: createStream: Camera 0: Overriding format 0x1 to IMPLEMENTATION_DEFINED
06-17 18:22:24.519  4704  4850 I ExynosCamera3Interface: INFO(HAL3_camera_device_configure_streams[262]):in =====
06-17 18:22:24.519  4704  4850 D ExynosCamera3: [CAM_ID(0)][]-DEBUG(configureStreams[1008]):In
06-17 18:22:24.519  4704  4850 D ExynosCameraStreamManager: DEBUG(setConfig[423]):preview(32), raw(25), jpeg(32), recording(32), yuvCallback(32)
06-17 18:22:24.519  4704  4850 D ExynosCamera3: [CAM_ID(0)][]-DEBUG(m_setStreamInfo[352]):In
06-17 18:22:24.519  4704  4850 D ExynosCamera3: [CAM_ID(0)][]-DEBUG(m_setStreamInfo[382]):Stream(0xe5f86a04), ID(0), type(0), usage(0x100) format(0x22) w(1920),h(1080)
06-17 18:22:24.519  4704 28474 I ExynosCamera3: [CAM_ID(0)][]-INFO(m_setBuffers[6666]):alloc buffer - camera ID: 0
06-17 18:22:24.519  4704  4850 D ExynosCamera3: [CAM_ID(0)][]-DEBUG(m_setStreamInfo[382]):Stream(0xe5f86804), ID(1), type(0), usage(0x3) format(0x23) w(640),h(480)
06-17 18:22:24.519  4704 28474 I ExynosCamera3: [CAM_ID(0)][]-(m_setBuffers):HW Sensor MAX width x height = 4032x3024
06-17 18:22:24.519  4704  4850 D ExynosCamera3: [CAM_ID(0)][]-DEBUG(m_enumStreamInfo[462]):In
06-17 18:22:24.519  4704  4850 D ExynosCamera3: [CAM_ID(0)][]-DEBUG(m_enumStreamInfo[513]):GRALLOC_USAGE_HW_TEXTURE foramt(0x22) usage(0x20100) stream_type(0)
06-17 18:22:24.519  4704 28474 I ExynosCamera3: [CAM_ID(0)][]-(m_setBuffers):Preview BDS width x height = 4032x3024
06-17 18:22:24.519  4704  4850 I ExynosCameraStreamManager: INFO(m_insert[568]):inserted stream and id is (1)
06-17 18:22:24.519  4704 28474 I ExynosCamera3: [CAM_ID(0)][]-(m_setBuffers):PreviewSize(Max) width x height = 4032x3024
06-17 18:22:24.519  4704  4850 D ExynosCamera3: [CAM_ID(0)][]-DEBUG(m_enumStreamInfo[628]):Out
06-17 18:22:24.519  4704  4850 D ExynosCamera3: [CAM_ID(0)][]-DEBUG(m_enumStreamInfo[462]):In
06-17 18:22:24.519  4704 28474 I ExynosCamera3: [CAM_ID(0)][]-INFO(m_allocBuffers[6619]):setInfo(planeCount=2, minBufCount=7, maxBufCount=7, type=0, allocMode=1)
06-17 18:22:24.519  4704  4850 D ExynosCamera3: [CAM_ID(0)][]-DEBUG(m_enumStreamInfo[546]):HAL_PIXEL_FORMAT_YCbCr_420_888 format(0x23) usage(0x20003) stream_type(0)
06-17 18:22:24.519  4704  4850 I ExynosCameraStreamManager: INFO(m_insert[568]):inserted stream and id is (4)
06-17 18:22:24.519  4704  4850 D ExynosCamera3: [CAM_ID(0)][]-DEBUG(m_enumStreamInfo[628]):Out
06-17 18:22:24.519  4704  4850 D ExynosCamera3: [CAM_ID(0)][]-DEBUG(m_setStreamInfo[456]):out
06-17 18:22:24.519  4704  4850 I ExynosCamera3: [CAM_ID(0)][]-INFO(configureStreams[1166]):list_index 0 streamId 1
06-17 18:22:24.520  4704  4850 D ExynosCamera3: [CAM_ID(0)][]-DEBUG(configureStreams[1167]):stream_type 0
06-17 18:22:24.520  4704 28474 D ExynosCameraBufferManager: [CAM_ID(0)][FLITE_BUF]-DEBUG(m_defaultAlloc[1188]):Duration time of buffer allocation(    0 msec)
06-17 18:22:24.520  4704  4850 D ExynosCamera3: [CAM_ID(0)][]-DEBUG(configureStreams[1168]):size 1920x1080
06-17 18:22:24.520  4704  4850 D ExynosCamera3: [CAM_ID(0)][]-DEBUG(configureStreams[1169]):format 22
06-17 18:22:24.520  4704  4850 D ExynosCamera3: [CAM_ID(0)][]-DEBUG(configureStreams[1170]):usage 20100
06-17 18:22:24.520  4704  4850 D ExynosCamera3: [CAM_ID(0)][]-DEBUG(configureStreams[1171]):max_buffers 9
06-17 18:22:24.520  4704  4850 D ExynosCamera3: [CAM_ID(0)][]-DEBUG(configureStreams[1191]):registerStream 2 registerbuffer 17
06-17 18:22:24.520  4704  4850 I ExynosCamera3Parameters: [CAM_ID(0)][ParametersBack]-INFO(checkYuvSize[829]):curYuvSize 4032x3024 newYuvSize 1920x1080 outputPortId 0
06-17 18:22:24.520  4704  4850 D ExynosCamera3Parameters: DEBUG(checkYuvSize):setRestartPreviewChecked true
06-17 18:22:24.520  4704  4850 D ExynosCamera3Parameters: [CAM_ID(0)][ParametersBack]-DEBUG(m_setRestartPreviewChecked):setRestartPreviewChecked(during SetParameters) true
06-17 18:22:24.520  4704  4850 D ExynosCamera3Parameters: [CAM_ID(0)][ParametersBack]-DEBUG(getUseDepthMap[5454]): m_flaguseDepthMap(1)
06-17 18:22:24.520  4704  4850 D ExynosCamera3Parameters: [CAM_ID(0)][ParametersBack]-DEBUG(checkUseDepthMap[5476]): depthMapW(504), depthMapH (282) getUseDepthMap(1)
06-17 18:22:24.520  4704  4850 I ExynosCamera3Parameters: [CAM_ID(0)][ParametersBack]-INFO(checkYuvFormat[1164]):curYuvFormat NV21 newYuvFormat NM21 outputPortId 0
06-17 18:22:24.520  4704  4850 D ExynosCamera3: [CAM_ID(0)][]-DEBUG(configureStreams[1305]):Create buffer manager(PREVIEW)
06-17 18:22:24.521  4704  4850 D ExynosCameraBufferManager: [CAM_ID(0)][none]-DEBUG(ServiceExynosCameraBufferManager[3015])
06-17 18:22:24.521  4704  4850 D ExynosCamera3: [CAM_ID(0)][]-DEBUG(m_createBufferManager):BufferManager(PREVIEW_STREAM_BUF) created
06-17 18:22:24.521  4704  4850 D ExynosCamera3: [CAM_ID(0)][]-DEBUG(configureStreams[1317]):planeCount 2+1
06-17 18:22:24.521  4704  4850 D ExynosCamera3: [CAM_ID(0)][]-DEBUG(configureStreams[1319]):planeSize[0] 2073600 planeSize[1] 1036800
06-17 18:22:24.521  4704  4850 D ExynosCamera3: [CAM_ID(0)][]-DEBUG(configureStreams[1321]):bytesPerLine[0] 0
06-17 18:22:24.522  4704  4850 D ExynosCameraBufferManager: [CAM_ID(0)][PREVIEW_STREAM_BUF]-DEBUG(m_defaultAlloc[1188]):Duration time of buffer allocation(    0 msec)
06-17 18:22:24.522  4704  4850 D ExynosCameraBufferManager: [CAM_ID(0)][PREVIEW_STREAM_BUF]-DEBUG(m_alloc[3263]):
06-17 18:22:24.522  4704  4850 D ExynosCameraBufferManager: [CAM_ID(0)][PREVIEW_STREAM_BUF]-DEBUG(alloc[240]):Allocate the buffer succeeded (m_allocatedBufCount=32, m_reqBufCount=32, m_allowedMaxBufCount=32) --- dumpBufferInfo ---
06-17 18:22:24.522  4704  4850 I ExynosCameraBufferManager: [CAM_ID(0)][PREVIEW_STREAM_BUF]-INFO(dumpBufferInfo[1462]):[m_buffer[0].fd[0]=-1] .addr=0x0 .size=2073600 .position=3 .permission=0]
06-17 18:22:24.522  4704  4850 I ExynosCameraBufferManager: [CAM_ID(0)][PREVIEW_STREAM_BUF]-INFO(dumpBufferInfo[1462]):[m_buffer[0].fd[1]=-1] .addr=0x0 .size=1036800 .position=3 .permission=0]
06-17 18:22:24.522  4704  4850 I ExynosCameraBufferManager: [CAM_ID(0)][PREVIEW_STREAM_BUF]-INFO(dumpBufferInfo[1462]):[m_buffer[0].fd[2]=69] .addr=0xece88000 .size=32768 .position=3 .permission=0]
06-17 18:22:24.522  4704  4850 I ExynosCameraBufferManager: [CAM_ID(0)][PREVIEW_STREAM_BUF]-INFO(dumpBufferInfo[1462]):[m_buffer[1].fd[0]=-1] .addr=0x0 .size=2073600 .position=3 .permission=0]
06-17 18:22:24.522  4704  4850 I ExynosCameraBufferManager: [CAM_ID(0)][PREVIEW_STREAM_BUF]-INFO(dumpBufferInfo[1462]):[m_buffer[1].fd[1]=-1] .addr=0x0 .size=1036800 .position=3 .permission=0]
06-17 18:22:24.522  4704  4850 I ExynosCameraBufferManager: [CAM_ID(0)][PREVIEW_STREAM_BUF]-INFO(dumpBufferInfo[1462]):[m_buffer[1].fd[2]=70] .addr=0xece80000 .size=32768 .position=3 .permission=0]
06-17 18:22:24.522  4704  4850 I ExynosCameraBufferManager: [CAM_ID(0)][PREVIEW_STREAM_BUF]-INFO(dumpBufferInfo[1462]):[m_buffer[2].fd[0]=-1] .addr=0x0 .size=2073600 .position=3 .permission=0]
06-17 18:22:24.522  4704  4850 I ExynosCameraBufferManager: [CAM_ID(0)][PREVIEW_STREAM_BUF]-INFO(dumpBufferInfo[1462]):[m_buffer[2].fd[1]=-1] .addr=0x0 .size=1036800 .position=3 .permission=0]
06-17 18:22:24.522  4704  4850 I ExynosCameraBufferManager: [CAM_ID(0)][PREVIEW_STREAM_BUF]-INFO(dumpBufferInfo[1462]):[m_buffer[2].fd[2]=71] .addr=0xece73000 .size=32768 .position=3 .permission=0]
06-17 18:22:24.522  4704  4850 I ExynosCameraBufferManager: [CAM_ID(0)][PREVIEW_STREAM_BUF]-INFO(dumpBufferInfo[1462]):[m_buffer[3].fd[0]=-1] .addr=0x0 .size=2073600 .position=3 .permission=0]
06-17 18:22:24.522  4704  4850 I ExynosCameraBufferManager: [CAM_ID(0)][PREVIEW_STREAM_BUF]-INFO(dumpBufferInfo[1462]):[m_buffer[3].fd[1]=-1] .addr=0x0 .size=1036800 .position=3 .permission=0]
06-17 18:22:24.522  4704  4850 I ExynosCameraBufferManager: [CAM_ID(0)][PREVIEW_STREAM_BUF]-INFO(dumpBufferInfo[1462]):[m_buffer[3].fd[2]=72] .addr=0xece6b000 .size=32768 .position=3 .permission=0]
06-17 18:22:24.522  4704  4850 I ExynosCameraBufferManager: [CAM_ID(0)][PREVIEW_STREAM_BUF]-INFO(dumpBufferInfo[1462]):[m_buffer[4].fd[0]=-1] .addr=0x0 .size=2073600 .position=3 .permission=0]
06-17 18:22:24.522  4704  4850 I ExynosCameraBufferManager: [CAM_ID(0)][PREVIEW_STREAM_BUF]-INFO(dumpBufferInfo[1462]):[m_buffer[4].fd[1]=-1] .addr=0x0 .size=1036800 .position=3 .permission=0]
06-17 18:22:24.522  4704  4850 I ExynosCameraBufferManager: [CAM_ID(0)][PREVIEW_STREAM_BUF]-INFO(dumpBufferInfo[1462]):[m_buffer[4].fd[2]=73] .addr=0xece63000 .size=32768 .position=3 .permission=0]
06-17 18:22:24.522  4704  4850 I ExynosCameraBufferManager: [CAM_ID(0)][PREVIEW_STREAM_BUF]-INFO(dumpBufferInfo[1462]):[m_buffer[5].fd[0]=-1] .addr=0x0 .size=2073600 .position=3 .permission=0]
06-17 18:22:24.522  4704  4850 I ExynosCameraBufferManager: [CAM_ID(0)][PREVIEW_STREAM_BUF]-INFO(dumpBufferInfo[1462]):[m_buffer[5].fd[1]=-1] .addr=0x0 .size=1036800 .position=3 .permission=0]
06-17 18:22:24.522  4704  4850 I ExynosCameraBufferManager: [CAM_ID(0)][PREVIEW_STREAM_BUF]-INFO(dumpBufferInfo[1462]):[m_buffer[5].fd[2]=74] .addr=0xece58000 .size=32768 .position=3 .permission=0]
06-17 18:22:24.522  4704  4850 I ExynosCameraBufferManager: [CAM_ID(0)][PREVIEW_STREAM_BUF]-INFO(dumpBufferInfo[1462]):[m_buffer[6].fd[0]=-1] .addr=0x0 .size=2073600 .position=3 .permission=0]
06-17 18:22:24.522  4704  4850 I ExynosCameraBufferManager: [CAM_ID(0)][PREVIEW_STREAM_BUF]-INFO(dumpBufferInfo[1462]):[m_buffer[6].fd[1]=-1] .addr=0x0 .size=1036800 .position=3 .permission=0]
06-17 18:22:24.522  4704  4850 I ExynosCameraBufferManager: [CAM_ID(0)][PREVIEW_STREAM_BUF]-INFO(dumpBufferInfo[1462]):[m_buffer[6].fd[2]=75] .addr=0xece50000 .size=32768 .position=3 .permission=0]
06-17 18:22:24.522  4704  4850 I ExynosCameraBufferManager: [CAM_ID(0)][PREVIEW_STREAM_BUF]-INFO(dumpBufferInfo[1462]):[m_buffer[7].fd[0]=-1] .addr=0x0 .size=2073600 .position=3 .permission=0]
06-17 18:22:24.522  4704  4850 I ExynosCameraBufferManager: [CAM_ID(0)][PREVIEW_STREAM_BUF]-INFO(dumpBufferInfo[1462]):[m_buffer[7].fd[1]=-1] .addr=0x0 .size=1036800 .position=3 .permission=0]
06-17 18:22:24.522  4704  4850 I ExynosCameraBufferManager: [CAM_ID(0)][PREVIEW_STREAM_BUF]-INFO(dumpBufferInfo[1462]):[m_buffer[7].fd[2]=76] .addr=0xece48000 .size=32768 .position=3 .permission=0]
06-17 18:22:24.522  4704  4850 I ExynosCameraBufferManager: [CAM_ID(0)][PREVIEW_STREAM_BUF]-INFO(dumpBufferInfo[1462]):[m_buffer[8].fd[0]=-1] .addr=0x0 .size=2073600 .position=3 .permission=0]
06-17 18:22:24.522  4704  4850 I ExynosCameraBufferManager: [CAM_ID(0)][PREVIEW_STREAM_BUF]-INFO(dumpBufferInfo[1462]):[m_buffer[8].fd[1]=-1] .addr=0x0 .size=1036800 .position=3 .permission=0]
06-17 18:22:24.522  4704  4850 I ExynosCameraBufferManager: [CAM_ID(0)][PREVIEW_STREAM_BUF]-INFO(dumpBufferInfo[1462]):[m_buffer[8].fd[2]=77] .addr=0xece3c000 .size=32768 .position=3 .permission=0]
06-17 18:22:24.522  4704  4850 I ExynosCameraBufferManager: [CAM_ID(0)][PREVIEW_STREAM_BUF]-INFO(dumpBufferInfo[1462]):[m_buffer[9].fd[0]=-1] .addr=0x0 .size=2073600 .position=3 .permission=0]
06-17 18:22:24.522  4704  4850 I ExynosCameraBufferManager: [CAM_ID(0)][PREVIEW_STREAM_BUF]-INFO(dumpBufferInfo[1462]):[m_buffer[9].fd[1]=-1] .addr=0x0 .size=1036800 .position=3 .permission=0]
06-17 18:22:24.522  4704  4850 I ExynosCameraBufferManager: [CAM_ID(0)][PREVIEW_STREAM_BUF]-INFO(dumpBufferInfo[1462]):[m_buffer[9].fd[2]=78] .addr=0xece34000 .size=32768 .position=3 .permission=0]
06-17 18:22:24.522  4704  4850 I ExynosCameraBufferManager: [CAM_ID(0)][PREVIEW_STREAM_BUF]-INFO(dumpBufferInfo[1462]):[m_buffer[10].fd[0]=-1] .addr=0x0 .size=2073600 .position=3 .permission=0]
06-17 18:22:24.522  4704  4850 I ExynosCameraBufferManager: [CAM_ID(0)][PREVIEW_STREAM_BUF]-INFO(dumpBufferInfo[1462]):[m_buffer[10].fd[1]=-1] .addr=0x0 .size=1036800 .position=3 .permission=0]
06-17 18:22:24.522  4704  4850 I ExynosCameraBufferManager: [CAM_ID(0)][PREVIEW_STREAM_BUF]-INFO(dumpBufferInfo[1462]):[m_buffer[10].fd[2]=79] .addr=0xece2c000 .size=32768 .position=3 .permission=0]
06-17 18:22:24.522  4704  4850 I ExynosCameraBufferManager: [CAM_ID(0)][PREVIEW_STREAM_BUF]-INFO(dumpBufferInfo[1462]):[m_buffer[11].fd[0]=-1] .addr=0x0 .size=2073600 .position=3 .permission=0]
06-17 18:22:24.522  4704  4850 I ExynosCameraBufferManager: [CAM_ID(0)][PREVIEW_STREAM_BUF]-INFO(dumpBufferInfo[1462]):[m_buffer[11].fd[1]=-1] .addr=0x0 .size=1036800 .position=3 .permission=0]
06-17 18:22:24.522  4704  4850 I ExynosCameraBufferManager: [CAM_ID(0)][PREVIEW_STREAM_BUF]-INFO(dumpBufferInfo[1462]):[m_buffer[11].fd[2]=80] .addr=0xece24000 .size=32768 .position=3 .permission=0]
06-17 18:22:24.522  4704  4850 I ExynosCameraBufferManager: [CAM_ID(0)][PREVIEW_STREAM_BUF]-INFO(dumpBufferInfo[1462]):[m_buffer[12].fd[0]=-1] .addr=0x0 .size=2073600 .position=3 .permission=0]
06-17 18:22:24.523  4704  4850 I ExynosCameraBufferManager: [CAM_ID(0)][PREVIEW_STREAM_BUF]-INFO(dumpBufferInfo[1462]):[m_buffer[12].fd[1]=-1] .addr=0x0 .size=1036800 .position=3 .permission=0]
06-17 18:22:24.523  4704 28474 D ExynosCameraBufferManager: [CAM_ID(0)][FLITE_BUF]-DEBUG(m_defaultAlloc[1168]):duration time(    2 msec):(type=0, bufIndex=0, size=23.26)
06-17 18:22:24.523  4704  4850 I ExynosCameraBufferManager: [CAM_ID(0)][PREVIEW_STREAM_BUF]-INFO(dumpBufferInfo[1462]):[m_buffer[12].fd[2]=81] .addr=0xece17000 .size=32768 .position=3 .permission=0]
06-17 18:22:24.523  4704  4850 I ExynosCameraBufferManager: [CAM_ID(0)][PREVIEW_STREAM_BUF]-INFO(dumpBufferInfo[1462]):[m_buffer[13].fd[0]=-1] .addr=0x0 .size=2073600 .position=3 .permission=0]
06-17 18:22:24.523  4704  4850 I ExynosCameraBufferManager: [CAM_ID(0)][PREVIEW_STREAM_BUF]-INFO(dumpBufferInfo[1462]):[m_buffer[13].fd[1]=-1] .addr=0x0 .size=1036800 .position=3 .permission=0]
06-17 18:22:24.523  4704  4850 I ExynosCameraBufferManager: [CAM_ID(0)][PREVIEW_STREAM_BUF]-INFO(dumpBufferInfo[1462]):[m_buffer[13].fd[2]=82] .addr=0xece0f000 .size=32768 .position=3 .permission=0]
06-17 18:22:24.523  4704  4850 I ExynosCameraBufferManager: [CAM_ID(0)][PREVIEW_STREAM_BUF]-INFO(dumpBufferInfo[1462]):[m_buffer[14].fd[0]=-1] .addr=0x0 .size=2073600 .position=3 .permission=0]
06-17 18:22:24.523  4704  4850 I ExynosCameraBufferManager: [CAM_ID(0)][PREVIEW_STREAM_BUF]-INFO(dumpBufferInfo[1462]):[m_buffer[14].fd[1]=-1] .addr=0x0 .size=1036800 .position=3 .permission=0]
06-17 18:22:24.523  4704  4850 I ExynosCameraBufferManager: [CAM_ID(0)][PREVIEW_STREAM_BUF]-INFO(dumpBufferInfo[1462]):[m_buffer[14].fd[2]=83] .addr=0xece07000 .size=32768 .position=3 .permission=0]
06-17 18:22:24.523  4704  4850 I ExynosCameraBufferManager: [CAM_ID(0)][PREVIEW_STREAM_BUF]-INFO(dumpBufferInfo[1462]):[m_buffer[15].fd[0]=-1] .addr=0x0 .size=2073600 .position=3 .permission=0]
06-17 18:22:24.523  4704  4850 I ExynosCameraBufferManager: [CAM_ID(0)][PREVIEW_STREAM_BUF]-INFO(dumpBufferInfo[1462]):