05-24 20:54:23.466 15503 15503 D StrictMode: 	at android.os.StrictMode$AndroidBlockGuardPolicy.onReadFromDisk(StrictMode.java:1320)
05-24 20:54:23.466 15503 15503 D StrictMode: 	at java.io.UnixFileSystem.checkAccess(UnixFileSystem.java:249)
05-24 20:54:23.466 15503 15503 D StrictMode: 	at java.io.File.exists(File.java:780)
05-24 20:54:23.466 15503 15503 D StrictMode: 	at android.app.SharedPreferencesImpl.writeToFile(SharedPreferencesImpl.java:570)
05-24 20:54:23.466 15503 15503 D StrictMode: 	at android.app.SharedPreferencesImpl.-wrap2(SharedPreferencesImpl.java)
05-24 20:54:23.466 15503 15503 D StrictMode: 	at android.app.SharedPreferencesImpl$2.run(SharedPreferencesImpl.java:515)
05-24 20:54:23.466 15503 15503 D StrictMode: 	at android.app.SharedPreferencesImpl.enqueueDiskWrite(SharedPreferencesImpl.java:536)
05-24 20:54:23.466 15503 15503 D StrictMode: 	at android.app.SharedPreferencesImpl.-wrap0(SharedPreferencesImpl.java)
05-24 20:54:23.466 15503 15503 D StrictMode: 	at android.app.SharedPreferencesImpl$EditorImpl.commit(SharedPreferencesImpl.java:458)
05-24 20:54:23.466 15503 15503 D StrictMode: 	at com.android.providers.contacts.FastScrollingIndexCache.invalidate(FastScrollingIndexCache.java:255)
05-24 20:54:23.466 15503 15503 D StrictMode: 	at com.android.providers.contacts.ContactsProvider2.invalidateFastScrollingIndexCache(ContactsProvider2.java:8473)
05-24 20:54:23.466 15503 15503 D StrictMode: 	at com.android.providers.contacts.ContactsProvider2.initialize(ContactsProvider2.java:1794)
05-24 20:54:23.466 15503 15503 D StrictMode: 	at com.android.providers.contacts.ContactsProvider2.onCreate(ContactsProvider2.java:1766)
05-24 20:54:23.466 15503 15503 D StrictMode: 	at android.content.ContentProvider.attachInfo(ContentProvider.java:1766)
05-24 20:54:23.466 15503 15503 D StrictMode: 	at android.content.ContentProvider.attachInfo(ContentProvider.java:1741)
05-24 20:54:23.466 15503 15503 D StrictMode: 	at android.app.ActivityThread.installProvider(ActivityThread.java:5811)
05-24 20:54:23.466 15503 15503 D StrictMode: 	at android.app.ActivityThread.installContentProviders(ActivityThread.java:5403)
05-24 20:54:23.466 15503 15503 D StrictMode: 	at android.app.ActivityThread.handleBindApplication(ActivityThread.java:5342)
05-24 20:54:23.466 15503 15503 D StrictMode: 	at android.app.ActivityThread.-wrap2(ActivityThread.java)
05-24 20:54:23.466 15503 15503 D StrictMode: 	at android.app.ActivityThread$H.handleMessage(ActivityThread.java:1528)
05-24 20:54:23.466 15503 15503 D StrictMode: 	at android.os.Handler.dispatchMessage(Handler.java:102)
05-24 20:54:23.466 15503 15503 D StrictMode: 	at android.os.Looper.loop(Looper.java:154)
05-24 20:54:23.466 15503 15503 D StrictMode: 	at android.app.ActivityThread.main(ActivityThread.java:6077)
05-24 20:54:23.466 15503 15503 D StrictMode: 	at java.lang.reflect.Method.invoke(Native Method)
05-24 20:54:23.466 15503 15503 D StrictMode: 	at com.android.internal.os.ZygoteInit$MethodAndArgsCaller.run(ZygoteInit.java:865)
05-24 20:54:23.466 15503 15503 D StrictMode: 	at com.android.internal.os.ZygoteInit.main(ZygoteInit.java:755)
05-24 20:54:23.468  3054  3196 D LenovoAppIconTheme: ExtraResources;createIconBitmap;bm=android.graphics.Bitmap@bac7501
05-24 20:54:23.468  3054  3196 D LenovoAppIconTheme: ExtraResources;createIconBitmap;bm.getHeight=156
05-24 20:54:23.468  3054  3196 D LenovoAppIconTheme: ExtraResources;createIconBitmap;bm.getWidth=156
05-24 20:54:23.469  3054  3196 D LenovoAppIconTheme: ExtraResources;createIconBitmap;bg != null bg = android.graphics.Bitmap@6144a50
05-24 20:54:23.482  3054  3196 D LenovoAppIconTheme: ExtraResources;createIconBitmap;fg != null fg = android.graphics.Bitmap@f283449
05-24 20:54:23.484  3054  3196 D LenovoAppIconTheme: ExtraResources;createIconBitmap;canvas.setBitmap(null); had removed
05-24 20:54:23.484  3054  3196 D LenovoAppIconTheme: ExtraResources;getShapeDrawable;db = android.graphics.drawable.BitmapDrawable@3da4fa6
05-24 20:54:23.486  1529  2959 I ActivityManager: Start proc 15524:com.android.vending/u10a53 for broadcast com.android.vending/com.google.android.finsky.packagemanager.impl.PackageMonitorReceiverImpl$RegisteredReceiver
05-24 20:54:23.496 15503 15520 V CallLogProvider: query: uri=content://call_log_shadow/calls  projection=[number, presentation, type, features, date, duration, data_usage, subscription_component_name, subscription_id, add_for_all_users, new, numbertype, geocoded_location, normalized_number, subscription_id, raw_contact_id, data_id, private_flag, hide_flag, simid, vtcall, ip_prefix, conference_call_id]  selection=[((type != 4)) AND (date> ?  AND private_flag = 0)]  args=[0]  order=[date ASC] CPID=15503 User=10
05-24 20:54:23.512 15503 15520 I CallLogProvider: match == 1
05-24 20:54:23.512 15503 15520 D CallLogProvider:    In call log providers,  selectionBuilder=((phone_account_hidden = 0)) AND (((type != 4)) AND (date> ?  AND private_flag = 0)) AND ((type != 4))
05-24 20:54:23.516  3054  3054 I Launcher3: Launcher, Deferring update until onResume
05-24 20:54:23.521 15503 15520 D CallLogProvider: query count == 0
05-24 20:54:23.542 15503 15520 D CallLogProvider: [delete] delete Calls. count: 0
05-24 20:54:23.545 15503 15518 I ContactLocale: AddressBook Labels [[pt_BR]]: [, A, B, C, D, E, F, G, H, I, J, K, L, M, N, O, P, Q, R, S, T, U, V, W, X, Y, Z, , , , , , , , , , , , , , , , , , , , , , , , , , , , , , , , , , , , , , , , , , , , , , , , , , , , , , , , , , , , , , , , , , , , , , , , , , , , , , , , , , , , , , , , , , , , , , , , , , , , , , , , , , , , , , , , , , , , , , , , , , , , , , , , , , , , , , , , , , , , , , , , , , , , , , , , , , , , , , , , , , , , , , , , , , , , , , , , , , , , , , , , , , , #, ]
05-24 20:54:23.552 15524 15524 D LenovoAppIconTheme: ExtraResources;cleanCachedIcon;clear cache..
05-24 20:54:23.588  2208  2208 D Resources: oneSpecialCase = falsequantityCode =one local = pt_BR
05-24 20:54:23.593  2208  2208 D Resources: oneSpecialCase = falsequantityCode =one local = pt_BR
05-24 20:54:23.597  2208  2208 D Resources: oneSpecialCase = falsequantityCode =one local = pt_BR
05-24 20:54:23.600  2208  2208 D Resources: oneSpecialCase = falsequantityCode =one local = pt_BR
05-24 20:54:23.609   661   661 I cnss-daemon: RTM_NEWNEIGH message received: 28
05-24 20:54:23.609   661   661 E cnss-daemon: Stale or unreachable neighbors, ndm state: 4
05-24 20:54:23.653 15503 15518 D ContactsProvider: loadLocalPhoneAccounts()+
05-24 20:54:23.655 15503 15518 I ContactsProvider: loadLocal Phone Accounts -cursor.count:1
05-24 20:54:23.663 15503 15518 I ContactsProvider: registerReceiverOnSimStateAndInfoChanged
05-24 20:54:23.666 15503 15518 D ContactsProvider: performBackgroundTask()- **** task=0
05-24 20:54:23.666 15503 15518 D ContactsProvider: performBackgroundTask()+ **** task=3
05-24 20:54:23.673  3054  3054 I Launcher3: Launcher, Deferring update until onResume
05-24 20:54:23.681 15503 15518 D ContactsProvider: performBackgroundTask()- **** task=3
05-24 20:54:23.681 15503 15518 D ContactsProvider: performBackgroundTask()+ **** task=4
05-24 20:54:23.684 15503 15518 D ContactsProvider: performBackgroundTask()- **** task=4
05-24 20:54:23.684 15503 15518 D ContactsProvider: performBackgroundTask()+ **** task=5
05-24 20:54:23.685 15503 15518 D ContactsProvider: performBackgroundTask()- **** task=5
05-24 20:54:23.685 15503 15518 D ContactsProvider: performBackgroundTask()+ **** task=6
05-24 20:54:23.686 15503 15518 D ContactsProvider: performBackgroundTask()- **** task=6
05-24 20:54:23.686 15503 15518 D ContactsProvider: performBackgroundTask()+ **** task=7
05-24 20:54:23.690 15503 15518 D ContactsProvider: performBackgroundTask()- **** task=7
05-24 20:54:23.690 15503 15518 D ContactsProvider: performBackgroundTask()+ **** task=1
05-24 20:54:23.690 15503 15518 D ContactsProvider: performBackgroundTask()- **** task=1
05-24 20:54:23.690 15503 15518 D ContactsProvider: performBackgroundTask()+ **** task=10
05-24 20:54:23.719 15503 15518 D ContactsProvider: performBackgroundTask()- **** task=10
05-24 20:54:23.719 15503 15518 D ContactsProvider: performBackgroundTask()+ **** task=11
05-24 20:54:23.722 15503 15518 D ContactsProvider: performBackgroundTask()- **** task=11
05-24 20:54:23.722 15503 15518 D ContactsProvider: performBackgroundTask()+ **** task=8
05-24 20:54:23.741 15503 15518 D ContactsProvider: performBackgroundTask()- **** task=8
05-24 20:54:23.854  1529  1604 I ActivityManager: Start proc 15542:com.google.process.gapps/u10a11 for content provider com.google.android.gsf/.gservices.GservicesProvider
05-24 20:54:23.906  1529  1544 V RestrictedPackageService: filterBroadcastReceiver for com.google.android.gms.gcm.ACTION_SCHEDULE
05-24 20:54:23.916 15542 15542 D LenovoAppIconTheme: ExtraResources;cleanCachedIcon;clear cache..
05-24 20:54:23.934 15542 15542 W System  : ClassLoader referenced unknown path: /system/priv-app/GoogleServicesFramework/lib/arm
05-24 20:54:23.987 15542 15542 W System  : ClassLoader referenced unknown path: 
05-24 20:54:23.988 15542 15542 W System  : ClassLoader referenced unknown path: /system/priv-app/GoogleServicesFramework/lib/arm
05-24 20:54:24.000  6625  6625 I Finsky  : [1] com.google.android.finsky.installer.a.az.a(1342): Required downloads: [com.doodle.android]
05-24 20:54:24.007  6625  6684 I Finsky  : [617] com.google.android.finsky.cu.r.run(4): Session for com.doodle.android already exists, skipping creation
05-24 20:54:24.071  5576  5576 I GeofencerStateMachine: sendQueryLocationOptIn
05-24 20:54:24.078 15542 15542 I GservicesProvider: Gservices pushing to system: true; secure/global: true
05-24 20:54:24.234  6625  6625 I Finsky  : [1] com.google.android.finsky.installer.a.bl.onPostExecute(89): Downloading patch for com.doodle.android (adid: com.doodle.android , isid: 064LV37qSiCuQT1HVeifkQ)
05-24 20:54:24.237  6625  6625 I Finsky  : [1] com.google.android.finsky.download.e.b(61): Duplicate state set for 'com.doodle.android' (0). Already in that state
05-24 20:54:24.237  6625  6625 I Finsky  : [1] com.google.android.finsky.download.n.a(23): Download com.doodle.android added to DownloadQueue
05-24 20:54:24.240  6625  6625 I Finsky  : [1] com.google.android.finsky.download.e.b(64): com.doodle.android from 0 to 1.
05-24 20:54:24.242   652   652 I         : free_cache(1221331) avail 12409016320
05-24 20:54:24.243 15542 15542 I GoogleHttpClient: GMS http client unavailable, use old client
05-24 20:54:24.261  6625  6625 I Finsky  : [1] com.google.android.finsky.download.w.a(25): Download com.doodle.android starting
05-24 20:54:24.269 15542 15542 I DpmTcmClient: RegisterTcmMonitor from: org.apache.http.impl.conn.TcmIdleTimerMonitor
05-24 20:54:24.334  6625  6625 I Finsky  : [1] com.google.android.finsky.download.u.onPostExecute(11): Enqueued com.doodle.android as content://downloads/my_downloads/5181
05-24 20:54:24.335  6625  6625 I Finsky  : [1] com.google.android.finsky.download.e.b(64): com.doodle.android from 1 to 2.
05-24 20:54:24.335  6625  6625 I Finsky  : [1] com.google.android.finsky.download.n.h(133): com.doodle.android: onStart
05-24 20:54:24.367  4035  4035 D ContactListFilterController: checkFilterValidity enter mFilter is all_accounts
05-24 20:54:24.401  9013 15566 D DownloadManager: [5181] Starting
05-24 20:54:24.436  9013 15566 D NetworkSecurityConfig: No Network Security Config specified, using platform default
05-24 20:54:24.442  6625  6625 I Finsky  : [1] com.google.android.finsky.download.n.a(114): com.doodle.android: onProgress 0/-1 Status: 192 ID: 5181.
05-24 20:54:24.448  9013 15566 I DpmTcmClient: RegisterTcmMonitor from: com.android.okhttp.TcmIdleTimerMonitor
05-24 20:54:24.479 15524 15569 I Finsky  : [1436] com.google.android.finsky.db.a.l.b(25): Started reading experiment flags from file [SKocQA9EQQFTb-1gQsc5WsjVhGA].
05-24 20:54:24.479 15524 15570 I Finsky  : [1437] com.google.android.finsky.db.a.l.b(25): Started reading experiment flags from file [v6B-2IolLQRBwrwPhscSaeg04As].
05-24 20:54:24.488 15524 15569 I Finsky  : [1436] com.google.android.finsky.db.a.l.b(61): Finished reading experiment flags from file [SKocQA9EQQFTb-1gQsc5WsjVhGA].
05-24 20:54:24.491 15524 15570 I Finsky  : [1437] com.google.android.finsky.db.a.l.b(61): Finished reading experiment flags from file [v6B-2IolLQRBwrwPhscSaeg04As].
05-24 20:54:24.606  1529  1529 V RestrictedPackageService: filterBroadcastReceiver for android.intent.action.DROPBOX_ENTRY_ADDED
05-24 20:54:24.633  4035  4035 D ContactListFilterController: checkFilterValidity enter mFilter is all_accounts
05-24 20:54:24.650 15524 15524 I Finsky  : [1] com.google.android.finsky.wear.bc.a(14): Component class com.google.android.finsky.wear.WearSupportService enabled via PackageManager.
05-24 20:54:24.653 15524 15524 I Finsky  : [1] com.google.android.finsky.wear.bc.a(14): Component class com.google.android.finsky.wear.WearChangeListenerService enabled via PackageManager.
05-24 20:54:24.676 15524 15524 W Settings: Setting download_manager_max_bytes_over_mobile has moved from android.provider.Settings.Secure to android.provider.Settings.Global.
05-24 20:54:24.682 15524 15571 I cr_CronetLibraryLoader: Cronet version: 68.0.3417.3, arch: armv7l
05-24 20:54:24.683 15524 15524 W Settings: Setting download_manager_recommended_max_bytes_over_mobile has moved from android.provider.Settings.Secure to android.provider.Settings.Global.
05-24 20:54:24.736   661   661 I cnss-daemon: RTM_NEWROUTE Indication
05-24 20:54:24.736   661   661 I cnss-daemon: ip type is ipv6
05-24 20:54:24.749   661   661 I cnss-daemon: RTM_NEWROUTE Indication
05-24 20:54:24.749   661   661 I cnss-daemon: ip type is ipv6
05-24 20:54:24.808 15524 15524 I Finsky  : [1] com.google.android.finsky.scheduler.bb.<init>(18): Resetting scheduler db
05-24 20:54:24.917 15524 15524 I Finsky  : [1] com.google.android.finsky.splitinstallservice.bu.a(25): Connecting InstallListener to SplitInstallService broadcaster...
05-24 20:54:24.939 15524 15524 E ExtMediaPlayer-JNI: env->IsInstanceOf fails
05-24 20:54:24.939 15524 15524 E MediaPlayer-JNI: JNIMediaPlayerFactory: bIsQCMediaPlayerPresent 0
05-24 20:54:24.939 15524 15524 E ExtMediaPlayer-JNI: env->IsInstanceOf fails
05-24 20:54:24.939 15524 15524 E MediaPlayer-JNI: JNIMediaPlayerFactory: bIsQCMediaPlayerPresent 0
05-24 20:54:24.984 15524 15524 I Finsky  : [1] com.google.android.finsky.cn.a.a(48): Enabling bucket experiment: factor=1.000, zeroDelta=0ms, forceNetwork=true
05-24 20:54:24.993 15524 15524 W Finsky  : [1] com.google.android.finsky.application.impl.a.b(653): For unauth, use getDfeApiNonAuthenticated() instead!
05-24 20:54:25.063 15524 15524 I Finsky  : [1] com.google.android.finsky.cv.a.a.h(297): Package no longer installed: com.google.android.apps.maps
05-24 20:54:25.127 15524 15524 I Finsky  : [1] com.google.android.finsky.installer.a.ai.a(264): Installer kick - no action, not running yet
05-24 20:54:25.168 15524 15524 I Finsky  : [1] com.google.android.finsky.installer.a.ai.a(264): Installer kick - no action, not running yet
05-24 20:54:25.169 15524 15524 I Finsky  : [1] com.google.android.finsky.p2p.g.a(2): Frosting DB delete succeeded: false
05-24 20:54:25.303  1529  1545 I ActivityManager: Start proc 15621:com.lenovo.lsf.device/u10a18 for broadcast com.lenovo.lsf.device/com.lenovo.lsf.push.receiver.PushReceiver
05-24 20:54:25.330 15524 15524 I Finsky  : [1] com.google.android.finsky.scheduler.bb.a(50): Jobs in database: 1-1337 12-1 
05-24 20:54:25.357 15524 15524 I Finsky  : [1] com.google.android.finsky.scheduler.g.a(287): ConstraintMapping: 1-1337, 12-1,  -> L: 14841ms, D: 86399841ms, C: false, I: false, N: 1
05-24 20:54:25.360 15524 15524 I Finsky  : [1] com.google.android.finsky.scheduler.JobSchedulerEngine.a(19): Cancelling existing job with id: 9001
05-24 20:54:25.394 15621 15621 D LenovoAppIconTheme: ExtraResources;cleanCachedIcon;clear cache..
05-24 20:54:25.408 15621 15621 W System  : ClassLoader referenced unknown path: /system/priv-app/LSF-Device-Phone-RoW/lib/arm
05-24 20:54:25.706  9013 15566 D DownloadManager: [5181] Finished with status SUCCESS
05-24 20:54:25.922 15621 15645 D WorkerThread: New handler time = 1
05-24 20:54:25.922 15621 15621 D WorkerThread: Return handler = Handler (android.os.Handler) {aff2c95}
05-24 20:54:25.930  7207 15628 I GrowthService: Package com.google.android.apps.maps uninstalled. Removing from storage.
05-24 20:54:25.941 15524 15524 I Finsky  : [1] com.google.android.finsky.scheduler.JobSchedulerEngine.a(142): Scheduling job Id: 9000, L: 14841, D: 86399841, C: false, I: false, N: 1
05-24 20:54:25.948  1529  2756 I ActivityManager: Killing 14395:com.google.android.apps.docs/u0a73 (adj 906): empty #17
05-24 20:54:25.950 15621 15645 I keyPushLog: LSF_DEVICE_PUSH: net: wifi
05-24 20:54:26.003  1529  3001 D ActivityManager: cleanUpApplicationRecord -- 14395
05-24 20:54:26.005  7207  8103 E WorkSourceUtil: Could not find package: com.google.android.apps.maps
05-24 20:54:26.028  2433  2488 D ContactsProvider: performBackgroundTask()+ **** task=8
05-24 20:54:26.037 15621 15645 I keyPushLog: LSF_DEVICE_PUSH:NetMode=wifi, wifiOnly=0, pkg=com.lenovo.lsf.device
05-24 20:54:26.040  1529  2999 V RestrictedPackageService: filterBroadcastReceiver for android.intent.action.DOWNLOAD_COMPLETE
05-24 20:54:26.045  2433  2488 D ContactsProvider: performBackgroundTask()- **** task=8
05-24 20:54:26.062  6625  6625 I Finsky  : [1] com.google.android.finsky.download.n.a(114): com.doodle.android: onProgress 1221331/1221331 Status: 200 ID: 5181.
05-24 20:54:26.081 15621 15645 I keyPushLog: LSF_DEVICE_PUSH:LsfStartTime : 2017-08-01 package:com.lenovo.lsf.device
05-24 20:54:26.089 15524 15524 I Finsky  : [1] com.google.android.finsky.installer.a.r.<init>(15): Not checking if recovering from paused session because experiment is off
05-24 20:54:26.093  6625  6625 I Finsky  : [1] com.google.android.finsky.p2p.c.a(10): Frosting ID looked up on UI thread. Caller should move to a background thread.
05-24 20:54:26.116 15621 15645 I keyPushLog: LSF_DEVICE_PUSH:Engine=com.lenovo.lsf.device, start com.lenovo.lsf.device
05-24 20:54:26.117  1529  1529 D NotificationService: notification light: Missing Other!
05-24 20:54:26.139  6625  6625 I Finsky  : [1] com.google.android.finsky.wear.WearSupportService.onStartCommand(26): Starting WearSupportService for auto_install
05-24 20:54:26.148  6625  6625 I Finsky  : [1] com.google.android.finsky.wear.w.a(18): Connecting to wearable
05-24 20:54:26.154  6625  6964 E GooglePlayServicesUtil: The Google Play services resources were not found. Check your project configuration to ensure that the resources are included.
05-24 20:54:26.155  6625  6625 I Finsky  : [1] com.google.android.finsky.p2p.d.a(2): Wrote row to frosting DB: 29
05-24 20:54:26.220  2793  2793 I WearableService: Wearable Services not starting - Wear is not available on this device.
05-24 20:54:26.233  3174 15649 D LenovoAppIconTheme: ApplicationPackageManager;getLenovoDrawable;calling from :: com.google.android.gms, packageName = com.google.android.apps.maps
05-24 20:54:26.235  3174 15649 D LenovoAppIconTheme: ExtraResources;getIconOriginalName;<2130903058>com.google.android.apps.maps:mipmap/product_logo_maps_launcher_color_48
05-24 20:54:26.235  1529  2957 I chatty  : uid=1000(system) Binder:1529_D expire 2 lines
05-24 20:54:26.236  3174 15649 D LenovoAppIconTheme: ExtraResources;getDrawableFromLenovoTheme;inResourcePath = mipmap/product_logo_maps_launcher_color_48.png,result = null
05-24 20:54:26.240  3174 15649 D LenovoAppIconTheme: ExtraResources;createIconBitmap;icon=android.graphics.drawable.BitmapDrawable@8268cb6
05-24 20:54:26.242  3174 15649 D LenovoAppIconTheme: ExtraResources;createIconBitmap;bm=android.graphics.Bitmap@20d8db7
05-24 20:54:26.242  3174 15649 D LenovoAppIconTheme: ExtraResources;createIconBitmap;bm.getHeight=156
05-24 20:54:26.242  3174 15649 D LenovoAppIconTheme: ExtraResources;createIconBitmap;bm.getWidth=156
05-24 20:54:26.243  3174 15649 D LenovoAppIconTheme: ExtraResources;createIconBitmap;bg != null bg = android.graphics.Bitmap@df7a356
05-24 20:54:26.246  3174 15649 D LenovoAppIconTheme: ExtraResources;createIconBitmap;fg != null fg = android.graphics.Bitmap@b8efd7
05-24 20:54:26.248  3174 15649 D LenovoAppIconTheme: ExtraResources;createIconBitmap;canvas.setBitmap(null); had removed
05-24 20:54:26.248  3174 15649 D LenovoAppIconTheme: ExtraResources;getShapeDrawable;db = android.graphics.drawable.BitmapDrawable@37d4924
05-24 20:54:26.253  2793  2809 W WearableService: onGetService - Wear is not available on this device.
05-24 20:54:26.259  6625  6625 E Finsky  : [1] com.google.android.finsky.wear.x.a(3): onConnectionFailed: ConnectionResult{statusCode=API_UNAVAILABLE, resolution=null, message=null}
05-24 20:54:26.260  6625  6625 W Finsky  : [1] com.google.android.finsky.wear.w.b(31): GoogleApiClient instance is not connected when requested
05-24 20:54:26.261  6625  6625 W Finsky  : [1] com.google.android.finsky.wear.dk.run(16): Dropping command=auto_install due to Gms not connected
05-24 20:54:26.261  6625  6625 I Finsky  : [1] com.google.android.finsky.wear.WearSupportService.b(66): Stopping WearSupportService
05-24 20:54:26.271  3174 15649 D LenovoAppIconTheme: ApplicationPackageManager;getLenovoDrawable;calling from :: com.google.android.gms, packageName = com.google.android.apps.maps
05-24 20:54:26.273  3174 15649 D LenovoAppIconTheme: ExtraResources;getIconOriginalName;<2130903058>com.google.android.apps.maps:mipmap/product_logo_maps_launcher_color_48
05-24 20:54:26.273  1529  2756 I chatty  : uid=1000(system) Binder:1529_B expire 7 lines
05-24 20:54:26.274  3174 15649 D LenovoAppIconTheme: ExtraResources;getDrawableFromLenovoTheme;inResourcePath = mipmap/product_logo_maps_launcher_color_48.png,result = null
05-24 20:54:26.274  3174 15649 D LenovoAppIconTheme: ExtraResources;createIconBitmap;icon=android.graphics.drawable.BitmapDrawable@e794c8d
05-24 20:54:26.277  3174 15649 D LenovoAppIconTheme: ExtraResources;createIconBitmap;bm=android.graphics.Bitmap@106be42
05-24 20:54:26.277  3174 15649 D LenovoAppIconTheme: ExtraResources;createIconBitmap;bm.getHeight=156
05-24 20:54:26.277  3174 15649 D LenovoAppIconTheme: ExtraResources;createIconBitmap;bm.getWidth=156
05-24 20:54:26.278  3174 15649 D LenovoAppIconTheme: ExtraResources;createIconBitmap;bg != null bg = android.graphics.Bitmap@df7a356
05-24 20:54:26.280  3174 15649 D LenovoAppIconTheme: ExtraResources;createIconBitmap;fg != null fg = android.graphics.Bitmap@b8efd7
05-24 20:54:26.282  3174 15649 D LenovoAppIconTheme: ExtraResources;createIconBitmap;canvas.setBitmap(null); had removed
05-24 20:54:26.283  3174 15649 D LenovoAppIconTheme: ExtraResources;getShapeDrawable;db = android.graphics.drawable.BitmapDrawable@6e34e53
05-24 20:54:26.314  3174 15469 I ChromeSync: [Sync,SyncIntentOperation] Handling the intent: Intent { act=android.intent.action.PACKAGE_ADDED dat=package:com.google.android.apps.maps flg=0x4000010 cmp=com.google.android.gms/.chimera.GmsIntentOperationService (has extras) }.
05-24 20:54:27.005  3174  4217 I Icing   : IndexChimeraService.getServiceInterface callingPackage=com.google.android.gms componentName=AppsCorpus serviceId=36
05-24 20:54:27.007  3174  4235 I Icing   : IndexChimeraService.getServiceInterface callingPackage=com.google.android.gms componentName=AppsCorpus serviceId=32
05-24 20:54:27.080  2793  3429 I AsyncOpDispatcher: 19-GetFileDescriptorAndDelete
05-24 20:54:27.090  4441  4441 D WorkerThread: Return handler = Handler (android.os.Handler) {aff2c95}
05-24 20:54:27.096  4441  4470 I keyPushLog: LSF_DEVICE_PUSH: net: wifi
05-24 20:54:27.108  4441  4470 I keyPushLog: LSF_DEVICE_PUSH:NetMode=wifi, wifiOnly=0, pkg=com.lenovo.lsf.device
05-24 20:54:27.121  4441  4470 I keyPushLog: LSF_DEVICE_PUSH:LsfStartTime : 2017-02-25 package:com.lenovo.lsf.device
05-24 20:54:27.149 14791 14791 E LOG     : onReceivePackageChanged
05-24 20:54:27.149  3174  3890 I Icing   : Usage reports ok 0, Failed Usage reports 0, indexed 0, rejected 0, imm upload false
05-24 20:54:27.157 14791 14791 E onReceivePackageChanged: exception: Current home launcher is not supported by Badges library
05-24 20:54:27.157 14791 14791 W System.err: com.github.a.b: Current home launcher is not supported by Badges library
05-24 20:54:27.158 14791 14791 W System.err: 	at com.github.a.a.a(SourceFile:47)
05-24 20:54:27.158 14791 14791 W System.err: 	at com.github.a.a.a(SourceFile:59)
05-24 20:54:27.158 14791 14791 W System.err: 	at air.br.com.alelo.mobile.android.alelo.broadcast.PackageChangedBroadcastReceiver.onReceive(SourceFile:24)
05-24 20:54:27.158 14791 14791 W System.err: 	at android.app.ActivityThread.handleReceiver(ActivityThread.java:3011)
05-24 20:54:27.158 14791 14791 W System.err: 	at android.app.ActivityThread.-wrap18(ActivityThread.java)
05-24 20:54:27.158 14791 14791 W System.err: 	at android.app.ActivityThread$H.handleMessage(ActivityThread.java:1544)
05-24 20:54:27.159 14791 14791 W System.err: 	at android.os.Handler.dispatchMessage(Handler.java:102)
05-24 20:54:27.159 14791 14791 W System.err: 	at android.os.Looper.loop(Looper.java:154)
05-24 20:54:27.159 14791 14791 W System.err: 	at android.app.ActivityThread.main(ActivityThread.java:6077)
05-24 20:54:27.159 14791 14791 W System.err: 	at java.lang.reflect.Method.invoke(Native Method)
05-24 20:54:27.159 14791 14791 W System.err: 	at com.android.internal.os.ZygoteInit$MethodAndArgsCaller.run(ZygoteInit.java:865)
05-24 20:54:27.159 14791 14791 W System.err: 	at com.android.internal.os.ZygoteInit.main(ZygoteInit.java:755)
05-24 20:54:27.168  2793  3476 I AsyncOpDispatcher: 19-GetFileDescriptorAndDelete
05-24 20:54:27.194  4441  4470 I keyPushLog: LSF_DEVICE_PUSH:Engine=com.lenovo.lsf.device, start com.lenovo.lsf.device
05-24 20:54:27.205  3174  3890 I Icing   : Usage reports ok 0, Failed Usage reports 0, indexed 0, rejected 0, imm upload false
05-24 20:54:27.270  2433  2488 D ContactsProvider: performBackgroundTask()+ **** task=8
05-24 20:54:27.284  2433  2488 D ContactsProvider: performBackgroundTask()- **** task=8
05-24 20:54:27.457  2793 14045 E NetworkScheduler: Unrecognised action provided: android.intent.action.PACKAGE_REPLACED
05-24 20:54:27.527  2793  9866 I AsyncOpDispatcher: 51-RegisterSyncOperationCall
05-24 20:54:28.077  1529  3013 I ActivityManager: Start proc 15660:com.google.android.apps.maps/u0a95 for service com.google.android.apps.maps/com.google.android.apps.gmm.traffic.notification.service.CommuteNotificationProberService
05-24 20:54:28.099  3054  3054 W Launcher: setApplicationContext called twice! old=com.android.launcher3.LauncherApplication@4f1b95a new=com.android.launcher3.LauncherApplication@4f1b95a
05-24 20:54:28.147 15660 15660 D LenovoAppIconTheme: ExtraResources;cleanCachedIcon;clear cache..
05-24 20:54:28.199 14791 14791 E IBM.MCE 3.6.6.2 : BaseAlarmReceiver: listenerName is null
05-24 20:54:28.236  3174  4235 I Icing   : IndexChimeraService.getServiceInterface callingPackage=com.google.android.gms componentName=AppsCorpus serviceId=36
05-24 20:54:28.241  3174  4316 I Icing   : Indexing 8D3989C750A7D970E159716C9BB6B790044E729A from com.google.android.gms
05-24 20:54:28.247  3174  4217 I Icing   : IndexChimeraService.getServiceInterface callingPackage=com.google.android.gms componentName=AppsCorpus serviceId=32
05-24 20:54:28.489   661   661 I cnss-daemon: RTM_NEWNEIGH message received: 28
05-24 20:54:28.489   661   661 E cnss-daemon: Stale or unreachable neighbors, ndm state: 16
05-24 20:54:28.503   661   661 I cnss-daemon: RTM_NEWNEIGH message received: 28
05-24 20:54:28.503   661   661 I cnss-daemon: NDA_DST received: 192.168.0.1 ul: 16820416
05-24 20:54:28.503   661   661 I cnss-daemon: NDA_LLADDR received
05-24 20:54:28.506   661   661 E cnss-daemon: gateway ipv6 address: fe80::7e26:64ff:fe7f:e801
05-24 20:54:28.506   661   661 E cnss-daemon: gateway mac address: %02x:%02x:%02x:%02x:%02x:%02x
05-24 20:54:28.506   661   661 E cnss-daemon: : 00:00:00:00:00:00
05-24 20:54:28.506   661   661 E cnss-daemon: Invalid mac address: 0x7f55ee6cM
05-24 20:54:29.396 15660 15681 E art     : The String#value field is not present on Android versions >= 6.0
05-24 20:54:29.440  2793  9866 I AsyncOpDispatcher: 19-GetFileDescriptorAndDelete
05-24 20:54:29.479   661   661 I cnss-daemon: RTM_NEWNEIGH message received: 28
05-24 20:54:29.479   661   661 I cnss-daemon: NDA_DST received: fe80::7e26:64ff:fe7f:e801 ul: 33022
05-24 20:54:29.479   661   661 I cnss-daemon: NDA_LLADDR received
05-24 20:54:29.501 15660 15665 I art     : Do partial code cache collection, code=22KB, data=27KB
05-24 20:54:29.513 15660 15665 I art     : After code cache collection, code=16KB, data=21KB
05-24 20:54:29.513 15660 15665 I art     : Increasing code cache capacity to 128KB
05-24 20:54:29.526  9248  9320 D LenovoAppIconTheme: ApplicationPackageManager;getLenovoDrawable;calling from :: com.piriform.ccleaner, packageName = com.google.android.apps.maps
05-24 20:54:29.527  3174  4316 I Icing   : Usage reports ok 0, Failed Usage reports 0, indexed 0, rejected 0, imm upload false
05-24 20:54:29.532  9248  9320 D LenovoAppIconTheme: ExtraResources;getIconOriginalName;<2130903058>com.google.android.apps.maps:mipmap/product_logo_maps_launcher_color_48
05-24 20:54:29.539  1529  1545 I chatty  : uid=1000(system) Binder:1529_2 expire 1 line
05-24 20:54:29.542  9248  9320 D LenovoAppIconTheme: ExtraResources;getDrawableFromLenovoTheme;inResourcePath = mipmap/product_logo_maps_launcher_color_48.png,result = null
05-24 20:54:29.545  2793  2809 I AsyncOpDispatcher: 19-GetFileDescriptorAndDelete
05-24 20:54:29.571  9248  9320 D LenovoAppIconTheme: ExtraResources;createIconBitmap;icon=android.graphics.drawable.BitmapDrawable@bcfd209
05-24 20:54:29.574  9248  9320 D LenovoAppIconTheme: ExtraResources;createIconBitmap;bm=android.graphics.Bitmap@5715c0e
05-24 20:54:29.574  9248  9320 D LenovoAppIconTheme: ExtraResources;createIconBitmap;bm.getHeight=156
05-24 20:54:29.574  9248  9320 D LenovoAppIconTheme: ExtraResources;createIconBitmap;bm.getWidth=156
05-24 20:54:29.575  9248  9320 D LenovoAppIconTheme: ExtraResources;createIconBitmap;bg != null bg = android.graphics.Bitmap@8745689
05-24 20:54:29.577  9248  9320 D LenovoAppIconTheme: ExtraResources;createIconBitmap;fg != null fg = android.graphics.Bitmap@2dcc68e
05-24 20:54:29.580  9248  9320 D LenovoAppIconTheme: ExtraResources;createIconBitmap;canvas.setBitmap(null); had removed
05-24 20:54:29.580  9248  9320 D LenovoAppIconTheme: ExtraResources;getShapeDrawable;db = android.graphics.drawable.BitmapDrawable@c24a62f
05-24 20:54:29.613  3174  4316 I Icing   : Usage reports ok 0, Failed Usage reports 0, indexed 0, rejected 0, imm upload false
05-24 20:54:29.643  3174  4316 I Icing   : Indexing done 8D3989C750A7D970E159716C9BB6B790044E729A
05-24 20:54:29.881 15660 15686 W System  : ClassLoader referenced unknown path: 
05-24 20:54:29.894 15660 15687 W art     : Class com.google.android.apps.gmm.map.internal.store.bh failed lock verification and will run slower.
05-24 20:54:29.894 15660 15687 W art     : Common causes for lock verification issues are non-optimized dex code
05-24 20:54:29.894 15660 15687 W art     : and incorrect proguard optimizations.
05-24 20:54:29.977 15660 15686 W System  : ClassLoader referenced unknown path: /data/user_de/0/com.google.android.gms/app_chimera/m/0000006f/n/armeabi
05-24 20:54:30.118  1529  2756 V RestrictedPackageService: filterBroadcastReceiver for com.google.android.gms.gcm.ACTION_SCHEDULE
05-24 20:54:30.120 15660 15686 I cr_CronetLibraryLoader: Cronet version: 64.0.3282.137, arch: armv7l
05-24 20:54:30.134 15660 15701 W art     : Class com.google.android.apps.gmm.tutorial.e failed lock verification and will run slower.
05-24 20:54:30.153  1529  2359 V RestrictedPackageService: filterBroadcastReceiver for com.google.android.gms.gcm.ACTION_SCHEDULE
05-24 20:54:30.221  1529  2563 V RestrictedPackageService: filterBroadcastReceiver for com.google.android.gms.gcm.ACTION_SCHEDULE
05-24 20:54:30.409  1529  2959 V RestrictedPackageService: filterBroadcastReceiver for com.google.android.gms.gcm.ACTION_SCHEDULE
05-24 20:54:30.448  1529  2755 V RestrictedPackageService: filterBroadcastReceiver for com.google.android.gms.gcm.ACTION_SCHEDULE
05-24 20:54:30.606 15660 15686 W linker  : /data/app/com.google.android.gms-1/lib/arm/libconscrypt_gmscore_jni.so: unused DT entry: type 0xf arg 0x194
05-24 20:54:30.612 15660 15686 V NativeCrypto: Registering com/google/android/gms/org/conscrypt/NativeCrypto's 280 native methods...
05-24 20:54:30.644  3174  4316 I Icing   : Indexing 8D3989C750A7D970E159716C9BB6B790044E729A from com.google.android.gms
05-24 20:54:30.647  3174  4316 I Icing   : Indexing done 8D3989C750A7D970E159716C9BB6B790044E729A
05-24 20:54:30.660  2146  2146 I IcingNotification: Received intent: Intent { act=com.google.android.gms.icing.IME_NOTIFICATION flg=0x10 pkg=com.google.android.inputmethod.latin (has extras) }
05-24 20:54:30.681 15660 15686 D NetworkSecurityConfig: No Network Security Config specified, using platform default
05-24 20:54:30.686 15660 15686 I ProviderInstaller: Installed default security provider GmsCore_OpenSSL
05-24 20:54:30.868  1529  3010 V RestrictedPackageService: filterBroadcastReceiver for com.google.android.apps.gmm.ugc.ataplace.AtAPlaceService.ACTION_SETUP_AT_A_PLACE
05-24 20:54:30.948  2793  3476 I AsyncOpDispatcher: 51-RegisterOperationCall
05-24 20:54:30.955  2793  3429 I GeofencerStateMachine: removeGeofences: removeRequest=RemoveGeofencingRequest[REMOVE_BY_IDS Ids=[atn_geofence_request_id], packageName=com.google.android.apps.maps]
05-24 20:54:30.998  2793  3702 I agiy    : Scheduling Phenotype for a PhenotypeSyncImmediately(7, com.google.android.apps.maps) one off with window [1, 2] in seconds -- metadata{ service_id: 51 }
05-24 20:54:31.032  1529  2998 V RestrictedPackageService: filterBroadcastReceiver for com.google.android.gms.gcm.ACTION_SCHEDULE
05-24 20:54:31.059  1529  3014 V RestrictedPackageService: filterBroadcastReceiver for com.google.android.gms.gcm.ACTION_SCHEDULE
05-24 20:54:31.175  1529  2998 V RestrictedPackageService: filterBroadcastReceiver for com.google.android.apps.gmm.transit.TransitStationService.ACTION_SETUP
05-24 20:54:31.259  1529  3198 V RestrictedPackageService: filterBroadcastReceiver for com.google.android.gms.gcm.ACTION_SCHEDULE
05-24 20:54:31.264  2793  2793 I WearableService: Wearable Services stopping
05-24 20:54:31.292  1529  3001 V RestrictedPackageService: filterBroadcastReceiver for com.google.android.gms.gcm.ACTION_SCHEDULE
05-24 20:54:31.304  2793  2809 I GeofencerStateMachine: removeGeofences: removeRequest=RemoveGeofencingRequest[REMOVE_BY_IDS Ids=[atn_geofence_request_id], packageName=com.google.android.apps.maps]
05-24 20:54:31.325  1529  3011 V RestrictedPackageService: filterBroadcastReceiver for com.google.android.gms.gcm.ACTION_SCHEDULE
05-24 20:54:31.355  1529  1604 I ActivityManager: Killing 14436:com.google.android.play.games.ui/u0a124 (adj 906): empty #17
05-24 20:54:31.377  1529  2362 D ActivityManager: cleanUpApplicationRecord -- 14436
05-24 20:54:31.525  6625  6625 I Finsky  : [1] com.google.android.finsky.download.DownloadBroadcastReceiver.a(4): Intent received at DownloadBroadcastReceiver
05-24 20:54:31.550  1529  2943 V RestrictedPackageService: filterBroadcastReceiver for com.google.android.gms.gcm.ACTION_EXECUTE_TASK
05-24 20:54:31.580  6625  6625 I Finsky  : [1] com.google.android.finsky.download.e.b(64): com.doodle.android from 2 to 3.
05-24 20:54:31.581  6625  6625 I Finsky  : [1] com.google.android.finsky.download.n.f(124): com.doodle.android: onComplete
05-24 20:54:31.582  6625  6625 I Finsky  : [1] com.google.android.finsky.download.n.i(137): Download com.doodle.android removed from DownloadQueue
05-24 20:54:31.583   652   652 I         : free_cache(0) avail 12407738368
05-24 20:54:31.596  6625  6625 I Finsky  : [1] com.google.android.finsky.installer.a.az.b(410): Prepare to patch com.doodle.android (adid: com.doodle.android , isid: 064LV37qSiCuQT1HVeifkQ) from content://downloads/my_downloads/5181 format 5
05-24 20:54:31.655   652   652 I         : free_cache(11727413) avail 12407738368
05-24 20:54:31.658  6625 15475 I Finsky  : [704] com.google.android.finsky.g.f.a(2): APK integrity will be verified using [SHA-256] method
05-24 20:54:31.676  2793  2809 I AsyncOpDispatcher: 51-RegisterOperationCall
05-24 20:54:31.710  3174  3324 I AsyncOpDispatcher: 5-LoadOwners
05-24 20:54:31.850  2793  9866 I AsyncOpDispatcher: 67-RequestNearbyAlerts
05-24 20:54:31.976  2793  2793 I GeofencerStateMachine: removeGeofences: removeRequest=RemoveGeofencingRequest[REMOVE_BY_PENDING_INTENT pendingIntent=PendingIntent[creatorPackage=com.google.android.gms], packageName=null]
05-24 20:54:31.979  2793  2793 I GeofencerStateMachine: removeGeofences: removeRequest=RemoveGeofencingRequest[REMOVE_BY_PENDING_INTENT pendingIntent=PendingIntent[creatorPackage=com.google.android.gms], packageName=null]
05-24 20:54:32.025  2793  2809 I AsyncOpDispatcher: 67-RequestNearbyAlerts
05-24 20:54:32.169 15660 15665 I art     : Do partial code cache collection, code=56KB, data=61KB
05-24 20:54:32.170 15660 15665 I art     : After code cache collection, code=56KB, data=61KB
05-24 20:54:32.171 15660 15665 I art     : Increasing code cache capacity to 256KB
05-24 20:54:32.280  2793  3429 I AsyncOpDispatcher: 51-RegisterOperationCall
05-24 20:54:32.311  3174  3187 I AsyncOpDispatcher: 5-LoadOwners
05-24 20:54:32.529  1529  3014 V RestrictedPackageService: filterBroadcastReceiver for com.google.android.gms.gcm.ACTION_SCHEDULE
05-24 20:54:32.536  2793  3302 I AsyncOpDispatcher: 67-RemoveNearbyAlerts
05-24 20:54:32.563  2793  3476 I AsyncOpDispatcher: 67-RequestNearbyAlerts
05-24 20:54:32.782  7207 15731 E IcingInternalCorpora: Triggered uri list is null
05-24 20:54:32.807  1529  2957 V RestrictedPackageService: filterBroadcastReceiver for com.google.android.gms.gcm.ACTION_SCHEDULE
05-24 20:54:32.826  1529  2563 V RestrictedPackageService: filterBroadcastReceiver for com.google.android.gms.gcm.ACTION_SCHEDULE
05-24 20:54:33.167  2140  2140 I chatty  : uid=1002(bluetooth) com.android.bluetooth expire 10 lines
05-24 20:54:33.389   661   661 I cnss-daemon: RTM_NEWNEIGH message received: 28
05-24 20:54:33.389   661   661 E cnss-daemon: Stale or unreachable neighbors, ndm state: 4
05-24 20:54:34.510 15524 15571 E Finsky  : [1438] com.google.android.finsky.ar.c.a(34): Unable to build selector: /storage/emulated/10/Download/marketenvs.csv (No such file or directory)
05-24 20:54:34.636 15524 15737 I Finsky  : [1474] com.google.android.finsky.db.a.a.a.b(92): Triggered update for experiment package com.google.android.finsky.stable.
05-24 20:54:34.658 15524 15737 E art     : The String#value field is not present on Android versions >= 6.0
05-24 20:54:34.803 15524 15737 I Finsky  : [1474] com.google.android.finsky.db.a.a.a.b(113): Already at the latest configurations for experiment package com.google.android.finsky.stable.
05-24 20:54:34.804 15524 15614 I Finsky  : [1469] com.google.android.finsky.db.a.a.a.b(92): Triggered update for experiment package com.google.android.finsky.regular.
05-24 20:54:34.842 15524 15614 I Finsky  : [1469] com.google.android.finsky.db.a.l.b(25): Started reading experiment flags from file [v6B-2IolLQRBwrwPhscSaeg04As].
05-24 20:54:34.844 15524 15614 I Finsky  : [1469] com.google.android.finsky.db.a.l.b(61): Finished reading experiment flags from file [v6B-2IolLQRBwrwPhscSaeg04As].
05-24 20:54:34.845 15524 15614 I Finsky  : [1469] com.google.android.finsky.db.a.a.a.b(113): Already at the latest configurations for experiment package com.google.android.finsky.regular.
05-24 20:54:34.947 15524 15524 I Finsky  : [1] com.google.android.finsky.wear.WearSupportService.onStartCommand(26): Starting WearSupportService for send_installed_apps
05-24 20:54:34.950 15524 15524 I Finsky  : [1] com.google.android.finsky.wear.w.a(18): Connecting to wearable
05-24 20:54:34.984 15524 15740 E GooglePlayServicesUtil: The Google Play services resources were not found. Check your project configuration to ensure that the resources are included.
05-24 20:54:35.033 15524 15613 I Finsky  : [1468] com.google.android.finsky.verifier.impl.at.a(7): Restoring notifications
05-24 20:54:35.047 15524 15571 I ShortcutBadger: Checking if platform supports badge counters, attempt 1/3.
05-24 20:54:35.066 15524 15571 I ShortcutBadger: Checking if platform supports badge counters, attempt 2/3.
05-24 20:54:35.066  5576  5576 I WearableService: Wearable Services not starting - Wear is not available on this device.
05-24 20:54:35.083 15524 15524 I Finsky  : [1] com.google.android.finsky.verifier.impl.at.c(44): Done restoring notifications
05-24 20:54:35.087 15524 15571 I ShortcutBadger: Checking if platform supports badge counters, attempt 3/3.
05-24 20:54:35.096  5576  7395 W WearableService: onGetService - Wear is not available on this device.
05-24 20:54:35.108 15524 15524 E Finsky  : [1] com.google.android.finsky.wear.x.a(3): onConnectionFailed: ConnectionResult{statusCode=API_UNAVAILABLE, resolution=null, message=null}
05-24 20:54:35.109 15524 15524 W Finsky  : [1] com.google.android.finsky.wear.w.b(31): GoogleApiClient instance is not connected when requested
05-24 20:54:35.110 15524 15524 W Finsky  : [1] com.google.android.finsky.wear.dk.run(16): Dropping command=send_installed_apps due to Gms not connected
05-24 20:54:35.110 15524 15524 I Finsky  : [1] com.google.android.finsky.wear.WearSupportService.b(66): Stopping WearSupportService
05-24 20:54:35.124 15524 15571 W ShortcutBadger: Badge counter seems not supported in this platform: unable to resolve intent: Intent { act=android.intent.action.BADGE_COUNT_UPDATE (has extras) }
05-24 20:54:35.607  1529  2756 V RestrictedPackageService: filterBroadcastReceiver for com.google.firebase.INSTANCE_ID_EVENT
05-24 20:54:35.785  2793  3276 I AsyncOpDispatcher: 51-RegisterOperationCall
05-24 20:54:35.810  2793  3276 I AsyncOpDispatcher: 51-RegisterOperationCall
05-24 20:54:36.313 15524 15524 I Finsky  : [1] com.google.android.finsky.setup.ar.run(11): Detected restoreservicev2://recovery might still have work, will run
05-24 20:54:36.355 15524 15524 I Finsky  : [1] com.google.android.finsky.setup.bi.b(371): Restore complete with 0 success and 0 failed.
05-24 20:54:36.739  2793  2806 I art     : Background sticky concurrent mark sweep GC freed 118298(6MB) AllocSpace objects, 7(304KB) LOS objects, 27% free, 19MB/26MB, paused 2.315ms total 111.222ms
05-24 20:54:36.776  1529  1832 V AlarmManager: sending alarm Alarm{973b7e4 type 3 when 849971 android}
05-24 20:54:36.778  1529  1832 V AlarmManager: sending alarm Alarm{6a4f44d type 2 when 868487 android}
05-24 20:54:36.778  1529  1832 V AlarmManager: sending alarm Alarm{739ab02 type 2 when 868487 android}
05-24 20:54:36.778  1529  1832 V AlarmManager: sending alarm Alarm{b349c13 type 2 when 868487 android}
05-24 20:54:36.778  1529  1832 V AlarmManager: sending alarm Alarm{6a66e50 type 2 when 868487 android}
05-24 20:54:36.778  1529  1832 V AlarmManager: sending alarm Alarm{c598849 type 2 when 868487 android}
05-24 20:54:36.778  1529  1832 V AlarmManager: sending alarm Alarm{b1b754e type 2 when 868487 android}
05-24 20:54:36.779  1529  1832 V AlarmManager: sending alarm Alarm{c2e66f type 2 when 886746 android}
05-24 20:54:36.780  1529  1832 V AlarmManager: sending alarm Alarm{e0c1f7c type 3 when 809842 com.google.android.gms}
05-24 20:54:36.781  1529  1832 V AlarmManager: sending alarm Alarm{2a96005 type 1 when 1527206040212 com.lenovo.lewea}
05-24 20:54:36.802  1529  1832 V AlarmManager: sending alarm Alarm{c417a8b type 1 when 1527206040252 com.lenovo.lewea}
05-24 20:54:36.803  4378  4378 D LenovoWeatherApp: TimeTickService onCreate
05-24 20:54:36.803  4378  4378 D LenovoWeatherApp: TimeTickService onStartCommand
05-24 20:54:36.816  1529  1832 V AlarmManager: sending alarm Alarm{64f781 type 1 when 1527206043832 com.lenovo.lsf.device}
05-24 20:54:36.818 13532 13532 D LenovoWeatherApp: TimeTickService onCreate
05-24 20:54:36.818 13532 13532 D LenovoWeatherApp: TimeTickService onStartCommand
05-24 20:54:36.859  1529  1832 V AlarmManager: sending alarm Alarm{e76d8b2 type 3 when 870526 com.google.android.gms}
05-24 20:54:36.889  4441  4585 I keyPushLog: LSF_DEVICE_PUSH: net: wifi
05-24 20:54:36.899  2208  2208 I chatty  : uid=10046(com.android.systemui) expire 11 lines
05-24 20:54:36.902  1529  2563 V RestrictedPackageService: filterBroadcastReceiver for com.facebook.intent.action.prod.BACKGROUND_LOCATION_REPORTING_ACTION_LOCATION_UPDATE
05-24 20:54:36.912  1529  2756 V RestrictedPackageService: filterBroadcastReceiver for com.lenovo.weather.action.TIME_TICK
05-24 20:54:36.955  4378  4378 D LenovoWeatherApp: TimeTickService onDestroy
05-24 20:54:36.965  1529  2998 V RestrictedPackageService: filterBroadcastReceiver for com.lenovo.weather.action.TIME_TICK
05-24 20:54:36.969  2793 15727 I Places  : Converted 0 out of 6 WiFi scans
05-24 20:54:36.992 13532 13532 D LenovoWeatherApp: TimeTickService onDestroy
05-24 20:54:37.045  4441  4585 I keyPushLog: LSF_DEVICE_PUSH: net: wifi
05-24 20:54:37.064  4441  4585 I keyPushLog: LSF_DEVICE_PUSH:NetMode=wifi, wifiOnly=0, pkg=com.lenovo.lsf.device
05-24 20:54:37.066  2793  7064 W ctxmgr  : [AclManager]No 2 for (accnt=account#-938849063#, com.google.android.gms(10011):UserLocationProducer, vrsn=12685000, 0, 3pPkg = null ,  3pMdlId = null ,  pid = 2793). Was: 2 for 1, account#-938849063#
05-24 20:54:37.090  4441  4585 I keyPushLog: LSF_DEVICE_PUSH:LsfStartTime : 2017-02-25 package:com.lenovo.lsf.device
05-24 20:54:37.093  2793  7064 W ctxmgr  : [AclManager]No 2 for (accnt=account#-2061379117#, com.google.android.gms(10011):UserLocationProducer, vrsn=12685000, 0, 3pPkg = null ,  3pMdlId = null ,  pid = 2793). Was: 2 for 1, account#-2061379117#
05-24 20:54:37.131  2793 15754 I AsyncOpDispatcher: 35-GetDeviceDataUploadOptInStatusOperation
05-24 20:54:37.153  2793  2793 I GeofencerStateMachine: addGeofences called by com.google.android.gms
05-24 20:54:37.177  2208  2208 D Resources: oneSpecialCase = falsequantityCode =other local = pt_BR
05-24 20:54:37.177  2208  2208 D Resources: oneSpecialCase = falsequantityCode =other local = pt_BR
05-24 20:54:37.177  2208  2208 D Resources: oneSpecialCase = falsequantityCode =other local = pt_BR
05-24 20:54:37.177  2208  2208 D Resources: oneSpecialCase = falsequantityCode =other local = pt_BR
05-24 20:54:37.178  2208  2208 D Resources: oneSpecialCase = falsequantityCode =other local = pt_BR
05-24 20:54:37.178  2208  2208 D Resources: oneSpecialCase = falsequantityCode =other local = pt_BR
05-24 20:54:37.178  2208  2208 D Resources: oneSpecialCase = falsequantityCode =other local = pt_BR
05-24 20:54:37.178  2208  2208 D Resources: oneSpecialCase = falsequantityCode =other local = pt_BR
05-24 20:54:37.178  2208  2208 D Resources: oneSpecialCase = falsequantityCode =other local = pt_BR
05-24 20:54:37.179  2208  2208 D Resources: oneSpecialCase = falsequantityCode =other local = pt_BR
05-24 20:54:37.179  2208  2208 D Resources: oneSpecialCase = falsequantityCode =other local = pt_BR
05-24 20:54:37.179  2208  2208 D Resources: oneSpecialCase = falsequantityCode =other local = pt_BR
05-24 20:54:37.179  2208  2208 D Resources: oneSpecialCase = falsequantityCode =other local = pt_BR
05-24 20:54:37.179  2208  2208 D Resources: oneSpecialCase = falsequantityCode =other local = pt_BR
05-24 20:54:37.179  2208  2208 D Resources: oneSpecialCase = falsequantityCode =other local = pt_BR
05-24 20:54:37.180  2208  2208 D Resources: oneSpecialCase = falsequantityCode =other local = pt_BR
05-24 20:54:37.180  2208  2208 D Resources: oneSpecialCase = falsequantityCode =other local = pt_BR
05-24 20:54:37.181  2208  2208 D Resources: oneSpecialCase = falsequantityCode =other local = pt_BR
05-24 20:54:37.181  2208  2208 D Resources: oneSpecialCase = falsequantityCode =other local = pt_BR
05-24 20:54:37.181  2208  2208 D Resources: oneSpecialCase = falsequantityCode =other local = pt_BR
05-24 20:54:37.181  2208  2208 D Resources: oneSpecialCase = falsequantityCode =other local = pt_BR
05-24 20:54:37.182  2208  2208 D Resources: oneSpecialCase = falsequantityCode =other local = pt_BR
05-24 20:54:37.182  2208  2208 D Resources: oneSpecialCase = falsequantityCode =other local = pt_BR
05-24 20:54:37.182  2208  2208 D Resources: oneSpecialCase = falsequantityCode =other local = pt_BR
05-24 20:54:37.182  2208  2208 D Resources: oneSpecialCase = falsequantityCode =other local = pt_BR
05-24 20:54:37.182  2208  2208 D Resources: oneSpecialCase = falsequantityCode =other local = pt_BR
05-24 20:54:37.183  2208  2208 D Resources: oneSpecialCase = falsequantityCode =other local = pt_BR
05-24 20:54:37.183  2208  2208 D Resources: oneSpecialCase = falsequantityCode =other local = pt_BR
05-24 20:54:37.183  2208  2208 D Resources: oneSpecialCase = falsequantityCode =other local = pt_BR
05-24 20:54:37.183  2208  2208 D Resources: oneSpecialCase = falsequantityCode =other local = pt_BR
05-24 20:54:37.183  2208  2208 D Resources: oneSpecialCase = falsequantityCode =other local = pt_BR
05-24 20:54:37.184  2208  2208 D Resources: oneSpecialCase = falsequantityCode =other local = pt_BR
05-24 20:54:37.184  2208  2208 D Resources: oneSpecialCase = falsequantityCode =other local = pt_BR
05-24 20:54:37.184  2208  2208 D Resources: oneSpecialCase = falsequantityCode =other local = pt_BR
05-24 20:54:37.184  2208  2208 D Resources: oneSpecialCase = falsequantityCode =other local = pt_BR
05-24 20:54:37.184  2208  2208 D Resources: oneSpecialCase = falsequantityCode =other local = pt_BR
05-24 20:54:37.185  2208  2208 D Resources: oneSpecialCase = falsequantityCode =other local = pt_BR
05-24 20:54:37.185  2208  2208 D Resources: oneSpecialCase = falsequantityCode =other local = pt_BR
