05-24 20:54:58.044  1529  1554 D DeviceIdleController: Adding AppId 10011 to temp whitelist. New entry: true
05-24 20:54:58.044  1529  1554 D DeviceIdleController: postTempActiveTimeoutMessage: uid=10011, delay=10000
05-24 20:54:58.044  1529  1554 D DeviceIdleController: Setting wakelock temp whitelist to [10011]
05-24 20:55:00.299   661   661 I cnss-daemon: RTM_NEWNEIGH message received: 28
05-24 20:55:00.299   661   661 E cnss-daemon: Stale or unreachable neighbors, ndm state: 4
05-24 20:55:08.045  1529  1553 D DeviceIdleController: handleMessage(6)
05-24 20:55:08.045  1529  1553 D DeviceIdleController: checkTempAppWhitelistTimeout: uid=10011, timeNow=918016
05-24 20:55:08.045  1529  1553 D DeviceIdleController: Removing UID 10011 from temp whitelist
05-24 20:55:08.045  1529  1553 D DeviceIdleController: Setting wakelock temp whitelist to []
05-24 20:55:10.036  1529  1832 V AlarmManager: sending alarm Alarm{b665d98 type 3 when 909971 android}
05-24 20:55:10.039  1529  1832 V AlarmManager: sending alarm Alarm{6aa59f1 type 2 when 915635 android}
05-24 20:55:10.039  1529  1832 V AlarmManager: sending alarm Alarm{f55e9d6 type 2 when 915635 android}
05-24 20:55:10.040  1529  1832 V AlarmManager: sending alarm Alarm{657f457 type 2 when 915635 android}
05-24 20:55:10.040  1529  1832 V AlarmManager: sending alarm Alarm{22fbb44 type 2 when 915635 android}
05-24 20:55:10.040  1529  1832 V AlarmManager: sending alarm Alarm{3f9a42d type 2 when 915635 android}
05-24 20:55:10.040  1529  1832 V AlarmManager: sending alarm Alarm{91ecd62 type 2 when 915635 android}
05-24 20:55:10.041  1529  1832 V AlarmManager: sending alarm Alarm{7d7ef3 type 2 when 915635 android}
05-24 20:55:10.041  1529  1832 V AlarmManager: sending alarm Alarm{50f47b0 type 2 when 920006 com.google.android.gms}
05-24 20:55:10.042  1529  1832 V RestrictedPackageService: filterBroadcastReceiver for com.google.android.gms.gcm.ACTION_CHECK_QUEUE
05-24 20:55:10.044  1529  1832 V AlarmManager: sending alarm Alarm{1795629 type 1 when 1527206100874 com.lenovo.lewea}
05-24 20:55:10.052  1529  1554 I ActivityManager: Killing 12727:com.google.android.apps.tachyon/u0a140 (adj 906): empty #17
05-24 20:55:10.072  1529  1832 V AlarmManager: sending alarm Alarm{467174f type 1 when 1527206100903 com.lenovo.lewea}
05-24 20:55:10.077  4378  4378 D LenovoWeatherApp: TimeTickService onCreate
05-24 20:55:10.078  4378  4378 D LenovoWeatherApp: TimeTickService onStartCommand
05-24 20:55:10.082  1529  2755 D ConnectivityService: ConnectivityService NetworkRequestInfo binderDied(NetworkRequest [ id=22, legacyType=-1, [ Capabilities: INTERNET&NOT_RESTRICTED&TRUSTED] ], android.os.BinderProxy@4282be5)
05-24 20:55:10.084  1529  2081 E ConnectivityService: RemoteException caught trying to send a callback msg for NetworkRequest [ id=22, legacyType=-1, [ Capabilities: INTERNET&NOT_RESTRICTED&TRUSTED] ]
05-24 20:55:10.091 13532 13532 D LenovoWeatherApp: TimeTickService onCreate
05-24 20:55:10.092 13532 13532 D LenovoWeatherApp: TimeTickService onStartCommand
05-24 20:55:10.114  1529  3001 D ActivityManager: cleanUpApplicationRecord -- 12727
05-24 20:55:10.114  2208  2208 I chatty  : uid=10046(com.android.systemui) expire 20 lines
05-24 20:55:10.146  1529  3013 V RestrictedPackageService: filterBroadcastReceiver for com.lenovo.weather.action.TIME_TICK
05-24 20:55:10.158  4378  4378 D LenovoWeatherApp: CommonReceiver action=com.lenovo.weather.action.TIME_TICK
05-24 20:55:10.166  4378  4378 V LenovoWeatherApp: imeiNo=351882082838034
05-24 20:55:10.166  4378  4378 V LenovoWeatherApp: locationTime=54:00
05-24 20:55:10.166  4378  4378 D LenovoWeatherApp: TimeTickService onDestroy
05-24 20:55:10.170  1529  2563 V RestrictedPackageService: filterBroadcastReceiver for com.lenovo.weather.action.TIME_TICK
05-24 20:55:10.175 13532 13532 D LenovoWeatherApp: TimeTickService onDestroy
05-24 20:55:10.198  1529  1545 I ActivityManager: Start proc 15880:com.google.android.apps.tachyon/u0a140 for service com.google.android.apps.tachyon/com.firebase.jobdispatcher.GooglePlayReceiver
05-24 20:55:10.213  4378  4378 D LenovoWeatherApp: WeatherWidget action = com.lenovo.weather.action.TIME_TICK
05-24 20:55:10.252  4378  4378 D LenovoWeatherApp: UpdateAppWidgetService ids.length = 1
05-24 20:55:10.254 15880 15880 D LenovoAppIconTheme: ExtraResources;cleanCachedIcon;clear cache..
05-24 20:55:10.255  4378  4378 V LenovoWeatherApp: themeValue = 2334
05-24 20:55:10.279  4378  4378 V LenovoWeatherApp: UpdateAppWidgetService:Criclelight theme update start.
05-24 20:55:10.281 13532 13532 D LenovoWeatherApp: CommonReceiver action=com.lenovo.weather.action.TIME_TICK
05-24 20:55:10.282 15880 15880 I art     : Starting a blocking GC AddRemoveAppImageSpace
05-24 20:55:10.282  4378  4378 D LenovoWeatherAppTheme-circlelight: density: 3.0
05-24 20:55:10.283  4378  4378 V LenovoWeatherAppTheme-circlelight: layoutId = 2130903040
05-24 20:55:10.285  4378  4378 V LenovoWeatherAppTheme-circlelight: currentTime = 20:55date = 2018-05-24dayOfMonth = 24
05-24 20:55:10.293 13532 13532 V LenovoWeatherApp: imeiNo=351882082838034
05-24 20:55:10.293 13532 13532 V LenovoWeatherApp: locationTime=54:00
05-24 20:55:10.314 13532 13532 D LenovoWeatherApp: WeatherWidget action = com.lenovo.weather.action.TIME_TICK
05-24 20:55:10.336  4378  4378 V kongql1 : getTemperatureUnitType(parentContext) = 1
05-24 20:55:10.337 13532 13532 D LenovoWeatherApp: UpdateAppWidgetService ids.length = 0
05-24 20:55:10.360  4378  4378 V LenovoWeatherApp: UpdateAppWidgetService:Criclelight theme update finished.
05-24 20:55:10.372  4378  4378 D LenovoWeatherApp: UpdateAppWidgetService update end
05-24 20:55:10.372  2208  2208 D Resources: oneSpecialCase = falsequantityCode =other local = pt_BR
05-24 20:55:10.373  2208  2208 D Resources: oneSpecialCase = falsequantityCode =other local = pt_BR
05-24 20:55:10.373  2208  2208 D Resources: oneSpecialCase = falsequantityCode =other local = pt_BR
05-24 20:55:10.373  2208  2208 D Resources: oneSpecialCase = falsequantityCode =other local = pt_BR
05-24 20:55:10.373  2208  2208 D Resources: oneSpecialCase = falsequantityCode =other local = pt_BR
05-24 20:55:10.373  2208  2208 D Resources: oneSpecialCase = falsequantityCode =other local = pt_BR
05-24 20:55:10.374  2208  2208 D Resources: oneSpecialCase = falsequantityCode =other local = pt_BR
05-24 20:55:10.374  2208  2208 D Resources: oneSpecialCase = falsequantityCode =other local = pt_BR
05-24 20:55:10.374  2208  2208 D Resources: oneSpecialCase = falsequantityCode =other local = pt_BR
05-24 20:55:10.374  2208  2208 D Resources: oneSpecialCase = falsequantityCode =other local = pt_BR
05-24 20:55:10.374  2208  2208 D Resources: oneSpecialCase = falsequantityCode =other local = pt_BR
05-24 20:55:10.374  2208  2208 D Resources: oneSpecialCase = falsequantityCode =other local = pt_BR
05-24 20:55:10.375  2208  2208 D Resources: oneSpecialCase = falsequantityCode =other local = pt_BR
05-24 20:55:10.375  2208  2208 D Resources: oneSpecialCase = falsequantityCode =other local = pt_BR
05-24 20:55:10.375  2208  2208 D Resources: oneSpecialCase = falsequantityCode =other local = pt_BR
05-24 20:55:10.375  2208  2208 D Resources: oneSpecialCase = falsequantityCode =other local = pt_BR
05-24 20:55:10.375  2208  2208 D Resources: oneSpecialCase = falsequantityCode =other local = pt_BR
05-24 20:55:10.375  2208  2208 D Resources: oneSpecialCase = falsequantityCode =other local = pt_BR
05-24 20:55:10.375  2208  2208 D Resources: oneSpecialCase = falsequantityCode =other local = pt_BR
05-24 20:55:10.376  2208  2208 D Resources: oneSpecialCase = falsequantityCode =other local = pt_BR
05-24 20:55:10.376  2208  2208 D Resources: oneSpecialCase = falsequantityCode =other local = pt_BR
05-24 20:55:10.376  2208  2208 D Resources: oneSpecialCase = falsequantityCode =other local = pt_BR
05-24 20:55:10.376  2208  2208 D Resources: oneSpecialCase = falsequantityCode =other local = pt_BR
05-24 20:55:10.376  2208  2208 D Resources: oneSpecialCase = falsequantityCode =other local = pt_BR
05-24 20:55:10.376  2208  2208 D Resources: oneSpecialCase = falsequantityCode =other local = pt_BR
05-24 20:55:10.376  2208  2208 D Resources: oneSpecialCase = falsequantityCode =other local = pt_BR
05-24 20:55:10.377  2208  2208 D Resources: oneSpecialCase = falsequantityCode =other local = pt_BR
05-24 20:55:10.377  2208  2208 D Resources: oneSpecialCase = falsequantityCode =other local = pt_BR
05-24 20:55:10.377  2208  2208 D Resources: oneSpecialCase = falsequantityCode =other local = pt_BR
05-24 20:55:10.377  2208  2208 D Resources: oneSpecialCase = falsequantityCode =other local = pt_BR
05-24 20:55:10.378  2208  2208 D Resources: oneSpecialCase = falsequantityCode =other local = pt_BR
05-24 20:55:10.378  2208  2208 D Resources: oneSpecialCase = falsequantityCode =other local = pt_BR
05-24 20:55:10.381  2208  2208 D Resources: oneSpecialCase = falsequantityCode =other local = pt_BR
05-24 20:55:10.381  2208  2208 D Resources: oneSpecialCase = falsequantityCode =other local = pt_BR
05-24 20:55:10.382  2208  2208 D Resources: oneSpecialCase = falsequantityCode =other local = pt_BR
05-24 20:55:10.382  2208  2208 D Resources: oneSpecialCase = falsequantityCode =other local = pt_BR
05-24 20:55:10.382  2208  2208 D Resources: oneSpecialCase = falsequantityCode =other local = pt_BR
05-24 20:55:10.383  2208  2208 D Resources: oneSpecialCase = falsequantityCode =other local = pt_BR
05-24 20:55:10.383  2208  2208 D Resources: oneSpecialCase = falsequantityCode =other local = pt_BR
05-24 20:55:10.384  2208  2208 D Resources: oneSpecialCase = falsequantityCode =one local = pt_BR
05-24 20:55:10.384  2208  2208 D Resources: oneSpecialCase = falsequantityCode =one local = pt_BR
05-24 20:55:10.384  2208  2208 D Resources: oneSpecialCase = falsequantityCode =one local = pt_BR
05-24 20:55:10.384  2208  2208 D Resources: oneSpecialCase = falsequantityCode =other local = pt_BR
05-24 20:55:10.385  2208  2208 D Resources: oneSpecialCase = falsequantityCode =one local = pt_BR
05-24 20:55:10.385  2208  2208 D Resources: oneSpecialCase = falsequantityCode =other local = pt_BR
05-24 20:55:10.385  2208  2208 D Resources: oneSpecialCase = falsequantityCode =other local = pt_BR
05-24 20:55:10.387  2208  2208 D Resources: oneSpecialCase = falsequantityCode =other local = pt_BR
05-24 20:55:10.387  2208  2208 D Resources: oneSpecialCase = falsequantityCode =other local = pt_BR
05-24 20:55:10.388  2208  2208 D Resources: oneSpecialCase = falsequantityCode =one local = pt_BR
05-24 20:55:10.388  2208  2208 D Resources: oneSpecialCase = falsequantityCode =one local = pt_BR
05-24 20:55:10.389  2208  2208 D Resources: oneSpecialCase = falsequantityCode =one local = pt_BR
05-24 20:55:10.389  2208  2208 D Resources: oneSpecialCase = falsequantityCode =other local = pt_BR
05-24 20:55:10.390  2208  2208 D Resources: oneSpecialCase = falsequantityCode =other local = pt_BR
05-24 20:55:10.390  2208  2208 D Resources: oneSpecialCase = falsequantityCode =other local = pt_BR
05-24 20:55:10.390  2208  2208 D Resources: oneSpecialCase = falsequantityCode =other local = pt_BR
05-24 20:55:10.390  2208  2208 D Resources: oneSpecialCase = falsequantityCode =other local = pt_BR
05-24 20:55:10.390  2208  2208 D Resources: oneSpecialCase = falsequantityCode =other local = pt_BR
05-24 20:55:10.391  2208  2208 D Resources: oneSpecialCase = falsequantityCode =other local = pt_BR
05-24 20:55:10.391  2208  2208 D Resources: oneSpecialCase = falsequantityCode =other local = pt_BR
05-24 20:55:10.391  2208  2208 D Resources: oneSpecialCase = falsequantityCode =other local = pt_BR
05-24 20:55:10.391  2208  2208 D Resources: oneSpecialCase = falsequantityCode =other local = pt_BR
05-24 20:55:10.391  2208  2208 D Resources: oneSpecialCase = falsequantityCode =other local = pt_BR
05-24 20:55:10.391  2208  2208 D Resources: oneSpecialCase = falsequantityCode =other local = pt_BR
05-24 20:55:10.392  2208  2208 D Resources: oneSpecialCase = falsequantityCode =other local = pt_BR
05-24 20:55:10.392  2208  2208 D Resources: oneSpecialCase = falsequantityCode =other local = pt_BR
05-24 20:55:10.392  2208  2208 D Resources: oneSpecialCase = falsequantityCode =other local = pt_BR
05-24 20:55:10.392  2208  2208 D Resources: oneSpecialCase = falsequantityCode =other local = pt_BR
05-24 20:55:10.393  2208  2208 D Resources: oneSpecialCase = falsequantityCode =other local = pt_BR
05-24 20:55:10.393  2208  2208 D Resources: oneSpecialCase = falsequantityCode =other local = pt_BR
05-24 20:55:10.393  2208  2208 D Resources: oneSpecialCase = falsequantityCode =other local = pt_BR
05-24 20:55:10.394  2208  2208 D Resources: oneSpecialCase = falsequantityCode =other local = pt_BR
05-24 20:55:10.394  2208  2208 D Resources: oneSpecialCase = falsequantityCode =other local = pt_BR
05-24 20:55:10.395  2208  2208 D Resources: oneSpecialCase = falsequantityCode =one local = pt_BR
05-24 20:55:10.395  2208  2208 D Resources: oneSpecialCase = falsequantityCode =one local = pt_BR
05-24 20:55:10.395  2208  2208 D Resources: oneSpecialCase = falsequantityCode =one local = pt_BR
05-24 20:55:10.396  2208  2208 D Resources: oneSpecialCase = falsequantityCode =other local = pt_BR
05-24 20:55:10.396  2208  2208 D Resources: oneSpecialCase = falsequantityCode =other local = pt_BR
05-24 20:55:10.396  2208  2208 D Resources: oneSpecialCase = falsequantityCode =other local = pt_BR
05-24 20:55:10.396  2208  2208 D Resources: oneSpecialCase = falsequantityCode =other local = pt_BR
05-24 20:55:10.397  2208  2208 D Resources: oneSpecialCase = falsequantityCode =other local = pt_BR
05-24 20:55:10.397  2208  2208 D Resources: oneSpecialCase = falsequantityCode =other local = pt_BR
05-24 20:55:10.397  2208  2208 D Resources: oneSpecialCase = falsequantityCode =one local = pt_BR
05-24 20:55:10.398  2208  2208 D Resources: oneSpecialCase = falsequantityCode =one local = pt_BR
05-24 20:55:10.399  2208  2208 D Resources: oneSpecialCase = falsequantityCode =one local = pt_BR
05-24 20:55:10.400  2208  2208 D Resources: oneSpecialCase = falsequantityCode =other local = pt_BR
05-24 20:55:10.400  2208  2208 D Resources: oneSpecialCase = falsequantityCode =one local = pt_BR
05-24 20:55:10.401  2208  2208 D Resources: oneSpecialCase = falsequantityCode =one local = pt_BR
05-24 20:55:10.405  2208  2208 D Resources: oneSpecialCase = falsequantityCode =one local = pt_BR
05-24 20:55:10.406  2208  2208 D Resources: oneSpecialCase = falsequantityCode =other local = pt_BR
05-24 20:55:10.406  2208  2208 D Resources: oneSpecialCase = falsequantityCode =one local = pt_BR
05-24 20:55:10.407  2208  2208 D Resources: oneSpecialCase = falsequantityCode =one local = pt_BR
05-24 20:55:10.408  2208  2208 D Resources: oneSpecialCase = falsequantityCode =one local = pt_BR
05-24 20:55:10.410  2208  2208 D Resources: oneSpecialCase = falsequantityCode =other local = pt_BR
05-24 20:55:10.410  2208  2208 D Resources: oneSpecialCase = falsequantityCode =one local = pt_BR
05-24 20:55:10.411  2208  2208 D Resources: oneSpecialCase = falsequantityCode =one local = pt_BR
05-24 20:55:10.412  2208  2208 D Resources: oneSpecialCase = falsequantityCode =one local = pt_BR
05-24 20:55:10.414  2208  2208 D Resources: oneSpecialCase = falsequantityCode =other local = pt_BR
05-24 20:55:10.415  2208  2208 D Resources: oneSpecialCase = falsequantityCode =one local = pt_BR
05-24 20:55:10.417  2208  2208 D Resources: oneSpecialCase = falsequantityCode =one local = pt_BR
05-24 20:55:10.418  2208  2208 D Resources: oneSpecialCase = falsequantityCode =one local = pt_BR
05-24 20:55:10.419  2208  2208 D Resources: oneSpecialCase = falsequantityCode =other local = pt_BR
05-24 20:55:10.419  2208  2208 D Resources: oneSpecialCase = falsequantityCode =one local = pt_BR
05-24 20:55:10.419  2208  2208 D Resources: oneSpecialCase = falsequantityCode =one local = pt_BR
05-24 20:55:10.420  2208  2208 D Resources: oneSpecialCase = falsequantityCode =one local = pt_BR
05-24 20:55:10.420  2208  2208 D Resources: oneSpecialCase = falsequantityCode =other local = pt_BR
05-24 20:55:10.421  2208  2208 D Resources: oneSpecialCase = falsequantityCode =one local = pt_BR
05-24 20:55:10.421  2208  2208 D Resources: oneSpecialCase = falsequantityCode =one local = pt_BR
05-24 20:55:10.421  2208  2208 D Resources: oneSpecialCase = falsequantityCode =one local = pt_BR
05-24 20:55:10.422  2208  2208 D Resources: oneSpecialCase = falsequantityCode =other local = pt_BR
05-24 20:55:10.422  2208  2208 D Resources: oneSpecialCase = falsequantityCode =one local = pt_BR
05-24 20:55:10.423  2208  2208 D Resources: oneSpecialCase = falsequantityCode =one local = pt_BR
05-24 20:55:10.423  2208  2208 D Resources: oneSpecialCase = falsequantityCode =one local = pt_BR
05-24 20:55:10.424  2208  2208 D Resources: oneSpecialCase = falsequantityCode =other local = pt_BR
05-24 20:55:10.424  2208  2208 D Resources: oneSpecialCase = falsequantityCode =one local = pt_BR
05-24 20:55:10.424  2208  2208 D Resources: oneSpecialCase = falsequantityCode =one local = pt_BR
05-24 20:55:10.425  2208  2208 D Resources: oneSpecialCase = falsequantityCode =one local = pt_BR
05-24 20:55:10.425  2208  2208 D Resources: oneSpecialCase = falsequantityCode =other local = pt_BR
05-24 20:55:10.425  2208  2208 D Resources: oneSpecialCase = falsequantityCode =other local = pt_BR
05-24 20:55:10.426  2208  2208 D Resources: oneSpecialCase = falsequantityCode =other local = pt_BR
05-24 20:55:10.426  2208  2208 D Resources: oneSpecialCase = falsequantityCode =other local = pt_BR
05-24 20:55:10.426  2208  2208 D Resources: oneSpecialCase = falsequantityCode =other local = pt_BR
05-24 20:55:10.426  2208  2208 D Resources: oneSpecialCase = falsequantityCode =other local = pt_BR
05-24 20:55:10.426  2208  2208 D Resources: oneSpecialCase = falsequantityCode =other local = pt_BR
05-24 20:55:10.427  2208  2208 D Resources: oneSpecialCase = falsequantityCode =other local = pt_BR
05-24 20:55:10.427  2208  2208 D Resources: oneSpecialCase = falsequantityCode =other local = pt_BR
05-24 20:55:10.427  2208  2208 D Resources: oneSpecialCase = falsequantityCode =other local = pt_BR
05-24 20:55:10.427  2208  2208 D Resources: oneSpecialCase = falsequantityCode =other local = pt_BR
05-24 20:55:10.427  2208  2208 D Resources: oneSpecialCase = falsequantityCode =other local = pt_BR
05-24 20:55:10.428  2208  2208 D Resources: oneSpecialCase = falsequantityCode =other local = pt_BR
05-24 20:55:10.428  2208  2208 D Resources: oneSpecialCase = falsequantityCode =other local = pt_BR
05-24 20:55:10.428  2208  2208 D Resources: oneSpecialCase = falsequantityCode =other local = pt_BR
05-24 20:55:10.428  2208  2208 D Resources: oneSpecialCase = falsequantityCode =other local = pt_BR
05-24 20:55:10.428  2208  2208 D Resources: oneSpecialCase = falsequantityCode =other local = pt_BR
05-24 20:55:10.429  2208  2208 D Resources: oneSpecialCase = falsequantityCode =other local = pt_BR
05-24 20:55:10.429  2208  2208 D Resources: oneSpecialCase = falsequantityCode =other local = pt_BR
05-24 20:55:10.429  2208  2208 D Resources: oneSpecialCase = falsequantityCode =other local = pt_BR
05-24 20:55:10.429  2208  2208 D Resources: oneSpecialCase = falsequantityCode =other local = pt_BR
05-24 20:55:10.430  2208  2208 D Resources: oneSpecialCase = falsequantityCode =other local = pt_BR
05-24 20:55:10.430  2208  2208 D Resources: oneSpecialCase = falsequantityCode =other local = pt_BR
05-24 20:55:10.430  2208  2208 D Resources: oneSpecialCase = falsequantityCode =other local = pt_BR
05-24 20:55:10.430  2208  2208 D Resources: oneSpecialCase = falsequantityCode =other local = pt_BR
05-24 20:55:10.430  2208  2208 D Resources: oneSpecialCase = falsequantityCode =other local = pt_BR
05-24 20:55:10.430  2208  2208 D Resources: oneSpecialCase = falsequantityCode =other local = pt_BR
05-24 20:55:10.431  2208  2208 D Resources: oneSpecialCase = falsequantityCode =other local = pt_BR
05-24 20:55:10.431  2208  2208 D Resources: oneSpecialCase = falsequantityCode =other local = pt_BR
05-24 20:55:10.431  2208  2208 D Resources: oneSpecialCase = falsequantityCode =other local = pt_BR
05-24 20:55:10.432  2208  2208 D Resources: oneSpecialCase = falsequantityCode =other local = pt_BR
05-24 20:55:10.432  2208  2208 D Resources: oneSpecialCase = falsequantityCode =other local = pt_BR
05-24 20:55:10.432  2208  2208 D Resources: oneSpecialCase = falsequantityCode =other local = pt_BR
05-24 20:55:10.433  2208  2208 D Resources: oneSpecialCase = falsequantityCode =other local = pt_BR
05-24 20:55:10.433  2208  2208 D Resources: oneSpecialCase = falsequantityCode =other local = pt_BR
05-24 20:55:10.433  2208  2208 D Resources: oneSpecialCase = falsequantityCode =other local = pt_BR
05-24 20:55:10.433  2208  2208 D Resources: oneSpecialCase = falsequantityCode =other local = pt_BR
05-24 20:55:10.433  2208  2208 D Resources: oneSpecialCase = falsequantityCode =other local = pt_BR
05-24 20:55:10.434  2208  2208 D Resources: oneSpecialCase = falsequantityCode =other local = pt_BR
05-24 20:55:10.434  2208  2208 D Resources: oneSpecialCase = falsequantityCode =other local = pt_BR
05-24 20:55:10.434  2208  2208 D Resources: oneSpecialCase = falsequantityCode =other local = pt_BR
05-24 20:55:10.446  4378  4378 D LenovoWeatherApp: receive action:android.intent.action.TIME_TICK
05-24 20:55:10.453  1529  3001 V RestrictedPackageService: filterBroadcastReceiver for com.lenovo.weather.action.TIME_TICK
05-24 20:55:10.463  4378  4378 D LenovoWeatherApp: CommonReceiver action=com.lenovo.weather.action.TIME_TICK
05-24 20:55:10.469  4378  4378 V LenovoWeatherApp: imeiNo=351882082838034
05-24 20:55:10.469  4378  4378 V LenovoWeatherApp: locationTime=54:00
05-24 20:55:10.497  4378  4378 D LenovoWeatherApp: WeatherWidget action = com.lenovo.weather.action.TIME_TICK
05-24 20:55:10.498 15880 15880 E art     : The String#value field is not present on Android versions >= 6.0
05-24 20:55:10.523  4378  4378 D LenovoWeatherApp: UpdateAppWidgetService ids.length = 1
05-24 20:55:10.527  4378  4378 V LenovoWeatherApp: themeValue = 2334
05-24 20:55:10.532 15880 15880 I org.webrtc.Logging: NativeLibrary: Loading native library.
05-24 20:55:10.545  4378  4378 V LenovoWeatherApp: UpdateAppWidgetService:Criclelight theme update start.
05-24 20:55:10.545  4378  4378 D LenovoWeatherAppTheme-circlelight: density: 3.0
05-24 20:55:10.546  4378  4378 V LenovoWeatherAppTheme-circlelight: layoutId = 2130903040
05-24 20:55:10.547  4378  4378 V LenovoWeatherAppTheme-circlelight: currentTime = 20:55date = 2018-05-24dayOfMonth = 24
05-24 20:55:10.576  4378  4378 V kongql1 : getTemperatureUnitType(parentContext) = 1
05-24 20:55:10.580 15880 15880 W native  : commandlineflags.cc:1511 Ignoring RegisterValidateFunction() for flag pointer 0x8b357b90: no flag found at that address
05-24 20:55:10.581  4378  4378 V LenovoWeatherApp: UpdateAppWidgetService:Criclelight theme update finished.
05-24 20:55:10.583  4378  4378 D LenovoWeatherApp: UpdateAppWidgetService update end
05-24 20:55:10.732 15880 15880 W art     : Before Android 4.1, method double java.util.concurrent.ThreadLocalRandom.internalNextDouble(double, double) would have incorrectly overridden the package-private method in java.util.Random
05-24 20:55:10.732 15880 15880 W art     : Before Android 4.1, method int java.util.concurrent.ThreadLocalRandom.internalNextInt(int, int) would have incorrectly overridden the package-private method in java.util.Random
05-24 20:55:10.732 15880 15880 W art     : Before Android 4.1, method long java.util.concurrent.ThreadLocalRandom.internalNextLong(long, long) would have incorrectly overridden the package-private method in java.util.Random
05-24 20:55:10.818 15880 15880 W TachyonTelecomModule: Self-managed ConnectionServices are supported from O onwards
05-24 20:55:10.858 15880 15880 I FA      : App measurement is starting up, version: 11400
05-24 20:55:10.858 15880 15880 I FA      : To enable debug logging run: adb shell setprop log.tag.FA VERBOSE
05-24 20:55:10.877 15880 15880 I FA      : To enable faster debug mode event logging run:
05-24 20:55:10.877 15880 15880 I FA      :   adb shell setprop debug.firebase.analytics.app com.google.android.apps.tachyon
05-24 20:55:10.987 15880 15929 E TachyonGenericWork: [000:058] [15929] TachyonGenericWork: Generic work item refresh_registration failed!
05-24 20:55:10.987 15880 15929 E TachyonGenericWork: [000:058] [15929] TachyonGenericWork: byg
05-24 20:55:10.994 15880 15929 E TachyonGenericWork: [000:065] [15929] TachyonGenericWork: byg
05-24 20:55:10.994 15880 15929 E TachyonGenericWork: 	at dtd.p(PG:548)
05-24 20:55:10.994 15880 15929 E TachyonGenericWork: 	at djr.a(PG:7)
05-24 20:55:10.994 15880 15929 E TachyonGenericWork: 	at djl.a(Unknown Source)
05-24 20:55:10.994 15880 15929 E TachyonGenericWork: 	at ifx.a(PG:4)
05-24 20:55:10.994 15880 15929 E TachyonGenericWork: 	at ifw.run(PG:36)
05-24 20:55:10.994 15880 15929 E TachyonGenericWork: 	at ihq.run(PG:3)
05-24 20:55:10.994 15880 15929 E TachyonGenericWork: 	at java.util.concurrent.Executors$RunnableAdapter.call(Executors.java:428)
05-24 20:55:10.994 15880 15929 E TachyonGenericWork: 	at java.util.concurrent.FutureTask.run(FutureTask.java:237)
05-24 20:55:10.994 15880 15929 E TachyonGenericWork: 	at java.util.concurrent.ScheduledThreadPoolExecutor$ScheduledFutureTask.run(ScheduledThreadPoolExecutor.java:272)
05-24 20:55:10.994 15880 15929 E TachyonGenericWork: 	at java.util.concurrent.ThreadPoolExecutor.runWorker(ThreadPoolExecutor.java:1133)
05-24 20:55:10.994 15880 15929 E TachyonGenericWork: 	at java.util.concurrent.ThreadPoolExecutor$Worker.run(ThreadPoolExecutor.java:607)
05-24 20:55:10.994 15880 15929 E TachyonGenericWork: 	at cmn.run(Unknown Source)
05-24 20:55:10.994 15880 15929 E TachyonGenericWork: 	at java.lang.Thread.run(Thread.java:761)
05-24 20:55:10.994 15880 15929 E TachyonGenericWork: 
05-24 20:55:11.285   661   661 I cnss-daemon: RTM_NEWROUTE Indication
05-24 20:55:11.285   661   661 I cnss-daemon: ip type is ipv6
05-24 20:55:13.259  6625 15470 I Finsky  : [703] com.google.android.finsky.g.n.a(47): Patch apply task for com.google.android.apps.docs (com.google.android.apps.docs) (format 5) completed in 17467 ms
05-24 20:55:13.264  6625 15470 W com.google.common.io.i: IOException thrown while closing Closeable.
05-24 20:55:13.264  6625 15470 W com.google.common.io.i: java.io.IOException: write failed: EBADF (Bad file descriptor)
05-24 20:55:13.264  6625 15470 W com.google.common.io.i: 	at libcore.io.IoBridge.write(IoBridge.java:501)
05-24 20:55:13.264  6625 15470 W com.google.common.io.i: 	at android.os.FileBridge$FileBridgeOutputStream.writeCommandAndBlock(FileBridge.java:165)
05-24 20:55:13.264  6625 15470 W com.google.common.io.i: 	at android.os.FileBridge$FileBridgeOutputStream.close(FileBridge.java:152)
05-24 20:55:13.264  6625 15470 W com.google.common.io.i: 	at java.io.FilterOutputStream.close(FilterOutputStream.java:160)
05-24 20:55:13.264  6625 15470 W com.google.common.io.i: 	at com.google.common.io.i.a(SourceFile:5)
05-24 20:55:13.264  6625 15470 W com.google.common.io.i: 	at com.google.android.finsky.g.n.a(SourceFile:51)
05-24 20:55:13.264  6625 15470 W com.google.common.io.i: 	at com.google.android.finsky.g.n.doInBackground(SourceFile:2)
05-24 20:55:13.264  6625 15470 W com.google.common.io.i: 	at android.os.AsyncTask$2.call(AsyncTask.java:304)
05-24 20:55:13.264  6625 15470 W com.google.common.io.i: 	at java.util.concurrent.FutureTask.run(FutureTask.java:237)
05-24 20:55:13.264  6625 15470 W com.google.common.io.i: 	at java.util.concurrent.ThreadPoolExecutor.runWorker(ThreadPoolExecutor.java:1133)
05-24 20:55:13.264  6625 15470 W com.google.common.io.i: 	at java.util.concurrent.ThreadPoolExecutor$Worker.run(ThreadPoolExecutor.java:607)
05-24 20:55:13.264  6625 15470 W com.google.common.io.i: 	at java.lang.Thread.run(Thread.java:761)
05-24 20:55:13.264  6625 15470 W com.google.common.io.i: Caused by: android.system.ErrnoException: write failed: EBADF (Bad file descriptor)
05-24 20:55:13.264  6625 15470 W com.google.common.io.i: 	at libcore.io.Posix.writeBytes(Native Method)
05-24 20:55:13.264  6625 15470 W com.google.common.io.i: 	at libcore.io.Posix.write(Posix.java:273)
05-24 20:55:13.264  6625 15470 W com.google.common.io.i: 	at libcore.io.BlockGuardOs.write(BlockGuardOs.java:319)
05-24 20:55:13.264  6625 15470 W com.google.common.io.i: 	at libcore.io.IoBridge.write(IoBridge.java:496)
05-24 20:55:13.264  6625 15470 W com.google.common.io.i: 	... 11 more
05-24 20:55:13.275  6625  6625 I Finsky  : [1] com.google.android.finsky.g.n.onPostExecute(105): Successfully applied patch to update com.google.android.apps.docs (com.google.android.apps.docs)
05-24 20:55:13.287  6625  6625 I Finsky  : [1] com.google.android.finsky.installer.a.az.b(244): Begin install of com.google.android.apps.docs (isid: 0B9-hu3HSVSvhC4t_GilAQ)
05-24 20:55:13.293  9013 11235 V DownloadManager: Deleting /data/data/com.android.providers.downloads/cache/downloadfile.bin via provider delete
05-24 20:55:13.682  1529  1592 V RestrictedPackageService: filterBroadcastReceiver for android.intent.action.PACKAGE_NEEDS_VERIFICATION
05-24 20:55:13.696  6625  6625 I Finsky  : [1] com.google.android.finsky.verifier.impl.PackageVerificationReceiver.onReceive(17): Verification requested, id = 9
05-24 20:55:13.714  6625 15475 E GooglePlayServicesUtil: The Google Play services resources were not found. Check your project configuration to ensure that the resources are included.
05-24 20:55:13.737  6625 15475 E GooglePlayServicesUtil: The Google Play services resources were not found. Check your project configuration to ensure that the resources are included.
05-24 20:55:13.790  6625 15475 E GooglePlayServicesUtil: The Google Play services resources were not found. Check your project configuration to ensure that the resources are included.
05-24 20:55:13.818  6625 15475 E GooglePlayServicesUtil: The Google Play services resources were not found. Check your project configuration to ensure that the resources are included.
05-24 20:55:13.830  3174  3887 I AsyncOpDispatcher: 45-id
05-24 20:55:13.843  6625 15475 I Finsky  : [704] com.google.android.finsky.verifier.impl.cs.a(439): Skipping verification because own installation
05-24 20:55:13.843  6625 15475 I Finsky  : [704] com.google.android.finsky.verifier.impl.cs.a(286): Skipping anti malware verification due to pre-check failure
05-24 20:55:13.844  6625  6625 I Finsky  : [1] com.google.android.finsky.verifier.impl.eb.c(292): Verifying id=9, result=1
05-24 20:55:13.845  3174  4741 I AsyncOpDispatcher: 45-id
05-24 20:55:13.849  6625  6625 I Finsky  : [1] com.google.android.finsky.verifier.impl.eb.c(155): Verification complete: id=9, package_name=com.google.android.apps.docs
05-24 20:55:13.868  1529  1592 W PackageParser: Unknown element under <manifest>: meta-data at /data/app/vmdl2130158645.tmp/base.apk Binary XML file line #111
05-24 20:55:13.884  1529  1592 W PackageParser: No actions in intent filter at /data/app/vmdl2130158645.tmp/base.apk Binary XML file line #1649
05-24 20:55:14.007 15947 15947 I dex2oat : /system/bin/dex2oat --compiler-filter=interpret-only
05-24 20:55:16.289   661   661 I cnss-daemon: RTM_NEWNEIGH message received: 28
05-24 20:55:16.289   661   661 I cnss-daemon: NDA_DST received: fe80::7e26:64ff:fe7f:e801 ul: 33022
05-24 20:55:16.289   661   661 I cnss-daemon: NDA_LLADDR received
05-24 20:55:16.291   661   661 E cnss-daemon: gateway ipv6 address: fe80::7e26:64ff:fe7f:e801
05-24 20:55:16.291   661   661 E cnss-daemon: gateway mac address: %02x:%02x:%02x:%02x:%02x:%02x
05-24 20:55:16.291   661   661 E cnss-daemon: : 7c:26:64:7f:e8:01
05-24 20:55:16.292   661   661 E cnss-daemon: gw update message successfully sent
05-24 20:55:17.331  2140  2140 I chatty  : uid=1002(bluetooth) com.android.bluetooth expire 12 lines
05-24 20:55:18.803  1529  1832 V AlarmManager: sending alarm Alarm{7344c04 type 2 when 928773 android}
05-24 20:55:18.803  1529  1832 V AlarmManager: sending alarm Alarm{f85c5ed type 2 when 928773 android}
05-24 20:55:18.804  1529  1832 V AlarmManager: sending alarm Alarm{91ac22 type 2 when 928773 android}
05-24 20:55:18.804  1529  1832 V AlarmManager: sending alarm Alarm{4c4d6b3 type 2 when 928773 android}
05-24 20:55:18.804  1529  1832 V AlarmManager: sending alarm Alarm{2ac2470 type 2 when 928773 android}
05-24 20:55:18.804  1529  1832 V AlarmManager: sending alarm Alarm{505d3e9 type 2 when 928773 android}
05-24 20:55:18.804  1529  1832 V AlarmManager: sending alarm Alarm{942686e type 2 when 928773 android}
05-24 20:55:18.923  6625  6625 I Finsky  : [1] com.google.android.finsky.scheduler.JobSchedulerEngine$PhoneskyJobSchedulerJobService.onStartJob(11): onJobSchedulerWakeup with jobId 9001
05-24 20:55:18.943  6625  6625 I Finsky  : [1] com.google.android.finsky.scheduler.x.a(14): Scheduling fallback in 43199980 (absolute: 44128894)
05-24 20:55:18.961  6625  6625 I Finsky  : [1] com.google.android.finsky.scheduler.x.a(14): Scheduling fallback in 64799983 (absolute: 65728914)
05-24 20:55:18.967  6625  6625 I Finsky  : [1] com.google.android.finsky.scheduler.ae.handleMessage(39): DeviceState: DeviceState{currentTime=1527206118962, isCharging=true, isIdle=true, netAny=true, netNotRoaming=true, netUnmetered=true}
05-24 20:55:18.974  6625  6625 I Finsky  : [1] com.google.android.finsky.scheduler.bb.a(50): Jobs in database: 1-1337 12-1 
05-24 20:55:18.978  6625  6625 I Finsky  : [1] com.google.android.finsky.scheduler.z.a(138): Running job: 12-1
05-24 20:55:18.979  6625  6625 I Finsky  : [1] com.google.android.finsky.ai.c.a(37): ContentSyncJob started
05-24 20:55:18.983  6625  6625 I Finsky  : [1] com.google.android.finsky.scheduler.z.a(196): RunningQueue size: 1, PendingQueue size: 0
05-24 20:55:18.984  6625  6625 I Finsky  : [1] com.google.android.finsky.scheduler.z.a(213): Running queue: 12-1 
05-24 20:55:19.039  1529  1553 D DeviceIdleController: handleMessage(7)
05-24 20:55:19.139  6625  6663 E GooglePlayServicesUtil: The Google Play services resources were not found. Check your project configuration to ensure that the resources are included.
05-24 20:55:19.165  6625  6663 E GooglePlayServicesUtil: The Google Play services resources were not found. Check your project configuration to ensure that the resources are included.
05-24 20:55:19.205 15947 15947 I dex2oat : dex2oat took 5.198s (threads: 8) arena alloc=41KB (42400B) java alloc=17MB (18195008B) native alloc=17MB (18171280B) free=1966KB (2013808B)
05-24 20:55:19.234   661   661 I cnss-daemon: RTM_NEWROUTE Indication
05-24 20:55:19.234   661   661 I cnss-daemon: ip type is ipv6
05-24 20:55:19.244  1529  1554 I ActivityManager: Force stopping com.google.android.apps.docs appid=10073 user=-1: installPackageLI
05-24 20:55:19.258  1592  1592 W PackageManager: type=1400 audit(0.0:100): avc: denied { read } for name="foreign-dex" dev="dm-0" ino=294927 scontext=u:r:system_server:s0 tcontext=u:object_r:user_profile_data_file:s0 tclass=dir permissive=0
05-24 20:55:19.264   652   652 D installd: Found valid user 10
05-24 20:55:19.269  1529  1592 W PackageManager: Trying to update system app code path from /data/app/com.google.android.apps.docs-1 to /data/app/com.google.android.apps.docs-2
05-24 20:55:19.270  1529  1592 W PackageManager: Code path for com.google.android.apps.docs changing from /data/app/com.google.android.apps.docs-1 to /data/app/com.google.android.apps.docs-2
05-24 20:55:19.270  1529  1592 W PackageManager: Resource path for com.google.android.apps.docs changing from /data/app/com.google.android.apps.docs-1 to /data/app/com.google.android.apps.docs-2
05-24 20:55:19.279  1529  1592 W PackageManager: Permission com.google.android.apps.docs.permission.READ_MY_DATA from package com.google.android.apps.docs in an unknown group android.permission-group.PERSONAL_INFO
05-24 20:55:19.280  1529  1592 W PackageManager: Permission com.google.android.apps.docs.permission.SYNC_STATUS from package com.google.android.apps.docs in an unknown group android.permission-group.PERSONAL_INFO
05-24 20:55:19.962  6625  6625 I Finsky  : [1] com.google.android.finsky.o.c.a(21): Completed 1 account content syncs with 1 successful.
05-24 20:55:20.649   661   661 I cnss-daemon: RTM_NEWNEIGH message received: 28
05-24 20:55:20.649   661   661 E cnss-daemon: Stale or unreachable neighbors, ndm state: 4
05-24 20:55:21.009   652   652 W cutils  : Expected path /data/data/com.google.android.apps.docs with mode 700 but found 751
05-24 20:55:21.029  6625  6625 I Finsky  : [1] com.google.android.finsky.ai.c.a(5): Installation state replication succeeded.
05-24 20:55:21.030  6625  6625 I Finsky  : [1] com.google.android.finsky.scheduler.ay.b(8): jobFinished: 12-1. TimeElapsed: 2051ms
05-24 20:55:21.032  6625  6625 I Finsky  : [1] com.google.android.finsky.scheduler.z.b(38): Job 12-1 finished
05-24 20:55:21.034  6625  6625 I Finsky  : [1] com.google.android.finsky.scheduler.z.a(196): RunningQueue size: 0, PendingQueue size: 0
05-24 20:55:21.036  6625  6625 I Finsky  : [1] com.google.android.finsky.scheduler.ae.handleMessage(78): Executor finished
05-24 20:55:21.063  6625  6625 I Finsky  : [1] com.google.android.finsky.scheduler.bb.a(50): Jobs in database: 1-1337 
05-24 20:55:21.074  6625  6625 I Finsky  : [1] com.google.android.finsky.scheduler.g.a(287): ConstraintMapping: 1-1337,  -> L: 72055857ms, D: 158455857ms, C: false, I: false, N: 1
05-24 20:55:21.087  1529  1553 D DeviceIdleController: handleMessage(7)
05-24 20:55:21.089  6625  6625 I Finsky  : [1] com.google.android.finsky.scheduler.JobSchedulerEngine.a(142): Scheduling job Id: 9000, L: 72055857, D: 158455857, C: false, I: false, N: 1
05-24 20:55:21.160  1529  1592 V RestrictedPackageService: filterBroadcastReceiver for android.intent.action.INTENT_FILTER_NEEDS_VERIFICATION
05-24 20:55:21.192  3174 15970 I IntentFilterIntentSvc: Verifying IntentFilter. verificationId:1 scheme:"https" hosts:"* docs.google.com drive.google.com icing.drive.google.com spreadsheets.google.com" package:"com.google.android.apps.docs".
05-24 20:55:21.208  3174 15970 E HostsVerifier: Invalid host to verify (*):Input host is not valid.
05-24 20:55:21.322  3174  4316 W Conscrypt: Could not set socket write timeout: java.lang.reflect.InvocationTargetException
05-24 20:55:21.323  3174  4316 W Conscrypt: 	at java.lang.reflect.Method.invoke(Native Method)
05-24 20:55:21.323  3174  4316 W Conscrypt: 	at com.google.android.gms.org.conscrypt.Platform.setSocketWriteTimeout(:com.google.android.gms@12685022@12.6.85 (040308-197041431):13)
05-24 20:55:21.323  3174  4316 W Conscrypt: Caused by: android.system.ErrnoException: setsockopt failed: EBADF (Bad file descriptor)
05-24 20:55:21.323  3174  4316 W Conscrypt: 	at libcore.io.Posix.setsockoptTimeval(Native Method)
05-24 20:55:21.323  3174  4316 W Conscrypt: 	at libcore.io.ForwardingOs.setsockoptTimeval(ForwardingOs.java:157)
05-24 20:55:21.341  3174  4316 W Conscrypt: Could not set socket write timeout: java.lang.reflect.InvocationTargetException
05-24 20:55:21.341  3174  4316 W Conscrypt: 	at java.lang.reflect.Method.invoke(Native Method)
05-24 20:55:21.341  3174  4316 W Conscrypt: 	at com.google.android.gms.org.conscrypt.Platform.setSocketWriteTimeout(:com.google.android.gms@12685022@12.6.85 (040308-197041431):13)
05-24 20:55:21.341  3174  4316 W Conscrypt: Caused by: android.system.ErrnoException: setsockopt failed: EBADF (Bad file descriptor)
05-24 20:55:21.341  3174  4316 W Conscrypt: 	at libcore.io.Posix.setsockoptTimeval(Native Method)
05-24 20:55:21.341  3174  4316 W Conscrypt: 	at libcore.io.ForwardingOs.setsockoptTimeval(ForwardingOs.java:157)
05-24 20:55:21.391   652   652 E         : Couldn't opendir /data/app/vmdl2130158645.tmp: No such file or directory
05-24 20:55:21.393  1529  1592 I ActivityManager: Force stopping com.google.android.apps.docs appid=10073 user=0: pkg removed
05-24 20:55:21.407  1529  1592 V RestrictedPackageService: filterBroadcastReceiver for android.intent.action.PACKAGE_REMOVED
05-24 20:55:21.414  1529  1592 I ActivityManager: Force stopping com.google.android.apps.docs appid=10073 user=10: pkg removed
05-24 20:55:21.424  1529  1592 V RestrictedPackageService: filterBroadcastReceiver for android.intent.action.PACKAGE_REMOVED
05-24 20:55:21.431  1529  1592 V RestrictedPackageService: filterBroadcastReceiver for android.intent.action.PACKAGE_ADDED
05-24 20:55:21.461  2876  2876 W DPMJ    : |SERVICE| PackageListener EXTRA_REPLACING is set true
05-24 20:55:21.463  2125  2125 D wpa_supplicant: wlan0: BSS: Remove id 12 BSSID 94:2c:b3:af:86:40 SSID 'Mazinho' due to wpa_bss_flush_by_age
05-24 20:55:21.464  2125  2125 D wpa_supplicant: CTRL-DEBUG: ctrl_sock-sendmsg: sock=8 sndbuf=163840 outq=0 send_len=43
05-24 20:55:21.464  2125  2125 D wpa_supplicant: CTRL_IFACE monitor sent successfully to /data/misc/wifi/sockets/wpa_ctrl_640-2\x00
05-24 20:55:21.464  2125  2125 D wpa_supplicant: CTRL-DEBUG: ctrl_sock-sendmsg: sock=8 sndbuf=163840 outq=448 send_len=43
05-24 20:55:21.464  2125  2125 D wpa_supplicant: CTRL_IFACE monitor sent successfully to /data/misc/wifi/sockets/wpa_ctrl_1529-2\x00
05-24 20:55:21.464  2125  2125 D wpa_supplicant: wlan0: BSS: Remove id 13 BSSID bc:2e:48:d5:c5:cd SSID 'NET_virtua2G_44cs6' due to wpa_bss_flush_by_age
05-24 20:55:21.464  2125  2125 D wpa_supplicant: CTRL-DEBUG: ctrl_sock-sendmsg: sock=8 sndbuf=163840 outq=448 send_len=43
05-24 20:55:21.464  2125  2125 D wpa_supplicant: CTRL_IFACE monitor sent successfully to /data/misc/wifi/sockets/wpa_ctrl_640-2\x00
05-24 20:55:21.465  2125  2125 D wpa_supplicant: CTRL-DEBUG: ctrl_sock-sendmsg: sock=8 sndbuf=163840 outq=896 send_len=43
05-24 20:55:21.465  2125  2125 D wpa_supplicant: CTRL_IFACE monitor sent successfully to /data/misc/wifi/sockets/wpa_ctrl_1529-2\x00
05-24 20:55:21.465  2125  2125 D wpa_supplicant: wlan0: BSS: Remove id 14 BSSID 94:2c:b3:7d:ca:c9 SSID 'pPior intetnet do mundo2G' due to wpa_bss_flush_by_age
05-24 20:55:21.465  2125  2125 D wpa_supplicant: CTRL-DEBUG: ctrl_sock-sendmsg: sock=8 sndbuf=163840 outq=1344 send_len=43
05-24 20:55:21.465  2125  2125 D wpa_supplicant: CTRL_IFACE monitor sent successfully to /data/misc/wifi/sockets/wpa_ctrl_640-2\x00
05-24 20:55:21.465  2125  2125 D wpa_supplicant: CTRL-DEBUG: ctrl_sock-sendmsg: sock=8 sndbuf=163840 outq=1792 send_len=43
05-24 20:55:21.465  2125  2125 D wpa_supplicant: CTRL_IFACE monitor sent successfully to /data/misc/wifi/sockets/wpa_ctrl_1529-2\x00
05-24 20:55:21.465  2125  2125 D wpa_supplicant: wlan0: BSS: Remove id 15 BSSID a4:33:d7:0d:9c:fc SSID 'VIVO-9CFC' due to wpa_bss_flush_by_age
05-24 20:55:21.465  2125  2125 D wpa_supplicant: CTRL-DEBUG: ctrl_sock-sendmsg: sock=8 sndbuf=163840 outq=2240 send_len=43
05-24 20:55:21.465  2125  2125 D wpa_supplicant: CTRL_IFACE monitor sent successfully to /data/misc/wifi/sockets/wpa_ctrl_640-2\x00
05-24 20:55:21.465  2125  2125 D wpa_supplicant: CTRL-DEBUG: ctrl_sock-sendmsg: sock=8 sndbuf=163840 outq=2688 send_len=43
05-24 20:55:21.465  2125  2125 D wpa_supplicant: CTRL_IFACE monitor sent successfully to /data/misc/wifi/sockets/wpa_ctrl_1529-2\x00
05-24 20:55:21.465  2125  2125 D wpa_supplicant: wlan0: BSS: Remove id 16 BSSID 96:2c:b3:af:87:41 SSID '#NET-CLARO-WIFI' due to wpa_bss_flush_by_age
05-24 20:55:21.465  2125  2125 D wpa_supplicant: CTRL-DEBUG: ctrl_sock-sendmsg: sock=8 sndbuf=163840 outq=3136 send_len=43
05-24 20:55:21.466  2125  2125 D wpa_supplicant: CTRL_IFACE monitor sent successfully to /data/misc/wifi/sockets/wpa_ctrl_640-2\x00
05-24 20:55:21.466  2125  2125 D wpa_supplicant: CTRL-DEBUG: ctrl_sock-sendmsg: sock=8 sndbuf=163840 outq=3584 send_len=43
05-24 20:55:21.466  2125  2125 D wpa_supplicant: CTRL_IFACE monitor sent successfully to /data/misc/wifi/sockets/wpa_ctrl_1529-2\x00
05-24 20:55:21.478  2928  2928 W SysApplication: onReceive package added: Intent { act=android.intent.action.PACKAGE_ADDED dat=package:com.google.android.apps.docs flg=0x4000010 (has extras) }
05-24 20:55:21.505  4035  4035 I AccountTypeManager: Received Intent:Intent { act=android.intent.action.PACKAGE_REMOVED dat=package:com.google.android.apps.docs flg=0x4000010 (has extras) }
05-24 20:55:21.505  4035  4035 E AccountTypeManager: maods AccountTypeManager.onReceive,intent.phoneName=null,ss=null
05-24 20:55:21.505  4035  4035 E AccountTypeManager: maods start to loadAllAccounts
05-24 20:55:21.518  6625  6625 I Finsky  : [1] com.google.android.finsky.installer.a.bm.a(44): Successful install of com.google.android.apps.docs (isid: 0B9-hu3HSVSvhC4t_GilAQ)
05-24 20:55:21.520  2876  2876 W DPMJ    : |SERVICE| PackageListener EXTRA_REPLACING is set true
05-24 20:55:21.532  4035  4035 I AccountTypeManager: Received Intent:Intent { act=android.intent.action.PACKAGE_ADDED dat=package:com.google.android.apps.docs flg=0x4000010 (has extras) }
05-24 20:55:21.532  4035  4068 I AccountTypeManager: loadAccountsInBackground()+
05-24 20:55:21.532  4035  4035 E AccountTypeManager: maods AccountTypeManager.onReceive,intent.phoneName=null,ss=null
05-24 20:55:21.533  4035  4035 E AccountTypeManager: maods start to loadAllAccounts
05-24 20:55:21.535  4035  4068 I AccountTypeManager: the AuthenticatorDescription [] auths = [Landroid.accounts.AuthenticatorDescription;@ed003f6
05-24 20:55:21.535  4035  4068 I AccountTypeManager: the   type is com.whatsapp the auth is = AuthenticatorDescription {type=com.whatsapp}
05-24 20:55:21.535  4035  4068 D AccountTypeManager: Registering external account type=com.whatsapp, packageName=com.whatsapp
05-24 20:55:21.540 14759 14759 W ContextImpl: Calling a method in the system process without a qualified user: android.app.ContextImpl.startService:1385 android.content.ContextWrapper.startService:613 android.content.ContextWrapper.startService:613 com.android.keychain.KeyChainBroadcastReceiver.onReceive:12 android.app.ActivityThread.handleReceiver:3011 
05-24 20:55:21.543  4035  4068 I AccountTypeManager: the AuthenticatorDescription [] auths = [Landroid.accounts.AuthenticatorDescription;@ed003f6
05-24 20:55:21.543  4035  4068 I AccountTypeManager: the   type is com.google.android.apps.tachyon the auth is = AuthenticatorDescription {type=com.google.android.apps.tachyon}
05-24 20:55:21.543  4035  4068 D AccountTypeManager: Registering external account type=com.google.android.apps.tachyon, packageName=com.google.android.apps.tachyon
05-24 20:55:21.544  3174 15972 I SingleHostAsyncVerifier: Verification result: checking for a statement with s